============================================================
  Generated by:           Genus(TM) Synthesis Solution 21.18-s082_1
  Generated on:           Oct 29 2025  05:26:10 pm
  Module:                 biriscv_multiplier
  Operating conditions:   PVT_0P9V_125C 
  Operating conditions:   PVT_1P32V_0C 
  Interconnect mode:      global
  Area mode:              physical library
============================================================


Path 1: MET (2 ps) Late External Delay Assertion at pin writeback_value_o[19]
          Group: clk_i
     Startpoint: (R) opcode_rb_operand_i[1]
          Clock: (R) clk_i
       Endpoint: (R) writeback_value_o[19]
          Clock: (R) clk_i

                     Capture       Launch     
        Clock Edge:+    2020            0     
        Drv Adjust:+       0            0     
       Src Latency:+       0            0     
       Net Latency:+     100 (I)      100 (I) 
           Arrival:=    2120          100     
                                              
      Output Delay:-     300                  
       Uncertainty:-      50                  
     Required Time:=    1770                  
      Launch Clock:-     100                  
       Input Delay:-     300                  
         Data Path:-    1368                  
             Slack:=       2                  

Exceptions/Constraints:
  input_delay              300             biriscv_multiplier.s_line_30_144_1 
  output_delay             300             biriscv_multiplier.s_line_35_157_1 

#-----------------------------------------------------------------------------------------------------------
#           Timing Point            Flags    Arc   Edge   Cell     Fanout Load Trans Delay Arrival Instance 
#                                                                         (fF)  (ps)  (ps)   (ps)  Location 
#-----------------------------------------------------------------------------------------------------------
  opcode_rb_operand_i[1]            -       -      R     (arrival)      1  9.0   264     0     400    (-,-) 
  g632/Y                            -       A->Y   F     CLKINVX12      1  5.7    37    29     429    (-,-) 
  g631/Y                            -       A->Y   R     CLKINVX6       1  9.0    15    12     441    (-,-) 
  mul_125_62_g15480/Y               -       A->Y   F     CLKINVX12      6 22.0    15    13     454    (-,-) 
  g16036/Y                          -       A->Y   F     CLKBUFX2       1  3.2    12    22     476    (-,-) 
  g16045/Y                          -       A->Y   R     INVXL          1  5.9    58    36     512    (-,-) 
  mul_125_62_g14383/Y               -       B->Y   F     NAND2X6        4 12.7    36    28     540    (-,-) 
  mul_125_62_g14337/Y               -       A->Y   R     CLKINVX6       4 17.6    23    17     556    (-,-) 
  mul_125_62_g14336/Y               -       A->Y   F     CLKINVX16     27 55.5    27    20     577    (-,-) 
  mul_125_62_g14071/Y               -       A1->Y  R     OAI21X1        1  4.1    53    38     614    (-,-) 
  mul_125_62_cdnfadd_016_0__8246/CO -       B->CO  R     ADDFX1         1  4.1    27    48     663    (-,-) 
  mul_125_62_cdnfadd_017_3__2883/S  -       A->S   F     ADDFX1         1  4.0    27    61     724    (-,-) 
  mul_125_62_cdnfadd_017_5__1666/S  -       B->S   R     ADDFX1         1  3.7    25    62     785    (-,-) 
  mul_125_62_cdnfadd_017_6__7410/S  -       CI->S  F     ADDFX1         2  5.8    36    63     848    (-,-) 
  mul_125_62_g13657__6161/Y         -       B->Y   R     NOR2X2         3  6.9    44    31     880    (-,-) 
  mul_125_62_g13634__7410/Y         -       A0->Y  R     OA21X1         2  5.4    33    43     923    (-,-) 
  mul_125_62_g13621__7098/Y         -       A0->Y  F     OAI21X1        1  3.4    47    35     958    (-,-) 
  mul_125_62_g13536__4319/Y         -       A1->Y  R     AOI21X1        1  5.0    61    44    1002    (-,-) 
  mul_125_62_g13528__2346/Y         -       B0->Y  F     OAI2BB1X4      3  7.7    33    28    1030    (-,-) 
  mul_125_62_g13514__7482/Y         -       A1->Y  R     AOI21X2        2  6.1    45    30    1060    (-,-) 
  mul_125_62_g13465__5107/Y         -       A1->Y  F     OAI21X2        2  5.5    42    30    1090    (-,-) 
  mul_125_62_g13438__4319/Y         -       A1N->Y F     OAI2BB1X4      3  7.7    31    36    1126    (-,-) 
  mul_125_62_g13429__2346/Y         -       A2->Y  R     AOI31X2        2  6.1    47    31    1157    (-,-) 
  mul_125_62_g13425__6161/Y         -       A1->Y  F     OAI21X2        1  4.0    36    27    1184    (-,-) 
  mul_125_62_g13421__1881/CO        -       CI->CO F     ADDFHX2        3  7.0    28    48    1231    (-,-) 
  mul_125_62_g13418__8246/Y         -       A1N->Y F     OAI2BB1X1      1  3.7    41    36    1267    (-,-) 
  mul_125_62_g13415__2802/CO        -       CI->CO F     ADDFX1         1  3.7    25    46    1313    (-,-) 
  mul_125_62_g13414__1617/CO        -       CI->CO F     ADDFX1         5 10.6    61    64    1376    (-,-) 
  mul_125_62_g13411__5526/Y         -       A1N->Y F     OAI2BB1X1      4  8.9    94    65    1441    (-,-) 
  mul_125_62_g13410/Y               -       A->Y   R     INVX1          2  5.4    48    39    1480    (-,-) 
  mul_125_62_g13397__2346/Y         -       A1->Y  F     OAI21X1        2  5.3    61    44    1524    (-,-) 
  mul_125_62_g13376__6260/Y         -       A1N->Y F     OAI2BB1X1      1  3.5    42    37    1561    (-,-) 
  mul_125_62_g13354__1705/Y         -       B->Y   R     XNOR2X1        1  3.2    21    37    1598    (-,-) 
  g1168__6417/Y                     -       B->Y   R     MX2X1          1 47.9   267   169    1767    (-,-) 
  writeback_value_o[19]             <<<     -      R     (port)         -    -     -     0    1768    (-,-) 
#-----------------------------------------------------------------------------------------------------------

