============================================================
  Generated by:           Genus(TM) Synthesis Solution 21.19-s055_1
  Generated on:           Oct 30 2025  09:27:02 am
  Module:                 biriscv_multiplier
  Operating conditions:   PVT_0P9V_125C 
  Operating conditions:   PVT_1P32V_0C 
  Interconnect mode:      global
  Area mode:              physical library
============================================================

                                               Library 
   Gate    Instances    Area        Library     Domain 
-------------------------------------------------------
ADDFHX1            2     15.048    fast_vdd1v2    best 
ADDFHX2           20    164.160    fast_vdd1v2    best 
ADDFX1           492   2523.960    fast_vdd1v2    best 
ADDHX1            25     94.050    fast_vdd1v2    best 
AND2X1            66     90.288    fast_vdd1v2    best 
AND2X2            17     29.070    fast_vdd1v2    best 
AND2X4             1      2.736    fast_vdd1v2    best 
AND3X1             1      2.394    fast_vdd1v2    best 
AND3X2             4     10.944    fast_vdd1v2    best 
AND3XL             3      6.156    fast_vdd1v2    best 
AND4X1             2      4.788    fast_vdd1v2    best 
AO21X1            13     31.122    fast_vdd1v2    best 
AOI21X1           51     87.210    fast_vdd1v2    best 
AOI21X2            3      8.208    fast_vdd1v2    best 
AOI21X4            1      5.130    fast_vdd1v2    best 
AOI221X1          17     40.698    fast_vdd1v2    best 
AOI221X2           2      8.892    fast_vdd1v2    best 
AOI222X1         456   1403.568    fast_vdd1v2    best 
AOI22X1           49    100.548    fast_vdd1v2    best 
AOI2BB1X1         11     22.572    fast_vdd1v2    best 
AOI31X1           15     30.780    fast_vdd1v2    best 
AOI31X4            1      6.498    fast_vdd1v2    best 
AOI32X1            9     21.546    fast_vdd1v2    best 
BUFX12             3     15.390    fast_vdd1v2    best 
BUFX2            136    232.560    fast_vdd1v2    best 
BUFX3              1      2.052    fast_vdd1v2    best 
BUFX6             32     98.496    fast_vdd1v2    best 
CLKAND2X6          1      4.788    fast_vdd1v2    best 
CLKBUFX2          25     42.750    fast_vdd1v2    best 
CLKBUFX20          1      8.208    fast_vdd1v2    best 
CLKINVX4           3      5.130    fast_vdd1v2    best 
CLKINVX6           1      2.394    fast_vdd1v2    best 
CLKXOR2X1          7     19.152    fast_vdd1v2    best 
DFFHQX1          993   5433.696    fast_vdd1v2    best 
DFFQX2             1      6.498    fast_vdd1v2    best 
INVX1            154    105.336    fast_vdd1v2    best 
INVX2             71     72.846    fast_vdd1v2    best 
INVX3              1      1.368    fast_vdd1v2    best 
MX2X1             32     76.608    fast_vdd1v2    best 
MXI2XL           209    500.346    fast_vdd1v2    best 
NAND2BX1         115    157.320    fast_vdd1v2    best 
NAND2BX4          14     52.668    fast_vdd1v2    best 
NAND2X1          291    298.566    fast_vdd1v2    best 
NAND2X2            4      6.840    fast_vdd1v2    best 
NAND2X4            8     27.360    fast_vdd1v2    best 
NAND3BXL           6     10.260    fast_vdd1v2    best 
NAND3X1           10     17.100    fast_vdd1v2    best 
NAND4BBXL          1      3.078    fast_vdd1v2    best 
NAND4BX1           3      7.182    fast_vdd1v2    best 
NOR2BX1          101    138.168    fast_vdd1v2    best 
NOR2BX2            2      5.472    fast_vdd1v2    best 
NOR2BX4           14     52.668    fast_vdd1v2    best 
NOR2X1           423    433.998    fast_vdd1v2    best 
NOR2X2             9     15.390    fast_vdd1v2    best 
NOR2X4             5     15.390    fast_vdd1v2    best 
NOR3BX1            5     10.260    fast_vdd1v2    best 
NOR3BX2            2      6.840    fast_vdd1v2    best 
NOR3X1            15     25.650    fast_vdd1v2    best 
NOR3X2             1      2.736    fast_vdd1v2    best 
NOR4BBX1           2      5.472    fast_vdd1v2    best 
NOR4BX1            1      2.394    fast_vdd1v2    best 
NOR4X1             9     15.390    fast_vdd1v2    best 
OA21X1            41     84.132    fast_vdd1v2    best 
OAI211X1          38     64.980    fast_vdd1v2    best 
OAI21X1           69    117.990    fast_vdd1v2    best 
OAI21X2            1      3.078    fast_vdd1v2    best 
OAI21X4            1      4.788    fast_vdd1v2    best 
OAI221X1         523   1252.062    fast_vdd1v2    best 
OAI2BB1X1        279    477.090    fast_vdd1v2    best 
OAI31X1            1      2.052    fast_vdd1v2    best 
OAI31X2            3     11.286    fast_vdd1v2    best 
OR2X1             71     97.128    fast_vdd1v2    best 
OR2X2             17     29.070    fast_vdd1v2    best 
OR2X4              2      5.472    fast_vdd1v2    best 
OR3X1              3      6.156    fast_vdd1v2    best 
OR4X1              5     10.260    fast_vdd1v2    best 
XNOR2X1          237    567.378    fast_vdd1v2    best 
-------------------------------------------------------
total           5264  15381.108                


                                          
     Type      Instances    Area   Area % 
------------------------------------------
sequential           994  5440.194   35.4 
inverter             230   187.074    1.2 
buffer               198   399.456    2.6 
logic               3842  9354.384   60.8 
physical_cells         0     0.000    0.0 
------------------------------------------
total               5264 15381.108  100.0 

