============================================================
  Generated by:           Genus(TM) Synthesis Solution 21.19-s055_1
  Generated on:           Oct 30 2025  09:27:02 am
  Module:                 biriscv_multiplier
  Operating conditions:   PVT_0P9V_125C 
  Operating conditions:   PVT_1P32V_0C 
  Interconnect mode:      global
  Area mode:              physical library
============================================================

Timing
--------

Clock Period 
-------------
clk_i 2020.0 


  Cost    Critical         Violating 
 Group   Path Slack  TNS     Paths   
-------------------------------------
clk_i         137.5   0.0          0 
default    No paths   0.0            
-------------------------------------
Total                 0.0          0 

Instance Count
--------------
Leaf Instance Count             5264 
Physical Instance count            0 
Sequential Instance Count        994 
Combinational Instance Count    4270 
Hierarchical Instance Count        0 

Area
----
Cell Area                          15381.108
Physical Cell Area                 0.000
Total Cell Area (Cell+Physical)    15381.108
Net Area                           7262.259
Total Area (Cell+Physical+Net)     22643.367

Max Fanout                         994 (clk_i)
Min Fanout                         1 (Add_L2_s[0][2])
Average Fanout                     2.6
Terms to net ratio                 3.5630
Terms to instance ratio            3.9732
Runtime                            167.45205800000002 seconds
Elapsed Runtime                    168 seconds
Genus peak memory usage            1986.07 
Innovus peak memory usage          no_value 
Hostname                           localhost
