============================================================
  Generated by:           Genus(TM) Synthesis Solution 21.19-s055_1
  Generated on:           Oct 29 2025  09:40:07 am
  Module:                 biriscv_multiplier
  Operating conditions:   PVT_0P9V_125C 
  Operating conditions:   PVT_1P32V_0C 
  Interconnect mode:      global
  Area mode:              physical library
============================================================

Timing
--------

Clock Period 
-------------
clk_i 3120.0 


  Cost    Critical         Violating 
 Group   Path Slack  TNS     Paths   
-------------------------------------
clk_i          53.3   0.0          0 
default    No paths   0.0            
-------------------------------------
Total                 0.0          0 

Instance Count
--------------
Leaf Instance Count             2750 
Physical Instance count            0 
Sequential Instance Count          0 
Combinational Instance Count    2750 
Hierarchical Instance Count        0 

Area
----
Cell Area                          7722.702
Physical Cell Area                 0.000
Total Cell Area (Cell+Physical)    7722.702
Net Area                           4370.268
Total Area (Cell+Physical+Net)     12092.970

Max Fanout                         33 (n_9)
Min Fanout                         1 (opcode_ra_operand_i[0])
Average Fanout                     2.4
Terms to net ratio                 3.3986
Terms to instance ratio            4.3033
Runtime                            115.820065 seconds
Elapsed Runtime                    117 seconds
Genus peak memory usage            2044.34 
Innovus peak memory usage          no_value 
Hostname                           localhost
