============================================================
  Generated by:           Genus(TM) Synthesis Solution 21.19-s055_1
  Generated on:           Oct 29 2025  09:40:07 am
  Module:                 biriscv_multiplier
  Operating conditions:   PVT_0P9V_125C 
  Operating conditions:   PVT_1P32V_0C 
  Interconnect mode:      global
  Area mode:              physical library
============================================================

                                               Library 
   Gate     Instances    Area       Library     Domain 
-------------------------------------------------------
ADDFX1            662  3396.060    fast_vdd1v2    best 
ADDHX1             16    60.192    fast_vdd1v2    best 
ADDHX2              1     5.130    fast_vdd1v2    best 
AND2X1             17    23.256    fast_vdd1v2    best 
AND2X2              9    15.390    fast_vdd1v2    best 
AND2X4             12    32.832    fast_vdd1v2    best 
AND2X6              1     3.762    fast_vdd1v2    best 
AND3X2             24    65.664    fast_vdd1v2    best 
AND3X4              1     3.078    fast_vdd1v2    best 
AND3X6              2     8.892    fast_vdd1v2    best 
AO21X4              1     3.420    fast_vdd1v2    best 
AOI211X2            1     3.420    fast_vdd1v2    best 
AOI21X1            27    46.170    fast_vdd1v2    best 
AOI221X1           14    33.516    fast_vdd1v2    best 
AOI222X1          390  1200.420    fast_vdd1v2    best 
AOI22X1            61   125.172    fast_vdd1v2    best 
AOI2BB1X1           1     2.052    fast_vdd1v2    best 
AOI2BB1X4           1     4.104    fast_vdd1v2    best 
AOI31X1             1     2.052    fast_vdd1v2    best 
BUFX2             125   213.750    fast_vdd1v2    best 
BUFX3              16    32.832    fast_vdd1v2    best 
BUFX6               2     6.156    fast_vdd1v2    best 
CLKAND2X12          3    22.572    fast_vdd1v2    best 
CLKAND2X2           7    14.364    fast_vdd1v2    best 
CLKAND2X3           4    12.312    fast_vdd1v2    best 
CLKAND2X6           2     9.576    fast_vdd1v2    best 
CLKAND2X8           1     5.814    fast_vdd1v2    best 
CLKBUFX2            2     3.420    fast_vdd1v2    best 
CLKINVX12           4    16.416    fast_vdd1v2    best 
CLKINVX4           27    46.170    fast_vdd1v2    best 
CLKINVX6           16    38.304    fast_vdd1v2    best 
CLKINVX8            8    24.624    fast_vdd1v2    best 
CLKMX2X2            1     3.078    fast_vdd1v2    best 
CLKXOR2X1           3     8.208    fast_vdd1v2    best 
INVX1             196   134.064    fast_vdd1v2    best 
INVX2              57    58.482    fast_vdd1v2    best 
INVX3              12    16.416    fast_vdd1v2    best 
MX2X1              31    74.214    fast_vdd1v2    best 
MXI2X2              1     4.446    fast_vdd1v2    best 
MXI2X4              1     5.130    fast_vdd1v2    best 
MXI2X6              2    10.260    fast_vdd1v2    best 
NAND2BX1           19    25.992    fast_vdd1v2    best 
NAND2BX2            1     2.394    fast_vdd1v2    best 
NAND2BX4           10    37.620    fast_vdd1v2    best 
NAND2X1            64    65.664    fast_vdd1v2    best 
NAND2X2             3     5.130    fast_vdd1v2    best 
NAND2X4             4    13.680    fast_vdd1v2    best 
NAND2X6             2     9.576    fast_vdd1v2    best 
NAND3BXL            1     1.710    fast_vdd1v2    best 
NAND3X1             1     1.710    fast_vdd1v2    best 
NAND3X2             1     2.736    fast_vdd1v2    best 
NAND4BBXL           1     3.078    fast_vdd1v2    best 
NAND4BX1            1     2.394    fast_vdd1v2    best 
NOR2BX1            38    51.984    fast_vdd1v2    best 
NOR2BX2             1     2.736    fast_vdd1v2    best 
NOR2BX4             3    11.286    fast_vdd1v2    best 
NOR2X1             70    71.820    fast_vdd1v2    best 
NOR2X2             10    17.100    fast_vdd1v2    best 
NOR2X4              8    24.624    fast_vdd1v2    best 
NOR2X6              8    32.832    fast_vdd1v2    best 
NOR2X8              1     5.472    fast_vdd1v2    best 
NOR3BX1             3     6.156    fast_vdd1v2    best 
NOR3X1             13    22.230    fast_vdd1v2    best 
NOR4BBX1            2     5.472    fast_vdd1v2    best 
NOR4X1              2     3.420    fast_vdd1v2    best 
NOR4X2              1     3.420    fast_vdd1v2    best 
OA21X1              4     8.208    fast_vdd1v2    best 
OA22X1              5    11.970    fast_vdd1v2    best 
OAI211X1            7    11.970    fast_vdd1v2    best 
OAI21X1            11    18.810    fast_vdd1v2    best 
OAI221X1           69   165.186    fast_vdd1v2    best 
OAI222X1           39   106.704    fast_vdd1v2    best 
OAI2BB1X1         429   733.590    fast_vdd1v2    best 
OAI2BB1X2           5    15.390    fast_vdd1v2    best 
OAI2BB1X4           7    31.122    fast_vdd1v2    best 
OAI31X1             1     2.052    fast_vdd1v2    best 
OR2X1              20    27.360    fast_vdd1v2    best 
OR2X4               1     2.736    fast_vdd1v2    best 
OR2X6               3    11.286    fast_vdd1v2    best 
OR3X1               3     6.156    fast_vdd1v2    best 
OR4X1               3     6.156    fast_vdd1v2    best 
XNOR2X1            58   138.852    fast_vdd1v2    best 
XNOR2X2            19    58.482    fast_vdd1v2    best 
XNOR2X4             7    26.334    fast_vdd1v2    best 
XOR2X4             28   114.912    fast_vdd1v2    best 
-------------------------------------------------------
total            2750  7722.702                


                                         
     Type      Instances   Area   Area % 
-----------------------------------------
inverter             320  334.476    4.3 
buffer               145  256.158    3.3 
logic               2285 7132.068   92.4 
physical_cells         0    0.000    0.0 
-----------------------------------------
total               2750 7722.702  100.0 

