============================================================
  Generated by:           Genus(TM) Synthesis Solution 21.19-s055_1
  Generated on:           Oct 29 2025  09:40:06 am
  Module:                 biriscv_multiplier
  Operating conditions:   PVT_0P9V_125C 
  Operating conditions:   PVT_1P32V_0C 
  Interconnect mode:      global
  Area mode:              physical library
============================================================


Path 1: MET (53 ps) Late External Delay Assertion at pin writeback_value_o[30]
          Group: clk_i
     Startpoint: (F) opcode_ra_operand_i[0]
          Clock: (R) clk_i
       Endpoint: (F) writeback_value_o[30]
          Clock: (R) clk_i

                     Capture       Launch     
        Clock Edge:+    3120            0     
        Drv Adjust:+       0            0     
       Src Latency:+       0            0     
       Net Latency:+     100 (I)      100 (I) 
           Arrival:=    3220          100     
                                              
      Output Delay:-     300                  
       Uncertainty:-      50                  
     Required Time:=    2870                  
      Launch Clock:-     100                  
       Input Delay:-     300                  
         Data Path:-    2417                  
             Slack:=      53                  

Exceptions/Constraints:
  input_delay              300             biriscv_multiplier.s_line_30_65_1 
  output_delay             300             biriscv_multiplier.s_line_35_98_1 

#----------------------------------------------------------------------------------------------------------------------
#                Timing Point                  Flags    Arc   Edge   Cell     Fanout Load Trans Delay Arrival Instance 
#                                                                                    (fF)  (ps)  (ps)   (ps)  Location 
#----------------------------------------------------------------------------------------------------------------------
  opcode_ra_operand_i[0]                       -       -      F     (arrival)      1  6.6   252     0     400    (-,-) 
  g15033/Y                                     -       A->Y   R     CLKINVX8       2  9.5    41    25     425    (-,-) 
  g15032/Y                                     -       A->Y   F     CLKINVX6       1  5.7    13    12     436    (-,-) 
  minus_115_27_g1426/Y                         -       A->Y   R     CLKINVX6       1  6.0     9     9     445    (-,-) 
  minus_115_27_g1425/Y                         -       A->Y   F     CLKINVX6       2  8.0    11    10     455    (-,-) 
  minus_115_27_g1422/Y                         -       A->Y   R     NOR2X6         3  9.1    21    18     472    (-,-) 
  minus_115_27_g1418/Y                         -       A->Y   F     INVX3          1  4.7    13    12     484    (-,-) 
  minus_115_27_g1417/Y                         -       B->Y   R     NOR2X4         2  5.9    21    16     500    (-,-) 
  minus_115_27_g1414/Y                         -       B->Y   R     CLKAND2X3      2  8.0    18    25     525    (-,-) 
  minus_115_27_g1411/Y                         -       B->Y   F     NAND2X6        3  8.7    23    18     542    (-,-) 
  minus_115_27_g1409/Y                         -       B->Y   R     NOR2X4         2  5.9    22    17     560    (-,-) 
  minus_115_27_g1406/Y                         -       B->Y   R     CLKAND2X3      2  8.2    19    25     584    (-,-) 
  minus_115_27_g1403/Y                         -       B->Y   F     NAND2X6        2  7.5    21    17     601    (-,-) 
  minus_115_27_g1400/Y                         -       B->Y   R     NOR2X6         2  5.9    18    14     615    (-,-) 
  minus_115_27_g1397/Y                         -       B->Y   R     CLKAND2X3      2  6.5    16    23     638    (-,-) 
  minus_115_27_g1394/Y                         -       B->Y   R     CLKAND2X6      2  7.0    11    20     658    (-,-) 
  minus_115_27_g1391/Y                         -       B->Y   F     XNOR2X2       16 30.9    92    75     733    (-,-) 
  g39808__6260/Y                               -       C1->Y  R     AOI222X1       1  3.4    84    66     799    (-,-) 
  g39586__7482/Y                               -       B0->Y  F     OAI2BB1X1      1  3.7    48    43     842    (-,-) 
  WALLACE_CSA_DUMMY_OP_groupi_cdnfadd_016_1/S  -       CI->S  R     ADDFX1         1  4.1    27    63     905    (-,-) 
  WALLACE_CSA_DUMMY_OP_groupi_cdnfadd_016_3/CO -       B->CO  R     ADDFX1         1  4.1    27    44     949    (-,-) 
  WALLACE_CSA_DUMMY_OP_groupi_cdnfadd_017_5/S  -       B->S   F     ADDFX1         1  3.7    25    60    1009    (-,-) 
  WALLACE_CSA_DUMMY_OP_groupi_cdnfadd_017_6/S  -       CI->S  R     ADDFX1         1  3.4    23    58    1067    (-,-) 
  WALLACE_CSA_DUMMY_OP_groupi_g2826/Y          -       A->Y   F     INVX1          2  5.3    33    24    1091    (-,-) 
  WALLACE_CSA_DUMMY_OP_groupi_g2822/Y          -       B->Y   R     NAND2X1        3  7.7    51    34    1125    (-,-) 
  WALLACE_CSA_DUMMY_OP_groupi_g2814/Y          -       A1->Y  F     AOI21X1        2  5.3    65    49    1174    (-,-) 
  WALLACE_CSA_DUMMY_OP_groupi_g2812/Y          -       B->Y   R     NOR2BX1        1  3.4    48    40    1213    (-,-) 
  WALLACE_CSA_DUMMY_OP_groupi_g2811/Y          -       B->Y   F     NOR2X1         1  3.4    36    24    1237    (-,-) 
  WALLACE_CSA_DUMMY_OP_groupi_g2787/Y          -       A1->Y  R     OAI21X1        2  5.2    66    46    1283    (-,-) 
  WALLACE_CSA_DUMMY_OP_groupi_g2709/Y          -       A0N->Y R     OAI2BB1X1      1  3.4    28    35    1318    (-,-) 
  WALLACE_CSA_DUMMY_OP_groupi_g2656/Y          -       C0->Y  F     AOI221X1       2  5.3    77    26    1344    (-,-) 
  WALLACE_CSA_DUMMY_OP_groupi_g2638/Y          -       B->Y   F     OR2X1          3  6.8    39    47    1392    (-,-) 
  WALLACE_CSA_DUMMY_OP_groupi_g2621/Y          -       D->Y   F     OR4X1          1  3.4    26    51    1442    (-,-) 
  WALLACE_CSA_DUMMY_OP_groupi_g2595/Y          -       C0->Y  R     OAI211X1       3  7.4    93    33    1475    (-,-) 
  WALLACE_CSA_DUMMY_OP_groupi_g2589/Y          -       B->Y   F     NAND2X1        2  5.1    66    54    1530    (-,-) 
  WALLACE_CSA_DUMMY_OP_groupi_g2587/Y          -       D->Y   F     OR4X1          1  3.4    26    55    1585    (-,-) 
  WALLACE_CSA_DUMMY_OP_groupi_g2584/Y          -       C0->Y  R     OAI211X1       3  7.4    91    33    1618    (-,-) 
  WALLACE_CSA_DUMMY_OP_groupi_g2580/Y          -       C->Y   F     NAND3X1        2  5.3    90    71    1688    (-,-) 
  WALLACE_CSA_DUMMY_OP_groupi_g2575/Y          -       C->Y   R     NOR3BX1        2  5.2    95    72    1760    (-,-) 
  WALLACE_CSA_DUMMY_OP_groupi_g2568/Y          -       A1->Y  F     AOI21X1        3  7.3    90    70    1831    (-,-) 
  WALLACE_CSA_DUMMY_OP_groupi_g2560/Y          -       A1->Y  R     OAI221X1       2  5.3    87    65    1896    (-,-) 
  WALLACE_CSA_DUMMY_OP_groupi_g2555/Y          -       A->Y   R     AND2X1         3  6.9    41    48    1944    (-,-) 
  WALLACE_CSA_DUMMY_OP_groupi_g2551/Y          -       D->Y   F     NAND4BX1       1  3.4    78    55    1999    (-,-) 
  WALLACE_CSA_DUMMY_OP_groupi_g2547/Y          -       C0->Y  R     OAI211X1       2  5.5    72    38    2037    (-,-) 
  WALLACE_CSA_DUMMY_OP_groupi_g2542/Y          -       B->Y   F     NAND2X1        3  7.2    81    60    2097    (-,-) 
  WALLACE_CSA_DUMMY_OP_groupi_g2538/Y          -       D->Y   R     NOR4BBX1       1  3.9    98    71    2168    (-,-) 
  WALLACE_CSA_DUMMY_OP_groupi_g2535/Y          -       C0->Y  F     AOI211X2       3  7.2    54    32    2200    (-,-) 
  WALLACE_CSA_DUMMY_OP_groupi_g2531/Y          -       B->Y   F     OR2X1          2  5.1    30    40    2240    (-,-) 
  WALLACE_CSA_DUMMY_OP_groupi_g2528/Y          -       D->Y   F     OR4X1          1  3.4    26    50    2289    (-,-) 
  WALLACE_CSA_DUMMY_OP_groupi_g2524/Y          -       C0->Y  R     OAI211X1       3  7.0    87    31    2321    (-,-) 
  WALLACE_CSA_DUMMY_OP_groupi_g2519/Y          -       C->Y   F     NAND3BXL       1  3.4    89    72    2393    (-,-) 
  WALLACE_CSA_DUMMY_OP_groupi_g2517/Y          -       C0->Y  R     OAI211X1       1  3.7    61    34    2427    (-,-) 
  WALLACE_CSA_DUMMY_OP_groupi_g2513/CO         -       CI->CO R     ADDFX1         1  3.7    25    46    2473    (-,-) 
  WALLACE_CSA_DUMMY_OP_groupi_g2512/CO         -       CI->CO R     ADDFX1         1  3.7    25    40    2513    (-,-) 
  WALLACE_CSA_DUMMY_OP_groupi_g2511/CO         -       CI->CO R     ADDFX1         1  3.7    25    40    2554    (-,-) 
  WALLACE_CSA_DUMMY_OP_groupi_g2510/CO         -       CI->CO R     ADDFX1         1  3.7    25    40    2594    (-,-) 
  WALLACE_CSA_DUMMY_OP_groupi_g2509/S          -       CI->S  F     ADDFX1         1  3.2    22    56    2650    (-,-) 
  g15635/Y                                     -       B->Y   F     MX2X1          1 47.9   255   166    2816    (-,-) 
  writeback_value_o[30]                        <<<     -      F     (port)         -    -     -     0    2817    (-,-) 
#----------------------------------------------------------------------------------------------------------------------

