============================================================
  Generated by:           Genus(TM) Synthesis Solution 21.19-s055_1
  Generated on:           Oct 29 2025  11:00:00 pm
  Module:                 biriscv_multiplier
  Operating conditions:   PVT_0P9V_125C 
  Operating conditions:   PVT_1P32V_0C 
  Interconnect mode:      global
  Area mode:              physical library
============================================================


Path 1: VIOLATED (-930 ps) Setup Check with Pin result_e2_q_reg[27]/CK->D
          Group: clk_i
     Startpoint: (R) operand_b_e1_q_reg[11]/CK
          Clock: (R) clk_i
       Endpoint: (R) result_e2_q_reg[27]/D
          Clock: (R) clk_i

                     Capture       Launch     
        Clock Edge:+    3330            0     
       Src Latency:+       0            0     
       Net Latency:+     100 (I)      100 (I) 
           Arrival:=    3430          100     
                                              
             Setup:-     150                  
       Uncertainty:-      50                  
     Required Time:=    3230                  
      Launch Clock:-     100                  
         Data Path:-    4060                  
             Slack:=    -930                  

#------------------------------------------------------------------------------------------------------------
#           Timing Point            Flags    Arc   Edge    Cell     Fanout Load Trans Delay Arrival Instance 
#                                                                          (fF)  (ps)  (ps)   (ps)  Location 
#------------------------------------------------------------------------------------------------------------
  operand_b_e1_q_reg[11]/CK         -       -      R     (arrival)      99    -     0     0     100    (-,-) 
  operand_b_e1_q_reg[11]/Q          -       CK->Q  R     DFFRHQX4        1  9.3    76   285     385    (-,-) 
  fopt19978/Y                       -       A->Y   F     CLKINVX16       6 19.8    59    64     448    (-,-) 
  fopt19976/Y                       -       A->Y   F     BUFX8           2 18.8    84   125     573    (-,-) 
  fopt19975/Y                       -       A->Y   R     INVX20          8 31.1    60    70     644    (-,-) 
  fopt19974/Y                       -       A->Y   F     CLKINVX12       2  8.0    39    48     691    (-,-) 
  fopt19973/Y                       -       A->Y   R     CLKINVX6        4 10.2    48    45     737    (-,-) 
  mul_123_68_g17482/Y               -       B0->Y  F     AOI22X2         2  6.1   244   158     894    (-,-) 
  mul_123_68_g15656/Y               -       B1->Y  R     OAI22X4         1  3.7   108   159    1054    (-,-) 
  mul_123_68_cdnfadd_039_2__8246/CO -       CI->CO R     ADDFHX2         1  3.7    76   242    1295    (-,-) 
  mul_123_68_cdnfadd_040_4__5477/S  -       CI->S  F     ADDFHX1         1  3.7   115   302    1597    (-,-) 
  mul_123_68_cdnfadd_040_7__6260/S  -       CI->S  R     ADDFHX1         1  3.7   100   328    1926    (-,-) 
  mul_123_68_cdnfadd_040_9__8428/CO -       CI->CO R     ADDFHX2         1  3.7    76   238    2163    (-,-) 
  mul_123_68_cdnfadd_041_10__7482/S -       CI->S  F     ADDFHX1         1  3.7   115   302    2465    (-,-) 
  mul_123_68_cdnfadd_041_11__4733/S -       CI->S  R     ADDFHX2         2  7.6   120   386    2851    (-,-) 
  mul_123_68_g15276__6260/Y         -       B->Y   F     NOR2X6          2  7.3    66    87    2938    (-,-) 
  mul_123_68_g15225__4319/Y         -       B->Y   R     NOR2X6          2  7.0    80    77    3015    (-,-) 
  mul_123_68_g15181__6260/Y         -       B->Y   R     CLKAND2X6       2  7.5    45   122    3137    (-,-) 
  mul_123_68_g15153__8246/Y         -       B->Y   R     CLKAND2X12      4 13.2    49   118    3255    (-,-) 
  mul_123_68_g15127__9315/Y         -       B->Y   F     NAND2X8         2  8.0    97    84    3339    (-,-) 
  fopt19941/Y                       -       A->Y   R     CLKINVX4        1  4.5    45    66    3405    (-,-) 
  mul_123_68_g15070__6260/Y         -       A0->Y  F     AOI21X4         1  4.5   111   112    3517    (-,-) 
  mul_123_68_g15066__6417/Y         -       B->Y   F     CLKAND2X12     16 47.6   131   184    3701    (-,-) 
  mul_123_68_g15053__6131/Y         -       A1->Y  R     OAI21X4         2  6.4   116   131    3832    (-,-) 
  mul_123_68_g15030__7410/Y         -       A1N->Y R     OAI2BB2X4       1  4.5   102   178    4010    (-,-) 
  g5955/Y                           -       A->Y   F     CLKINVX4        1  4.4    52    76    4085    (-,-) 
  g5878__7482/Y                     -       A1->Y  R     OAI21X4         1  3.2    84    75    4160    (-,-) 
  result_e2_q_reg[27]/D             <<<     -      R     DFFRHQX1        1    -     -     0    4160    (-,-) 
#------------------------------------------------------------------------------------------------------------

