============================================================
  Generated by:           Genus(TM) Synthesis Solution 21.19-s055_1
  Generated on:           Nov 30 2025  12:19:29 pm
  Module:                 biriscv_divider
  Operating conditions:   PVT_0P9V_125C 
  Operating conditions:   PVT_1P32V_0C 
  Interconnect mode:      global
  Area mode:              physical library
============================================================


Path 1: MET (2 ps) Setup Check with Pin dividend_q_reg[15]/CK->D
          Group: clk_i
     Startpoint: (R) opcode_opcode_i[5]
          Clock: (R) clk_i
       Endpoint: (F) dividend_q_reg[15]/D
          Clock: (R) clk_i

                     Capture       Launch     
        Clock Edge:+    3330            0     
        Drv Adjust:+       0            0     
       Src Latency:+       0            0     
       Net Latency:+     100 (I)      100 (I) 
           Arrival:=    3430          100     
                                              
             Setup:-     160                  
       Uncertainty:-      50                  
     Required Time:=    3220                  
      Launch Clock:-     100                  
       Input Delay:-     300                  
         Data Path:-    2818                  
             Slack:=       2                  

Exceptions/Constraints:
  input_delay             300             biriscv_divider.sdc_line_30_28_1 

#-----------------------------------------------------------------------------------------------------------------
#              Timing Point               Flags   Arc   Edge    Cell     Fanout Load Trans Delay Arrival Instance 
#                                                                               (fF)  (ps)  (ps)   (ps)  Location 
#-----------------------------------------------------------------------------------------------------------------
  opcode_opcode_i[5]                      -       -     R     (arrival)       1  3.3   264     0     400    (-,-) 
  g9401__2802/Y                           -       A->Y  R     AND2X4          1  5.3    67   299     699    (-,-) 
  g9351__1881/Y                           -       B->Y  F     NAND2X6         1  5.1    90    87     786    (-,-) 
  g9347__5122/Y                           -       B->Y  R     NOR2X6          1  4.4    64    76     862    (-,-) 
  g9344__1617/Y                           -       A->Y  R     CLKAND2X12     32 72.8   147   194    1056    (-,-) 
  g9284__3680/Y                           -       S0->Y R     MX2X1           1  3.3    87   229    1285    (-,-) 
  minus_140_27_Y_sub_159_34_g1311/Y       -       A->Y  F     INVX1           2  5.3   155   133    1418    (-,-) 
  minus_140_27_Y_sub_159_34_g1268__2883/Y -       B->Y  R     NOR2X2          3  7.2   199   188    1607    (-,-) 
  minus_140_27_Y_sub_159_34_g1241/Y       -       A->Y  F     INVX2           1  4.4    97   147    1754    (-,-) 
  minus_140_27_Y_sub_159_34_g1193__2802/Y -       A2->Y R     AOI31X4         3  7.2   127   128    1882    (-,-) 
  minus_140_27_Y_sub_159_34_g1152__6417/Y -       A1->Y R     OA21X1          1  3.3    86   218    2100    (-,-) 
  minus_140_27_Y_sub_159_34_g1132__1617/Y -       B0->Y F     OAI21X1         1  3.3   227   193    2293    (-,-) 
  minus_140_27_Y_sub_159_34_g1092__5477/Y -       A->Y  R     NOR2X1          1  3.3   181   231    2524    (-,-) 
  minus_140_27_Y_sub_159_34_g1081__5115/Y -       B->Y  F     XNOR2X1         2  5.2   147   261    2785    (-,-) 
  g16899__2802/Y                          -       A1->Y R     AOI21X1         1  3.3   188   196    2981    (-,-) 
  g16772__5107/Y                          -       B0->Y F     OAI2BB1X1       1  3.1   209   237    3218    (-,-) 
  dividend_q_reg[15]/D                    <<<     -     F     DFFRX2          1    -     -     0    3218    (-,-) 
#-----------------------------------------------------------------------------------------------------------------

