============================================================
  Generated by:           Genus(TM) Synthesis Solution 21.19-s055_1
  Generated on:           Nov 30 2025  12:19:29 pm
  Module:                 biriscv_divider
  Operating conditions:   PVT_0P9V_125C 
  Operating conditions:   PVT_1P32V_0C 
  Interconnect mode:      global
  Area mode:              physical library
============================================================

Timing
--------

Clock Period 
-------------
clk_i 3330.0 


  Cost    Critical         Violating 
 Group   Path Slack  TNS     Paths   
-------------------------------------
clk_i           2.5   0.0          0 
default    No paths   0.0            
-------------------------------------
Total                 0.0          0 

Instance Count
--------------
Leaf Instance Count             1605 
Physical Instance count            0 
Sequential Instance Count        263 
Combinational Instance Count    1342 
Hierarchical Instance Count        0 

Area
----
Cell Area                          4859.136
Physical Cell Area                 0.000
Total Cell Area (Cell+Physical)    4859.136
Net Area                           2036.062
Total Area (Cell+Physical+Net)     6895.198

Max Fanout                         263 (clk_i)
Min Fanout                         0 (n_21)
Average Fanout                     2.4
Terms to net ratio                 3.5117
Terms to instance ratio            3.7545
Runtime                            57.994714 seconds
Elapsed Runtime                    59 seconds
Genus peak memory usage            1739.50 
Innovus peak memory usage          no_value 
Hostname                           localhost
