============================================================
  Generated by:           Genus(TM) Synthesis Solution 21.18-s082_1
  Generated on:           Nov 04 2025  03:49:41 pm
  Module:                 biriscv_multiplier
  Operating conditions:   PVT_0P9V_125C 
  Operating conditions:   PVT_1P32V_0C 
  Interconnect mode:      global
  Area mode:              physical library
============================================================

                                                Library 
   Gate     Instances    Area        Library     Domain 
--------------------------------------------------------
ADDFHX1            67    504.108    slow_vdd1v0   worst 
ADDFHX2            76    623.808    slow_vdd1v0   worst 
ADDFHX4             1      9.576    slow_vdd1v0   worst 
ADDFHXL             2     15.048    slow_vdd1v0   worst 
ADDFX1            451   2313.630    slow_vdd1v0   worst 
ADDFX2              4     31.464    slow_vdd1v0   worst 
ADDHX1            295   1109.790    slow_vdd1v0   worst 
ADDHX2              4     20.520    slow_vdd1v0   worst 
AND2X1            867   1186.056    slow_vdd1v0   worst 
AND2X2              7     11.970    slow_vdd1v0   worst 
AND2X4             17     46.512    slow_vdd1v0   worst 
AND2X6              7     26.334    slow_vdd1v0   worst 
AND3XL              1      2.052    slow_vdd1v0   worst 
AND4X1              1      2.394    slow_vdd1v0   worst 
AO21X1             60    143.640    slow_vdd1v0   worst 
AOI211X2            2      6.840    slow_vdd1v0   worst 
AOI21X1            91    155.610    slow_vdd1v0   worst 
AOI21X2           113    309.168    slow_vdd1v0   worst 
AOI21X4            47    241.110    slow_vdd1v0   worst 
AOI22X1            63    129.276    slow_vdd1v0   worst 
AOI22X2             2      7.524    slow_vdd1v0   worst 
AOI22X4            29    178.524    slow_vdd1v0   worst 
AOI2BB1X1          22     45.144    slow_vdd1v0   worst 
AOI2BB1X2          11     33.858    slow_vdd1v0   worst 
AOI2BB1X4          13     53.352    slow_vdd1v0   worst 
BUFX16             10     68.400    slow_vdd1v0   worst 
BUFX2               3      5.130    slow_vdd1v0   worst 
BUFX3              13     26.676    slow_vdd1v0   worst 
BUFX6              15     46.170    slow_vdd1v0   worst 
BUFX8               2      7.524    slow_vdd1v0   worst 
CLKAND2X12          4     30.096    slow_vdd1v0   worst 
CLKAND2X2          28     57.456    slow_vdd1v0   worst 
CLKAND2X3           7     21.546    slow_vdd1v0   worst 
CLKAND2X6          15     71.820    slow_vdd1v0   worst 
CLKAND2X8           2     11.628    slow_vdd1v0   worst 
CLKBUFX16           3     20.520    slow_vdd1v0   worst 
CLKBUFX3            2      4.104    slow_vdd1v0   worst 
CLKINVX12          20     82.080    slow_vdd1v0   worst 
CLKINVX16           2     10.944    slow_vdd1v0   worst 
CLKINVX2            1      1.368    slow_vdd1v0   worst 
CLKINVX3            1      1.710    slow_vdd1v0   worst 
CLKINVX4           26     44.460    slow_vdd1v0   worst 
CLKINVX6            5     11.970    slow_vdd1v0   worst 
CLKINVX8            9     27.702    slow_vdd1v0   worst 
CLKMX2X2            2      6.156    slow_vdd1v0   worst 
CLKMX2X3           12     49.248    slow_vdd1v0   worst 
CLKMX2X6            1      4.446    slow_vdd1v0   worst 
CLKXOR2X1         129    352.944    slow_vdd1v0   worst 
CLKXOR2X2           5     17.100    slow_vdd1v0   worst 
DFFRHQX1          589   3625.884    slow_vdd1v0   worst 
DFFRHQX2           52    409.032    slow_vdd1v0   worst 
DFFRHQX4           25    239.400    slow_vdd1v0   worst 
DFFRHQX8            8     90.288    slow_vdd1v0   worst 
DFFRX2            204   1534.896    slow_vdd1v0   worst 
DFFRX4              1      9.576    slow_vdd1v0   worst 
INVX1             208    142.272    slow_vdd1v0   worst 
INVX12              7     28.728    slow_vdd1v0   worst 
INVX2              47     48.222    slow_vdd1v0   worst 
INVX3              30     41.040    slow_vdd1v0   worst 
INVX6               1      2.394    slow_vdd1v0   worst 
MX2X1             809   1936.746    slow_vdd1v0   worst 
MXI2X2              1      4.446    slow_vdd1v0   worst 
NAND2BX1          140    191.520    slow_vdd1v0   worst 
NAND2BX2           67    160.398    slow_vdd1v0   worst 
NAND2BX4            4     15.048    slow_vdd1v0   worst 
NAND2X1           182    186.732    slow_vdd1v0   worst 
NAND2X2           201    343.710    slow_vdd1v0   worst 
NAND2X4            51    174.420    slow_vdd1v0   worst 
NAND2X6            17     81.396    slow_vdd1v0   worst 
NAND2X8             5     27.360    slow_vdd1v0   worst 
NAND3BX4            3     15.390    slow_vdd1v0   worst 
NAND3X2             1      2.736    slow_vdd1v0   worst 
NAND3X4             1      4.788    slow_vdd1v0   worst 
NAND3X8             1      8.208    slow_vdd1v0   worst 
NOR2BX1           193    264.024    slow_vdd1v0   worst 
NOR2BX2            41    112.176    slow_vdd1v0   worst 
NOR2BX4             8     30.096    slow_vdd1v0   worst 
NOR2X1            369    378.594    slow_vdd1v0   worst 
NOR2X2            202    345.420    slow_vdd1v0   worst 
NOR2X4            153    470.934    slow_vdd1v0   worst 
NOR2X6             71    291.384    slow_vdd1v0   worst 
NOR2X8             35    191.520    slow_vdd1v0   worst 
NOR3BX2             1      3.420    slow_vdd1v0   worst 
NOR3BX4             3     17.442    slow_vdd1v0   worst 
NOR3X2              2      5.472    slow_vdd1v0   worst 
NOR3X4              6     30.780    slow_vdd1v0   worst 
NOR3X6              8     57.456    slow_vdd1v0   worst 
NOR3X8              4     35.568    slow_vdd1v0   worst 
NOR4BBX2            1      5.130    slow_vdd1v0   worst 
NOR4BX4             1      7.524    slow_vdd1v0   worst 
OA21X1             44     90.288    slow_vdd1v0   worst 
OA21X2              7     21.546    slow_vdd1v0   worst 
OA21X4              2      7.524    slow_vdd1v0   worst 
OAI21X1            71    121.410    slow_vdd1v0   worst 
OAI21X2            52    160.056    slow_vdd1v0   worst 
OAI21X4            56    268.128    slow_vdd1v0   worst 
OAI2BB1X1          57     97.470    slow_vdd1v0   worst 
OAI2BB1X2          69    212.382    slow_vdd1v0   worst 
OAI2BB1X4           4     17.784    slow_vdd1v0   worst 
OAI2BB2X2           8     43.776    slow_vdd1v0   worst 
OAI2BB2X4           1      8.550    slow_vdd1v0   worst 
OAI31X2             2      7.524    slow_vdd1v0   worst 
OR2X1             345    471.960    slow_vdd1v0   worst 
OR2X2              19     32.490    slow_vdd1v0   worst 
OR2X4              12     32.832    slow_vdd1v0   worst 
OR2X6               8     30.096    slow_vdd1v0   worst 
OR2X8               1      4.446    slow_vdd1v0   worst 
OR3X1              12     24.624    slow_vdd1v0   worst 
OR3X4               1      3.078    slow_vdd1v0   worst 
OR4X1               2      4.104    slow_vdd1v0   worst 
OR4X4               1      3.762    slow_vdd1v0   worst 
XNOR2X1           529   1266.426    slow_vdd1v0   worst 
--------------------------------------------------------
total            7626  22690.332                


                                          
     Type      Instances    Area   Area % 
------------------------------------------
sequential           879  5909.076   26.0 
inverter             357   442.890    2.0 
buffer                48   178.524    0.8 
logic               6342 16159.842   71.2 
physical_cells         0     0.000    0.0 
------------------------------------------
total               7626 22690.332  100.0 

