============================================================
  Generated by:           Genus(TM) Synthesis Solution 21.19-s055_1
  Generated on:           Oct 29 2025  11:00:00 pm
  Module:                 biriscv_multiplier
  Operating conditions:   PVT_0P9V_125C 
  Operating conditions:   PVT_1P32V_0C 
  Interconnect mode:      global
  Area mode:              physical library
============================================================

Timing
--------

Clock Period 
-------------
clk_i 3330.0 


  Cost    Critical              Violating 
 Group   Path Slack     TNS       Paths   
------------------------------------------
clk_i        -929.8   -28661.6         32 
default    No paths        0.0            
------------------------------------------
Total                 -28661.6         32 

Instance Count
--------------
Leaf Instance Count             4314 
Physical Instance count            0 
Sequential Instance Count         99 
Combinational Instance Count    4215 
Hierarchical Instance Count        0 

Area
----
Cell Area                          16444.044
Physical Cell Area                 0.000
Total Cell Area (Cell+Physical)    16444.044
Net Area                           5313.036
Total Area (Cell+Physical+Net)     21757.080

Max Fanout                         99 (clk_i)
Min Fanout                         0 (n_3)
Average Fanout                     2.0
Terms to net ratio                 2.9706
Terms to instance ratio            3.3748
Runtime                            106.52616100000039 seconds
Elapsed Runtime                    127 seconds
Genus peak memory usage            1787.02 
Innovus peak memory usage          no_value 
Hostname                           localhost
