============================================================
  Generated by:           Genus(TM) Synthesis Solution 21.19-s055_1
  Generated on:           Nov 30 2025  04:37:31 pm
  Module:                 biriscv_divider
  Operating conditions:   PVT_0P9V_125C 
  Operating conditions:   PVT_1P32V_0C 
  Interconnect mode:      global
  Area mode:              physical library
============================================================

                                               Library 
   Gate     Instances    Area       Library     Domain 
-------------------------------------------------------
ADDHX1              8    30.096    slow_vdd1v0   worst 
ADDHX2              5    25.650    slow_vdd1v0   worst 
AND2X1            124   169.632    slow_vdd1v0   worst 
AND2X2              2     3.420    slow_vdd1v0   worst 
AND2X4              7    19.152    slow_vdd1v0   worst 
AND2X6              6    22.572    slow_vdd1v0   worst 
AND2X8              1     4.446    slow_vdd1v0   worst 
AND3X6              2     8.892    slow_vdd1v0   worst 
AND3X8              1     5.130    slow_vdd1v0   worst 
AND3XL              1     2.052    slow_vdd1v0   worst 
AO21X1             21    50.274    slow_vdd1v0   worst 
AO21X2              1     2.736    slow_vdd1v0   worst 
AO21X4              3    10.260    slow_vdd1v0   worst 
AO22X1             98   268.128    slow_vdd1v0   worst 
AOI211X2            2     6.840    slow_vdd1v0   worst 
AOI211X4            1     6.498    slow_vdd1v0   worst 
AOI21X1            74   126.540    slow_vdd1v0   worst 
AOI21X2            22    60.192    slow_vdd1v0   worst 
AOI21X4            15    76.950    slow_vdd1v0   worst 
AOI221X2           13    57.798    slow_vdd1v0   worst 
AOI221X4            1     7.866    slow_vdd1v0   worst 
AOI222X4            1     9.576    slow_vdd1v0   worst 
AOI22X1           149   305.748    slow_vdd1v0   worst 
AOI22X2             6    22.572    slow_vdd1v0   worst 
AOI2BB1X1           7    14.364    slow_vdd1v0   worst 
AOI2BB1X2          10    30.780    slow_vdd1v0   worst 
AOI2BB1X4           8    32.832    slow_vdd1v0   worst 
AOI2BB2X2           1     5.130    slow_vdd1v0   worst 
AOI2BB2X4          11    82.764    slow_vdd1v0   worst 
AOI31X2             3    10.260    slow_vdd1v0   worst 
BUFX2              14    23.940    slow_vdd1v0   worst 
BUFX3               3     6.156    slow_vdd1v0   worst 
BUFX4               1     2.394    slow_vdd1v0   worst 
BUFX6               1     3.078    slow_vdd1v0   worst 
BUFX8              35   131.670    slow_vdd1v0   worst 
CLKAND2X12          3    22.572    slow_vdd1v0   worst 
CLKAND2X2           9    18.468    slow_vdd1v0   worst 
CLKAND2X3          16    49.248    slow_vdd1v0   worst 
CLKAND2X6          25   119.700    slow_vdd1v0   worst 
CLKAND2X8           1     5.814    slow_vdd1v0   worst 
CLKBUFX2            4     6.840    slow_vdd1v0   worst 
CLKBUFX20           1     8.208    slow_vdd1v0   worst 
CLKINVX1            2     2.052    slow_vdd1v0   worst 
CLKINVX12           2     8.208    slow_vdd1v0   worst 
CLKINVX16           1     5.472    slow_vdd1v0   worst 
CLKINVX2            2     2.736    slow_vdd1v0   worst 
CLKINVX20           3    19.494    slow_vdd1v0   worst 
CLKINVX4           16    27.360    slow_vdd1v0   worst 
CLKINVX6            9    21.546    slow_vdd1v0   worst 
CLKINVX8            2     6.156    slow_vdd1v0   worst 
CLKMX2X2           16    49.248    slow_vdd1v0   worst 
CLKMX2X3           15    61.560    slow_vdd1v0   worst 
CLKXOR2X1          47   128.592    slow_vdd1v0   worst 
CLKXOR2X2           1     3.420    slow_vdd1v0   worst 
DFFRHQX1          183  1126.548    slow_vdd1v0   worst 
DFFRHQX4            2    19.152    slow_vdd1v0   worst 
DFFRHQX8            1    11.286    slow_vdd1v0   worst 
DFFRX1              4    27.360    slow_vdd1v0   worst 
DFFRX2            112   842.688    slow_vdd1v0   worst 
INVX1             110    75.240    slow_vdd1v0   worst 
INVX2              25    25.650    slow_vdd1v0   worst 
INVX3               6     8.208    slow_vdd1v0   worst 
INVXL               1     0.684    slow_vdd1v0   worst 
MX2X1             139   332.766    slow_vdd1v0   worst 
MXI2X1              1     2.736    slow_vdd1v0   worst 
MXI2X2             11    48.906    slow_vdd1v0   worst 
MXI2X6              1     5.130    slow_vdd1v0   worst 
NAND2BX1           21    28.728    slow_vdd1v0   worst 
NAND2BX2           33    79.002    slow_vdd1v0   worst 
NAND2BX4            1     3.762    slow_vdd1v0   worst 
NAND2X1            73    74.898    slow_vdd1v0   worst 
NAND2X2            62   106.020    slow_vdd1v0   worst 
NAND2X4            12    41.040    slow_vdd1v0   worst 
NAND2X6             7    33.516    slow_vdd1v0   worst 
NAND2X8             9    49.248    slow_vdd1v0   worst 
NAND3BX2            1     3.078    slow_vdd1v0   worst 
NAND3X2             4    10.944    slow_vdd1v0   worst 
NOR2BX1            89   121.752    slow_vdd1v0   worst 
NOR2BX2            30    82.080    slow_vdd1v0   worst 
NOR2BX4             2     7.524    slow_vdd1v0   worst 
NOR2X1             49    50.274    slow_vdd1v0   worst 
NOR2X2             21    35.910    slow_vdd1v0   worst 
NOR2X4             28    86.184    slow_vdd1v0   worst 
NOR2X6             25   102.600    slow_vdd1v0   worst 
NOR2X8             13    71.136    slow_vdd1v0   worst 
NOR3BX1             1     2.052    slow_vdd1v0   worst 
NOR3BX4             1     5.814    slow_vdd1v0   worst 
NOR3X1              4     6.840    slow_vdd1v0   worst 
NOR3X2              2     5.472    slow_vdd1v0   worst 
NOR3X4              1     5.130    slow_vdd1v0   worst 
NOR4X2              1     3.420    slow_vdd1v0   worst 
NOR4X4              3    19.494    slow_vdd1v0   worst 
OA21X1             46    94.392    slow_vdd1v0   worst 
OA21X4              2     7.524    slow_vdd1v0   worst 
OA22X1             14    33.516    slow_vdd1v0   worst 
OAI211X4            2    12.996    slow_vdd1v0   worst 
OAI21X1            28    47.880    slow_vdd1v0   worst 
OAI21X2            11    33.858    slow_vdd1v0   worst 
OAI21X4            13    62.244    slow_vdd1v0   worst 
OAI221X2            3    14.364    slow_vdd1v0   worst 
OAI22X1            46    94.392    slow_vdd1v0   worst 
OAI22X2             6    20.520    slow_vdd1v0   worst 
OAI22X4             2    12.996    slow_vdd1v0   worst 
OAI2BB1X1         133   227.430    slow_vdd1v0   worst 
OAI2BB1X2           7    21.546    slow_vdd1v0   worst 
OAI2BB1X4           3    13.338    slow_vdd1v0   worst 
OAI31X1             1     2.052    slow_vdd1v0   worst 
OAI32X4             1     8.208    slow_vdd1v0   worst 
OR2X1              88   120.384    slow_vdd1v0   worst 
OR2X2               4     6.840    slow_vdd1v0   worst 
OR2X4               2     5.472    slow_vdd1v0   worst 
OR2X6               8    30.096    slow_vdd1v0   worst 
OR3X1              19    38.988    slow_vdd1v0   worst 
OR3X2               4     9.576    slow_vdd1v0   worst 
OR3X6               2     9.576    slow_vdd1v0   worst 
OR4X1              30    61.560    slow_vdd1v0   worst 
OR4X8               1     6.156    slow_vdd1v0   worst 
XNOR2X1            89   213.066    slow_vdd1v0   worst 
XNOR2X2             1     3.078    slow_vdd1v0   worst 
-------------------------------------------------------
total            2488  6987.402                


                                         
     Type      Instances   Area   Area % 
-----------------------------------------
sequential           302 2027.034   29.0 
inverter             179  202.806    2.9 
buffer                59  182.286    2.6 
logic               1948 4575.276   65.5 
physical_cells         0    0.000    0.0 
-----------------------------------------
total               2488 6987.402  100.0 

