============================================================
  Generated by:           Genus(TM) Synthesis Solution 21.19-s055_1
  Generated on:           Oct 27 2025  10:04:30 pm
  Module:                 biriscv_multiplier
  Operating conditions:   PVT_0P9V_125C 
  Operating conditions:   PVT_1P32V_0C 
  Interconnect mode:      global
  Area mode:              physical library
============================================================

                                                Library 
   Gate     Instances    Area        Library     Domain 
--------------------------------------------------------
ADDFHX1            86    647.064    slow_vdd1v0   worst 
ADDFHX2            92    755.136    slow_vdd1v0   worst 
ADDFHX4             6     57.456    slow_vdd1v0   worst 
ADDFHXL             9     67.716    slow_vdd1v0   worst 
ADDFX1            452   2318.760    slow_vdd1v0   worst 
ADDFX2              4     31.464    slow_vdd1v0   worst 
ADDHX1             14     52.668    slow_vdd1v0   worst 
ADDHX2             16     82.080    slow_vdd1v0   worst 
ADDHX4              3     21.546    slow_vdd1v0   worst 
AND2X1             57     77.976    slow_vdd1v0   worst 
AND2X2              4      6.840    slow_vdd1v0   worst 
AND2X4             24     65.664    slow_vdd1v0   worst 
AND2X6             15     56.430    slow_vdd1v0   worst 
AND3X2              3      8.208    slow_vdd1v0   worst 
AND3X4              2      6.156    slow_vdd1v0   worst 
AND3X6              1      4.446    slow_vdd1v0   worst 
AND3X8              1      5.130    slow_vdd1v0   worst 
AO21X1            399    955.206    slow_vdd1v0   worst 
AO21X2             12     32.832    slow_vdd1v0   worst 
AO21X4             12     41.040    slow_vdd1v0   worst 
AO22X1             29     79.344    slow_vdd1v0   worst 
AOI211X4            4     25.992    slow_vdd1v0   worst 
AOI21X1            22     37.620    slow_vdd1v0   worst 
AOI21X2            24     65.664    slow_vdd1v0   worst 
AOI21X4            32    164.160    slow_vdd1v0   worst 
AOI221X2            1      4.446    slow_vdd1v0   worst 
AOI221X4            2     15.732    slow_vdd1v0   worst 
AOI222X2            1      5.472    slow_vdd1v0   worst 
AOI22X1            39     80.028    slow_vdd1v0   worst 
AOI22X2            13     48.906    slow_vdd1v0   worst 
AOI22X4             1      6.156    slow_vdd1v0   worst 
AOI2BB1X1           1      2.052    slow_vdd1v0   worst 
AOI2BB1X2           6     18.468    slow_vdd1v0   worst 
AOI2BB1X4          14     57.456    slow_vdd1v0   worst 
AOI2BB2X1           1      3.420    slow_vdd1v0   worst 
AOI2BB2X2          10     51.300    slow_vdd1v0   worst 
AOI2BB2X4          11     82.764    slow_vdd1v0   worst 
AOI31X4             1      6.498    slow_vdd1v0   worst 
AOI32X4             2     15.732    slow_vdd1v0   worst 
BUFX12              3     15.390    slow_vdd1v0   worst 
BUFX2               1      1.710    slow_vdd1v0   worst 
BUFX4               1      2.394    slow_vdd1v0   worst 
BUFX6              54    166.212    slow_vdd1v0   worst 
BUFX8               2      7.524    slow_vdd1v0   worst 
CLKAND2X12         14    105.336    slow_vdd1v0   worst 
CLKAND2X2          11     22.572    slow_vdd1v0   worst 
CLKAND2X3          15     46.170    slow_vdd1v0   worst 
CLKAND2X4           1      3.420    slow_vdd1v0   worst 
CLKAND2X6          25    119.700    slow_vdd1v0   worst 
CLKAND2X8           3     17.442    slow_vdd1v0   worst 
CLKBUFX16           2     13.680    slow_vdd1v0   worst 
CLKBUFX6            2      6.156    slow_vdd1v0   worst 
CLKINVX12          36    147.744    slow_vdd1v0   worst 
CLKINVX16           6     32.832    slow_vdd1v0   worst 
CLKINVX2           16     21.888    slow_vdd1v0   worst 
CLKINVX20          11     71.478    slow_vdd1v0   worst 
CLKINVX3           10     17.100    slow_vdd1v0   worst 
CLKINVX4           48     82.080    slow_vdd1v0   worst 
CLKINVX6           54    129.276    slow_vdd1v0   worst 
CLKINVX8           31     95.418    slow_vdd1v0   worst 
CLKMX2X3            2      8.208    slow_vdd1v0   worst 
CLKMX2X4            2      8.208    slow_vdd1v0   worst 
CLKMX2X6            6     26.676    slow_vdd1v0   worst 
CLKXOR2X1          21     57.456    slow_vdd1v0   worst 
CLKXOR2X8           1      5.814    slow_vdd1v0   worst 
INVX1              71     48.564    slow_vdd1v0   worst 
INVX16              2     10.944    slow_vdd1v0   worst 
INVX2              33     33.858    slow_vdd1v0   worst 
INVX3              19     25.992    slow_vdd1v0   worst 
INVX4               3      5.130    slow_vdd1v0   worst 
INVX6              11     26.334    slow_vdd1v0   worst 
INVX8               1      3.078    slow_vdd1v0   worst 
MXI2X2              2      8.892    slow_vdd1v0   worst 
MXI2X4              6     30.780    slow_vdd1v0   worst 
MXI2X6             12     61.560    slow_vdd1v0   worst 
NAND2BX1           11     15.048    slow_vdd1v0   worst 
NAND2BX2            7     16.758    slow_vdd1v0   worst 
NAND2BX4           18     67.716    slow_vdd1v0   worst 
NAND2X1            11     11.286    slow_vdd1v0   worst 
NAND2X2            59    100.890    slow_vdd1v0   worst 
NAND2X4            55    188.100    slow_vdd1v0   worst 
NAND2X6            21    100.548    slow_vdd1v0   worst 
NAND2X8            10     54.720    slow_vdd1v0   worst 
NAND3X4             1      4.788    slow_vdd1v0   worst 
NAND3X8             2     16.416    slow_vdd1v0   worst 
NOR2BX1            28     38.304    slow_vdd1v0   worst 
NOR2BX2             1      2.736    slow_vdd1v0   worst 
NOR2BX4             6     22.572    slow_vdd1v0   worst 
NOR2X1             50     51.300    slow_vdd1v0   worst 
NOR2X2             50     85.500    slow_vdd1v0   worst 
NOR2X4             84    258.552    slow_vdd1v0   worst 
NOR2X6             55    225.720    slow_vdd1v0   worst 
NOR2X8             18     98.496    slow_vdd1v0   worst 
NOR3X4              3     15.390    slow_vdd1v0   worst 
NOR3X8              4     35.568    slow_vdd1v0   worst 
NOR4X2              1      3.420    slow_vdd1v0   worst 
NOR4X4              1      6.498    slow_vdd1v0   worst 
NOR4X6              2     16.416    slow_vdd1v0   worst 
OA21X1             54    110.808    slow_vdd1v0   worst 
OA21X4              3     11.286    slow_vdd1v0   worst 
OA22X1            328    785.232    slow_vdd1v0   worst 
OA22X4              2      8.208    slow_vdd1v0   worst 
OAI21X1             3      5.130    slow_vdd1v0   worst 
OAI21X2            67    206.226    slow_vdd1v0   worst 
OAI21X4            59    282.492    slow_vdd1v0   worst 
OAI221X4            9     70.794    slow_vdd1v0   worst 
OAI22X1            43     88.236    slow_vdd1v0   worst 
OAI22X2             5     17.100    slow_vdd1v0   worst 
OAI2BB1X1         255    436.050    slow_vdd1v0   worst 
OAI2BB1X2          89    273.942    slow_vdd1v0   worst 
OAI2BB1X4          28    124.488    slow_vdd1v0   worst 
OR2X1              25     34.200    slow_vdd1v0   worst 
OR2X2               9     15.390    slow_vdd1v0   worst 
OR2X4              12     32.832    slow_vdd1v0   worst 
OR2X6              13     48.906    slow_vdd1v0   worst 
OR2X8               4     17.784    slow_vdd1v0   worst 
OR3X1              11     22.572    slow_vdd1v0   worst 
OR3X2               2      4.788    slow_vdd1v0   worst 
OR3X4               6     18.468    slow_vdd1v0   worst 
OR3X6               1      4.788    slow_vdd1v0   worst 
XNOR2X1            24     57.456    slow_vdd1v0   worst 
XNOR2X2             4     12.312    slow_vdd1v0   worst 
XNOR2X4             2      7.524    slow_vdd1v0   worst 
XOR2X2              3     10.260    slow_vdd1v0   worst 
XOR2X4              1      4.104    slow_vdd1v0   worst 
--------------------------------------------------------
total            3524  11700.162                


                                          
     Type      Instances    Area   Area % 
------------------------------------------
inverter             352   751.716    6.4 
buffer                65   213.066    1.8 
logic               3107 10735.380   91.8 
physical_cells         0     0.000    0.0 
------------------------------------------
total               3524 11700.162  100.0 

