============================================================
  Generated by:           Genus(TM) Synthesis Solution 21.19-s055_1
  Generated on:           Oct 27 2025  10:04:30 pm
  Module:                 biriscv_multiplier
  Operating conditions:   PVT_0P9V_125C 
  Operating conditions:   PVT_1P32V_0C 
  Interconnect mode:      global
  Area mode:              physical library
============================================================

Timing
--------

Clock Period 
-------------
clk_i 5560.0 


  Cost    Critical         Violating 
 Group   Path Slack  TNS     Paths   
-------------------------------------
clk_i           0.1   0.0          0 
default    No paths   0.0            
-------------------------------------
Total                 0.0          0 

Instance Count
--------------
Leaf Instance Count             3524 
Physical Instance count            0 
Sequential Instance Count          0 
Combinational Instance Count    3524 
Hierarchical Instance Count        0 

Area
----
Cell Area                          11700.162
Physical Cell Area                 0.000
Total Cell Area (Cell+Physical)    11700.162
Net Area                           5037.945
Total Area (Cell+Physical+Net)     16738.107

Max Fanout                         39 (n_185)
Min Fanout                         1 (minus_116_377_n_811)
Average Fanout                     2.2
Terms to net ratio                 3.2212
Terms to instance ratio            3.8766
Runtime                            153.985153 seconds
Elapsed Runtime                    154 seconds
Genus peak memory usage            2200.15 
Innovus peak memory usage          no_value 
Hostname                           localhost
