============================================================
  Generated by:           Genus(TM) Synthesis Solution 21.19-s055_1
  Generated on:           Oct 27 2025  10:04:30 pm
  Module:                 biriscv_multiplier
  Operating conditions:   PVT_0P9V_125C 
  Operating conditions:   PVT_1P32V_0C 
  Interconnect mode:      global
  Area mode:              physical library
============================================================


Path 1: MET (0 ps) Late External Delay Assertion at pin writeback_value_o[21]
          Group: clk_i
     Startpoint: (F) opcode_rb_operand_i[7]
          Clock: (R) clk_i
       Endpoint: (R) writeback_value_o[21]
          Clock: (R) clk_i

                     Capture       Launch     
        Clock Edge:+    5560            0     
        Drv Adjust:+       0            0     
       Src Latency:+       0            0     
       Net Latency:+     100 (I)      100 (I) 
           Arrival:=    5660          100     
                                              
      Output Delay:-     300                  
       Uncertainty:-      50                  
     Required Time:=    5310                  
      Launch Clock:-     100                  
       Input Delay:-     300                  
         Data Path:-    4910                  
             Slack:=       0                  

Exceptions/Constraints:
  input_delay              300             biriscv_multiplier.s_line_30_90_1  
  output_delay             300             biriscv_multiplier.s_line_35_107_1 

#----------------------------------------------------------------------------------------------------------------------
#                Timing Point                  Flags    Arc   Edge   Cell     Fanout Load Trans Delay Arrival Instance 
#                                                                                    (fF)  (ps)  (ps)   (ps)  Location 
#----------------------------------------------------------------------------------------------------------------------
  opcode_rb_operand_i[7]                       -       -      F     (arrival)      6 15.1   252     0     400    (-,-) 
  g54052/Y                                     -       A->Y   R     CLKINVX6       4 14.0    98   144     544    (-,-) 
  g53868/Y                                     -       C->Y   F     NAND3X8        9 17.0   277   207     751    (-,-) 
  g53801/Y                                     -       A->Y   F     BUFX6         17 29.8   150   254    1005    (-,-) 
  g53800/Y                                     -       A->Y   R     INVX2          8 15.7   189   176    1180    (-,-) 
  g53255/Y                                     -       B1->Y  R     AO22X1         1  3.7    99   266    1446    (-,-) 
  g52725__2398/Y                               -       B0->Y  F     AOI21X2        1  3.6   152    90    1536    (-,-) 
  g52125__8246/Y                               -       B0->Y  R     OAI21X2        1  3.7   134   111    1647    (-,-) 
  WALLACE_CSA_DUMMY_OP_groupi_cdnfadd_016_1/CO -       A->CO  R     ADDFX1         1  3.7   102   288    1935    (-,-) 
  WALLACE_CSA_DUMMY_OP_groupi_cdnfadd_017_3/S  -       B->S   F     ADDFX1         1  3.6   117   370    2305    (-,-) 
  WALLACE_CSA_DUMMY_OP_groupi_cdnfadd_017_5/S  -       B->S   R     ADDFX1         1  3.7   105   366    2670    (-,-) 
  WALLACE_CSA_DUMMY_OP_groupi_cdnfadd_017_6/S  -       CI->S  F     ADDFHX2        2  6.0   115   362    3032    (-,-) 
  WALLACE_CSA_DUMMY_OP_groupi_g4325/Y          -       B->Y   R     NOR2X4         3  7.0   110   114    3147    (-,-) 
  WALLACE_CSA_DUMMY_OP_groupi_g4308/Y          -       A1N->Y R     AOI2BB1X4      2  6.4    99   171    3318    (-,-) 
  WALLACE_CSA_DUMMY_OP_groupi_g4302/Y          -       A0->Y  F     OAI21X4        1  4.4   118   141    3459    (-,-) 
  WALLACE_CSA_DUMMY_OP_groupi_g4292/Y          -       A1->Y  R     AOI21X4        1  3.9    88   113    3572    (-,-) 
  WALLACE_CSA_DUMMY_OP_groupi_g4273/Y          -       B->Y   R     CLKAND2X6      2  8.0    47   126    3698    (-,-) 
  WALLACE_CSA_DUMMY_OP_groupi_g4266/Y          -       B->Y   F     NOR2X8         1  5.8    46    45    3744    (-,-) 
  WALLACE_CSA_DUMMY_OP_groupi_g4223/Y          -       C->Y   R     NOR3X8         4  9.8   132    99    3842    (-,-) 
  WALLACE_CSA_DUMMY_OP_groupi_g4096/Y          -       A1->Y  F     OAI21X4        1  5.8   138   152    3994    (-,-) 
  WALLACE_CSA_DUMMY_OP_groupi_g4092/Y          -       B->Y   R     NOR2X8         3  9.8    94   108    4102    (-,-) 
  WALLACE_CSA_DUMMY_OP_groupi_g4031/Y          -       C->Y   F     NOR3X8         2  5.8    66    69    4172    (-,-) 
  WALLACE_CSA_DUMMY_OP_groupi_g4024/Y          -       B->Y   F     CLKAND2X6      1  5.8    46   109    4280    (-,-) 
  WALLACE_CSA_DUMMY_OP_groupi_g4013/Y          -       B->Y   R     NOR2X8         5 13.4   103    81    4362    (-,-) 
  fopt54422/Y                                  -       A->Y   F     CLKINVX4       1  5.8    62    81    4443    (-,-) 
  WALLACE_CSA_DUMMY_OP_groupi_g4003/Y          -       C->Y   R     NAND3X8        1  6.1    47    51    4494    (-,-) 
  WALLACE_CSA_DUMMY_OP_groupi_g3967/Y          -       B->Y   F     NAND2X8        4 13.6   142   106    4600    (-,-) 
  WALLACE_CSA_DUMMY_OP_groupi_g3960/Y          -       A->Y   R     CLKINVX12     13 39.7   101   108    4708    (-,-) 
  WALLACE_CSA_DUMMY_OP_groupi_g3941/Y          -       A1->Y  F     OAI21X4        1  3.4   108   118    4826    (-,-) 
  WALLACE_CSA_DUMMY_OP_groupi_g54206/S         -       B->S   R     ADDHX2         1  4.5    80   220    5046    (-,-) 
  g25756/Y                                     -       A1->Y  F     AOI21X4        1  7.2   154   141    5187    (-,-) 
  g25740/Y                                     -       A->Y   R     CLKINVX12      1 47.9   117   122    5309    (-,-) 
  writeback_value_o[21]                        <<<     -      R     (port)         -    -     -     0    5310    (-,-) 
#----------------------------------------------------------------------------------------------------------------------

