============================================================
  Generated by:           Genus(TM) Synthesis Solution 21.19-s055_1
  Generated on:           Nov 30 2025  05:43:14 pm
  Module:                 biriscv_divider
  Operating conditions:   PVT_0P9V_125C 
  Operating conditions:   PVT_1P32V_0C 
  Interconnect mode:      global
  Area mode:              physical library
============================================================

                                               Library 
   Gate     Instances    Area       Library     Domain 
-------------------------------------------------------
ADDHX1             28   105.336    slow_vdd1v0   worst 
ADDHX4              6    43.092    slow_vdd1v0   worst 
AND2X1             43    58.824    slow_vdd1v0   worst 
AND2X2              3     5.130    slow_vdd1v0   worst 
AND2X4             11    30.096    slow_vdd1v0   worst 
AND2X6              7    26.334    slow_vdd1v0   worst 
AND3X1              2     4.788    slow_vdd1v0   worst 
AND3X4              2     6.156    slow_vdd1v0   worst 
AO21X1             18    43.092    slow_vdd1v0   worst 
AO21X4              1     3.420    slow_vdd1v0   worst 
AO22X1             52   142.272    slow_vdd1v0   worst 
AOI211X2            2     6.840    slow_vdd1v0   worst 
AOI21X1            17    29.070    slow_vdd1v0   worst 
AOI21X2            45   123.120    slow_vdd1v0   worst 
AOI21X4            30   153.900    slow_vdd1v0   worst 
AOI221X2            1     4.446    slow_vdd1v0   worst 
AOI222X2           55   300.960    slow_vdd1v0   worst 
AOI22X1           160   328.320    slow_vdd1v0   worst 
AOI22X2            70   263.340    slow_vdd1v0   worst 
AOI22X4             3    18.468    slow_vdd1v0   worst 
AOI2BB1X1           2     4.104    slow_vdd1v0   worst 
AOI2BB1X2          10    30.780    slow_vdd1v0   worst 
AOI2BB1X4          11    45.144    slow_vdd1v0   worst 
AOI2BB2X2           2    10.260    slow_vdd1v0   worst 
AOI31X2             1     3.420    slow_vdd1v0   worst 
AOI31X4             1     6.498    slow_vdd1v0   worst 
BUFX12              3    15.390    slow_vdd1v0   worst 
BUFX2               2     3.420    slow_vdd1v0   worst 
BUFX20              1     8.208    slow_vdd1v0   worst 
BUFX3               3     6.156    slow_vdd1v0   worst 
BUFX6              27    83.106    slow_vdd1v0   worst 
BUFX8              33   124.146    slow_vdd1v0   worst 
CLKAND2X12          7    52.668    slow_vdd1v0   worst 
CLKAND2X2          27    55.404    slow_vdd1v0   worst 
CLKAND2X3          14    43.092    slow_vdd1v0   worst 
CLKAND2X4           2     6.840    slow_vdd1v0   worst 
CLKAND2X6          18    86.184    slow_vdd1v0   worst 
CLKAND2X8           3    17.442    slow_vdd1v0   worst 
CLKBUFX12           1     5.130    slow_vdd1v0   worst 
CLKBUFX16           1     6.840    slow_vdd1v0   worst 
CLKBUFX2            3     5.130    slow_vdd1v0   worst 
CLKBUFX20           2    16.416    slow_vdd1v0   worst 
CLKBUFX6            3     9.234    slow_vdd1v0   worst 
CLKINVX12          17    69.768    slow_vdd1v0   worst 
CLKINVX16           7    38.304    slow_vdd1v0   worst 
CLKINVX2            3     4.104    slow_vdd1v0   worst 
CLKINVX20           2    12.996    slow_vdd1v0   worst 
CLKINVX3            2     3.420    slow_vdd1v0   worst 
CLKINVX4           31    53.010    slow_vdd1v0   worst 
CLKINVX6           15    35.910    slow_vdd1v0   worst 
CLKINVX8           12    36.936    slow_vdd1v0   worst 
CLKMX2X2           10    30.780    slow_vdd1v0   worst 
CLKMX2X3            3    12.312    slow_vdd1v0   worst 
CLKXOR2X1          14    38.304    slow_vdd1v0   worst 
DFFRHQX1          177  1089.612    slow_vdd1v0   worst 
DFFRHQX2           36   283.176    slow_vdd1v0   worst 
DFFRHQX4           13   124.488    slow_vdd1v0   worst 
DFFRHQX8            1    11.286    slow_vdd1v0   worst 
DFFRX2            117   880.308    slow_vdd1v0   worst 
DFFRX4             23   220.248    slow_vdd1v0   worst 
INVX1              88    60.192    slow_vdd1v0   worst 
INVX2              55    56.430    slow_vdd1v0   worst 
INVX3              31    42.408    slow_vdd1v0   worst 
INVX4               1     1.710    slow_vdd1v0   worst 
INVX8               1     3.078    slow_vdd1v0   worst 
INVXL               1     0.684    slow_vdd1v0   worst 
MX2X1             128   306.432    slow_vdd1v0   worst 
MXI2X2              3    13.338    slow_vdd1v0   worst 
NAND2BX1           12    16.416    slow_vdd1v0   worst 
NAND2BX2           20    47.880    slow_vdd1v0   worst 
NAND2BX4           14    52.668    slow_vdd1v0   worst 
NAND2X1            52    53.352    slow_vdd1v0   worst 
NAND2X2            39    66.690    slow_vdd1v0   worst 
NAND2X4            25    85.500    slow_vdd1v0   worst 
NAND2X6            18    86.184    slow_vdd1v0   worst 
NAND2X8            10    54.720    slow_vdd1v0   worst 
NAND3BX2            1     3.078    slow_vdd1v0   worst 
NAND3X2             4    10.944    slow_vdd1v0   worst 
NAND3X4             1     4.788    slow_vdd1v0   worst 
NOR2BX1            65    88.920    slow_vdd1v0   worst 
NOR2BX2            45   123.120    slow_vdd1v0   worst 
NOR2BX4            18    67.716    slow_vdd1v0   worst 
NOR2X1             64    65.664    slow_vdd1v0   worst 
NOR2X2             80   136.800    slow_vdd1v0   worst 
NOR2X4             90   277.020    slow_vdd1v0   worst 
NOR2X6             36   147.744    slow_vdd1v0   worst 
NOR2X8              7    38.304    slow_vdd1v0   worst 
NOR3X1              2     3.420    slow_vdd1v0   worst 
NOR3X2              3     8.208    slow_vdd1v0   worst 
NOR3X4              2    10.260    slow_vdd1v0   worst 
NOR3X6              2    14.364    slow_vdd1v0   worst 
NOR4X2              3    10.260    slow_vdd1v0   worst 
OA21X1             68   139.536    slow_vdd1v0   worst 
OA21X2              2     6.156    slow_vdd1v0   worst 
OA22X1              6    14.364    slow_vdd1v0   worst 
OA22X4              2     8.208    slow_vdd1v0   worst 
OAI211X4            1     6.498    slow_vdd1v0   worst 
OAI21X1             4     6.840    slow_vdd1v0   worst 
OAI21X2            17    52.326    slow_vdd1v0   worst 
OAI21X4            17    81.396    slow_vdd1v0   worst 
OAI221X2            1     4.788    slow_vdd1v0   worst 
OAI221X4            3    23.598    slow_vdd1v0   worst 
OAI22X1            43    88.236    slow_vdd1v0   worst 
OAI22X2             7    23.940    slow_vdd1v0   worst 
OAI22X4             3    19.494    slow_vdd1v0   worst 
OAI2BB1X1         125   213.750    slow_vdd1v0   worst 
OAI2BB1X2          63   193.914    slow_vdd1v0   worst 
OAI2BB1X4           6    26.676    slow_vdd1v0   worst 
OAI31X2             5    18.810    slow_vdd1v0   worst 
OAI31X4            14    95.760    slow_vdd1v0   worst 
OAI32X2             1     4.446    slow_vdd1v0   worst 
OR2X1              55    75.240    slow_vdd1v0   worst 
OR2X2               2     3.420    slow_vdd1v0   worst 
OR2X4              12    32.832    slow_vdd1v0   worst 
OR2X6              13    48.906    slow_vdd1v0   worst 
OR2X8               5    22.230    slow_vdd1v0   worst 
OR3X1               5    10.260    slow_vdd1v0   worst 
OR3X6               2     9.576    slow_vdd1v0   worst 
OR4X1              20    41.040    slow_vdd1v0   worst 
OR4X4               1     3.762    slow_vdd1v0   worst 
OR4X6              10    54.720    slow_vdd1v0   worst 
XNOR2X1           106   253.764    slow_vdd1v0   worst 
-------------------------------------------------------
total            2756  8829.756                


                                         
     Type      Instances   Area   Area % 
-----------------------------------------
sequential           367 2609.118   29.5 
inverter             266  418.950    4.7 
buffer                79  283.176    3.2 
logic               2044 5518.512   62.5 
physical_cells         0    0.000    0.0 
-----------------------------------------
total               2756 8829.756  100.0 

