============================================================
  Generated by:           Genus(TM) Synthesis Solution 21.19-s055_1
  Generated on:           Nov 30 2025  05:43:14 pm
  Module:                 biriscv_divider
  Operating conditions:   PVT_0P9V_125C 
  Operating conditions:   PVT_1P32V_0C 
  Interconnect mode:      global
  Area mode:              physical library
============================================================

Timing
--------

Clock Period 
-------------
clk_i 2500.0 


  Cost    Critical         Violating 
 Group   Path Slack  TNS     Paths   
-------------------------------------
clk_i           0.0   0.0          0 
default    No paths   0.0            
-------------------------------------
Total                 0.0          0 

Instance Count
--------------
Leaf Instance Count             2756 
Physical Instance count            0 
Sequential Instance Count        367 
Combinational Instance Count    2389 
Hierarchical Instance Count        0 

Area
----
Cell Area                          8829.756
Physical Cell Area                 0.000
Total Cell Area (Cell+Physical)    8829.756
Net Area                           3440.311
Total Area (Cell+Physical+Net)     12270.067

Max Fanout                         367 (clk_i)
Min Fanout                         0 (last_a_q[29])
Average Fanout                     2.4
Terms to net ratio                 3.4801
Terms to instance ratio            3.6720
Runtime                            73.78804200000002 seconds
Elapsed Runtime                    74 seconds
Genus peak memory usage            1740.22 
Innovus peak memory usage          no_value 
Hostname                           localhost
