============================================================
  Generated by:           Genus(TM) Synthesis Solution 21.19-s055_1
  Generated on:           Nov 30 2025  05:43:14 pm
  Module:                 biriscv_divider
  Operating conditions:   PVT_0P9V_125C 
  Operating conditions:   PVT_1P32V_0C 
  Interconnect mode:      global
  Area mode:              physical library
============================================================


Path 1: MET (0 ps) Setup Check with Pin divisor_q_reg[59]/CK->D
          Group: clk_i
     Startpoint: (R) saved_shift_amt_q_reg[0]/CK
          Clock: (R) clk_i
       Endpoint: (F) divisor_q_reg[59]/D
          Clock: (R) clk_i

                     Capture       Launch     
        Clock Edge:+    2500            0     
       Src Latency:+       0            0     
       Net Latency:+     100 (I)      100 (I) 
           Arrival:=    2600          100     
                                              
             Setup:-     147                  
       Uncertainty:-      50                  
     Required Time:=    2403                  
      Launch Clock:-     100                  
         Data Path:-    2303                  
             Slack:=       0                  

#----------------------------------------------------------------------------------------------------
#        Timing Point         Flags   Arc   Edge   Cell     Fanout Load Trans Delay Arrival Instance 
#                                                                  (fF)  (ps)  (ps)   (ps)  Location 
#----------------------------------------------------------------------------------------------------
  saved_shift_amt_q_reg[0]/CK -       -     R     (arrival)    367    -     0     0     100    (-,-) 
  saved_shift_amt_q_reg[0]/Q  -       CK->Q R     DFFRHQX4       5 20.3   130   316     416    (-,-) 
  fopt39914/Y                 -       A->Y  F     CLKINVX12      2  7.4    52    76     492    (-,-) 
  fopt39913/Y                 -       A->Y  R     CLKINVX4       2  5.6    43    48     540    (-,-) 
  g39270/Y                    -       S0->Y F     MX2X1          3  7.4   202   247     787    (-,-) 
  g38924__7410/Y              -       B0->Y R     AOI2BB2X2      1  3.2   136   176     963    (-,-) 
  g38845__7482/Y              -       B->Y  R     CLKAND2X2      3  7.0    89   181    1145    (-,-) 
  g38582__1666/Y              -       B1->Y R     OA22X1         1  3.7    97   221    1365    (-,-) 
  g38485__6131/Y              -       B0->Y F     OAI21X2        3  6.6   233   195    1561    (-,-) 
  g38359__1705/Y              -       B->Y  F     MX2X1          2  5.5   156   301    1862    (-,-) 
  g37963__1705/Y              -       A0->Y R     AOI222X2       1  3.3   218   284    2146    (-,-) 
  g37777__6783/Y              -       B0->Y F     OAI2BB1X1      1  3.2   216   257    2403    (-,-) 
  divisor_q_reg[59]/D         <<<     -     F     DFFRHQX1       1    -     -     0    2403    (-,-) 
#----------------------------------------------------------------------------------------------------

