============================================================
  Generated by:           Genus(TM) Synthesis Solution 21.18-s082_1
  Generated on:           Nov 04 2025  04:02:26 pm
  Module:                 biriscv_multiplier
  Operating conditions:   PVT_0P9V_125C 
  Operating conditions:   PVT_1P32V_0C 
  Interconnect mode:      global
  Area mode:              physical library
============================================================

                                                Library 
   Gate     Instances    Area        Library     Domain 
--------------------------------------------------------
ADDFHX1            44    331.056    slow_vdd1v0   worst 
ADDFHX2            51    418.608    slow_vdd1v0   worst 
ADDFHX4             2     19.152    slow_vdd1v0   worst 
ADDFX1            490   2513.700    slow_vdd1v0   worst 
ADDHX1            302   1136.124    slow_vdd1v0   worst 
ADDHX2              2     10.260    slow_vdd1v0   worst 
AND2X1            862   1179.216    slow_vdd1v0   worst 
AND2X2              9     15.390    slow_vdd1v0   worst 
AND2X4             14     38.304    slow_vdd1v0   worst 
AND2X6              6     22.572    slow_vdd1v0   worst 
AND4X1              1      2.394    slow_vdd1v0   worst 
AO21X1             50    119.700    slow_vdd1v0   worst 
AO21X2              2      5.472    slow_vdd1v0   worst 
AO21X4              1      3.420    slow_vdd1v0   worst 
AOI211X2            2      6.840    slow_vdd1v0   worst 
AOI211X4            1      6.498    slow_vdd1v0   worst 
AOI21X1           102    174.420    slow_vdd1v0   worst 
AOI21X2           118    322.848    slow_vdd1v0   worst 
AOI21X4            27    138.510    slow_vdd1v0   worst 
AOI221X4            1      7.866    slow_vdd1v0   worst 
AOI22X1            63    129.276    slow_vdd1v0   worst 
AOI22X2            11     41.382    slow_vdd1v0   worst 
AOI22X4            16     98.496    slow_vdd1v0   worst 
AOI2BB1X1          17     34.884    slow_vdd1v0   worst 
AOI2BB1X2          14     43.092    slow_vdd1v0   worst 
AOI2BB1X4          19     77.976    slow_vdd1v0   worst 
BUFX12              1      5.130    slow_vdd1v0   worst 
BUFX16              7     47.880    slow_vdd1v0   worst 
BUFX2               4      6.840    slow_vdd1v0   worst 
BUFX20              3     24.624    slow_vdd1v0   worst 
BUFX3               4      8.208    slow_vdd1v0   worst 
BUFX4               1      2.394    slow_vdd1v0   worst 
BUFX6              11     33.858    slow_vdd1v0   worst 
BUFX8               1      3.762    slow_vdd1v0   worst 
CLKAND2X12          4     30.096    slow_vdd1v0   worst 
CLKAND2X2          21     43.092    slow_vdd1v0   worst 
CLKAND2X3           6     18.468    slow_vdd1v0   worst 
CLKAND2X6          18     86.184    slow_vdd1v0   worst 
CLKBUFX12           6     30.780    slow_vdd1v0   worst 
CLKBUFX16           1      6.840    slow_vdd1v0   worst 
CLKINVX12          10     41.040    slow_vdd1v0   worst 
CLKINVX16           3     16.416    slow_vdd1v0   worst 
CLKINVX3            4      6.840    slow_vdd1v0   worst 
CLKINVX4           27     46.170    slow_vdd1v0   worst 
CLKINVX6           18     43.092    slow_vdd1v0   worst 
CLKINVX8           13     40.014    slow_vdd1v0   worst 
CLKMX2X2            2      6.156    slow_vdd1v0   worst 
CLKMX2X3            2      8.208    slow_vdd1v0   worst 
CLKMX2X6            5     22.230    slow_vdd1v0   worst 
CLKXOR2X1         134    366.624    slow_vdd1v0   worst 
CLKXOR2X2           2      6.840    slow_vdd1v0   worst 
DFFRHQX1          762   4690.872    slow_vdd1v0   worst 
DFFRHQX4            6     57.456    slow_vdd1v0   worst 
DFFRHQX8            8     90.288    slow_vdd1v0   worst 
DFFRX2            103    774.972    slow_vdd1v0   worst 
INVX1             205    140.220    slow_vdd1v0   worst 
INVX2              55     56.430    slow_vdd1v0   worst 
INVX3              29     39.672    slow_vdd1v0   worst 
INVXL               3      2.052    slow_vdd1v0   worst 
MX2X1             810   1939.140    slow_vdd1v0   worst 
MXI2X2              1      4.446    slow_vdd1v0   worst 
NAND2BX1          163    222.984    slow_vdd1v0   worst 
NAND2BX2           75    179.550    slow_vdd1v0   worst 
NAND2BX4            6     22.572    slow_vdd1v0   worst 
NAND2X1           179    183.654    slow_vdd1v0   worst 
NAND2X2           206    352.260    slow_vdd1v0   worst 
NAND2X4            40    136.800    slow_vdd1v0   worst 
NAND2X6            18     86.184    slow_vdd1v0   worst 
NAND2X8             9     49.248    slow_vdd1v0   worst 
NAND3BX2            4     12.312    slow_vdd1v0   worst 
NAND3BX4            3     15.390    slow_vdd1v0   worst 
NAND3X2             2      5.472    slow_vdd1v0   worst 
NAND3X4             2      9.576    slow_vdd1v0   worst 
NOR2BX1           194    265.392    slow_vdd1v0   worst 
NOR2BX2            46    125.856    slow_vdd1v0   worst 
NOR2BX4             2      7.524    slow_vdd1v0   worst 
NOR2X1            371    380.646    slow_vdd1v0   worst 
NOR2X2            224    383.040    slow_vdd1v0   worst 
NOR2X4            128    393.984    slow_vdd1v0   worst 
NOR2X6             53    217.512    slow_vdd1v0   worst 
NOR2X8             15     82.080    slow_vdd1v0   worst 
NOR3BX4             2     11.628    slow_vdd1v0   worst 
NOR3X2              1      2.736    slow_vdd1v0   worst 
NOR3X4              3     15.390    slow_vdd1v0   worst 
NOR3X6             10     71.820    slow_vdd1v0   worst 
NOR3X8              3     26.676    slow_vdd1v0   worst 
OA21X1             54    110.808    slow_vdd1v0   worst 
OA21X2              2      6.156    slow_vdd1v0   worst 
OAI21X1            78    133.380    slow_vdd1v0   worst 
OAI21X2            58    178.524    slow_vdd1v0   worst 
OAI21X4            54    258.552    slow_vdd1v0   worst 
OAI22X1             8     16.416    slow_vdd1v0   worst 
OAI2BB1X1          68    116.280    slow_vdd1v0   worst 
OAI2BB1X2          65    200.070    slow_vdd1v0   worst 
OAI2BB1X4           3     13.338    slow_vdd1v0   worst 
OAI2BB2X2           7     38.304    slow_vdd1v0   worst 
OAI31X2             1      3.762    slow_vdd1v0   worst 
OR2X1             351    480.168    slow_vdd1v0   worst 
OR2X2              21     35.910    slow_vdd1v0   worst 
OR2X4               8     21.888    slow_vdd1v0   worst 
OR2X6              10     37.620    slow_vdd1v0   worst 
OR2X8               1      4.446    slow_vdd1v0   worst 
OR3X1               8     16.416    slow_vdd1v0   worst 
OR3X4               2      6.156    slow_vdd1v0   worst 
OR3X6               1      4.788    slow_vdd1v0   worst 
OR4X1               4      8.208    slow_vdd1v0   worst 
XNOR2X1           546   1307.124    slow_vdd1v0   worst 
XNOR2X2             4     12.312    slow_vdd1v0   worst 
--------------------------------------------------------
total            7630  21915.702                


                                          
     Type      Instances    Area   Area % 
------------------------------------------
sequential           879  5613.588   25.6 
inverter             367   431.946    2.0 
buffer                39   170.316    0.8 
logic               6345 15699.852   71.6 
physical_cells         0     0.000    0.0 
------------------------------------------
total               7630 21915.702  100.0 

