============================================================
  Generated by:           Genus(TM) Synthesis Solution 21.18-s082_1
  Generated on:           Nov 04 2025  04:02:26 pm
  Module:                 biriscv_multiplier
  Operating conditions:   PVT_0P9V_125C 
  Operating conditions:   PVT_1P32V_0C 
  Interconnect mode:      global
  Area mode:              physical library
============================================================

Timing
--------

Clock Period 
-------------
clk_i 3700.0 


  Cost    Critical         Violating 
 Group   Path Slack  TNS     Paths   
-------------------------------------
clk_i           2.1   0.0          0 
default    No paths   0.0            
-------------------------------------
Total                 0.0          0 

Instance Count
--------------
Leaf Instance Count             7630 
Physical Instance count            0 
Sequential Instance Count        879 
Combinational Instance Count    6751 
Hierarchical Instance Count        0 

Area
----
Cell Area                          21915.702
Physical Cell Area                 0.000
Total Cell Area (Cell+Physical)    21915.702
Net Area                           9188.068
Total Area (Cell+Physical+Net)     31103.770

Max Fanout                         879 (clk_i)
Min Fanout                         0 (n_15)
Average Fanout                     2.0
Terms to net ratio                 3.1447
Terms to instance ratio            3.5083
Runtime                            254.01013699999996 seconds
Elapsed Runtime                    254 seconds
Genus peak memory usage            2231.14 
Innovus peak memory usage          no_value 
Hostname                           gmicro02
