============================================================
  Generated by:           Genus(TM) Synthesis Solution 21.18-s082_1
  Generated on:           Nov 04 2025  04:02:26 pm
  Module:                 biriscv_multiplier
  Operating conditions:   PVT_0P9V_125C 
  Operating conditions:   PVT_1P32V_0C 
  Interconnect mode:      global
  Area mode:              physical library
============================================================


Path 1: MET (2 ps) Late External Delay Assertion at pin writeback_value_o[23]
          Group: clk_i
     Startpoint: (R) pipe_stage2_s_reg[0][31]/CK
          Clock: (R) clk_i
       Endpoint: (R) writeback_value_o[23]
          Clock: (R) clk_i

                     Capture       Launch     
        Clock Edge:+    3700            0     
       Src Latency:+       0            0     
       Net Latency:+     100 (I)      100 (I) 
           Arrival:=    3800          100     
                                              
      Output Delay:-     300                  
       Uncertainty:-      50                  
     Required Time:=    3450                  
      Launch Clock:-     100                  
         Data Path:-    3348                  
             Slack:=       2                  

Exceptions/Constraints:
  output_delay             300             biriscv_multiplier.s_line_35_105_1 

#-----------------------------------------------------------------------------------------------------------------------
#                Timing Point                  Flags    Arc   Edge    Cell     Fanout Load Trans Delay Arrival Instance 
#                                                                                     (fF)  (ps)  (ps)   (ps)  Location 
#-----------------------------------------------------------------------------------------------------------------------
  pipe_stage2_s_reg[0][31]/CK                  -       -      R     (arrival)     879    -     0     0     100    (-,-) 
  pipe_stage2_s_reg[0][31]/Q                   -       CK->Q  R     DFFRX2          2  5.4    86   298     398    (-,-) 
  WALLACE_CSA_DUMMY_OP_groupi_cdnfadd_031_0/CO -       A->CO  R     ADDFX1          1  3.5    99   260     658    (-,-) 
  WALLACE_CSA_DUMMY_OP_groupi_cdnfadd_032_2/S  -       CI->S  R     ADDFX1          1  4.1   114   327     985    (-,-) 
  WALLACE_CSA_DUMMY_OP_groupi_cdnfadd_032_4/S  -       A->S   F     ADDFHX2         1  4.0    90   386    1371    (-,-) 
  WALLACE_CSA_DUMMY_OP_groupi_cdnfadd_032_5/S  -       B->S   R     ADDFHX2         2  6.2   106   372    1744    (-,-) 
  WALLACE_CSA_DUMMY_OP_groupi_g4239/Y          -       B->Y   R     CLKAND2X6       3  7.6    46   133    1877    (-,-) 
  WALLACE_CSA_DUMMY_OP_groupi_g4171/Y          -       A->Y   R     CLKAND2X6       1  5.3    37   112    1989    (-,-) 
  WALLACE_CSA_DUMMY_OP_groupi_g4162/Y          -       B->Y   F     NOR2X6          2  6.5    55    46    2035    (-,-) 
  WALLACE_CSA_DUMMY_OP_groupi_g4140/Y          -       B->Y   R     NOR2X4          1  5.3    85    77    2112    (-,-) 
  WALLACE_CSA_DUMMY_OP_groupi_g4133/Y          -       B->Y   F     NOR2X6          1  4.3    46    63    2176    (-,-) 
  WALLACE_CSA_DUMMY_OP_groupi_g4122/Y          -       B->Y   R     NOR2X4          1  5.3    84    73    2248    (-,-) 
  WALLACE_CSA_DUMMY_OP_groupi_g4114/Y          -       B->Y   F     NOR2X6          2  6.8    71    69    2317    (-,-) 
  WALLACE_CSA_DUMMY_OP_groupi_g4064/Y          -       B->Y   R     NOR2X6          1  6.1    74    75    2392    (-,-) 
  WALLACE_CSA_DUMMY_OP_groupi_g4046/Y          -       B->Y   F     NOR2X8          2  8.2    61    62    2455    (-,-) 
  WALLACE_CSA_DUMMY_OP_groupi_g3994/Y          -       B->Y   R     NOR2X6          1  5.3    67    68    2522    (-,-) 
  WALLACE_CSA_DUMMY_OP_groupi_g3984/Y          -       A->Y   F     NAND2X6         1  4.5    83    94    2617    (-,-) 
  WALLACE_CSA_DUMMY_OP_groupi_g3931/Y          -       A->Y   F     CLKAND2X12     16 38.1   110   167    2784    (-,-) 
  WALLACE_CSA_DUMMY_OP_groupi_g3858/Y          -       A0N->Y F     AOI2BB1X4       1  3.4    60   204    2988    (-,-) 
  WALLACE_CSA_DUMMY_OP_groupi_g57395/S         -       B->S   R     ADDHX2          1  4.5    80   200    3187    (-,-) 
  g31498__7482/Y                               -       B1->Y  F     AOI22X4         1  7.2   179   127    3315    (-,-) 
  g31483/Y                                     -       A->Y   R     CLKINVX12       1 47.9   121   133    3447    (-,-) 
  writeback_value_o[23]                        <<<     -      R     (port)          -    -     -     0    3448    (-,-) 
#-----------------------------------------------------------------------------------------------------------------------

