============================================================
  Generated by:           Genus(TM) Synthesis Solution 21.19-s055_1
  Generated on:           Oct 29 2025  11:33:44 pm
  Module:                 biriscv_multiplier
  Operating conditions:   PVT_0P9V_125C 
  Operating conditions:   PVT_1P32V_0C 
  Interconnect mode:      global
  Area mode:              physical library
============================================================

                                               Library 
   Gate    Instances    Area        Library     Domain 
-------------------------------------------------------
ADDFX1           690   3539.700    fast_vdd1v2    best 
ADDHX1            17     63.954    fast_vdd1v2    best 
AND2X1            39     53.352    fast_vdd1v2    best 
AND2X2            10     17.100    fast_vdd1v2    best 
AND3X2             3      8.208    fast_vdd1v2    best 
AND3XL             3      6.156    fast_vdd1v2    best 
AOI21X1           15     25.650    fast_vdd1v2    best 
AOI221X1           3      7.182    fast_vdd1v2    best 
AOI222X1         367   1129.626    fast_vdd1v2    best 
AOI22X1          245    502.740    fast_vdd1v2    best 
AOI31X1           16     32.832    fast_vdd1v2    best 
AOI32X1           15     35.910    fast_vdd1v2    best 
BUFX2            136    232.560    fast_vdd1v2    best 
BUFX3             12     24.624    fast_vdd1v2    best 
BUFX6             22     67.716    fast_vdd1v2    best 
BUFX8              1      3.762    fast_vdd1v2    best 
CLKAND2X6          1      4.788    fast_vdd1v2    best 
CLKBUFX2          12     20.520    fast_vdd1v2    best 
CLKBUFX3           1      2.052    fast_vdd1v2    best 
CLKINVX12          1      4.104    fast_vdd1v2    best 
CLKINVX16          1      5.472    fast_vdd1v2    best 
CLKINVX20          1      6.498    fast_vdd1v2    best 
CLKINVX4          14     23.940    fast_vdd1v2    best 
CLKINVX6           4      9.576    fast_vdd1v2    best 
CLKINVX8          20     61.560    fast_vdd1v2    best 
CLKXOR2X1          2      5.472    fast_vdd1v2    best 
DFFHQX1          993   5433.696    fast_vdd1v2    best 
DFFQX2             1      6.498    fast_vdd1v2    best 
INVX1            105     71.820    fast_vdd1v2    best 
INVX2             65     66.690    fast_vdd1v2    best 
MX2X1             32     76.608    fast_vdd1v2    best 
MXI2XL           209    500.346    fast_vdd1v2    best 
NAND2BX1          11     15.048    fast_vdd1v2    best 
NAND2BX2           1      2.394    fast_vdd1v2    best 
NAND2X1          190    194.940    fast_vdd1v2    best 
NAND2X2           23     39.330    fast_vdd1v2    best 
NAND3BXL          15     25.650    fast_vdd1v2    best 
NAND3X1            8     13.680    fast_vdd1v2    best 
NAND4BX1           1      2.394    fast_vdd1v2    best 
NOR2BX1           79    108.072    fast_vdd1v2    best 
NOR2X1           231    237.006    fast_vdd1v2    best 
NOR2X2            11     18.810    fast_vdd1v2    best 
NOR2X4             1      3.078    fast_vdd1v2    best 
NOR3BX1            2      4.104    fast_vdd1v2    best 
NOR3X1            11     18.810    fast_vdd1v2    best 
NOR3X2             1      2.736    fast_vdd1v2    best 
OA21X1             7     14.364    fast_vdd1v2    best 
OAI211X1         250    427.500    fast_vdd1v2    best 
OAI21X1            1      1.710    fast_vdd1v2    best 
OAI221X1         278    665.532    fast_vdd1v2    best 
OAI2BB1X1        241    412.110    fast_vdd1v2    best 
OR2X1              3      4.104    fast_vdd1v2    best 
OR2X2              2      3.420    fast_vdd1v2    best 
XNOR2X1           91    217.854    fast_vdd1v2    best 
-------------------------------------------------------
total           4514  14483.358                


                                          
     Type      Instances    Area   Area % 
------------------------------------------
sequential           994  5440.194   37.6 
inverter             211   249.660    1.7 
buffer               184   351.234    2.4 
logic               3125  8442.270   58.3 
physical_cells         0     0.000    0.0 
------------------------------------------
total               4514 14483.358  100.0 

