============================================================
  Generated by:           Genus(TM) Synthesis Solution 21.19-s055_1
  Generated on:           Oct 29 2025  11:33:44 pm
  Module:                 biriscv_multiplier
  Operating conditions:   PVT_0P9V_125C 
  Operating conditions:   PVT_1P32V_0C 
  Interconnect mode:      global
  Area mode:              physical library
============================================================


Path 1: MET (3008 ps) Late External Delay Assertion at pin writeback_value_o[31]
          Group: clk_i
     Startpoint: (R) Add_L2_s_p2_r_reg[1][8]/CK
          Clock: (R) clk_i
       Endpoint: (R) writeback_value_o[31]
          Clock: (R) clk_i

                     Capture       Launch     
        Clock Edge:+    5990            0     
       Src Latency:+       0            0     
       Net Latency:+     100 (I)      100 (I) 
           Arrival:=    6090          100     
                                              
      Output Delay:-     300                  
       Uncertainty:-      50                  
     Required Time:=    5740                  
      Launch Clock:-     100                  
         Data Path:-    2632                  
             Slack:=    3008                  

Exceptions/Constraints:
  output_delay             300             biriscv_multiplier.s_line_35 

#--------------------------------------------------------------------------------------------------------------
#            Timing Point              Flags    Arc   Edge   Cell     Fanout Load Trans Delay Arrival Instance 
#                                                                            (fF)  (ps)  (ps)   (ps)  Location 
#--------------------------------------------------------------------------------------------------------------
  Add_L2_s_p2_r_reg[1][8]/CK           -       -      R     (arrival)    994    -     0     0     100    (-,-) 
  Add_L2_s_p2_r_reg[1][8]/Q            -       CK->Q  F     DFFHQX1        2  5.3    30    52     152    (-,-) 
  WALLACE_CSA_DUMMY_OP_groupi_g8598/CO -       A->CO  F     ADDHX1         1  3.7    22    27     179    (-,-) 
  WALLACE_CSA_DUMMY_OP_groupi_g8562/CO -       CI->CO F     ADDFX1         1  3.7    25    43     222    (-,-) 
  WALLACE_CSA_DUMMY_OP_groupi_g8548/CO -       CI->CO F     ADDFX1         1  3.7    25    44     266    (-,-) 
  WALLACE_CSA_DUMMY_OP_groupi_g8508/CO -       CI->CO F     ADDFX1         1  3.7    25    44     309    (-,-) 
  WALLACE_CSA_DUMMY_OP_groupi_g8506/CO -       CI->CO F     ADDFX1         1  3.7    25    44     353    (-,-) 
  WALLACE_CSA_DUMMY_OP_groupi_g8505/CO -       CI->CO F     ADDFX1         1  3.7    25    44     396    (-,-) 
  WALLACE_CSA_DUMMY_OP_groupi_g8504/CO -       CI->CO F     ADDFX1         1  3.7    25    44     440    (-,-) 
  WALLACE_CSA_DUMMY_OP_groupi_g8503/CO -       CI->CO F     ADDFX1         1  3.7    25    44     483    (-,-) 
  WALLACE_CSA_DUMMY_OP_groupi_g8502/CO -       CI->CO F     ADDFX1         1  3.7    25    44     527    (-,-) 
  WALLACE_CSA_DUMMY_OP_groupi_g8501/CO -       CI->CO F     ADDFX1         1  3.7    25    44     570    (-,-) 
  WALLACE_CSA_DUMMY_OP_groupi_g8500/CO -       CI->CO F     ADDFX1         1  3.7    25    44     614    (-,-) 
  WALLACE_CSA_DUMMY_OP_groupi_g8499/CO -       CI->CO F     ADDFX1         1  3.7    25    44     657    (-,-) 
  WALLACE_CSA_DUMMY_OP_groupi_g8498/CO -       CI->CO F     ADDFX1         1  3.7    25    44     701    (-,-) 
  WALLACE_CSA_DUMMY_OP_groupi_g8497/CO -       CI->CO F     ADDFX1         1  3.7    25    44     744    (-,-) 
  WALLACE_CSA_DUMMY_OP_groupi_g8496/CO -       CI->CO F     ADDFX1         1  3.7    25    44     788    (-,-) 
  WALLACE_CSA_DUMMY_OP_groupi_g8495/CO -       CI->CO F     ADDFX1         1  3.7    25    44     831    (-,-) 
  WALLACE_CSA_DUMMY_OP_groupi_g8494/CO -       CI->CO F     ADDFX1         1  3.7    25    44     875    (-,-) 
  WALLACE_CSA_DUMMY_OP_groupi_g8493/CO -       CI->CO F     ADDFX1         1  3.7    25    44     918    (-,-) 
  WALLACE_CSA_DUMMY_OP_groupi_g8492/CO -       CI->CO F     ADDFX1         1  3.7    25    44     962    (-,-) 
  WALLACE_CSA_DUMMY_OP_groupi_g8491/CO -       CI->CO F     ADDFX1         1  3.7    25    44    1005    (-,-) 
  WALLACE_CSA_DUMMY_OP_groupi_g8490/CO -       CI->CO F     ADDFX1         1  3.7    25    44    1049    (-,-) 
  WALLACE_CSA_DUMMY_OP_groupi_g8489/CO -       CI->CO F     ADDFX1         1  3.7    25    44    1092    (-,-) 
  WALLACE_CSA_DUMMY_OP_groupi_g8488/CO -       CI->CO F     ADDFX1         1  3.7    25    44    1136    (-,-) 
  WALLACE_CSA_DUMMY_OP_groupi_g8487/CO -       CI->CO F     ADDFX1         1  3.7    25    44    1179    (-,-) 
  WALLACE_CSA_DUMMY_OP_groupi_g8486/CO -       CI->CO F     ADDFX1         1  3.7    25    44    1223    (-,-) 
  WALLACE_CSA_DUMMY_OP_groupi_g8485/CO -       CI->CO F     ADDFX1         1  3.7    25    44    1266    (-,-) 
  WALLACE_CSA_DUMMY_OP_groupi_g8484/CO -       CI->CO F     ADDFX1         1  3.7    25    44    1310    (-,-) 
  WALLACE_CSA_DUMMY_OP_groupi_g8483/CO -       CI->CO F     ADDFX1         1  3.7    25    44    1353    (-,-) 
  WALLACE_CSA_DUMMY_OP_groupi_g8482/CO -       CI->CO F     ADDFX1         1  3.7    25    44    1397    (-,-) 
  WALLACE_CSA_DUMMY_OP_groupi_g8481/CO -       CI->CO F     ADDFX1         1  3.7    25    44    1440    (-,-) 
  WALLACE_CSA_DUMMY_OP_groupi_g8480/CO -       CI->CO F     ADDFX1         1  3.7    25    44    1484    (-,-) 
  WALLACE_CSA_DUMMY_OP_groupi_g8479/CO -       CI->CO F     ADDFX1         1  3.7    25    44    1527    (-,-) 
  WALLACE_CSA_DUMMY_OP_groupi_g8478/CO -       CI->CO F     ADDFX1         1  3.7    25    44    1571    (-,-) 
  WALLACE_CSA_DUMMY_OP_groupi_g8477/CO -       CI->CO F     ADDFX1         1  3.7    25    44    1614    (-,-) 
  WALLACE_CSA_DUMMY_OP_groupi_g8476/CO -       CI->CO F     ADDFX1         1  3.7    25    44    1658    (-,-) 
  WALLACE_CSA_DUMMY_OP_groupi_g8475/CO -       CI->CO F     ADDFX1         1  3.7    25    44    1701    (-,-) 
  WALLACE_CSA_DUMMY_OP_groupi_g8474/CO -       CI->CO F     ADDFX1         1  3.7    25    44    1745    (-,-) 
  WALLACE_CSA_DUMMY_OP_groupi_g8473/CO -       CI->CO F     ADDFX1         1  3.7    25    44    1788    (-,-) 
  WALLACE_CSA_DUMMY_OP_groupi_g8472/CO -       CI->CO F     ADDFX1         1  3.7    25    44    1832    (-,-) 
  WALLACE_CSA_DUMMY_OP_groupi_g8471/CO -       CI->CO F     ADDFX1         1  3.7    25    44    1875    (-,-) 
  WALLACE_CSA_DUMMY_OP_groupi_g8470/CO -       CI->CO F     ADDFX1         1  3.7    25    44    1919    (-,-) 
  WALLACE_CSA_DUMMY_OP_groupi_g8469/CO -       CI->CO F     ADDFX1         1  3.7    25    44    1962    (-,-) 
  WALLACE_CSA_DUMMY_OP_groupi_g8468/CO -       CI->CO F     ADDFX1         1  3.7    25    44    2006    (-,-) 
  WALLACE_CSA_DUMMY_OP_groupi_g8467/CO -       CI->CO F     ADDFX1         1  3.7    25    44    2049    (-,-) 
  WALLACE_CSA_DUMMY_OP_groupi_g8466/CO -       CI->CO F     ADDFX1         1  3.7    25    44    2093    (-,-) 
  WALLACE_CSA_DUMMY_OP_groupi_g8465/CO -       CI->CO F     ADDFX1         1  3.7    25    44    2136    (-,-) 
  WALLACE_CSA_DUMMY_OP_groupi_g8464/CO -       CI->CO F     ADDFX1         1  3.7    25    44    2180    (-,-) 
  WALLACE_CSA_DUMMY_OP_groupi_g8463/CO -       CI->CO F     ADDFX1         1  3.7    25    44    2223    (-,-) 
  WALLACE_CSA_DUMMY_OP_groupi_g8462/CO -       CI->CO F     ADDFX1         1  3.7    25    44    2267    (-,-) 
  WALLACE_CSA_DUMMY_OP_groupi_g8461/CO -       CI->CO F     ADDFX1         1  3.7    25    44    2310    (-,-) 
  WALLACE_CSA_DUMMY_OP_groupi_g8460/CO -       CI->CO F     ADDFX1         1  3.7    25    44    2354    (-,-) 
  WALLACE_CSA_DUMMY_OP_groupi_g8459/CO -       CI->CO F     ADDFX1         1  3.7    25    44    2397    (-,-) 
  WALLACE_CSA_DUMMY_OP_groupi_g8458/CO -       CI->CO F     ADDFX1         1  3.7    25    44    2441    (-,-) 
  WALLACE_CSA_DUMMY_OP_groupi_g8457/CO -       CI->CO F     ADDFX1         1  3.7    25    44    2484    (-,-) 
  WALLACE_CSA_DUMMY_OP_groupi_g8456/CO -       CI->CO F     ADDFX1         1  3.5    24    43    2527    (-,-) 
  WALLACE_CSA_DUMMY_OP_groupi_g8455/Y  -       B->Y   R     XNOR2X1        1  3.2    21    36    2563    (-,-) 
  g38759__7098/Y                       -       B->Y   R     MX2X1          1 47.9   267   169    2732    (-,-) 
  writeback_value_o[31]                <<<     -      R     (port)         -    -     -     0    2732    (-,-) 
#--------------------------------------------------------------------------------------------------------------

