============================================================
  Generated by:           Genus(TM) Synthesis Solution 21.19-s055_1
  Generated on:           Oct 29 2025  11:33:45 pm
  Module:                 biriscv_multiplier
  Operating conditions:   PVT_0P9V_125C 
  Operating conditions:   PVT_1P32V_0C 
  Interconnect mode:      global
  Area mode:              physical library
============================================================

Timing
--------

Clock Period 
-------------
clk_i 5990.0 


  Cost    Critical         Violating 
 Group   Path Slack  TNS     Paths   
-------------------------------------
clk_i        3007.7   0.0          0 
default    No paths   0.0            
-------------------------------------
Total                 0.0          0 

Instance Count
--------------
Leaf Instance Count             4514 
Physical Instance count            0 
Sequential Instance Count        994 
Combinational Instance Count    3520 
Hierarchical Instance Count        0 

Area
----
Cell Area                          14483.358
Physical Cell Area                 0.000
Total Cell Area (Cell+Physical)    14483.358
Net Area                           6370.162
Total Area (Cell+Physical+Net)     20853.520

Max Fanout                         994 (clk_i)
Min Fanout                         1 (Add_L2_s[0][2])
Average Fanout                     2.5
Terms to net ratio                 3.4906
Terms to instance ratio            4.0922
Runtime                            166.67641600000002 seconds
Elapsed Runtime                    168 seconds
Genus peak memory usage            1985.50 
Innovus peak memory usage          no_value 
Hostname                           localhost
