============================================================
  Generated by:           Genus(TM) Synthesis Solution 21.19-s055_1
  Generated on:           Oct 29 2025  03:39:56 pm
  Module:                 biriscv_multiplier
  Operating conditions:   PVT_0P9V_125C 
  Operating conditions:   PVT_1P32V_0C 
  Interconnect mode:      global
  Area mode:              physical library
============================================================


Path 1: MET (21 ps) Setup Check with Pin pp_scaled_s_p1_r_reg[11][63]/CK->D
          Group: clk_i
     Startpoint: (F) opcode_ra_operand_i[20]
          Clock: (R) clk_i
       Endpoint: (F) pp_scaled_s_p1_r_reg[11][63]/D
          Clock: (R) clk_i

                     Capture       Launch     
        Clock Edge:+    3030            0     
        Drv Adjust:+       0            0     
       Src Latency:+       0            0     
       Net Latency:+     100 (I)      100 (I) 
           Arrival:=    3130          100     
                                              
             Setup:-     149                  
       Uncertainty:-      50                  
     Required Time:=    2931                  
      Launch Clock:-     100                  
       Input Delay:-     300                  
         Data Path:-    2510                  
             Slack:=      21                  

Exceptions/Constraints:
  input_delay             300             biriscv_multiplier.s_line_30_45_1 

#-------------------------------------------------------------------------------------------------------
#         Timing Point           Flags   Arc   Edge   Cell     Fanout Load Trans Delay Arrival Instance 
#                                                                     (fF)  (ps)  (ps)   (ps)  Location 
#-------------------------------------------------------------------------------------------------------
  opcode_ra_operand_i[20]        -       -     F     (arrival)     18 34.9   252     0     400    (-,-) 
  g78439/Y                       -       A->Y  F     CLKBUFX2       5  9.8   140   245     645    (-,-) 
  minus_114_27_g1200/Y           -       A->Y  F     OR2X2          2  5.0    91   230     875    (-,-) 
  minus_114_27_g1195/Y           -       C->Y  F     OR3X1          1  3.3   105   219    1094    (-,-) 
  minus_114_27_g1191/Y           -       A->Y  R     NOR2X1         1  3.2   180   165    1259    (-,-) 
  minus_114_27_g1170/Y           -       A->Y  R     CLKAND2X2      3  7.8    98   219    1478    (-,-) 
  minus_114_27_g1163/Y           -       B->Y  F     NAND2X2        1  3.4   134   130    1608    (-,-) 
  minus_114_27_g1144/CO          -       B->CO F     ADDHX1         1  5.1   140   178    1786    (-,-) 
  g77668/Y                       -       B->Y  R     NAND2X6       12 22.0   127   115    1901    (-,-) 
  g77132/Y                       -       C->Y  R     OR3X1          1  3.1    79   154    2055    (-,-) 
  g78429/Y                       -       AN->Y R     NOR2BX1        2  5.0   256   232    2288    (-,-) 
  g76504/Y                       -       A->Y  R     AND2X2         8 16.1   196   378    2665    (-,-) 
  g75720/Y                       -       B0->Y F     OAI2BB1X1      1  3.2   215   244    2910    (-,-) 
  pp_scaled_s_p1_r_reg[11][63]/D <<<     -     F     DFFHQX1        1    -     -     0    2910    (-,-) 
#-------------------------------------------------------------------------------------------------------

