============================================================
  Generated by:           Genus(TM) Synthesis Solution 21.19-s055_1
  Generated on:           Oct 29 2025  03:39:56 pm
  Module:                 biriscv_multiplier
  Operating conditions:   PVT_0P9V_125C 
  Operating conditions:   PVT_1P32V_0C 
  Interconnect mode:      global
  Area mode:              physical library
============================================================

                                                Library 
   Gate     Instances    Area        Library     Domain 
--------------------------------------------------------
ADDFHX1            77    579.348    slow_vdd1v0   worst 
ADDFHX2           142   1165.536    slow_vdd1v0   worst 
ADDFHX4             1      9.576    slow_vdd1v0   worst 
ADDFX1            238   1220.940    slow_vdd1v0   worst 
ADDFX2              1      7.866    slow_vdd1v0   worst 
ADDHX1              9     33.858    slow_vdd1v0   worst 
ADDHX4              6     43.092    slow_vdd1v0   worst 
AND2X1            163    222.984    slow_vdd1v0   worst 
AND2X2             17     29.070    slow_vdd1v0   worst 
AND2X4             36     98.496    slow_vdd1v0   worst 
AND2X6             36    135.432    slow_vdd1v0   worst 
AND3X6              4     17.784    slow_vdd1v0   worst 
AND3XL              5     10.260    slow_vdd1v0   worst 
AND4X2              1      3.078    slow_vdd1v0   worst 
AO21X1             31     74.214    slow_vdd1v0   worst 
AO21X4              2      6.840    slow_vdd1v0   worst 
AO22X1             18     49.248    slow_vdd1v0   worst 
AOI211X2            1      3.420    slow_vdd1v0   worst 
AOI211X4            4     25.992    slow_vdd1v0   worst 
AOI21X1            60    102.600    slow_vdd1v0   worst 
AOI21X2            33     90.288    slow_vdd1v0   worst 
AOI21X4            99    507.870    slow_vdd1v0   worst 
AOI221X2            2      8.892    slow_vdd1v0   worst 
AOI221X4           22    173.052    slow_vdd1v0   worst 
AOI22X1           593   1216.836    slow_vdd1v0   worst 
AOI22X2            15     56.430    slow_vdd1v0   worst 
AOI22X4            15     92.340    slow_vdd1v0   worst 
AOI2BB1X1           9     18.468    slow_vdd1v0   worst 
AOI2BB1X2          34    104.652    slow_vdd1v0   worst 
AOI2BB1X4          32    131.328    slow_vdd1v0   worst 
AOI2BB2X1           2      6.840    slow_vdd1v0   worst 
AOI2BB2X2          28    143.640    slow_vdd1v0   worst 
BUFX12              3     15.390    slow_vdd1v0   worst 
BUFX2               2      3.420    slow_vdd1v0   worst 
BUFX20              1      8.208    slow_vdd1v0   worst 
BUFX3               2      4.104    slow_vdd1v0   worst 
BUFX4               1      2.394    slow_vdd1v0   worst 
BUFX6               1      3.078    slow_vdd1v0   worst 
CLKAND2X12          7     52.668    slow_vdd1v0   worst 
CLKAND2X2          53    108.756    slow_vdd1v0   worst 
CLKAND2X3          33    101.574    slow_vdd1v0   worst 
CLKAND2X4           1      3.420    slow_vdd1v0   worst 
CLKAND2X6          61    292.068    slow_vdd1v0   worst 
CLKBUFX2           20     34.200    slow_vdd1v0   worst 
CLKINVX12           9     36.936    slow_vdd1v0   worst 
CLKINVX16           3     16.416    slow_vdd1v0   worst 
CLKINVX20           3     19.494    slow_vdd1v0   worst 
CLKINVX4           27     46.170    slow_vdd1v0   worst 
CLKINVX6           48    114.912    slow_vdd1v0   worst 
CLKINVX8            7     21.546    slow_vdd1v0   worst 
CLKMX2X6           12     53.352    slow_vdd1v0   worst 
CLKXOR2X1          83    227.088    slow_vdd1v0   worst 
CLKXOR2X2           3     10.260    slow_vdd1v0   worst 
DFFHQX1           883   4831.776    slow_vdd1v0   worst 
DFFHQX2             9     61.560    slow_vdd1v0   worst 
DFFQX1              8     46.512    slow_vdd1v0   worst 
DFFQX2             20    129.960    slow_vdd1v0   worst 
DFFRHQX1            1      6.156    slow_vdd1v0   worst 
DFFRX1              1      6.840    slow_vdd1v0   worst 
DFFTRX2            43    352.944    slow_vdd1v0   worst 
DFFTRXL             1      7.866    slow_vdd1v0   worst 
DFFX1              28    201.096    slow_vdd1v0   worst 
INVX1             194    132.696    slow_vdd1v0   worst 
INVX16              1      5.472    slow_vdd1v0   worst 
INVX2              68     69.768    slow_vdd1v0   worst 
INVX20              3     19.494    slow_vdd1v0   worst 
INVX3              86    117.648    slow_vdd1v0   worst 
INVX6               3      7.182    slow_vdd1v0   worst 
INVX8               2      6.156    slow_vdd1v0   worst 
INVXL               1      0.684    slow_vdd1v0   worst 
MX2X1              44    105.336    slow_vdd1v0   worst 
MXI2X1             62    169.632    slow_vdd1v0   worst 
MXI2X2              3     13.338    slow_vdd1v0   worst 
NAND2BX1           37     50.616    slow_vdd1v0   worst 
NAND2BX2           20     47.880    slow_vdd1v0   worst 
NAND2BX4            9     33.858    slow_vdd1v0   worst 
NAND2X1           171    175.446    slow_vdd1v0   worst 
NAND2X2           104    177.840    slow_vdd1v0   worst 
NAND2X4            72    246.240    slow_vdd1v0   worst 
NAND2X6            35    167.580    slow_vdd1v0   worst 
NAND2X8            17     93.024    slow_vdd1v0   worst 
NAND3X2             1      2.736    slow_vdd1v0   worst 
NAND3X4             1      4.788    slow_vdd1v0   worst 
NAND3X6             1      7.182    slow_vdd1v0   worst 
NOR2BX1           118    161.424    slow_vdd1v0   worst 
NOR2BX2             8     21.888    slow_vdd1v0   worst 
NOR2BX4            17     63.954    slow_vdd1v0   worst 
NOR2X1            254    260.604    slow_vdd1v0   worst 
NOR2X2            141    241.110    slow_vdd1v0   worst 
NOR2X4            240    738.720    slow_vdd1v0   worst 
NOR2X6             83    340.632    slow_vdd1v0   worst 
NOR2X8             17     93.024    slow_vdd1v0   worst 
NOR3X1              3      5.130    slow_vdd1v0   worst 
NOR3X2              3      8.208    slow_vdd1v0   worst 
NOR3X4              4     20.520    slow_vdd1v0   worst 
NOR3X6              4     28.728    slow_vdd1v0   worst 
NOR3X8              2     17.784    slow_vdd1v0   worst 
NOR4BBX4            1      7.866    slow_vdd1v0   worst 
NOR4X2              1      3.420    slow_vdd1v0   worst 
NOR4X4              1      6.498    slow_vdd1v0   worst 
NOR4X6              1      8.208    slow_vdd1v0   worst 
OA21X1            827   1697.004    slow_vdd1v0   worst 
OA21X2              1      3.078    slow_vdd1v0   worst 
OA21X4              6     22.572    slow_vdd1v0   worst 
OA22X1             91    217.854    slow_vdd1v0   worst 
OAI21X1            10     17.100    slow_vdd1v0   worst 
OAI21X2            56    172.368    slow_vdd1v0   worst 
OAI21X4           100    478.800    slow_vdd1v0   worst 
OAI2BB1X1         656   1121.760    slow_vdd1v0   worst 
OAI2BB1X2          12     36.936    slow_vdd1v0   worst 
OAI2BB1X4          15     66.690    slow_vdd1v0   worst 
OAI2BB2X2          16     87.552    slow_vdd1v0   worst 
OAI2BB2X4          17    145.350    slow_vdd1v0   worst 
OAI31X2             1      3.762    slow_vdd1v0   worst 
OR2X1              88    120.384    slow_vdd1v0   worst 
OR2X2              12     20.520    slow_vdd1v0   worst 
OR2X4              36     98.496    slow_vdd1v0   worst 
OR2X6              37    139.194    slow_vdd1v0   worst 
OR2X8               1      4.446    slow_vdd1v0   worst 
OR3X1              25     51.300    slow_vdd1v0   worst 
OR3X4               2      6.156    slow_vdd1v0   worst 
OR4X1               4      8.208    slow_vdd1v0   worst 
XNOR2X1           149    356.706    slow_vdd1v0   worst 
XNOR2X2            21     64.638    slow_vdd1v0   worst 
XNOR2X4            19     71.478    slow_vdd1v0   worst 
XOR2X4              2      8.208    slow_vdd1v0   worst 
--------------------------------------------------------
total            7147  21913.308                


                                          
     Type      Instances    Area   Area % 
------------------------------------------
sequential           994  5644.710   25.8 
inverter             455   614.574    2.8 
buffer                30    70.794    0.3 
logic               5668 15583.230   71.1 
physical_cells         0     0.000    0.0 
------------------------------------------
total               7147 21913.308  100.0 

