============================================================
  Generated by:           Genus(TM) Synthesis Solution 21.19-s055_1
  Generated on:           Oct 29 2025  03:39:56 pm
  Module:                 biriscv_multiplier
  Operating conditions:   PVT_0P9V_125C 
  Operating conditions:   PVT_1P32V_0C 
  Interconnect mode:      global
  Area mode:              physical library
============================================================

Timing
--------

Clock Period 
-------------
clk_i 3030.0 


  Cost    Critical         Violating 
 Group   Path Slack  TNS     Paths   
-------------------------------------
clk_i          20.9   0.0          0 
default    No paths   0.0            
-------------------------------------
Total                 0.0          0 

Instance Count
--------------
Leaf Instance Count             7147 
Physical Instance count            0 
Sequential Instance Count        994 
Combinational Instance Count    6153 
Hierarchical Instance Count        0 

Area
----
Cell Area                          21913.308
Physical Cell Area                 0.000
Total Cell Area (Cell+Physical)    21913.308
Net Area                           9079.696
Total Area (Cell+Physical+Net)     30993.004

Max Fanout                         994 (clk_i)
Min Fanout                         0 (n_62)
Average Fanout                     2.4
Terms to net ratio                 3.3531
Terms to instance ratio            3.6182
Runtime                            172.32761600000003 seconds
Elapsed Runtime                    175 seconds
Genus peak memory usage            1943.57 
Innovus peak memory usage          no_value 
Hostname                           localhost
