============================================================
  Generated by:           Genus(TM) Synthesis Solution 21.18-s082_1
  Generated on:           Nov 04 2025  10:25:29 am
  Module:                 biriscv_multiplier
  Operating conditions:   PVT_0P9V_125C 
  Operating conditions:   PVT_1P32V_0C 
  Interconnect mode:      global
  Area mode:              physical library
============================================================

Timing
--------

Clock Period 
-------------
clk_i 5000.0 


  Cost    Critical         Violating 
 Group   Path Slack  TNS     Paths   
-------------------------------------
clk_i           1.3   0.0          0 
default    No paths   0.0            
-------------------------------------
Total                 0.0          0 

Instance Count
--------------
Leaf Instance Count             5743 
Physical Instance count            0 
Sequential Instance Count        343 
Combinational Instance Count    5400 
Hierarchical Instance Count        0 

Area
----
Cell Area                          15833.916
Physical Cell Area                 0.000
Total Cell Area (Cell+Physical)    15833.916
Net Area                           7270.698
Total Area (Cell+Physical+Net)     23104.614

Max Fanout                         343 (clk_i)
Min Fanout                         0 (n_1)
Average Fanout                     2.0
Terms to net ratio                 3.0595
Terms to instance ratio            3.5609
Runtime                            346.855426 seconds
Elapsed Runtime                    380 seconds
Genus peak memory usage            2596.51 
Innovus peak memory usage          no_value 
Hostname                           gmicro02
