============================================================
  Generated by:           Genus(TM) Synthesis Solution 21.18-s082_1
  Generated on:           Nov 04 2025  10:25:28 am
  Module:                 biriscv_multiplier
  Operating conditions:   PVT_0P9V_125C 
  Operating conditions:   PVT_1P32V_0C 
  Interconnect mode:      global
  Area mode:              physical library
============================================================


Path 1: MET (1 ps) Setup Check with Pin pipe_stage_s_reg[6][37]/CK->D
          Group: clk_i
     Startpoint: (F) opcode_rb_operand_i[25]
          Clock: (R) clk_i
       Endpoint: (R) pipe_stage_s_reg[6][37]/D
          Clock: (R) clk_i

                     Capture       Launch     
        Clock Edge:+    5000            0     
        Drv Adjust:+       0            0     
       Src Latency:+       0            0     
       Net Latency:+     100 (I)      100 (I) 
           Arrival:=    5100          100     
                                              
             Setup:-     150                  
       Uncertainty:-      50                  
     Required Time:=    4900                  
      Launch Clock:-     100                  
       Input Delay:-     300                  
         Data Path:-    4499                  
             Slack:=       1                  

Exceptions/Constraints:
  input_delay             300             biriscv_multiplier.s_line_30_72_1 

#----------------------------------------------------------------------------------------------------
#       Timing Point         Flags    Arc   Edge   Cell     Fanout Load Trans Delay Arrival Instance 
#                                                                  (fF)  (ps)  (ps)   (ps)  Location 
#----------------------------------------------------------------------------------------------------
  opcode_rb_operand_i[25]    -       -      F     (arrival)     35 68.3   252     0     400    (-,-) 
  mul_136_44_g6153/Y         -       A->Y   R     CLKINVX12      9 21.0    91   131     531    (-,-) 
  mul_136_44_g6104/Y         -       B->Y   F     NOR2X6         1  5.8    81    70     601    (-,-) 
  mul_136_44_g6100/Y         -       A->Y   R     NOR2X8        15 32.7   206   168     769    (-,-) 
  mul_136_44_g5961/Y         -       B->Y   R     CLKAND2X6      9 22.4    96   204     973    (-,-) 
  mul_136_44_g5941/Y         -       A->Y   F     CLKINVX16     25 48.7   112   101    1074    (-,-) 
  mul_136_44_g5880/Y         -       A1->Y  R     OAI22X2        1  3.5   142   144    1217    (-,-) 
  mul_136_44_g5843/S         -       B->S   R     ADDHX2         1  4.1    77   256    1473    (-,-) 
  mul_136_44_cdnfadd_009_0/S -       A->S   F     ADDFHX1        2  4.9   145   352    1826    (-,-) 
  mul_136_44_g5772/Y         -       B->Y   F     OR2X4          3  8.2    88   223    2049    (-,-) 
  mul_136_44_g5676/Y         -       A1->Y  R     AOI21X4        2  6.0   102   112    2160    (-,-) 
  mul_136_44_g5665/Y         -       B->Y   F     NOR2BX2        1  3.1    68    88    2249    (-,-) 
  mul_136_44_g5659/Y         -       B->Y   F     OR2X2          1  3.3    69   174    2422    (-,-) 
  mul_136_44_g5651/Y         -       A1->Y  F     AO21X4         1  5.1    70   194    2616    (-,-) 
  mul_136_44_g5639/Y         -       A->Y   R     NOR2X6         2  7.2    81    91    2707    (-,-) 
  mul_136_44_g5634/Y         -       B->Y   F     NOR2X6         2  6.1    72    66    2773    (-,-) 
  mul_136_44_g5630/Y         -       A1->Y  R     AOI21X4        2  6.4   109   107    2880    (-,-) 
  mul_136_44_g5627/Y         -       A1->Y  F     OAI21X4        1  3.9   116   126    3005    (-,-) 
  mul_136_44_g5626/CO        -       CI->CO F     ADDFHX4        5 10.3   120   269    3274    (-,-) 
  mul_136_44_g5625/Y         -       B->Y   F     CLKAND2X3      1  5.8    67   149    3423    (-,-) 
  mul_136_44_g5620/Y         -       B->Y   R     NOR2X8         3  8.2    89    74    3497    (-,-) 
  mul_136_44_g5619/Y         -       B->Y   F     NOR2X4         2  4.9    64    74    3571    (-,-) 
  mul_136_44_g5614/Y         -       B->Y   F     CLKAND2X2      1  5.1    82   136    3706    (-,-) 
  mul_136_44_g5608/Y         -       B->Y   R     NOR2X6         2  8.0    89    88    3794    (-,-) 
  mul_136_44_g5600/Y         -       B->Y   F     NOR2X8         2  7.6    75    68    3862    (-,-) 
  mul_136_44_g5597/Y         -       B->Y   R     NAND2X8        2  6.2    72    53    3915    (-,-) 
  mul_136_44_g5592/Y         -       A1->Y  F     OAI21X4        3  7.8   162   137    4052    (-,-) 
  mul_136_44_g5590/Y         -       B->Y   R     NAND2X4        2  5.0    62   101    4153    (-,-) 
  mul_136_44_g5584/Y         -       A1->Y  R     OA21X4         2  6.4    73   203    4356    (-,-) 
  mul_136_44_g5579/Y         -       A1->Y  F     OAI21X4        1  3.3   104   103    4459    (-,-) 
  mul_136_44_g5577/Y         -       A1->Y  F     AO22X4         1  3.3    62   232    4692    (-,-) 
  mul_136_44_g5576/Y         -       B->Y   R     XNOR2X1        1  3.2    84   207    4899    (-,-) 
  pipe_stage_s_reg[6][37]/D  <<<     -      R     DFFRHQX1       1    -     -     0    4899    (-,-) 
#----------------------------------------------------------------------------------------------------

