============================================================
  Generated by:           Genus(TM) Synthesis Solution 21.18-s082_1
  Generated on:           Nov 04 2025  10:25:29 am
  Module:                 biriscv_multiplier
  Operating conditions:   PVT_0P9V_125C 
  Operating conditions:   PVT_1P32V_0C 
  Interconnect mode:      global
  Area mode:              physical library
============================================================

                                                Library 
   Gate     Instances    Area        Library     Domain 
--------------------------------------------------------
ADDFHX1             7     52.668    slow_vdd1v0   worst 
ADDFHX2            26    213.408    slow_vdd1v0   worst 
ADDFHX4             6     57.456    slow_vdd1v0   worst 
ADDFX1            588   3016.440    slow_vdd1v0   worst 
ADDFX2              1      7.866    slow_vdd1v0   worst 
ADDHX1            252    948.024    slow_vdd1v0   worst 
ADDHX2              7     35.910    slow_vdd1v0   worst 
ADDHX4              3     21.546    slow_vdd1v0   worst 
AND2X1            275    376.200    slow_vdd1v0   worst 
AND2X2             10     17.100    slow_vdd1v0   worst 
AND2X4              3      8.208    slow_vdd1v0   worst 
AND2X6              8     30.096    slow_vdd1v0   worst 
AND2X8              3     13.338    slow_vdd1v0   worst 
AND3XL              8     16.416    slow_vdd1v0   worst 
AND4X1              2      4.788    slow_vdd1v0   worst 
AO21X1             71    169.974    slow_vdd1v0   worst 
AO21X2              1      2.736    slow_vdd1v0   worst 
AO21X4              1      3.420    slow_vdd1v0   worst 
AO22X1             97    265.392    slow_vdd1v0   worst 
AO22X4              1      3.762    slow_vdd1v0   worst 
AOI211X1            1      2.394    slow_vdd1v0   worst 
AOI211X2            1      3.420    slow_vdd1v0   worst 
AOI211X4            3     19.494    slow_vdd1v0   worst 
AOI21X1            89    152.190    slow_vdd1v0   worst 
AOI21X2            24     65.664    slow_vdd1v0   worst 
AOI21X4            18     92.340    slow_vdd1v0   worst 
AOI221X2            1      4.446    slow_vdd1v0   worst 
AOI221X4            7     55.062    slow_vdd1v0   worst 
AOI22X2            17     63.954    slow_vdd1v0   worst 
AOI22X4             2     12.312    slow_vdd1v0   worst 
AOI2BB1X1          14     28.728    slow_vdd1v0   worst 
AOI2BB1X2          23     70.794    slow_vdd1v0   worst 
AOI2BB1X4          15     61.560    slow_vdd1v0   worst 
AOI31X2            12     41.040    slow_vdd1v0   worst 
BUFX12              1      5.130    slow_vdd1v0   worst 
BUFX16              2     13.680    slow_vdd1v0   worst 
BUFX2               5      8.550    slow_vdd1v0   worst 
BUFX3               1      2.052    slow_vdd1v0   worst 
BUFX6               5     15.390    slow_vdd1v0   worst 
BUFX8               2      7.524    slow_vdd1v0   worst 
CLKAND2X12          4     30.096    slow_vdd1v0   worst 
CLKAND2X2          15     30.780    slow_vdd1v0   worst 
CLKAND2X3          10     30.780    slow_vdd1v0   worst 
CLKAND2X6          12     57.456    slow_vdd1v0   worst 
CLKAND2X8           4     23.256    slow_vdd1v0   worst 
CLKBUFX2            8     13.680    slow_vdd1v0   worst 
CLKBUFX20           1      8.208    slow_vdd1v0   worst 
CLKBUFX6            1      3.078    slow_vdd1v0   worst 
CLKINVX12          13     53.352    slow_vdd1v0   worst 
CLKINVX16           8     43.776    slow_vdd1v0   worst 
CLKINVX2            2      2.736    slow_vdd1v0   worst 
CLKINVX20           8     51.984    slow_vdd1v0   worst 
CLKINVX3            1      1.710    slow_vdd1v0   worst 
CLKINVX4           29     49.590    slow_vdd1v0   worst 
CLKINVX6           26     62.244    slow_vdd1v0   worst 
CLKINVX8            7     21.546    slow_vdd1v0   worst 
CLKMX2X3            1      4.104    slow_vdd1v0   worst 
CLKMX2X6           32    142.272    slow_vdd1v0   worst 
CLKXOR2X1          95    259.920    slow_vdd1v0   worst 
DFFRHQX1          297   1828.332    slow_vdd1v0   worst 
DFFRHQX4            2     19.152    slow_vdd1v0   worst 
DFFRX1             43    294.120    slow_vdd1v0   worst 
DFFRX2              1      7.524    slow_vdd1v0   worst 
INVX1             348    238.032    slow_vdd1v0   worst 
INVX2              14     14.364    slow_vdd1v0   worst 
INVX20              1      6.498    slow_vdd1v0   worst 
INVX3              11     15.048    slow_vdd1v0   worst 
INVX6               2      4.788    slow_vdd1v0   worst 
INVXL              63     43.092    slow_vdd1v0   worst 
MX2X1              35     83.790    slow_vdd1v0   worst 
MXI2X6              1      5.130    slow_vdd1v0   worst 
NAND2BX1          136    186.048    slow_vdd1v0   worst 
NAND2BX2           12     28.728    slow_vdd1v0   worst 
NAND2BX4            4     15.048    slow_vdd1v0   worst 
NAND2X1            48     49.248    slow_vdd1v0   worst 
NAND2X2           118    201.780    slow_vdd1v0   worst 
NAND2X4            27     92.340    slow_vdd1v0   worst 
NAND2X6            15     71.820    slow_vdd1v0   worst 
NAND2X8             7     38.304    slow_vdd1v0   worst 
NAND3BX2            1      3.078    slow_vdd1v0   worst 
NAND3BX4            2     10.260    slow_vdd1v0   worst 
NAND3X2             3      8.208    slow_vdd1v0   worst 
NOR2BX1           164    224.352    slow_vdd1v0   worst 
NOR2BX2             8     21.888    slow_vdd1v0   worst 
NOR2BX4             7     26.334    slow_vdd1v0   worst 
NOR2X1            286    293.436    slow_vdd1v0   worst 
NOR2X2            142    242.820    slow_vdd1v0   worst 
NOR2X4             67    206.226    slow_vdd1v0   worst 
NOR2X6             37    151.848    slow_vdd1v0   worst 
NOR2X8             14     76.608    slow_vdd1v0   worst 
NOR3BX2             1      3.420    slow_vdd1v0   worst 
NOR3BX4             4     23.256    slow_vdd1v0   worst 
NOR3X2              7     19.152    slow_vdd1v0   worst 
NOR3X4              2     10.260    slow_vdd1v0   worst 
NOR3X6              2     14.364    slow_vdd1v0   worst 
NOR4X4              1      6.498    slow_vdd1v0   worst 
NOR4X6              1      8.208    slow_vdd1v0   worst 
OA21X1             76    155.952    slow_vdd1v0   worst 
OA21X2              3      9.234    slow_vdd1v0   worst 
OA21X4              8     30.096    slow_vdd1v0   worst 
OA22X1             36     86.184    slow_vdd1v0   worst 
OA22X4              1      4.104    slow_vdd1v0   worst 
OAI21X1            63    107.730    slow_vdd1v0   worst 
OAI21X2            31     95.418    slow_vdd1v0   worst 
OAI21X4            41    196.308    slow_vdd1v0   worst 
OAI22X1           352    722.304    slow_vdd1v0   worst 
OAI22X2            74    253.080    slow_vdd1v0   worst 
OAI22X4             5     32.490    slow_vdd1v0   worst 
OAI2BB1X1          27     46.170    slow_vdd1v0   worst 
OAI2BB1X2           4     12.312    slow_vdd1v0   worst 
OAI2BB1X4           2      8.892    slow_vdd1v0   worst 
OAI31X1             1      2.052    slow_vdd1v0   worst 
OAI31X4             1      6.840    slow_vdd1v0   worst 
OR2X1             268    366.624    slow_vdd1v0   worst 
OR2X2               9     15.390    slow_vdd1v0   worst 
OR2X4               5     13.680    slow_vdd1v0   worst 
OR2X6               6     22.572    slow_vdd1v0   worst 
OR2X8               1      4.446    slow_vdd1v0   worst 
OR3X1              19     38.988    slow_vdd1v0   worst 
OR3X6               2      9.576    slow_vdd1v0   worst 
OR4X1               2      4.104    slow_vdd1v0   worst 
XNOR2X1           878   2101.932    slow_vdd1v0   worst 
XNOR2X2             3      9.234    slow_vdd1v0   worst 
XNOR2X4             1      3.762    slow_vdd1v0   worst 
--------------------------------------------------------
total            5743  15833.916                


                                          
     Type      Instances    Area   Area % 
------------------------------------------
sequential           343  2149.128   13.6 
inverter             533   608.760    3.8 
buffer                26    77.292    0.5 
logic               4841 12998.736   82.1 
physical_cells         0     0.000    0.0 
------------------------------------------
total               5743 15833.916  100.0 

