============================================================
  Generated by:           Genus(TM) Synthesis Solution 21.18-s082_1
  Generated on:           Oct 29 2025  05:30:53 pm
  Module:                 biriscv_multiplier
  Operating conditions:   PVT_0P9V_125C 
  Operating conditions:   PVT_1P32V_0C 
  Interconnect mode:      global
  Area mode:              physical library
============================================================

                                               Library 
   Gate     Instances    Area       Library     Domain 
-------------------------------------------------------
ADDFHX1             8    60.192    fast_vdd1v2    best 
ADDFHX2             9    73.872    fast_vdd1v2    best 
ADDFHX4             1     9.576    fast_vdd1v2    best 
ADDFX1            464  2380.320    fast_vdd1v2    best 
ADDFX2              1     7.866    fast_vdd1v2    best 
ADDHX1             21    79.002    fast_vdd1v2    best 
AND2X1             30    41.040    fast_vdd1v2    best 
AND2X2              1     1.710    fast_vdd1v2    best 
AND2X4              3     8.208    fast_vdd1v2    best 
AND3X1              1     2.394    fast_vdd1v2    best 
AND3X2              2     5.472    fast_vdd1v2    best 
AND3X6              1     4.446    fast_vdd1v2    best 
AND3XL              4     8.208    fast_vdd1v2    best 
AND4X1              1     2.394    fast_vdd1v2    best 
AO21X1             17    40.698    fast_vdd1v2    best 
AO21X4              1     3.420    fast_vdd1v2    best 
AO22X1             21    57.456    fast_vdd1v2    best 
AOI21X1             3     5.130    fast_vdd1v2    best 
AOI21X2             1     2.736    fast_vdd1v2    best 
AOI21X4             3    15.390    fast_vdd1v2    best 
AOI221X2           14    62.244    fast_vdd1v2    best 
AOI221X4            1     7.866    fast_vdd1v2    best 
AOI2BB1X1           1     2.052    fast_vdd1v2    best 
AOI2BB1X2           3     9.234    fast_vdd1v2    best 
AOI2BB1X4           2     8.208    fast_vdd1v2    best 
AOI2BB2X2           1     5.130    fast_vdd1v2    best 
AOI31X4             1     6.498    fast_vdd1v2    best 
BUFX12             26   133.380    fast_vdd1v2    best 
BUFX16              1     6.840    fast_vdd1v2    best 
BUFX2               7    11.970    fast_vdd1v2    best 
BUFX20              4    32.832    fast_vdd1v2    best 
BUFX3               4     8.208    fast_vdd1v2    best 
BUFX6              10    30.780    fast_vdd1v2    best 
BUFX8               7    26.334    fast_vdd1v2    best 
CLKAND2X12          3    22.572    fast_vdd1v2    best 
CLKAND2X2           5    10.260    fast_vdd1v2    best 
CLKAND2X3           6    18.468    fast_vdd1v2    best 
CLKAND2X4           1     3.420    fast_vdd1v2    best 
CLKBUFX12           1     5.130    fast_vdd1v2    best 
CLKBUFX2            3     5.130    fast_vdd1v2    best 
CLKINVX12          55   225.720    fast_vdd1v2    best 
CLKINVX16          14    76.608    fast_vdd1v2    best 
CLKINVX20           3    19.494    fast_vdd1v2    best 
CLKINVX3            3     5.130    fast_vdd1v2    best 
CLKINVX4           61   104.310    fast_vdd1v2    best 
CLKINVX6           76   181.944    fast_vdd1v2    best 
CLKINVX8           45   138.510    fast_vdd1v2    best 
CLKMX2X2            4    12.312    fast_vdd1v2    best 
CLKMX2X3           17    69.768    fast_vdd1v2    best 
CLKMX2X4            2     8.208    fast_vdd1v2    best 
CLKXOR2X1          31    84.816    fast_vdd1v2    best 
INVX1              99    67.716    fast_vdd1v2    best 
INVX2              38    38.988    fast_vdd1v2    best 
INVX3              27    36.936    fast_vdd1v2    best 
MX2X1              17    40.698    fast_vdd1v2    best 
MXI2X2              4    17.784    fast_vdd1v2    best 
MXI2X4              2    10.260    fast_vdd1v2    best 
MXI2X6              1     5.130    fast_vdd1v2    best 
NAND2BX1           27    36.936    fast_vdd1v2    best 
NAND2BX2            5    11.970    fast_vdd1v2    best 
NAND2BX4            4    15.048    fast_vdd1v2    best 
NAND2X1            50    51.300    fast_vdd1v2    best 
NAND2X2            29    49.590    fast_vdd1v2    best 
NAND2X4            21    71.820    fast_vdd1v2    best 
NAND2X6            11    52.668    fast_vdd1v2    best 
NAND2X8             8    43.776    fast_vdd1v2    best 
NAND3BX2            1     3.078    fast_vdd1v2    best 
NAND3BX4            3    15.390    fast_vdd1v2    best 
NAND3X1             1     1.710    fast_vdd1v2    best 
NAND3X4             3    14.364    fast_vdd1v2    best 
NOR2BX1            17    23.256    fast_vdd1v2    best 
NOR2BX4             3    11.286    fast_vdd1v2    best 
NOR2X1             52    53.352    fast_vdd1v2    best 
NOR2X2             40    68.400    fast_vdd1v2    best 
NOR2X4             33   101.574    fast_vdd1v2    best 
NOR2X6              9    36.936    fast_vdd1v2    best 
NOR2X8              4    21.888    fast_vdd1v2    best 
NOR3X4              1     5.130    fast_vdd1v2    best 
NOR3X6              2    14.364    fast_vdd1v2    best 
NOR4X4              1     6.498    fast_vdd1v2    best 
OA21X1              7    14.364    fast_vdd1v2    best 
OA22X1              2     4.788    fast_vdd1v2    best 
OAI211X4            2    12.996    fast_vdd1v2    best 
OAI21X1            20    34.200    fast_vdd1v2    best 
OAI21X2            10    30.780    fast_vdd1v2    best 
OAI21X4            12    57.456    fast_vdd1v2    best 
OAI221X1            2     4.788    fast_vdd1v2    best 
OAI221X2            1     4.788    fast_vdd1v2    best 
OAI22X1           411   843.372    fast_vdd1v2    best 
OAI22X2            56   191.520    fast_vdd1v2    best 
OAI2BB1X1          43    73.530    fast_vdd1v2    best 
OAI2BB1X2           6    18.468    fast_vdd1v2    best 
OAI2BB1X4           3    13.338    fast_vdd1v2    best 
OAI2BB2X2           4    21.888    fast_vdd1v2    best 
OAI2BB2X4           1     8.550    fast_vdd1v2    best 
OAI31X1            11    22.572    fast_vdd1v2    best 
OAI32X1             2     4.788    fast_vdd1v2    best 
OAI32X4             1     8.208    fast_vdd1v2    best 
OR2X1              30    41.040    fast_vdd1v2    best 
OR2X2               6    10.260    fast_vdd1v2    best 
OR2X4               1     2.736    fast_vdd1v2    best 
OR2X8               1     4.446    fast_vdd1v2    best 
XNOR2X1           574  1374.156    fast_vdd1v2    best 
-------------------------------------------------------
total            2724  7883.784                


                                         
     Type      Instances   Area   Area % 
-----------------------------------------
inverter             421  895.356   11.4 
buffer                63  260.604    3.3 
logic               2240 6727.824   85.3 
physical_cells         0    0.000    0.0 
-----------------------------------------
total               2724 7883.784  100.0 

