============================================================
  Generated by:           Genus(TM) Synthesis Solution 21.18-s082_1
  Generated on:           Oct 29 2025  05:30:53 pm
  Module:                 biriscv_multiplier
  Operating conditions:   PVT_0P9V_125C 
  Operating conditions:   PVT_1P32V_0C 
  Interconnect mode:      global
  Area mode:              physical library
============================================================


Path 1: MET (0 ps) Late External Delay Assertion at pin writeback_value_o[22]
          Group: clk_i
     Startpoint: (R) opcode_rb_operand_i[21]
          Clock: (R) clk_i
       Endpoint: (F) writeback_value_o[22]
          Clock: (R) clk_i

                     Capture       Launch     
        Clock Edge:+    1540            0     
        Drv Adjust:+       0            0     
       Src Latency:+       0            0     
       Net Latency:+     100 (I)      100 (I) 
           Arrival:=    1640          100     
                                              
      Output Delay:-     300                  
       Uncertainty:-      50                  
     Required Time:=    1290                  
      Launch Clock:-     100                  
       Input Delay:-     300                  
         Data Path:-     890                  
             Slack:=       0                  

Exceptions/Constraints:
  input_delay              300             biriscv_multiplier.s_line_30_124_1 
  output_delay             300             biriscv_multiplier.s_line_35_154_1 

#------------------------------------------------------------------------------------------------------------
#           Timing Point             Flags    Arc   Edge   Cell     Fanout Load Trans Delay Arrival Instance 
#                                                                          (fF)  (ps)  (ps)   (ps)  Location 
#------------------------------------------------------------------------------------------------------------
  opcode_rb_operand_i[21]            -       -      R     (arrival)      1  9.0   264     0     400    (-,-) 
  g664/Y                             -       A->Y   F     CLKINVX12      1  5.7    37    29     429    (-,-) 
  g663/Y                             -       A->Y   R     CLKINVX6       1  9.0    15    12     441    (-,-) 
  mul_125_62_g16927/Y                -       A->Y   F     CLKINVX12      4 16.8    13    11     452    (-,-) 
  mul_125_62_g16926/Y                -       A->Y   R     CLKINVX16     37 69.2    30    23     476    (-,-) 
  mul_125_62_g16337/Y                -       A->Y   F     NAND2X4        2  6.5    25    21     497    (-,-) 
  mul_125_62_g15663/Y                -       B->Y   R     NAND2X4        1  7.1    18    13     510    (-,-) 
  mul_125_62_g15450/Y                -       A->Y   F     NAND2X8       14 30.3    51    34     543    (-,-) 
  mul_125_62_g15428/Y                -       A->Y   R     INVX3          2  7.8    24    18     561    (-,-) 
  mul_125_62_g15427/Y                -       A->Y   F     CLKINVX6       8 16.9    22    16     577    (-,-) 
  mul_125_62_g15118/Y                -       A1->Y  R     OAI22X1        1  4.1    61    39     616    (-,-) 
  mul_125_62_cdnfadd_034_1__1881/S   -       A->S   F     ADDFX1         1  4.0    27    65     681    (-,-) 
  mul_125_62_cdnfadd_034_7__9945/S   -       B->S   R     ADDFX1         1  3.7    25    62     742    (-,-) 
  mul_125_62_cdnfadd_034_10__1666/S  -       CI->S  F     ADDFX1         1  3.7    25    57     800    (-,-) 
  mul_125_62_cdnfadd_034_12__6417/CO -       CI->CO F     ADDFX1         1  3.7    25    44     843    (-,-) 
  mul_125_62_cdnfadd_035_13__6131/S  -       CI->S  R     ADDFX1         1  4.1    27    60     903    (-,-) 
  mul_125_62_cdnfadd_035_14__1881/S  -       B->S   F     ADDFX1         2  5.8    36    66     969    (-,-) 
  mul_125_62_g14568__9945/Y          -       B->Y   R     NAND2X1        2  5.9    42    29     998    (-,-) 
  mul_125_62_g14453__4319/Y          -       B0->Y  F     OAI21X2        1  4.7    37    30    1029    (-,-) 
  mul_125_62_g14435__1881/Y          -       B0->Y  R     AOI31X4        2  6.8    31    24    1053    (-,-) 
  mul_125_62_g14427__1617/Y          -       A0->Y  F     OAI21X4        2  6.9    30    26    1079    (-,-) 
  mul_125_62_g16987/Y                -       B->Y   F     AND2X4         1  3.8    10    24    1104    (-,-) 
  mul_125_62_g14416__2398/Y          -       B->Y   F     OR2X8         16 40.6    39    45    1149    (-,-) 
  mul_125_62_g14387__5477/Y          -       B0->Y  R     AOI221X2       1  3.5    52    37    1186    (-,-) 
  mul_125_62_g14362__6260/Y          -       B->Y   F     XNOR2X1        1  3.4    21    35    1220    (-,-) 
  g1189__1881/Y                      -       A->Y   F     CLKMX2X3       1  4.3    18    37    1257    (-,-) 
  fopt1212/Y                         -       A->Y   F     BUFX12         1 47.9    30    32    1289    (-,-) 
  writeback_value_o[22]              <<<     -      F     (port)         -    -     -     0    1290    (-,-) 
#------------------------------------------------------------------------------------------------------------

