============================================================
  Generated by:           Genus(TM) Synthesis Solution 21.18-s082_1
  Generated on:           Oct 29 2025  05:30:53 pm
  Module:                 biriscv_multiplier
  Operating conditions:   PVT_0P9V_125C 
  Operating conditions:   PVT_1P32V_0C 
  Interconnect mode:      global
  Area mode:              physical library
============================================================

Timing
--------

Clock Period 
-------------
clk_i 1540.0 


  Cost    Critical         Violating 
 Group   Path Slack  TNS     Paths   
-------------------------------------
clk_i           0.2   0.0          0 
default    No paths   0.0            
-------------------------------------
Total                 0.0          0 

Instance Count
--------------
Leaf Instance Count             2724 
Physical Instance count            0 
Sequential Instance Count          0 
Combinational Instance Count    2724 
Hierarchical Instance Count        0 

Area
----
Cell Area                          7883.784
Physical Cell Area                 0.000
Total Cell Area (Cell+Physical)    7883.784
Net Area                           3699.988
Total Area (Cell+Physical+Net)     11583.772

Max Fanout                         38 (mul_125_62_n_34)
Min Fanout                         0 (opcode_opcode_i[24])
Average Fanout                     2.0
Terms to net ratio                 2.9973
Terms to instance ratio            3.6564
Runtime                            72.10022100000002 seconds
Elapsed Runtime                    74 seconds
Genus peak memory usage            1808.54 
Innovus peak memory usage          no_value 
Hostname                           gmicro02
