============================================================
  Generated by:           Genus(TM) Synthesis Solution 21.19-s055_1
  Generated on:           Oct 29 2025  11:07:49 pm
  Module:                 biriscv_multiplier
  Operating conditions:   PVT_0P9V_125C 
  Operating conditions:   PVT_1P32V_0C 
  Interconnect mode:      global
  Area mode:              physical library
============================================================


Path 1: MET (1 ps) Setup Check with Pin result_e2_q_reg[10]/CK->D
          Group: clk_i
     Startpoint: (R) operand_a_e1_q_reg[8]/CK
          Clock: (R) clk_i
       Endpoint: (R) result_e2_q_reg[10]/D
          Clock: (R) clk_i

                     Capture       Launch     
        Clock Edge:+    4350            0     
       Src Latency:+       0            0     
       Net Latency:+     100 (I)      100 (I) 
           Arrival:=    4450          100     
                                              
             Setup:-     149                  
       Uncertainty:-      50                  
     Required Time:=    4251                  
      Launch Clock:-     100                  
         Data Path:-    4151                  
             Slack:=       1                  

#-----------------------------------------------------------------------------------------------------------
#           Timing Point            Flags   Arc   Edge    Cell     Fanout Load Trans Delay Arrival Instance 
#                                                                         (fF)  (ps)  (ps)   (ps)  Location 
#-----------------------------------------------------------------------------------------------------------
  operand_a_e1_q_reg[8]/CK          -       -     R     (arrival)      99    -     0     0     100    (-,-) 
  operand_a_e1_q_reg[8]/Q           -       CK->Q R     DFFRHQX2        3 11.6   144   322     422    (-,-) 
  mul_123_68_g20707/Y               -       A->Y  F     CLKINVX6        7 17.2   108   120     541    (-,-) 
  mul_123_68_g20701/Y               -       A->Y  R     INVX3           6 15.1   124   118     659    (-,-) 
  mul_123_68_g19276/Y               -       A1->Y F     AOI22X4         2  5.0   151   167     826    (-,-) 
  mul_123_68_g19032/Y               -       B->Y  F     OR2X1           1  3.6   106   198    1024    (-,-) 
  mul_123_68_g18576/Y               -       B0->Y R     OAI21X2         1  4.0   138    89    1113    (-,-) 
  mul_123_68_cdnfadd_008_0__1881/CO -       B->CO R     ADDFHX2         1  3.7    75   271    1384    (-,-) 
  mul_123_68_cdnfadd_009_1__6161/S  -       CI->S R     ADDFHX1         1  3.7   100   283    1667    (-,-) 
  mul_123_68_cdnfadd_009_2__9315/S  -       CI->S F     ADDFHX2         2  8.7   149   378    2045    (-,-) 
  mul_123_68_g17978/Y               -       B->Y  R     NOR2X8          3 10.2    97   114    2159    (-,-) 
  mul_123_68_g17964/Y               -       A1->Y F     OAI21X4         1  5.8   132   134    2293    (-,-) 
  mul_123_68_g17947/Y               -       B->Y  R     NOR2X8          2  7.2    79    98    2391    (-,-) 
  mul_123_68_g17945/Y               -       B->Y  F     NOR2X6          1  5.1    53    63    2454    (-,-) 
  mul_123_68_g17942/Y               -       B->Y  R     NOR2X6          2  7.2    79    72    2526    (-,-) 
  mul_123_68_g17922/Y               -       B->Y  F     NOR2X6          1  5.8    59    64    2590    (-,-) 
  mul_123_68_g17918/Y               -       B->Y  R     NOR2X8          3  8.2    74    71    2661    (-,-) 
  mul_123_68_g17881__6260/Y         -       A1->Y F     OAI21X4         2  6.3   142   127    2787    (-,-) 
  mul_123_68_g17875__7410/Y         -       A1->Y R     AOI21X4         2  6.4   106   139    2926    (-,-) 
  mul_123_68_g17803__6783/Y         -       A1->Y F     OAI21X4         2  8.0   168   156    3082    (-,-) 
  mul_123_68_g17732__3680/Y         -       A->Y  R     NAND2X8         1  6.1    58    97    3179    (-,-) 
  mul_123_68_g17706__5115/Y         -       A->Y  F     NAND2X8         5 12.6   131   117    3296    (-,-) 
  mul_123_68_g17528__8428/Y         -       A->Y  R     NAND2X6         2  7.5    60    87    3384    (-,-) 
  mul_123_68_g17507__1881/Y         -       A->Y  R     CLKAND2X12     21 63.5   132   183    3567    (-,-) 
  mul_123_68_g17499__1617/Y         -       B->Y  F     NOR2X4          1  5.8    70    98    3665    (-,-) 
  mul_123_68_g17487__1666/Y         -       B->Y  R     NOR2X8          5 15.4   114    98    3762    (-,-) 
  mul_123_68_g17458__5477/Y         -       A1->Y F     OAI21X4         1  3.3   107   124    3886    (-,-) 
  mul_123_68_g21293/Y               -       B->Y  R     CLKXOR2X1       1  4.5   111   209    4095    (-,-) 
  g6003/Y                           -       A->Y  F     CLKINVX4        1  4.4    54    80    4175    (-,-) 
  g5906__2398/Y                     -       A1->Y R     OAI21X4         1  3.2    81    75    4251    (-,-) 
  result_e2_q_reg[10]/D             <<<     -     R     DFFRHQX1        1    -     -     0    4251    (-,-) 
#-----------------------------------------------------------------------------------------------------------

