============================================================
  Generated by:           Genus(TM) Synthesis Solution 21.18-s082_1
  Generated on:           Nov 04 2025  10:33:30 am
  Module:                 biriscv_multiplier
  Operating conditions:   PVT_0P9V_125C 
  Operating conditions:   PVT_1P32V_0C 
  Interconnect mode:      global
  Area mode:              physical library
============================================================

Timing
--------

Clock Period 
-------------
clk_i 4350.0 


  Cost    Critical         Violating 
 Group   Path Slack  TNS     Paths   
-------------------------------------
clk_i           0.4   0.0          0 
default    No paths   0.0            
-------------------------------------
Total                 0.0          0 

Instance Count
--------------
Leaf Instance Count             5735 
Physical Instance count            0 
Sequential Instance Count        343 
Combinational Instance Count    5392 
Hierarchical Instance Count        0 

Area
----
Cell Area                          16296.642
Physical Cell Area                 0.000
Total Cell Area (Cell+Physical)    16296.642
Net Area                           7236.811
Total Area (Cell+Physical+Net)     23533.453

Max Fanout                         343 (clk_i)
Min Fanout                         0 (n_0)
Average Fanout                     2.0
Terms to net ratio                 3.0554
Terms to instance ratio            3.5391
Runtime                            409.182516 seconds
Elapsed Runtime                    440 seconds
Genus peak memory usage            2591.23 
Innovus peak memory usage          no_value 
Hostname                           gmicro02
