============================================================
  Generated by:           Genus(TM) Synthesis Solution 21.18-s082_1
  Generated on:           Nov 04 2025  10:33:30 am
  Module:                 biriscv_multiplier
  Operating conditions:   PVT_0P9V_125C 
  Operating conditions:   PVT_1P32V_0C 
  Interconnect mode:      global
  Area mode:              physical library
============================================================

                                                Library 
   Gate     Instances    Area        Library     Domain 
--------------------------------------------------------
ADDFHX1             5     37.620    slow_vdd1v0   worst 
ADDFHX2            42    344.736    slow_vdd1v0   worst 
ADDFHX4             6     57.456    slow_vdd1v0   worst 
ADDFX1            542   2780.460    slow_vdd1v0   worst 
ADDFX2              6     47.196    slow_vdd1v0   worst 
ADDHX1            242    910.404    slow_vdd1v0   worst 
ADDHX2              5     25.650    slow_vdd1v0   worst 
ADDHX4              3     21.546    slow_vdd1v0   worst 
AND2X1            220    300.960    slow_vdd1v0   worst 
AND2X2              7     11.970    slow_vdd1v0   worst 
AND2X4             11     30.096    slow_vdd1v0   worst 
AND2X6              5     18.810    slow_vdd1v0   worst 
AND3X1              2      4.788    slow_vdd1v0   worst 
AND3XL              2      4.104    slow_vdd1v0   worst 
AO21X1             78    186.732    slow_vdd1v0   worst 
AO21X2              1      2.736    slow_vdd1v0   worst 
AO22X1            115    314.640    slow_vdd1v0   worst 
AOI211X1            2      4.788    slow_vdd1v0   worst 
AOI211X2            3     10.260    slow_vdd1v0   worst 
AOI211X4            1      6.498    slow_vdd1v0   worst 
AOI21X1            89    152.190    slow_vdd1v0   worst 
AOI21X2            51    139.536    slow_vdd1v0   worst 
AOI21X4            23    117.990    slow_vdd1v0   worst 
AOI221X2            2      8.892    slow_vdd1v0   worst 
AOI221X4            1      7.866    slow_vdd1v0   worst 
AOI22X2            19     71.478    slow_vdd1v0   worst 
AOI22X4             1      6.156    slow_vdd1v0   worst 
AOI2BB1X1          21     43.092    slow_vdd1v0   worst 
AOI2BB1X2          27     83.106    slow_vdd1v0   worst 
AOI2BB1X4          18     73.872    slow_vdd1v0   worst 
AOI2BB2X4           2     15.048    slow_vdd1v0   worst 
AOI31X2            10     34.200    slow_vdd1v0   worst 
AOI31X4             1      6.498    slow_vdd1v0   worst 
AOI32X2             4     17.784    slow_vdd1v0   worst 
BUFX12              2     10.260    slow_vdd1v0   worst 
BUFX2               1      1.710    slow_vdd1v0   worst 
BUFX20              4     32.832    slow_vdd1v0   worst 
BUFX4               1      2.394    slow_vdd1v0   worst 
BUFX6               3      9.234    slow_vdd1v0   worst 
BUFX8               2      7.524    slow_vdd1v0   worst 
CLKAND2X12          8     60.192    slow_vdd1v0   worst 
CLKAND2X2          18     36.936    slow_vdd1v0   worst 
CLKAND2X3          10     30.780    slow_vdd1v0   worst 
CLKAND2X4           1      3.420    slow_vdd1v0   worst 
CLKAND2X6          12     57.456    slow_vdd1v0   worst 
CLKAND2X8           4     23.256    slow_vdd1v0   worst 
CLKBUFX12           2     10.260    slow_vdd1v0   worst 
CLKBUFX2            8     13.680    slow_vdd1v0   worst 
CLKBUFX20           1      8.208    slow_vdd1v0   worst 
CLKINVX1            1      1.026    slow_vdd1v0   worst 
CLKINVX12          11     45.144    slow_vdd1v0   worst 
CLKINVX16          11     60.192    slow_vdd1v0   worst 
CLKINVX2            1      1.368    slow_vdd1v0   worst 
CLKINVX20          15     97.470    slow_vdd1v0   worst 
CLKINVX3            3      5.130    slow_vdd1v0   worst 
CLKINVX4           25     42.750    slow_vdd1v0   worst 
CLKINVX6           25     59.850    slow_vdd1v0   worst 
CLKINVX8            9     27.702    slow_vdd1v0   worst 
CLKMX2X2            4     12.312    slow_vdd1v0   worst 
CLKMX2X6           32    142.272    slow_vdd1v0   worst 
CLKXOR2X1         136    372.096    slow_vdd1v0   worst 
DFFRHQX1          340   2093.040    slow_vdd1v0   worst 
DFFRHQX4            2     19.152    slow_vdd1v0   worst 
DFFRX2              1      7.524    slow_vdd1v0   worst 
INVX1             287    196.308    slow_vdd1v0   worst 
INVX16              2     10.944    slow_vdd1v0   worst 
INVX2              18     18.468    slow_vdd1v0   worst 
INVX3              23     31.464    slow_vdd1v0   worst 
INVXL              92     62.928    slow_vdd1v0   worst 
MX2X1              38     90.972    slow_vdd1v0   worst 
MXI2X4              1      5.130    slow_vdd1v0   worst 
NAND2BX1          116    158.688    slow_vdd1v0   worst 
NAND2BX2            9     21.546    slow_vdd1v0   worst 
NAND2BX4            1      3.762    slow_vdd1v0   worst 
NAND2X1            56     57.456    slow_vdd1v0   worst 
NAND2X2           159    271.890    slow_vdd1v0   worst 
NAND2X4            44    150.480    slow_vdd1v0   worst 
NAND2X6            11     52.668    slow_vdd1v0   worst 
NAND2X8            10     54.720    slow_vdd1v0   worst 
NAND3BX2            1      3.078    slow_vdd1v0   worst 
NAND3BX4            4     20.520    slow_vdd1v0   worst 
NAND3X2             5     13.680    slow_vdd1v0   worst 
NOR2BX1           166    227.088    slow_vdd1v0   worst 
NOR2BX2            14     38.304    slow_vdd1v0   worst 
NOR2BX4             9     33.858    slow_vdd1v0   worst 
NOR2X1            253    259.578    slow_vdd1v0   worst 
NOR2X2            207    353.970    slow_vdd1v0   worst 
NOR2X4            130    400.140    slow_vdd1v0   worst 
NOR2X6             73    299.592    slow_vdd1v0   worst 
NOR2X8             28    153.216    slow_vdd1v0   worst 
NOR3BX2             1      3.420    slow_vdd1v0   worst 
NOR3X2              3      8.208    slow_vdd1v0   worst 
NOR3X8              1      8.892    slow_vdd1v0   worst 
OA21X1             41     84.132    slow_vdd1v0   worst 
OA21X2              5     15.390    slow_vdd1v0   worst 
OA21X4              4     15.048    slow_vdd1v0   worst 
OA22X1             29     69.426    slow_vdd1v0   worst 
OAI21X1            44     75.240    slow_vdd1v0   worst 
OAI21X2            51    156.978    slow_vdd1v0   worst 
OAI21X4            55    263.340    slow_vdd1v0   worst 
OAI221X4            1      7.866    slow_vdd1v0   worst 
OAI22X1           288    590.976    slow_vdd1v0   worst 
OAI22X2           101    345.420    slow_vdd1v0   worst 
OAI22X4            10     64.980    slow_vdd1v0   worst 
OAI2BB1X1          27     46.170    slow_vdd1v0   worst 
OAI2BB1X2           4     12.312    slow_vdd1v0   worst 
OAI31X1             1      2.052    slow_vdd1v0   worst 
OAI31X4             4     27.360    slow_vdd1v0   worst 
OAI32X4             1      8.208    slow_vdd1v0   worst 
OR2X1             209    285.912    slow_vdd1v0   worst 
OR2X2               8     13.680    slow_vdd1v0   worst 
OR2X4               7     19.152    slow_vdd1v0   worst 
OR2X6              11     41.382    slow_vdd1v0   worst 
OR3X1               6     12.312    slow_vdd1v0   worst 
OR3X6               1      4.788    slow_vdd1v0   worst 
OR4X1               1      2.052    slow_vdd1v0   worst 
XNOR2X1           802   1919.988    slow_vdd1v0   worst 
XNOR2X2             1      3.078    slow_vdd1v0   worst 
XOR2X4              1      4.104    slow_vdd1v0   worst 
--------------------------------------------------------
total            5735  16296.642                


                                          
     Type      Instances    Area   Area % 
------------------------------------------
sequential           343  2119.716   13.0 
inverter             523   660.744    4.1 
buffer                24    96.102    0.6 
logic               4845 13420.080   82.3 
physical_cells         0     0.000    0.0 
------------------------------------------
total               5735 16296.642  100.0 

