============================================================
  Generated by:           Genus(TM) Synthesis Solution 21.18-s082_1
  Generated on:           Oct 29 2025  05:23:06 pm
  Module:                 biriscv_multiplier
  Operating conditions:   PVT_0P9V_125C 
  Operating conditions:   PVT_1P32V_0C 
  Interconnect mode:      global
  Area mode:              physical library
============================================================

                                                Library 
   Gate     Instances    Area        Library     Domain 
--------------------------------------------------------
ADDFHX1            38    285.912    fast_vdd1v2    best 
ADDFHX2             8     65.664    fast_vdd1v2    best 
ADDFX1           1176   6032.880    fast_vdd1v2    best 
ADDHX1             31    116.622    fast_vdd1v2    best 
AND2X1            137    187.416    fast_vdd1v2    best 
AND2X2              5      8.550    fast_vdd1v2    best 
AND2X4              4     10.944    fast_vdd1v2    best 
AND2X6              1      3.762    fast_vdd1v2    best 
AND3X1              2      4.788    fast_vdd1v2    best 
AND3X4              1      3.078    fast_vdd1v2    best 
AND3XL              7     14.364    fast_vdd1v2    best 
AO21X1             17     40.698    fast_vdd1v2    best 
AO21X2              3      8.208    fast_vdd1v2    best 
AO21X4              2      6.840    fast_vdd1v2    best 
AO22X1           1026   2807.136    fast_vdd1v2    best 
AO22X2             24     73.872    fast_vdd1v2    best 
AO22X4             19     71.478    fast_vdd1v2    best 
AOI21X1            76    129.960    fast_vdd1v2    best 
AOI21X2            24     65.664    fast_vdd1v2    best 
AOI21X4            16     82.080    fast_vdd1v2    best 
AOI221X1            8     19.152    fast_vdd1v2    best 
AOI221X4            1      7.866    fast_vdd1v2    best 
AOI22X2             1      3.762    fast_vdd1v2    best 
AOI22X4            17    104.652    fast_vdd1v2    best 
AOI2BB1X1          21     43.092    fast_vdd1v2    best 
AOI2BB1X2          12     36.936    fast_vdd1v2    best 
AOI2BB1X4          16     65.664    fast_vdd1v2    best 
AOI2BB2X4           1      7.524    fast_vdd1v2    best 
AOI31X1            23     47.196    fast_vdd1v2    best 
AOI31X2             1      3.420    fast_vdd1v2    best 
AOI31X4             1      6.498    fast_vdd1v2    best 
BUFX12              1      5.130    fast_vdd1v2    best 
BUFX2              79    135.090    fast_vdd1v2    best 
BUFX3               4      8.208    fast_vdd1v2    best 
BUFX4               1      2.394    fast_vdd1v2    best 
BUFX6               2      6.156    fast_vdd1v2    best 
CLKAND2X12          2     15.048    fast_vdd1v2    best 
CLKAND2X2          15     30.780    fast_vdd1v2    best 
CLKAND2X3           6     18.468    fast_vdd1v2    best 
CLKAND2X6          14     67.032    fast_vdd1v2    best 
CLKBUFX2            1      1.710    fast_vdd1v2    best 
CLKBUFX20           1      8.208    fast_vdd1v2    best 
CLKINVX12          10     41.040    fast_vdd1v2    best 
CLKINVX20           2     12.996    fast_vdd1v2    best 
CLKINVX4          125    213.750    fast_vdd1v2    best 
CLKINVX6           64    153.216    fast_vdd1v2    best 
CLKINVX8           65    200.070    fast_vdd1v2    best 
CLKMX2X2           19     58.482    fast_vdd1v2    best 
CLKMX2X4           12     49.248    fast_vdd1v2    best 
CLKXOR2X1          25     68.400    fast_vdd1v2    best 
DFFRHQX1         1619   9966.564    fast_vdd1v2    best 
DFFRHQX2           17    133.722    fast_vdd1v2    best 
DFFRHQX4           66    632.016    fast_vdd1v2    best 
DFFRX1             14     95.760    fast_vdd1v2    best 
DFFRX2             80    601.920    fast_vdd1v2    best 
INVX1             138     94.392    fast_vdd1v2    best 
INVX2              36     36.936    fast_vdd1v2    best 
INVX3              22     30.096    fast_vdd1v2    best 
INVXL               1      0.684    fast_vdd1v2    best 
MX2X1             208    497.952    fast_vdd1v2    best 
NAND2BX1           71     97.128    fast_vdd1v2    best 
NAND2BX2           10     23.940    fast_vdd1v2    best 
NAND2BX4            7     26.334    fast_vdd1v2    best 
NAND2X1           177    181.602    fast_vdd1v2    best 
NAND2X2            38     64.980    fast_vdd1v2    best 
NAND2X4            27     92.340    fast_vdd1v2    best 
NAND2X6            11     52.668    fast_vdd1v2    best 
NAND2X8             8     43.776    fast_vdd1v2    best 
NAND3BX1            1      2.052    fast_vdd1v2    best 
NAND3BX2            2      6.156    fast_vdd1v2    best 
NAND3BX4            1      5.130    fast_vdd1v2    best 
NAND3BXL            7     11.970    fast_vdd1v2    best 
NAND3X1             8     13.680    fast_vdd1v2    best 
NAND3X2             1      2.736    fast_vdd1v2    best 
NAND3X4             3     14.364    fast_vdd1v2    best 
NAND3X6             2     14.364    fast_vdd1v2    best 
NAND3X8             1      8.208    fast_vdd1v2    best 
NAND4BX2            2      8.892    fast_vdd1v2    best 
NAND4X1             2      4.104    fast_vdd1v2    best 
NAND4X6             1      8.550    fast_vdd1v2    best 
NOR2BX1           105    143.640    fast_vdd1v2    best 
NOR2BX2             2      5.472    fast_vdd1v2    best 
NOR2BX4             2      7.524    fast_vdd1v2    best 
NOR2X1            165    169.290    fast_vdd1v2    best 
NOR2X2             67    114.570    fast_vdd1v2    best 
NOR2X4             51    156.978    fast_vdd1v2    best 
NOR2X6             22     90.288    fast_vdd1v2    best 
NOR2X8              3     16.416    fast_vdd1v2    best 
NOR3BX1            11     22.572    fast_vdd1v2    best 
NOR3X1              3      5.130    fast_vdd1v2    best 
NOR3X2              1      2.736    fast_vdd1v2    best 
NOR3X4              2     10.260    fast_vdd1v2    best 
NOR4BX1             3      7.182    fast_vdd1v2    best 
NOR4X4              1      6.498    fast_vdd1v2    best 
OA21X1             58    119.016    fast_vdd1v2    best 
OA21X2              1      3.078    fast_vdd1v2    best 
OA21X4              1      3.762    fast_vdd1v2    best 
OAI211X1            3      5.130    fast_vdd1v2    best 
OAI211X4            1      6.498    fast_vdd1v2    best 
OAI21X1            53     90.630    fast_vdd1v2    best 
OAI21X2            36    110.808    fast_vdd1v2    best 
OAI21X4            34    162.792    fast_vdd1v2    best 
OAI221X1            4      9.576    fast_vdd1v2    best 
OAI22X1            27     55.404    fast_vdd1v2    best 
OAI22X2             1      3.420    fast_vdd1v2    best 
OAI22X4             1      6.498    fast_vdd1v2    best 
OAI2BB1X1         584    998.640    fast_vdd1v2    best 
OAI2BB1X2           6     18.468    fast_vdd1v2    best 
OAI2BB1X4           7     31.122    fast_vdd1v2    best 
OAI31X1             8     16.416    fast_vdd1v2    best 
OAI31X4             1      6.840    fast_vdd1v2    best 
OR2X1             122    166.896    fast_vdd1v2    best 
OR2X2              15     25.650    fast_vdd1v2    best 
OR2X4              25     68.400    fast_vdd1v2    best 
OR2X6               7     26.334    fast_vdd1v2    best 
OR2X8               1      4.446    fast_vdd1v2    best 
OR3X1               2      4.104    fast_vdd1v2    best 
OR3X2               1      2.394    fast_vdd1v2    best 
OR3X4               1      3.078    fast_vdd1v2    best 
XNOR2X1           259    620.046    fast_vdd1v2    best 
XNOR2X2            13     40.014    fast_vdd1v2    best 
XNOR3X1             1      7.524    fast_vdd1v2    best 
--------------------------------------------------------
total            7459  27609.660                


                                          
     Type      Instances    Area   Area % 
------------------------------------------
sequential          1796 11429.982   41.4 
inverter             463   783.180    2.8 
buffer                89   166.896    0.6 
logic               5111 15229.602   55.2 
physical_cells         0     0.000    0.0 
------------------------------------------
total               7459 27609.660  100.0 

