============================================================
  Generated by:           Genus(TM) Synthesis Solution 21.18-s082_1
  Generated on:           Oct 29 2025  05:23:06 pm
  Module:                 biriscv_multiplier
  Operating conditions:   PVT_0P9V_125C 
  Operating conditions:   PVT_1P32V_0C 
  Interconnect mode:      global
  Area mode:              physical library
============================================================

Timing
--------

Clock Period 
-------------
clk_i  810.0 


  Cost    Critical         Violating 
 Group   Path Slack  TNS     Paths   
-------------------------------------
clk_i           0.4   0.0          0 
default    No paths   0.0            
-------------------------------------
Total                 0.0          0 

Instance Count
--------------
Leaf Instance Count             7459 
Physical Instance count            0 
Sequential Instance Count       1796 
Combinational Instance Count    5663 
Hierarchical Instance Count        0 

Area
----
Cell Area                          27609.660
Physical Cell Area                 0.000
Total Cell Area (Cell+Physical)    27609.660
Net Area                           9629.365
Total Area (Cell+Physical+Net)     37239.025

Max Fanout                         1796 (clk_i)
Min Fanout                         0 (n_54)
Average Fanout                     2.2
Terms to net ratio                 3.4191
Terms to instance ratio            3.9980
Runtime                            211.02570099999997 seconds
Elapsed Runtime                    208 seconds
Genus peak memory usage            2102.69 
Innovus peak memory usage          no_value 
Hostname                           gmicro02
