============================================================
  Generated by:           Genus(TM) Synthesis Solution 21.18-s082_1
  Generated on:           Oct 29 2025  05:23:06 pm
  Module:                 biriscv_multiplier
  Operating conditions:   PVT_0P9V_125C 
  Operating conditions:   PVT_1P32V_0C 
  Interconnect mode:      global
  Area mode:              physical library
============================================================


Path 1: MET (0 ps) Setup Check with Pin Stage1_s_reg[29][63]/CK->D
          Group: clk_i
     Startpoint: (F) opcode_rb_operand_i[24]
          Clock: (R) clk_i
       Endpoint: (R) Stage1_s_reg[29][63]/D
          Clock: (R) clk_i

                     Capture       Launch     
        Clock Edge:+     810            0     
        Drv Adjust:+       0            0     
       Src Latency:+       0            0     
       Net Latency:+     100 (I)      100 (I) 
           Arrival:=     910          100     
                                              
             Setup:-      18                  
       Uncertainty:-      50                  
     Required Time:=     842                  
      Launch Clock:-     100                  
       Input Delay:-     300                  
         Data Path:-     441                  
             Slack:=       0                  

Exceptions/Constraints:
  input_delay             300             biriscv_multiplier.s_line_30_73_1 

#------------------------------------------------------------------------------------------------
#      Timing Point       Flags   Arc   Edge   Cell     Fanout Load Trans Delay Arrival Instance 
#                                                              (fF)  (ps)  (ps)   (ps)  Location 
#------------------------------------------------------------------------------------------------
  opcode_rb_operand_i[24] -       -     F     (arrival)      1  3.4   252     0     400    (-,-) 
  g36738/Y                -       A->Y  F     BUFX3          2  5.0    16    46     446    (-,-) 
  SUB_UNS_OP_g880/Y       -       A->Y  F     BUFX2          3  7.0    22    28     474    (-,-) 
  SUB_UNS_OP_g818/Y       -       B->Y  R     NOR2X1         3  7.2    79    50     524    (-,-) 
  SUB_UNS_OP_g807/Y       -       B->Y  R     CLKAND2X2      4 10.3    32    40     564    (-,-) 
  SUB_UNS_OP_g801/Y       -       B->Y  F     NAND3BX2       1  3.4    39    31     595    (-,-) 
  SUB_UNS_OP_g779/Y       -       A->Y  R     NOR2X1         1  3.5    46    34     629    (-,-) 
  SUB_UNS_OP_g747/Y       -       B->Y  R     XNOR2X1        1  3.4    22    31     660    (-,-) 
  g61070/Y                -       A1->Y R     AO22X4        33 58.7    92    83     743    (-,-) 
  g60943/Y                -       B->Y  F     NAND2X1        3  7.3    86    66     808    (-,-) 
  g59948__6783/Y          -       B0->Y R     OAI2BB1X1      1  3.3    37    33     841    (-,-) 
  Stage1_s_reg[29][63]/D  <<<     -     R     DFFRHQX1       1    -     -     0     841    (-,-) 
#------------------------------------------------------------------------------------------------

