============================================================
  Generated by:           Genus(TM) Synthesis Solution 21.18-s082_1
  Generated on:           Oct 29 2025  05:39:22 pm
  Module:                 biriscv_multiplier
  Operating conditions:   PVT_0P9V_125C 
  Operating conditions:   PVT_1P32V_0C 
  Interconnect mode:      global
  Area mode:              physical library
============================================================

Timing
--------

Clock Period 
-------------
clk_i 1460.0 


  Cost    Critical         Violating 
 Group   Path Slack  TNS     Paths   
-------------------------------------
clk_i           0.0   0.0          0 
default    No paths   0.0            
-------------------------------------
Total                 0.0          0 

Instance Count
--------------
Leaf Instance Count             3016 
Physical Instance count            0 
Sequential Instance Count          0 
Combinational Instance Count    3016 
Hierarchical Instance Count        0 

Area
----
Cell Area                          9163.890
Physical Cell Area                 0.000
Total Cell Area (Cell+Physical)    9163.890
Net Area                           3924.352
Total Area (Cell+Physical+Net)     13088.242

Max Fanout                         35 (mul_125_62_n_297)
Min Fanout                         0 (opcode_opcode_i[24])
Average Fanout                     2.0
Terms to net ratio                 2.9250
Terms to instance ratio            3.5050
Runtime                            93.33548100000002 seconds
Elapsed Runtime                    95 seconds
Genus peak memory usage            1806.24 
Innovus peak memory usage          no_value 
Hostname                           gmicro02
