============================================================
  Generated by:           Genus(TM) Synthesis Solution 21.18-s082_1
  Generated on:           Oct 29 2025  05:39:22 pm
  Module:                 biriscv_multiplier
  Operating conditions:   PVT_0P9V_125C 
  Operating conditions:   PVT_1P32V_0C 
  Interconnect mode:      global
  Area mode:              physical library
============================================================


Path 1: MET (0 ps) Late External Delay Assertion at pin writeback_value_o[5]
          Group: clk_i
     Startpoint: (R) opcode_rb_operand_i[3]
          Clock: (R) clk_i
       Endpoint: (F) writeback_value_o[5]
          Clock: (R) clk_i

                     Capture       Launch     
        Clock Edge:+    1460            0     
        Drv Adjust:+       0            0     
       Src Latency:+       0            0     
       Net Latency:+     100 (I)      100 (I) 
           Arrival:=    1560          100     
                                              
      Output Delay:-     300                  
       Uncertainty:-      50                  
     Required Time:=    1210                  
      Launch Clock:-     100                  
       Input Delay:-     300                  
         Data Path:-     810                  
             Slack:=       0                  

Exceptions/Constraints:
  input_delay              300             biriscv_multiplier.s_line_30_142_1 
  output_delay             300             biriscv_multiplier.s_line_35_171_1 

#-----------------------------------------------------------------------------------------------------------
#           Timing Point            Flags    Arc   Edge   Cell     Fanout Load Trans Delay Arrival Instance 
#                                                                         (fF)  (ps)  (ps)   (ps)  Location 
#-----------------------------------------------------------------------------------------------------------
  opcode_rb_operand_i[3]            -       -      R     (arrival)      1  9.0   264     0     400    (-,-) 
  g669/Y                            -       A->Y   F     CLKINVX12      1  5.7    37    29     429    (-,-) 
  g668/Y                            -       A->Y   R     CLKINVX6       1  9.0    15    12     441    (-,-) 
  mul_125_62_g17723/Y               -       A->Y   F     CLKINVX12      3 13.2    11    10     451    (-,-) 
  mul_125_62_g17722/Y               -       A->Y   R     CLKINVX8       4 12.2    12    10     462    (-,-) 
  mul_125_62_g17457/Y               -       A->Y   R     CLKAND2X6      2  7.0    12    21     483    (-,-) 
  mul_125_62_g16763/Y               -       B->Y   F     NOR2X4         1  6.4    19    11     494    (-,-) 
  mul_125_62_g16578/Y               -       B->Y   R     NOR2X8        11 26.3    41    27     521    (-,-) 
  mul_125_62_g16564/Y               -       A->Y   F     CLKINVX12     23 48.8    32    24     545    (-,-) 
  mul_125_62_g16248/Y               -       A1->Y  R     OAI22X1        1  3.7    59    39     584    (-,-) 
  mul_125_62_cdnfadd_014_0__8246/CO -       CI->CO R     ADDFX1         1  3.7    25    46     630    (-,-) 
  mul_125_62_cdnfadd_015_2__9315/S  -       CI->S  F     ADDFX1         1  4.4    29    59     689    (-,-) 
  mul_125_62_cdnfadd_015_4__2883/S  -       B->S   R     ADDFHX1        1  3.7    24    59     748    (-,-) 
  mul_125_62_cdnfadd_015_5__2346/CO -       CI->CO R     ADDFX1         2  8.6    52    55     803    (-,-) 
  mul_125_62_g15858__2398/Y         -       A->Y   F     NAND2X6        3  7.3    24    22     824    (-,-) 
  mul_125_62_g15833__6783/Y         -       A1N->Y F     AOI2BB1X4      2  5.2    16    36     860    (-,-) 
  mul_125_62_g15820__1666/Y         -       A1->Y  F     OA21X2         1  4.7    19    39     900    (-,-) 
  mul_125_62_g15743__8246/Y         -       A1->Y  R     OAI21X4        2  5.9    26    20     919    (-,-) 
  mul_125_62_g15732__4319/Y         -       B->Y   F     NAND2X2        1  3.8    27    21     940    (-,-) 
  mul_125_62_g15724__1666/Y         -       B->Y   R     NAND2X2        1  3.9    18    14     955    (-,-) 
  mul_125_62_g15702__1705/Y         -       A1->Y  F     AOI21X2        1  5.7    40    28     983    (-,-) 
  mul_125_62_g15667__7098/Y         -       B->Y   R     NAND2X6        2  7.4    15    12     995    (-,-) 
  mul_125_62_g18109/Y               -       C->Y   F     NAND3BX4       1  6.6    38    26    1021    (-,-) 
  mul_125_62_g15537__7410/Y         -       B->Y   R     NAND2X8        4 13.0    17    14    1034    (-,-) 
  fopt18372/Y                       -       A->Y   F     CLKINVX4       2  9.0    17    14    1048    (-,-) 
  fopt18371/Y                       -       A->Y   R     CLKINVX6       1  4.9     8     8    1056    (-,-) 
  mul_125_62_g15518__2802/Y         -       A1->Y  F     AOI21X4        3  8.2    31    23    1080    (-,-) 
  mul_125_62_g15491__5122/Y         -       A1->Y  R     OAI21X2        1  3.5    30    24    1104    (-,-) 
  mul_125_62_g15470__6161/Y         -       B->Y   F     XNOR2X1        1  3.2    20    32    1136    (-,-) 
  g1180__5477/Y                     -       A->Y   F     CLKMX2X2       1  4.3    20    41    1177    (-,-) 
  fopt1234/Y                        -       A->Y   F     BUFX12         1 47.9    30    32    1210    (-,-) 
  writeback_value_o[5]              <<<     -      F     (port)         -    -     -     0    1210    (-,-) 
#-----------------------------------------------------------------------------------------------------------

