============================================================
  Generated by:           Genus(TM) Synthesis Solution 21.18-s082_1
  Generated on:           Oct 29 2025  05:39:22 pm
  Module:                 biriscv_multiplier
  Operating conditions:   PVT_0P9V_125C 
  Operating conditions:   PVT_1P32V_0C 
  Interconnect mode:      global
  Area mode:              physical library
============================================================

                                               Library 
   Gate     Instances    Area       Library     Domain 
-------------------------------------------------------
ADDFHX1            36   270.864    fast_vdd1v2    best 
ADDFHX2            25   205.200    fast_vdd1v2    best 
ADDFHX4             3    28.728    fast_vdd1v2    best 
ADDFX1            417  2139.210    fast_vdd1v2    best 
ADDFX2              2    15.732    fast_vdd1v2    best 
ADDHX1             20    75.240    fast_vdd1v2    best 
ADDHX2              5    25.650    fast_vdd1v2    best 
AND2X1             21    28.728    fast_vdd1v2    best 
AND2X2              2     3.420    fast_vdd1v2    best 
AND2X4              1     2.736    fast_vdd1v2    best 
AND2X6              1     3.762    fast_vdd1v2    best 
AND3X2              2     5.472    fast_vdd1v2    best 
AND3X4              1     3.078    fast_vdd1v2    best 
AO21X1             20    47.880    fast_vdd1v2    best 
AO21X2              1     2.736    fast_vdd1v2    best 
AO22X1             29    79.344    fast_vdd1v2    best 
AO22X4              2     7.524    fast_vdd1v2    best 
AOI211X4            1     6.498    fast_vdd1v2    best 
AOI21X1             3     5.130    fast_vdd1v2    best 
AOI21X2             7    19.152    fast_vdd1v2    best 
AOI21X4            20   102.600    fast_vdd1v2    best 
AOI221X4            3    23.598    fast_vdd1v2    best 
AOI22X4            14    86.184    fast_vdd1v2    best 
AOI2BB1X4           6    24.624    fast_vdd1v2    best 
AOI31X1             1     2.052    fast_vdd1v2    best 
AOI31X4             1     6.498    fast_vdd1v2    best 
BUFX12             14    71.820    fast_vdd1v2    best 
BUFX16              2    13.680    fast_vdd1v2    best 
BUFX2               4     6.840    fast_vdd1v2    best 
BUFX20              6    49.248    fast_vdd1v2    best 
BUFX3               7    14.364    fast_vdd1v2    best 
BUFX6              58   178.524    fast_vdd1v2    best 
BUFX8               6    22.572    fast_vdd1v2    best 
CLKAND2X12          6    45.144    fast_vdd1v2    best 
CLKAND2X2           5    10.260    fast_vdd1v2    best 
CLKAND2X3           4    12.312    fast_vdd1v2    best 
CLKAND2X4           1     3.420    fast_vdd1v2    best 
CLKAND2X6          12    57.456    fast_vdd1v2    best 
CLKBUFX12           6    30.780    fast_vdd1v2    best 
CLKBUFX16           4    27.360    fast_vdd1v2    best 
CLKBUFX3          106   217.512    fast_vdd1v2    best 
CLKINVX12          33   135.432    fast_vdd1v2    best 
CLKINVX16          15    82.080    fast_vdd1v2    best 
CLKINVX2           33    45.144    fast_vdd1v2    best 
CLKINVX20          10    64.980    fast_vdd1v2    best 
CLKINVX3           20    34.200    fast_vdd1v2    best 
CLKINVX4           85   145.350    fast_vdd1v2    best 
CLKINVX6           88   210.672    fast_vdd1v2    best 
CLKINVX8           82   252.396    fast_vdd1v2    best 
CLKMX2X2            4    12.312    fast_vdd1v2    best 
CLKMX2X3            1     4.104    fast_vdd1v2    best 
CLKMX2X4            3    12.312    fast_vdd1v2    best 
CLKXOR2X1          41   112.176    fast_vdd1v2    best 
INVX1             103    70.452    fast_vdd1v2    best 
INVX2              29    29.754    fast_vdd1v2    best 
INVX3              19    25.992    fast_vdd1v2    best 
MX2X1               6    14.364    fast_vdd1v2    best 
MXI2X2              6    26.676    fast_vdd1v2    best 
MXI2X4              4    20.520    fast_vdd1v2    best 
NAND2BX1           31    42.408    fast_vdd1v2    best 
NAND2BX2            5    11.970    fast_vdd1v2    best 
NAND2BX4            3    11.286    fast_vdd1v2    best 
NAND2X1            43    44.118    fast_vdd1v2    best 
NAND2X2            41    70.110    fast_vdd1v2    best 
NAND2X4            33   112.860    fast_vdd1v2    best 
NAND2X6            24   114.912    fast_vdd1v2    best 
NAND2X8            15    82.080    fast_vdd1v2    best 
NAND3BX4            1     5.130    fast_vdd1v2    best 
NAND3X4             3    14.364    fast_vdd1v2    best 
NAND3X6             2    14.364    fast_vdd1v2    best 
NOR2BX1             9    12.312    fast_vdd1v2    best 
NOR2BX2             2     5.472    fast_vdd1v2    best 
NOR2BX4             2     7.524    fast_vdd1v2    best 
NOR2X1             55    56.430    fast_vdd1v2    best 
NOR2X2             31    53.010    fast_vdd1v2    best 
NOR2X4             38   116.964    fast_vdd1v2    best 
NOR2X6             21    86.184    fast_vdd1v2    best 
NOR2X8              9    49.248    fast_vdd1v2    best 
NOR3X4              1     5.130    fast_vdd1v2    best 
NOR3X8              2    17.784    fast_vdd1v2    best 
OA21X1              4     8.208    fast_vdd1v2    best 
OA21X2              1     3.078    fast_vdd1v2    best 
OA21X4              1     3.762    fast_vdd1v2    best 
OA22X1              3     7.182    fast_vdd1v2    best 
OAI21X1             6    10.260    fast_vdd1v2    best 
OAI21X2            20    61.560    fast_vdd1v2    best 
OAI21X4            29   138.852    fast_vdd1v2    best 
OAI22X1           351   720.252    fast_vdd1v2    best 
OAI22X2            93   318.060    fast_vdd1v2    best 
OAI22X4            11    71.478    fast_vdd1v2    best 
OAI2BB1X1          27    46.170    fast_vdd1v2    best 
OAI2BB1X2          10    30.780    fast_vdd1v2    best 
OAI2BB1X4           4    17.784    fast_vdd1v2    best 
OAI2BB2X1           1     4.104    fast_vdd1v2    best 
OAI2BB2X2           6    32.832    fast_vdd1v2    best 
OAI2BB2X4           2    17.100    fast_vdd1v2    best 
OAI31X1             8    16.416    fast_vdd1v2    best 
OAI32X1             4     9.576    fast_vdd1v2    best 
OR2X1              21    28.728    fast_vdd1v2    best 
OR2X2               3     5.130    fast_vdd1v2    best 
OR2X4               1     2.736    fast_vdd1v2    best 
OR2X6               5    18.810    fast_vdd1v2    best 
XNOR2X1           547  1309.518    fast_vdd1v2    best 
XNOR2X2            15    46.170    fast_vdd1v2    best 
XNOR2X4             2     7.524    fast_vdd1v2    best 
XOR2X4              3    12.312    fast_vdd1v2    best 
-------------------------------------------------------
total            3016  9163.890                


                                         
     Type      Instances   Area   Area % 
-----------------------------------------
inverter             517 1096.452   12.0 
buffer               213  632.700    6.9 
logic               2286 7434.738   81.1 
physical_cells         0    0.000    0.0 
-----------------------------------------
total               3016 9163.890  100.0 

