============================================================
  Generated by:           Genus(TM) Synthesis Solution 21.19-s055_1
  Generated on:           Nov 30 2025  05:41:21 pm
  Module:                 biriscv_divider
  Operating conditions:   PVT_0P9V_125C 
  Operating conditions:   PVT_1P32V_0C 
  Interconnect mode:      global
  Area mode:              physical library
============================================================

Timing
--------

Clock Period 
-------------
clk_i 2350.0 


  Cost    Critical             Violating 
 Group   Path Slack    TNS       Paths   
-----------------------------------------
clk_i         -49.1   -1917.6         93 
default    No paths       0.0            
-----------------------------------------
Total                 -1917.6         93 

Instance Count
--------------
Leaf Instance Count             2701 
Physical Instance count            0 
Sequential Instance Count        367 
Combinational Instance Count    2334 
Hierarchical Instance Count        0 

Area
----
Cell Area                          8949.456
Physical Cell Area                 0.000
Total Cell Area (Cell+Physical)    8949.456
Net Area                           3386.771
Total Area (Cell+Physical+Net)     12336.227

Max Fanout                         367 (clk_i)
Min Fanout                         0 (n_49)
Average Fanout                     2.4
Terms to net ratio                 3.4759
Terms to instance ratio            3.6857
Runtime                            77.96995199999999 seconds
Elapsed Runtime                    80 seconds
Genus peak memory usage            1742.93 
Innovus peak memory usage          no_value 
Hostname                           localhost
