============================================================
  Generated by:           Genus(TM) Synthesis Solution 21.19-s055_1
  Generated on:           Nov 30 2025  05:41:21 pm
  Module:                 biriscv_divider
  Operating conditions:   PVT_0P9V_125C 
  Operating conditions:   PVT_1P32V_0C 
  Interconnect mode:      global
  Area mode:              physical library
============================================================

                                               Library 
   Gate     Instances    Area       Library     Domain 
-------------------------------------------------------
ADDHX1             30   112.860    slow_vdd1v0   worst 
ADDHX2              2    10.260    slow_vdd1v0   worst 
ADDHX4              5    35.910    slow_vdd1v0   worst 
AND2X1             36    49.248    slow_vdd1v0   worst 
AND2X2              7    11.970    slow_vdd1v0   worst 
AND2X4              8    21.888    slow_vdd1v0   worst 
AND2X6              7    26.334    slow_vdd1v0   worst 
AND3X1              2     4.788    slow_vdd1v0   worst 
AND3X4              2     6.156    slow_vdd1v0   worst 
AO21X1             22    52.668    slow_vdd1v0   worst 
AO21X2              3     8.208    slow_vdd1v0   worst 
AO21X4              5    17.100    slow_vdd1v0   worst 
AO22X1             53   145.008    slow_vdd1v0   worst 
AOI211X2            2     6.840    slow_vdd1v0   worst 
AOI21X1            11    18.810    slow_vdd1v0   worst 
AOI21X2            34    93.024    slow_vdd1v0   worst 
AOI21X4            23   117.990    slow_vdd1v0   worst 
AOI221X2            1     4.446    slow_vdd1v0   worst 
AOI221X4            1     7.866    slow_vdd1v0   worst 
AOI222X2           55   300.960    slow_vdd1v0   worst 
AOI22X1           153   313.956    slow_vdd1v0   worst 
AOI22X2            66   248.292    slow_vdd1v0   worst 
AOI2BB1X1           1     2.052    slow_vdd1v0   worst 
AOI2BB1X2          10    30.780    slow_vdd1v0   worst 
AOI2BB1X4          13    53.352    slow_vdd1v0   worst 
AOI2BB2X2           1     5.130    slow_vdd1v0   worst 
AOI31X2             1     3.420    slow_vdd1v0   worst 
BUFX12              3    15.390    slow_vdd1v0   worst 
BUFX20              1     8.208    slow_vdd1v0   worst 
BUFX3               1     2.052    slow_vdd1v0   worst 
BUFX6               4    12.312    slow_vdd1v0   worst 
BUFX8              34   127.908    slow_vdd1v0   worst 
CLKAND2X12          9    67.716    slow_vdd1v0   worst 
CLKAND2X2          26    53.352    slow_vdd1v0   worst 
CLKAND2X3          20    61.560    slow_vdd1v0   worst 
CLKAND2X4           3    10.260    slow_vdd1v0   worst 
CLKAND2X6          19    90.972    slow_vdd1v0   worst 
CLKAND2X8           2    11.628    slow_vdd1v0   worst 
CLKBUFX2            3     5.130    slow_vdd1v0   worst 
CLKINVX12           1     4.104    slow_vdd1v0   worst 
CLKINVX16           5    27.360    slow_vdd1v0   worst 
CLKINVX20           3    19.494    slow_vdd1v0   worst 
CLKINVX3            1     1.710    slow_vdd1v0   worst 
CLKINVX4           23    39.330    slow_vdd1v0   worst 
CLKINVX6            9    21.546    slow_vdd1v0   worst 
CLKINVX8            9    27.702    slow_vdd1v0   worst 
CLKMX2X2           17    52.326    slow_vdd1v0   worst 
CLKMX2X3           59   242.136    slow_vdd1v0   worst 
CLKXOR2X1          18    49.248    slow_vdd1v0   worst 
DFFRHQX1          176  1083.456    slow_vdd1v0   worst 
DFFRHQX2           32   251.712    slow_vdd1v0   worst 
DFFRHQX4           28   268.128    slow_vdd1v0   worst 
DFFRHQX8            1    11.286    slow_vdd1v0   worst 
DFFRX2            105   790.020    slow_vdd1v0   worst 
DFFRX4             24   229.824    slow_vdd1v0   worst 
DFFRXL              1     8.550    slow_vdd1v0   worst 
INVX1              99    67.716    slow_vdd1v0   worst 
INVX2              54    55.404    slow_vdd1v0   worst 
INVX3              45    61.560    slow_vdd1v0   worst 
INVX4               1     1.710    slow_vdd1v0   worst 
INVX8               1     3.078    slow_vdd1v0   worst 
MX2X1              57   136.458    slow_vdd1v0   worst 
NAND2BX1            8    10.944    slow_vdd1v0   worst 
NAND2BX2           17    40.698    slow_vdd1v0   worst 
NAND2BX4            9    33.858    slow_vdd1v0   worst 
NAND2X1            39    40.014    slow_vdd1v0   worst 
NAND2X2            43    73.530    slow_vdd1v0   worst 
NAND2X4            42   143.640    slow_vdd1v0   worst 
NAND2X6            24   114.912    slow_vdd1v0   worst 
NAND2X8             7    38.304    slow_vdd1v0   worst 
NAND2XL             1     1.026    slow_vdd1v0   worst 
NAND3BX2            1     3.078    slow_vdd1v0   worst 
NAND3X2             2     5.472    slow_vdd1v0   worst 
NAND3X4             1     4.788    slow_vdd1v0   worst 
NOR2BX1            45    61.560    slow_vdd1v0   worst 
NOR2BX2            23    62.928    slow_vdd1v0   worst 
NOR2BX4            20    75.240    slow_vdd1v0   worst 
NOR2X1             45    46.170    slow_vdd1v0   worst 
NOR2X2             83   141.930    slow_vdd1v0   worst 
NOR2X4            111   341.658    slow_vdd1v0   worst 
NOR2X6             50   205.200    slow_vdd1v0   worst 
NOR2X8             12    65.664    slow_vdd1v0   worst 
NOR2XL              1     1.026    slow_vdd1v0   worst 
NOR3BX2             4    13.680    slow_vdd1v0   worst 
NOR3X1              3     5.130    slow_vdd1v0   worst 
NOR3X2              5    13.680    slow_vdd1v0   worst 
NOR3X4              1     5.130    slow_vdd1v0   worst 
NOR3X6              1     7.182    slow_vdd1v0   worst 
NOR3X8              1     8.892    slow_vdd1v0   worst 
NOR4X2              3    10.260    slow_vdd1v0   worst 
NOR4X8              1    10.602    slow_vdd1v0   worst 
OA21X1             66   135.432    slow_vdd1v0   worst 
OA21X4              1     3.762    slow_vdd1v0   worst 
OA22X1             17    40.698    slow_vdd1v0   worst 
OA22X2              1     3.420    slow_vdd1v0   worst 
OAI211X4            2    12.996    slow_vdd1v0   worst 
OAI21X1             8    13.680    slow_vdd1v0   worst 
OAI21X2            30    92.340    slow_vdd1v0   worst 
OAI21X4            19    90.972    slow_vdd1v0   worst 
OAI221X4            1     7.866    slow_vdd1v0   worst 
OAI22X1            28    57.456    slow_vdd1v0   worst 
OAI22X2            15    51.300    slow_vdd1v0   worst 
OAI22X4             2    12.996    slow_vdd1v0   worst 
OAI2BB1X1          76   129.960    slow_vdd1v0   worst 
OAI2BB1X2         113   347.814    slow_vdd1v0   worst 
OAI2BB1X4          15    66.690    slow_vdd1v0   worst 
OAI31X2             1     3.762    slow_vdd1v0   worst 
OAI31X4            15   102.600    slow_vdd1v0   worst 
OAI32X2             2     8.892    slow_vdd1v0   worst 
OAI32X4             2    16.416    slow_vdd1v0   worst 
OR2X1              55    75.240    slow_vdd1v0   worst 
OR2X2              12    20.520    slow_vdd1v0   worst 
OR2X4               9    24.624    slow_vdd1v0   worst 
OR2X6               6    22.572    slow_vdd1v0   worst 
OR2X8               2     8.892    slow_vdd1v0   worst 
OR3X1               4     8.208    slow_vdd1v0   worst 
OR3X6               4    19.152    slow_vdd1v0   worst 
OR4X1              14    28.728    slow_vdd1v0   worst 
OR4X6               5    27.360    slow_vdd1v0   worst 
XNOR2X1           125   299.250    slow_vdd1v0   worst 
-------------------------------------------------------
total            2701  8949.456                


                                         
     Type      Instances   Area   Area % 
-----------------------------------------
sequential           367 2642.976   29.5 
inverter             251  330.714    3.7 
buffer                46  171.000    1.9 
logic               2037 5804.766   64.9 
physical_cells         0    0.000    0.0 
-----------------------------------------
total               2701 8949.456  100.0 

