============================================================
  Generated by:           Genus(TM) Synthesis Solution 21.19-s055_1
  Generated on:           Nov 30 2025  05:41:21 pm
  Module:                 biriscv_divider
  Operating conditions:   PVT_0P9V_125C 
  Operating conditions:   PVT_1P32V_0C 
  Interconnect mode:      global
  Area mode:              physical library
============================================================


Path 1: VIOLATED (-49 ps) Setup Check with Pin op_a_abs_r_reg[15]/CK->D
          Group: clk_i
     Startpoint: (F) opcode_rb_operand_i[22]
          Clock: (R) clk_i
       Endpoint: (R) op_a_abs_r_reg[15]/D
          Clock: (R) clk_i

                     Capture       Launch     
        Clock Edge:+    2350            0     
        Drv Adjust:+       0            0     
       Src Latency:+       0            0     
       Net Latency:+     100 (I)      100 (I) 
           Arrival:=    2450          100     
                                              
             Setup:-     165                  
       Uncertainty:-      50                  
     Required Time:=    2235                  
      Launch Clock:-     100                  
       Input Delay:-     300                  
         Data Path:-    1884                  
             Slack:=     -49                  

Exceptions/Constraints:
  input_delay             300             biriscv_divider.sdc_line_30_123_1 

#-------------------------------------------------------------------------------------------------
#      Timing Point       Flags   Arc   Edge   Cell     Fanout  Load Trans Delay Arrival Instance 
#                                                               (fF)  (ps)  (ps)   (ps)  Location 
#-------------------------------------------------------------------------------------------------
  opcode_rb_operand_i[22] -       -     F     (arrival)      7  13.8   252     0     400    (-,-) 
  g43025/Y                -       AN->Y F     NOR2BX2        1   3.6    83   211     611    (-,-) 
  g42786/Y                -       A->Y  F     OR4X6          1   3.6    81   335     946    (-,-) 
  g42569__1705/Y          -       C->Y  F     OR3X6          1   5.8    72   211    1157    (-,-) 
  g42480__2346/Y          -       A->Y  R     NOR2X8         1   3.9    53    75    1232    (-,-) 
  g42333__6783/Y          -       A->Y  R     CLKAND2X6      1   6.1    40   117    1350    (-,-) 
  g42211__9945/Y          -       B->Y  F     NAND2X8        1   5.8    81    72    1421    (-,-) 
  g42077__6417/Y          -       D->Y  R     NOR4X8         1   6.1   146   118    1539    (-,-) 
  g42020__2398/Y          -       B->Y  F     NOR2X8        11  31.3   142   138    1678    (-,-) 
  g41994/Y                -       A->Y  R     CLKINVX16     63 129.9   200   176    1854    (-,-) 
  g41662__9315/Y          -       B1->Y F     AOI22X1        1   3.6   281   252    2105    (-,-) 
  g41472__1617/Y          -       B0->Y R     OAI2BB1X2      1   3.1    88   178    2284    (-,-) 
  op_a_abs_r_reg[15]/D    <<<     -     R     DFFRX4         1     -     -     0    2284    (-,-) 
#-------------------------------------------------------------------------------------------------

