============================================================
  Generated by:           Genus(TM) Synthesis Solution 21.18-s082_1
  Generated on:           Oct 29 2025  05:36:36 pm
  Module:                 biriscv_multiplier
  Operating conditions:   PVT_0P9V_125C 
  Operating conditions:   PVT_1P32V_0C 
  Interconnect mode:      global
  Area mode:              physical library
============================================================

Timing
--------

Clock Period 
-------------
clk_i 1480.0 


  Cost    Critical         Violating 
 Group   Path Slack  TNS     Paths   
-------------------------------------
clk_i           0.0   0.0          0 
default    No paths   0.0            
-------------------------------------
Total                 0.0          0 

Instance Count
--------------
Leaf Instance Count             2831 
Physical Instance count            0 
Sequential Instance Count          0 
Combinational Instance Count    2831 
Hierarchical Instance Count        0 

Area
----
Cell Area                          8471.340
Physical Cell Area                 0.000
Total Cell Area (Cell+Physical)    8471.340
Net Area                           3782.968
Total Area (Cell+Physical+Net)     12254.308

Max Fanout                         36 (mul_125_62_n_24)
Min Fanout                         0 (opcode_opcode_i[24])
Average Fanout                     2.0
Terms to net ratio                 2.9677
Terms to instance ratio            3.5987
Runtime                            93.58028800000005 seconds
Elapsed Runtime                    95 seconds
Genus peak memory usage            1795.16 
Innovus peak memory usage          no_value 
Hostname                           gmicro02
