============================================================
  Generated by:           Genus(TM) Synthesis Solution 21.18-s082_1
  Generated on:           Oct 29 2025  05:36:36 pm
  Module:                 biriscv_multiplier
  Operating conditions:   PVT_0P9V_125C 
  Operating conditions:   PVT_1P32V_0C 
  Interconnect mode:      global
  Area mode:              physical library
============================================================


Path 1: MET (0 ps) Late External Delay Assertion at pin writeback_value_o[5]
          Group: clk_i
     Startpoint: (R) opcode_rb_operand_i[7]
          Clock: (R) clk_i
       Endpoint: (F) writeback_value_o[5]
          Clock: (R) clk_i

                     Capture       Launch     
        Clock Edge:+    1480            0     
        Drv Adjust:+       0            0     
       Src Latency:+       0            0     
       Net Latency:+     100 (I)      100 (I) 
           Arrival:=    1580          100     
                                              
      Output Delay:-     300                  
       Uncertainty:-      50                  
     Required Time:=    1230                  
      Launch Clock:-     100                  
       Input Delay:-     300                  
         Data Path:-     830                  
             Slack:=       0                  

Exceptions/Constraints:
  input_delay              300             biriscv_multiplier.s_line_30_138_1 
  output_delay             300             biriscv_multiplier.s_line_35_171_1 

#-----------------------------------------------------------------------------------------------------------
#           Timing Point            Flags    Arc   Edge   Cell     Fanout Load Trans Delay Arrival Instance 
#                                                                         (fF)  (ps)  (ps)   (ps)  Location 
#-----------------------------------------------------------------------------------------------------------
  opcode_rb_operand_i[7]            -       -      R     (arrival)      1  9.0   264     0     400    (-,-) 
  g663/Y                            -       A->Y   F     CLKINVX12      1  5.7    37    29     429    (-,-) 
  g662/Y                            -       A->Y   R     CLKINVX6       1  9.0    15    12     441    (-,-) 
  mul_125_62_g18889/Y               -       A->Y   F     CLKINVX12      5 16.5    12    11     452    (-,-) 
  mul_125_62_g18884/Y               -       A->Y   R     CLKINVX12     23 44.7    25    19     471    (-,-) 
  mul_125_62_g18880/Y               -       A->Y   R     BUFX3          8 16.0    33    32     504    (-,-) 
  mul_125_62_g17602/Y               -       A->Y   F     CLKXOR2X1      2  5.2    31    49     553    (-,-) 
  mul_125_62_g17474/Y               -       A->Y   R     INVX1          1  3.9    28    22     574    (-,-) 
  mul_125_62_g17073/Y               -       B0->Y  F     OAI22X2        1  4.0    37    29     604    (-,-) 
  mul_125_62_cdnfadd_019_0__6783/S  -       A->S   F     ADDFX1         1  3.7    25    54     658    (-,-) 
  mul_125_62_cdnfadd_019_4__1705/CO -       CI->CO F     ADDFX1         1  3.7    25    44     702    (-,-) 
  mul_125_62_cdnfadd_020_6__9315/S  -       CI->S  R     ADDFX1         1  3.7    25    59     760    (-,-) 
  mul_125_62_cdnfadd_020_7__9945/S  -       CI->S  F     ADDFX1         1  4.0    27    58     818    (-,-) 
  mul_125_62_cdnfadd_020_8__2883/S  -       CI->S  R     ADDFHX2        2  7.4    28    66     884    (-,-) 
  mul_125_62_g16568__6161/Y         -       B->Y   F     NOR2X2         2  5.9    28    18     902    (-,-) 
  mul_125_62_g16511__6417/Y         -       A->Y   R     NOR2X2         2  5.3    34    26     928    (-,-) 
  mul_125_62_g16496__5122/Y         -       A->Y   R     CLKAND2X2      1  3.4    13    25     954    (-,-) 
  mul_125_62_g16466__5122/Y         -       A1N->Y R     OAI2BB1X4      5 14.9    29    39     993    (-,-) 
  mul_125_62_g16324__8428/Y         -       D->Y   F     NAND4X6        1  6.5    44    31    1023    (-,-) 
  mul_125_62_g16294__3680/Y         -       A->Y   R     NAND2X8        6 16.7    22    17    1040    (-,-) 
  mul_125_62_g16293/Y               -       A->Y   F     INVX2          1  3.4    14    12    1053    (-,-) 
  mul_125_62_g16280__1666/Y         -       A1N->Y F     AOI2BB1X4      4  9.3    22    38    1090    (-,-) 
  mul_125_62_g16253__6417/Y         -       A1->Y  R     OAI21X1        1  3.5    46    33    1123    (-,-) 
  mul_125_62_g16237__1705/Y         -       B->Y   F     XNOR2X1        1  3.2    20    34    1157    (-,-) 
  g1172__6417/Y                     -       A->Y   F     MX2X1          1  4.3    27    40    1196    (-,-) 
  fopt1205/Y                        -       A->Y   F     BUFX12         1 47.9    30    33    1230    (-,-) 
  writeback_value_o[5]              <<<     -      F     (port)         -    -     -     0    1230    (-,-) 
#-----------------------------------------------------------------------------------------------------------

