============================================================
  Generated by:           Genus(TM) Synthesis Solution 21.18-s082_1
  Generated on:           Oct 29 2025  05:36:36 pm
  Module:                 biriscv_multiplier
  Operating conditions:   PVT_0P9V_125C 
  Operating conditions:   PVT_1P32V_0C 
  Interconnect mode:      global
  Area mode:              physical library
============================================================

                                               Library 
   Gate     Instances    Area       Library     Domain 
-------------------------------------------------------
ADDFHX1            23   173.052    fast_vdd1v2    best 
ADDFHX2            20   164.160    fast_vdd1v2    best 
ADDFHX4             1     9.576    fast_vdd1v2    best 
ADDFX1            437  2241.810    fast_vdd1v2    best 
ADDHX1             26    97.812    fast_vdd1v2    best 
AND2X1             25    34.200    fast_vdd1v2    best 
AND2X2              7    11.970    fast_vdd1v2    best 
AND2X6              5    18.810    fast_vdd1v2    best 
AND2X8              1     4.446    fast_vdd1v2    best 
AND3X1              1     2.394    fast_vdd1v2    best 
AND3X2              1     2.736    fast_vdd1v2    best 
AO21X1             12    28.728    fast_vdd1v2    best 
AO22X1             31    84.816    fast_vdd1v2    best 
AO22X4             15    56.430    fast_vdd1v2    best 
AOI21X1             9    15.390    fast_vdd1v2    best 
AOI21X2             6    16.416    fast_vdd1v2    best 
AOI21X4             7    35.910    fast_vdd1v2    best 
AOI221X1            1     2.394    fast_vdd1v2    best 
AOI221X2            3    13.338    fast_vdd1v2    best 
AOI221X4            1     7.866    fast_vdd1v2    best 
AOI22X1             1     2.052    fast_vdd1v2    best 
AOI2BB1X2           4    12.312    fast_vdd1v2    best 
AOI2BB1X4           7    28.728    fast_vdd1v2    best 
AOI31X4             1     6.498    fast_vdd1v2    best 
BUFX12             30   153.900    fast_vdd1v2    best 
BUFX16              1     6.840    fast_vdd1v2    best 
BUFX2               4     6.840    fast_vdd1v2    best 
BUFX20              3    24.624    fast_vdd1v2    best 
BUFX3               8    16.416    fast_vdd1v2    best 
BUFX6              16    49.248    fast_vdd1v2    best 
BUFX8               2     7.524    fast_vdd1v2    best 
CLKAND2X12          5    37.620    fast_vdd1v2    best 
CLKAND2X2           5    10.260    fast_vdd1v2    best 
CLKAND2X3           4    12.312    fast_vdd1v2    best 
CLKAND2X4           1     3.420    fast_vdd1v2    best 
CLKAND2X6           5    23.940    fast_vdd1v2    best 
CLKBUFX12           1     5.130    fast_vdd1v2    best 
CLKBUFX16           1     6.840    fast_vdd1v2    best 
CLKBUFX2           14    23.940    fast_vdd1v2    best 
CLKINVX12          62   254.448    fast_vdd1v2    best 
CLKINVX16          12    65.664    fast_vdd1v2    best 
CLKINVX2            2     2.736    fast_vdd1v2    best 
CLKINVX20          11    71.478    fast_vdd1v2    best 
CLKINVX4           63   107.730    fast_vdd1v2    best 
CLKINVX6           67   160.398    fast_vdd1v2    best 
CLKINVX8           56   172.368    fast_vdd1v2    best 
CLKMX2X2            8    24.624    fast_vdd1v2    best 
CLKMX2X3            3    12.312    fast_vdd1v2    best 
CLKMX2X4            2     8.208    fast_vdd1v2    best 
CLKMX2X6            2     8.892    fast_vdd1v2    best 
CLKXOR2X1          53   145.008    fast_vdd1v2    best 
INVX1             115    78.660    fast_vdd1v2    best 
INVX2              47    48.222    fast_vdd1v2    best 
INVX3              29    39.672    fast_vdd1v2    best 
INVXL              18    12.312    fast_vdd1v2    best 
MX2X1               8    19.152    fast_vdd1v2    best 
MXI2X2              1     4.446    fast_vdd1v2    best 
MXI2X6              2    10.260    fast_vdd1v2    best 
MXI2X8              1     6.156    fast_vdd1v2    best 
NAND2BX1           31    42.408    fast_vdd1v2    best 
NAND2BX2            3     7.182    fast_vdd1v2    best 
NAND2BX4           19    71.478    fast_vdd1v2    best 
NAND2X1            40    41.040    fast_vdd1v2    best 
NAND2X2            35    59.850    fast_vdd1v2    best 
NAND2X4            32   109.440    fast_vdd1v2    best 
NAND2X6            17    81.396    fast_vdd1v2    best 
NAND2X8             8    43.776    fast_vdd1v2    best 
NAND3BX2            1     3.078    fast_vdd1v2    best 
NAND3BX4            2    10.260    fast_vdd1v2    best 
NAND3X4             7    33.516    fast_vdd1v2    best 
NAND3X6             4    28.728    fast_vdd1v2    best 
NAND4X6             1     8.550    fast_vdd1v2    best 
NOR2BX1            14    19.152    fast_vdd1v2    best 
NOR2BX2             5    13.680    fast_vdd1v2    best 
NOR2BX4             3    11.286    fast_vdd1v2    best 
NOR2X1             60    61.560    fast_vdd1v2    best 
NOR2X2             23    39.330    fast_vdd1v2    best 
NOR2X4             43   132.354    fast_vdd1v2    best 
NOR2X6             16    65.664    fast_vdd1v2    best 
NOR2X8              6    32.832    fast_vdd1v2    best 
NOR3BX4             1     5.814    fast_vdd1v2    best 
NOR3X4              1     5.130    fast_vdd1v2    best 
NOR3X6              1     7.182    fast_vdd1v2    best 
NOR3X8              1     8.892    fast_vdd1v2    best 
OA21X1              7    14.364    fast_vdd1v2    best 
OA22X1              3     7.182    fast_vdd1v2    best 
OAI211X2           14    57.456    fast_vdd1v2    best 
OAI211X4            1     6.498    fast_vdd1v2    best 
OAI21X1            13    22.230    fast_vdd1v2    best 
OAI21X2            13    40.014    fast_vdd1v2    best 
OAI21X4            18    86.184    fast_vdd1v2    best 
OAI22X1           336   689.472    fast_vdd1v2    best 
OAI22X2            92   314.640    fast_vdd1v2    best 
OAI22X4             7    45.486    fast_vdd1v2    best 
OAI2BB1X1          29    49.590    fast_vdd1v2    best 
OAI2BB1X2          14    43.092    fast_vdd1v2    best 
OAI2BB1X4           6    26.676    fast_vdd1v2    best 
OAI2BB2X1           3    12.312    fast_vdd1v2    best 
OAI31X1             4     8.208    fast_vdd1v2    best 
OAI31X4             1     6.840    fast_vdd1v2    best 
OAI32X1             9    21.546    fast_vdd1v2    best 
OAI32X2             4    17.784    fast_vdd1v2    best 
OAI32X4             1     8.208    fast_vdd1v2    best 
OR2X1              41    56.088    fast_vdd1v2    best 
OR2X2               6    10.260    fast_vdd1v2    best 
OR2X4               2     5.472    fast_vdd1v2    best 
OR2X6               2     7.524    fast_vdd1v2    best 
XNOR2X1           521  1247.274    fast_vdd1v2    best 
XNOR2X2             2     6.156    fast_vdd1v2    best 
XNOR2X4             1     3.762    fast_vdd1v2    best 
-------------------------------------------------------
total            2831  8471.340                


                                         
     Type      Instances   Area   Area % 
-----------------------------------------
inverter             482 1013.688   12.0 
buffer                80  301.302    3.6 
logic               2269 7156.350   84.5 
physical_cells         0    0.000    0.0 
-----------------------------------------
total               2831 8471.340  100.0 

