============================================================
  Generated by:           Genus(TM) Synthesis Solution 21.19-s055_1
  Generated on:           Oct 30 2025  09:35:43 am
  Module:                 biriscv_multiplier
  Operating conditions:   PVT_0P9V_125C 
  Operating conditions:   PVT_1P32V_0C 
  Interconnect mode:      global
  Area mode:              physical library
============================================================


Path 1: VIOLATED (-16 ps) Late External Delay Assertion at pin writeback_value_o[11]
          Group: clk_i
     Startpoint: (R) Add_L2_s_p2_r_reg[1][27]/CK
          Clock: (R) clk_i
       Endpoint: (F) writeback_value_o[11]
          Clock: (R) clk_i

                     Capture       Launch     
        Clock Edge:+     770            0     
       Src Latency:+       0            0     
       Net Latency:+     100 (I)      100 (I) 
           Arrival:=     870          100     
                                              
      Output Delay:-     300                  
       Uncertainty:-      50                  
     Required Time:=     520                  
      Launch Clock:-     100                  
         Data Path:-     436                  
             Slack:=     -16                  

Exceptions/Constraints:
  output_delay             300             biriscv_multiplier.s_line_35_117_1 

#--------------------------------------------------------------------------------------------------------------------
#                Timing Point                 Flags   Arc   Edge   Cell     Fanout Load Trans Delay Arrival Instance 
#                                                                                  (fF)  (ps)  (ps)   (ps)  Location 
#--------------------------------------------------------------------------------------------------------------------
  Add_L2_s_p2_r_reg[1][27]/CK                 -       -     R     (arrival)    994    -     0     0     100    (-,-) 
  Add_L2_s_p2_r_reg[1][27]/Q                  -       CK->Q F     DFFQX4         2  6.2    12    45     145    (-,-) 
  WALLACE_CSA_DUMMY_OP_groupi_cdnfadd_027_0/S -       B->S  R     ADDFHX1        1  4.0    26    58     203    (-,-) 
  WALLACE_CSA_DUMMY_OP_groupi_cdnfadd_027_1/S -       CI->S F     ADDFHX1        2  5.6    34    59     262    (-,-) 
  WALLACE_CSA_DUMMY_OP_groupi_g4161/Y         -       B->Y  F     OR2X6          2 10.0    17    33     295    (-,-) 
  WALLACE_CSA_DUMMY_OP_groupi_g4126/Y         -       A->Y  R     CLKINVX6       2  6.8    10     9     304    (-,-) 
  WALLACE_CSA_DUMMY_OP_groupi_g4012/Y         -       A1->Y F     OAI21X4        1  4.7    24    17     321    (-,-) 
  WALLACE_CSA_DUMMY_OP_groupi_g3984/Y         -       B0->Y R     AOI21X4        2  7.5    29    22     343    (-,-) 
  WALLACE_CSA_DUMMY_OP_groupi_g3914/Y         -       A1->Y F     OAI21X4        1  6.4    27    22     364    (-,-) 
  WALLACE_CSA_DUMMY_OP_groupi_g3882/Y         -       B->Y  R     NOR2X8         4 18.0    31    22     386    (-,-) 
  WALLACE_CSA_DUMMY_OP_groupi_fopt3/Y         -       A->Y  F     CLKINVX8      11 33.6    32    22     408    (-,-) 
  WALLACE_CSA_DUMMY_OP_groupi_fopt2/Y         -       A->Y  F     BUFX6          4 15.2    20    26     434    (-,-) 
  WALLACE_CSA_DUMMY_OP_groupi_g3844/Y         -       A1->Y R     AOI21X4        1  3.5    20    16     450    (-,-) 
  WALLACE_CSA_DUMMY_OP_groupi_g3784/Y         -       B->Y  F     XNOR2X2        1  4.7    20    35     486    (-,-) 
  g38428__2883/Y                              -       B1->Y R     AOI22X4        1  9.0    59    24     510    (-,-) 
  fopt38441/Y                                 -       A->Y  F     CLKINVX12      1 47.9    34    26     535    (-,-) 
  writeback_value_o[11]                       <<<     -     F     (port)         -    -     -     0     536    (-,-) 
#--------------------------------------------------------------------------------------------------------------------

