============================================================
  Generated by:           Genus(TM) Synthesis Solution 21.19-s055_1
  Generated on:           Oct 30 2025  09:35:43 am
  Module:                 biriscv_multiplier
  Operating conditions:   PVT_0P9V_125C 
  Operating conditions:   PVT_1P32V_0C 
  Interconnect mode:      global
  Area mode:              physical library
============================================================

Timing
--------

Clock Period 
-------------
clk_i  770.0 


  Cost    Critical            Violating 
 Group   Path Slack    TNS      Paths   
----------------------------------------
clk_i         -15.8   -328.0         30 
default    No paths      0.0            
----------------------------------------
Total                 -328.0         30 

Instance Count
--------------
Leaf Instance Count             5811 
Physical Instance count            0 
Sequential Instance Count        994 
Combinational Instance Count    4817 
Hierarchical Instance Count        0 

Area
----
Cell Area                          17751.510
Physical Cell Area                 0.000
Total Cell Area (Cell+Physical)    17751.510
Net Area                           7856.421
Total Area (Cell+Physical+Net)     25607.931

Max Fanout                         994 (clk_i)
Min Fanout                         1 (Add_L2_s[0][2])
Average Fanout                     2.6
Terms to net ratio                 3.5485
Terms to instance ratio            3.8789
Runtime                            164.65534799999998 seconds
Elapsed Runtime                    166 seconds
Genus peak memory usage            1976.12 
Innovus peak memory usage          no_value 
Hostname                           localhost
