============================================================
  Generated by:           Genus(TM) Synthesis Solution 21.19-s055_1
  Generated on:           Oct 30 2025  09:35:43 am
  Module:                 biriscv_multiplier
  Operating conditions:   PVT_0P9V_125C 
  Operating conditions:   PVT_1P32V_0C 
  Interconnect mode:      global
  Area mode:              physical library
============================================================

                                                Library 
   Gate     Instances    Area        Library     Domain 
--------------------------------------------------------
ADDFHX1            39    293.436    fast_vdd1v2    best 
ADDFHX2            17    139.536    fast_vdd1v2    best 
ADDFHX4             1      9.576    fast_vdd1v2    best 
ADDFX1            408   2093.040    fast_vdd1v2    best 
ADDHX1             14     52.668    fast_vdd1v2    best 
ADDHX2              3     15.390    fast_vdd1v2    best 
ADDHX4              1      7.182    fast_vdd1v2    best 
AND2X1            169    231.192    fast_vdd1v2    best 
AND2X2              2      3.420    fast_vdd1v2    best 
AND2X4              6     16.416    fast_vdd1v2    best 
AND2X6              3     11.286    fast_vdd1v2    best 
AND2X8              3     13.338    fast_vdd1v2    best 
AND3X2             13     35.568    fast_vdd1v2    best 
AND3X4             11     33.858    fast_vdd1v2    best 
AND3X6              1      4.446    fast_vdd1v2    best 
AND3XL              3      6.156    fast_vdd1v2    best 
AND4X1              2      4.788    fast_vdd1v2    best 
AO21X1             27     64.638    fast_vdd1v2    best 
AO21X2              7     19.152    fast_vdd1v2    best 
AO21X4              5     17.100    fast_vdd1v2    best 
AO22X1              1      2.736    fast_vdd1v2    best 
AOI211X1            1      2.394    fast_vdd1v2    best 
AOI211X4            4     25.992    fast_vdd1v2    best 
AOI21X1           114    194.940    fast_vdd1v2    best 
AOI21X2            31     84.816    fast_vdd1v2    best 
AOI21X4            32    164.160    fast_vdd1v2    best 
AOI221X1            5     11.970    fast_vdd1v2    best 
AOI221X2            2      8.892    fast_vdd1v2    best 
AOI221X4            1      7.866    fast_vdd1v2    best 
AOI222X1          459   1412.802    fast_vdd1v2    best 
AOI22X1            48     98.496    fast_vdd1v2    best 
AOI22X4            31    190.836    fast_vdd1v2    best 
AOI22XL             1      2.052    fast_vdd1v2    best 
AOI2BB1X1          11     22.572    fast_vdd1v2    best 
AOI2BB1X2           7     21.546    fast_vdd1v2    best 
AOI2BB1X4           9     36.936    fast_vdd1v2    best 
AOI2BB1XL           1      2.052    fast_vdd1v2    best 
AOI2BB2X1           1      3.420    fast_vdd1v2    best 
AOI31X1            18     36.936    fast_vdd1v2    best 
AOI31X2             1      3.420    fast_vdd1v2    best 
AOI31X4             9     58.482    fast_vdd1v2    best 
AOI32X1            13     31.122    fast_vdd1v2    best 
AOI32X2             1      4.446    fast_vdd1v2    best 
BUFX12              1      5.130    fast_vdd1v2    best 
BUFX16              1      6.840    fast_vdd1v2    best 
BUFX2              61    104.310    fast_vdd1v2    best 
BUFX3              15     30.780    fast_vdd1v2    best 
BUFX6               4     12.312    fast_vdd1v2    best 
CLKAND2X12          3     22.572    fast_vdd1v2    best 
CLKAND2X2           4      8.208    fast_vdd1v2    best 
CLKAND2X3           3      9.234    fast_vdd1v2    best 
CLKAND2X6          14     67.032    fast_vdd1v2    best 
CLKAND2X8           2     11.628    fast_vdd1v2    best 
CLKBUFX12           1      5.130    fast_vdd1v2    best 
CLKBUFX3            1      2.052    fast_vdd1v2    best 
CLKBUFX6            1      3.078    fast_vdd1v2    best 
CLKINVX12          30    123.120    fast_vdd1v2    best 
CLKINVX20           3     19.494    fast_vdd1v2    best 
CLKINVX3            1      1.710    fast_vdd1v2    best 
CLKINVX4           52     88.920    fast_vdd1v2    best 
CLKINVX6           46    110.124    fast_vdd1v2    best 
CLKINVX8           45    138.510    fast_vdd1v2    best 
CLKXOR2X1          15     41.040    fast_vdd1v2    best 
CLKXOR2X2           1      3.420    fast_vdd1v2    best 
DFFHQX1           790   4322.880    fast_vdd1v2    best 
DFFHQX4             1      8.208    fast_vdd1v2    best 
DFFQX2             68    441.864    fast_vdd1v2    best 
DFFQX4            112    804.384    fast_vdd1v2    best 
DFFQXL             23    125.856    fast_vdd1v2    best 
INVX1             200    136.800    fast_vdd1v2    best 
INVX16              1      5.472    fast_vdd1v2    best 
INVX2              61     62.586    fast_vdd1v2    best 
INVX3              23     31.464    fast_vdd1v2    best 
INVX4               1      1.710    fast_vdd1v2    best 
INVX8               1      3.078    fast_vdd1v2    best 
INVXL               3      2.052    fast_vdd1v2    best 
MXI2X2              1      4.446    fast_vdd1v2    best 
MXI2X4              3     15.390    fast_vdd1v2    best 
MXI2X6              3     15.390    fast_vdd1v2    best 
MXI2X8              1      6.156    fast_vdd1v2    best 
MXI2XL            210    502.740    fast_vdd1v2    best 
NAND2BX1           71     97.128    fast_vdd1v2    best 
NAND2BX4            9     33.858    fast_vdd1v2    best 
NAND2X1           202    207.252    fast_vdd1v2    best 
NAND2X2            33     56.430    fast_vdd1v2    best 
NAND2X4            30    102.600    fast_vdd1v2    best 
NAND2X6            26    124.488    fast_vdd1v2    best 
NAND2X8             5     27.360    fast_vdd1v2    best 
NAND3BX1            4      8.208    fast_vdd1v2    best 
NAND3BX2            2      6.156    fast_vdd1v2    best 
NAND3BX4            1      5.130    fast_vdd1v2    best 
NAND3BXL            1      1.710    fast_vdd1v2    best 
NAND3X1             5      8.550    fast_vdd1v2    best 
NAND3X2             3      8.208    fast_vdd1v2    best 
NAND3X4             4     19.152    fast_vdd1v2    best 
NAND3X6             1      7.182    fast_vdd1v2    best 
NAND4BX1            2      4.788    fast_vdd1v2    best 
NAND4X1             1      2.052    fast_vdd1v2    best 
NOR2BX1           127    173.736    fast_vdd1v2    best 
NOR2BX2             3      8.208    fast_vdd1v2    best 
NOR2BX4             3     11.286    fast_vdd1v2    best 
NOR2BXL             1      1.710    fast_vdd1v2    best 
NOR2X1            355    364.230    fast_vdd1v2    best 
NOR2X2             43     73.530    fast_vdd1v2    best 
NOR2X4             32     98.496    fast_vdd1v2    best 
NOR2X6             27    110.808    fast_vdd1v2    best 
NOR2X8              6     32.832    fast_vdd1v2    best 
NOR2XL              2      2.052    fast_vdd1v2    best 
NOR3BX1             7     14.364    fast_vdd1v2    best 
NOR3X1              8     13.680    fast_vdd1v2    best 
NOR3X2              3      8.208    fast_vdd1v2    best 
NOR3X4              4     20.520    fast_vdd1v2    best 
NOR3X6              3     21.546    fast_vdd1v2    best 
NOR3X8              1      8.892    fast_vdd1v2    best 
OA21X1             33     67.716    fast_vdd1v2    best 
OA21X2              2      6.156    fast_vdd1v2    best 
OA22X1              1      2.394    fast_vdd1v2    best 
OAI211X1           28     47.880    fast_vdd1v2    best 
OAI211X2            2      8.208    fast_vdd1v2    best 
OAI211XL            1      2.052    fast_vdd1v2    best 
OAI21X1            58     99.180    fast_vdd1v2    best 
OAI21X2            46    141.588    fast_vdd1v2    best 
OAI21X4            29    138.852    fast_vdd1v2    best 
OAI221X1          473   1132.362    fast_vdd1v2    best 
OAI2BB1X1         328    560.880    fast_vdd1v2    best 
OAI2BB1X2          12     36.936    fast_vdd1v2    best 
OAI2BB1X4          14     62.244    fast_vdd1v2    best 
OAI2BB2X2           1      5.472    fast_vdd1v2    best 
OAI31X1             2      4.104    fast_vdd1v2    best 
OR2X1             102    139.536    fast_vdd1v2    best 
OR2X2               8     13.680    fast_vdd1v2    best 
OR2X4              19     51.984    fast_vdd1v2    best 
OR2X6              15     56.430    fast_vdd1v2    best 
OR2X8               2      8.892    fast_vdd1v2    best 
OR3X1               5     10.260    fast_vdd1v2    best 
OR3X4              12     36.936    fast_vdd1v2    best 
OR4X1               1      2.052    fast_vdd1v2    best 
OR4X4               1      3.762    fast_vdd1v2    best 
XNOR2X1           215    514.710    fast_vdd1v2    best 
XNOR2X2            31     95.418    fast_vdd1v2    best 
XNOR2X4             3     11.286    fast_vdd1v2    best 
--------------------------------------------------------
total            5811  17751.510                


                                          
     Type      Instances    Area   Area % 
------------------------------------------
sequential           994  5703.192   32.1 
inverter             467   725.040    4.1 
buffer                85   169.632    1.0 
logic               4265 11153.646   62.8 
physical_cells         0     0.000    0.0 
------------------------------------------
total               5811 17751.510  100.0 

