============================================================
  Generated by:           Genus(TM) Synthesis Solution 21.19-s055_1
  Generated on:           Nov 30 2025  12:29:08 pm
  Module:                 biriscv_divider
  Operating conditions:   PVT_0P9V_125C 
  Operating conditions:   PVT_1P32V_0C 
  Interconnect mode:      global
  Area mode:              physical library
============================================================

                                               Library 
   Gate     Instances    Area       Library     Domain 
-------------------------------------------------------
ADDHX1              9    33.858    slow_vdd1v0   worst 
ADDHX2              2    10.260    slow_vdd1v0   worst 
ADDHX4              1     7.182    slow_vdd1v0   worst 
AND2X1             58    79.344    slow_vdd1v0   worst 
AND2X2              2     3.420    slow_vdd1v0   worst 
AND2X4              9    24.624    slow_vdd1v0   worst 
AND2X6              1     3.762    slow_vdd1v0   worst 
AO21X1              1     2.394    slow_vdd1v0   worst 
AO21X2              1     2.736    slow_vdd1v0   worst 
AO21X4              1     3.420    slow_vdd1v0   worst 
AO22X1             58   158.688    slow_vdd1v0   worst 
AO22X4              4    15.048    slow_vdd1v0   worst 
AOI211X4           31   201.438    slow_vdd1v0   worst 
AOI21X1             3     5.130    slow_vdd1v0   worst 
AOI21X2            12    32.832    slow_vdd1v0   worst 
AOI21X4             3    15.390    slow_vdd1v0   worst 
AOI221X4            1     7.866    slow_vdd1v0   worst 
AOI222X1            1     3.078    slow_vdd1v0   worst 
AOI222X2           27   147.744    slow_vdd1v0   worst 
AOI22X1            26    53.352    slow_vdd1v0   worst 
AOI22X2            22    82.764    slow_vdd1v0   worst 
AOI22X4            15    92.340    slow_vdd1v0   worst 
AOI2BB1X1           3     6.156    slow_vdd1v0   worst 
AOI2BB1X2           4    12.312    slow_vdd1v0   worst 
AOI2BB2X2           1     5.130    slow_vdd1v0   worst 
BUFX12              1     5.130    slow_vdd1v0   worst 
BUFX2               4     6.840    slow_vdd1v0   worst 
BUFX20              1     8.208    slow_vdd1v0   worst 
BUFX3               2     4.104    slow_vdd1v0   worst 
BUFX8              33   124.146    slow_vdd1v0   worst 
CLKAND2X12          5    37.620    slow_vdd1v0   worst 
CLKAND2X2          13    26.676    slow_vdd1v0   worst 
CLKAND2X3          11    33.858    slow_vdd1v0   worst 
CLKAND2X6          16    76.608    slow_vdd1v0   worst 
CLKAND2X8           3    17.442    slow_vdd1v0   worst 
CLKBUFX16           1     6.840    slow_vdd1v0   worst 
CLKBUFX2            2     3.420    slow_vdd1v0   worst 
CLKINVX12          10    41.040    slow_vdd1v0   worst 
CLKINVX16           5    27.360    slow_vdd1v0   worst 
CLKINVX20           3    19.494    slow_vdd1v0   worst 
CLKINVX3            1     1.710    slow_vdd1v0   worst 
CLKINVX4            6    10.260    slow_vdd1v0   worst 
CLKINVX6            6    14.364    slow_vdd1v0   worst 
CLKMX2X3           55   225.720    slow_vdd1v0   worst 
CLKXOR2X1          58   158.688    slow_vdd1v0   worst 
DFFRHQX1          131   806.436    slow_vdd1v0   worst 
DFFRHQX2            2    15.732    slow_vdd1v0   worst 
DFFRHQX4           55   526.680    slow_vdd1v0   worst 
DFFRX1             33   225.720    slow_vdd1v0   worst 
DFFRX2             28   210.672    slow_vdd1v0   worst 
DFFRX4             13   124.488    slow_vdd1v0   worst 
DFFRXL              1     8.550    slow_vdd1v0   worst 
INVX1              80    54.720    slow_vdd1v0   worst 
INVX12              1     4.104    slow_vdd1v0   worst 
INVX2               8     8.208    slow_vdd1v0   worst 
INVX3               5     6.840    slow_vdd1v0   worst 
MX2X1              14    33.516    slow_vdd1v0   worst 
NAND2BX1           22    30.096    slow_vdd1v0   worst 
NAND2BX2            1     2.394    slow_vdd1v0   worst 
NAND2BX4            7    26.334    slow_vdd1v0   worst 
NAND2X1            53    54.378    slow_vdd1v0   worst 
NAND2X2            57    97.470    slow_vdd1v0   worst 
NAND2X4            41   140.220    slow_vdd1v0   worst 
NAND2X6            17    81.396    slow_vdd1v0   worst 
NAND2X8             6    32.832    slow_vdd1v0   worst 
NAND3BX2           10    30.780    slow_vdd1v0   worst 
NAND3X2            13    35.568    slow_vdd1v0   worst 
NOR2BX1            17    23.256    slow_vdd1v0   worst 
NOR2BX2            14    38.304    slow_vdd1v0   worst 
NOR2BX4            31   116.622    slow_vdd1v0   worst 
NOR2X1             82    84.132    slow_vdd1v0   worst 
NOR2X2             82   140.220    slow_vdd1v0   worst 
NOR2X4             93   286.254    slow_vdd1v0   worst 
NOR2X6             14    57.456    slow_vdd1v0   worst 
NOR2X8             11    60.192    slow_vdd1v0   worst 
NOR3X2              1     2.736    slow_vdd1v0   worst 
NOR3X4              1     5.130    slow_vdd1v0   worst 
NOR3X6              2    14.364    slow_vdd1v0   worst 
NOR3X8              1     8.892    slow_vdd1v0   worst 
NOR4X2              7    23.940    slow_vdd1v0   worst 
OA21X1              6    12.312    slow_vdd1v0   worst 
OA22X1              3     7.182    slow_vdd1v0   worst 
OAI211X4           30   194.940    slow_vdd1v0   worst 
OAI21X1             1     1.710    slow_vdd1v0   worst 
OAI21X2             7    21.546    slow_vdd1v0   worst 
OAI21X4             9    43.092    slow_vdd1v0   worst 
OAI22X2             4    13.680    slow_vdd1v0   worst 
OAI22X4            19   123.462    slow_vdd1v0   worst 
OAI2BB1X1           3     5.130    slow_vdd1v0   worst 
OAI2BB1X2           2     6.156    slow_vdd1v0   worst 
OAI2BB1X4          33   146.718    slow_vdd1v0   worst 
OAI2BB2X1           1     4.104    slow_vdd1v0   worst 
OR2X1              35    47.880    slow_vdd1v0   worst 
OR2X2               5     8.550    slow_vdd1v0   worst 
OR2X4               9    24.624    slow_vdd1v0   worst 
OR2X6               6    22.572    slow_vdd1v0   worst 
OR2X8               1     4.446    slow_vdd1v0   worst 
OR3X1               2     4.104    slow_vdd1v0   worst 
OR3X4               1     3.078    slow_vdd1v0   worst 
OR4X1              10    20.520    slow_vdd1v0   worst 
OR4X6               1     5.472    slow_vdd1v0   worst 
XNOR2X1           151   361.494    slow_vdd1v0   worst 
XNOR2X2             1     3.078    slow_vdd1v0   worst 
-------------------------------------------------------
total            1826  6364.278                


                                         
     Type      Instances   Area   Area % 
-----------------------------------------
sequential           263 1918.278   30.1 
inverter             125  188.100    3.0 
buffer                44  158.688    2.5 
logic               1394 4099.212   64.4 
physical_cells         0    0.000    0.0 
-----------------------------------------
total               1826 6364.278  100.0 

