============================================================
  Generated by:           Genus(TM) Synthesis Solution 21.19-s055_1
  Generated on:           Nov 30 2025  12:29:08 pm
  Module:                 biriscv_divider
  Operating conditions:   PVT_0P9V_125C 
  Operating conditions:   PVT_1P32V_0C 
  Interconnect mode:      global
  Area mode:              physical library
============================================================


Path 1: VIOLATED (-349 ps) Setup Check with Pin quotient_q_reg[16]/CK->D
          Group: clk_i
     Startpoint: (F) opcode_rb_operand_i[3]
          Clock: (R) clk_i
       Endpoint: (R) quotient_q_reg[16]/D
          Clock: (R) clk_i

                     Capture       Launch     
        Clock Edge:+    2000            0     
        Drv Adjust:+       0            0     
       Src Latency:+       0            0     
       Net Latency:+     100 (I)      100 (I) 
           Arrival:=    2100          100     
                                              
             Setup:-     169                  
       Uncertainty:-      50                  
     Required Time:=    1881                  
      Launch Clock:-     100                  
       Input Delay:-     300                  
         Data Path:-    1829                  
             Slack:=    -349                  

Exceptions/Constraints:
  input_delay             300             biriscv_divider.sdc_line_30_142_1 

#-----------------------------------------------------------------------------------------------
#     Timing Point       Flags   Arc   Edge   Cell     Fanout Load Trans Delay Arrival Instance 
#                                                             (fF)  (ps)  (ps)   (ps)  Location 
#-----------------------------------------------------------------------------------------------
  opcode_rb_operand_i[3] -       -     F     (arrival)      6 11.8   252     0     400    (-,-) 
  g31800__5115/Y         -       B->Y  R     XNOR2X1        1  4.5   111   298     698    (-,-) 
  g31646__6260/Y         -       A->Y  F     NAND2X4        1  3.6    96   120     818    (-,-) 
  g31617__6260/Y         -       A->Y  F     OR2X6          1  3.6    46   169     986    (-,-) 
  g31470__5526/Y         -       A->Y  F     OR4X6          1  5.8    90   324    1310    (-,-) 
  g31427__4319/Y         -       B->Y  R     NOR2X8         1  6.1    68    77    1387    (-,-) 
  g31389__6161/Y         -       B->Y  F     NAND2X8        1  5.8    84    84    1471    (-,-) 
  g31386__7482/Y         -       B->Y  R     NOR2X8         2 10.0    87    86    1558    (-,-) 
  g31380/Y               -       A->Y  F     CLKINVX6       1  5.8    49    66    1623    (-,-) 
  g31356__4319/Y         -       B->Y  R     NOR2X8         1  3.7    49    53    1676    (-,-) 
  g31342__6260/Y         -       B->Y  R     OR2X6          5 19.5    86   121    1797    (-,-) 
  g30831__5526/Y         -       B->Y  F     NOR2X8         9 26.5   130   101    1898    (-,-) 
  g30815/Y               -       A->Y  R     CLKINVX20     32 70.5   108   113    2011    (-,-) 
  g30814/Y               -       A->Y  F     CLKINVX16     16 48.4   114   106    2117    (-,-) 
  g30746__4733/Y         -       A1->Y R     OAI22X4        1  3.1   103   112    2229    (-,-) 
  quotient_q_reg[16]/D   <<<     -     R     DFFRX2         1    -     -     0    2229    (-,-) 
#-----------------------------------------------------------------------------------------------

