============================================================
  Generated by:           Genus(TM) Synthesis Solution 21.19-s055_1
  Generated on:           Nov 30 2025  12:29:08 pm
  Module:                 biriscv_divider
  Operating conditions:   PVT_0P9V_125C 
  Operating conditions:   PVT_1P32V_0C 
  Interconnect mode:      global
  Area mode:              physical library
============================================================

Timing
--------

Clock Period 
-------------
clk_i 2000.0 


  Cost    Critical              Violating 
 Group   Path Slack     TNS       Paths   
------------------------------------------
clk_i        -348.6   -57750.8        229 
default    No paths        0.0            
------------------------------------------
Total                 -57750.8        229 

Instance Count
--------------
Leaf Instance Count             1826 
Physical Instance count            0 
Sequential Instance Count        263 
Combinational Instance Count    1563 
Hierarchical Instance Count        0 

Area
----
Cell Area                          6364.278
Physical Cell Area                 0.000
Total Cell Area (Cell+Physical)    6364.278
Net Area                           2207.381
Total Area (Cell+Physical+Net)     8571.659

Max Fanout                         263 (clk_i)
Min Fanout                         0 (n_142)
Average Fanout                     2.1
Terms to net ratio                 3.1991
Terms to instance ratio            3.5197
Runtime                            67.25214699999997 seconds
Elapsed Runtime                    67 seconds
Genus peak memory usage            1748.33 
Innovus peak memory usage          no_value 
Hostname                           localhost
