============================================================
  Generated by:           Genus(TM) Synthesis Solution 21.19-s055_1
  Generated on:           Oct 29 2025  11:54:33 am
  Module:                 biriscv_multiplier
  Operating conditions:   PVT_0P9V_125C 
  Operating conditions:   PVT_1P32V_0C 
  Interconnect mode:      global
  Area mode:              physical library
============================================================

Timing
--------

Clock Period 
-------------
clk_i 3120.0 


  Cost    Critical         Violating 
 Group   Path Slack  TNS     Paths   
-------------------------------------
clk_i           9.0   0.0          0 
default    No paths   0.0            
-------------------------------------
Total                 0.0          0 

Instance Count
--------------
Leaf Instance Count             7205 
Physical Instance count            0 
Sequential Instance Count        994 
Combinational Instance Count    6211 
Hierarchical Instance Count        0 

Area
----
Cell Area                          21837.726
Physical Cell Area                 0.000
Total Cell Area (Cell+Physical)    21837.726
Net Area                           9112.481
Total Area (Cell+Physical+Net)     30950.207

Max Fanout                         994 (clk_i)
Min Fanout                         1 (Add_L2_s[0][2])
Average Fanout                     2.4
Terms to net ratio                 3.3585
Terms to instance ratio            3.6014
Runtime                            164.192942 seconds
Elapsed Runtime                    164 seconds
Genus peak memory usage            1978.02 
Innovus peak memory usage          no_value 
Hostname                           localhost
