============================================================
  Generated by:           Genus(TM) Synthesis Solution 21.19-s055_1
  Generated on:           Oct 29 2025  11:54:33 am
  Module:                 biriscv_multiplier
  Operating conditions:   PVT_0P9V_125C 
  Operating conditions:   PVT_1P32V_0C 
  Interconnect mode:      global
  Area mode:              physical library
============================================================

                                                Library 
   Gate     Instances    Area        Library     Domain 
--------------------------------------------------------
ADDFHX1            95    714.780    slow_vdd1v0   worst 
ADDFHX2           156   1280.448    slow_vdd1v0   worst 
ADDFX1            203   1041.390    slow_vdd1v0   worst 
ADDFX2              2     15.732    slow_vdd1v0   worst 
ADDHX1              3     11.286    slow_vdd1v0   worst 
ADDHX2              1      5.130    slow_vdd1v0   worst 
ADDHX4              1      7.182    slow_vdd1v0   worst 
AND2X1            173    236.664    slow_vdd1v0   worst 
AND2X2             17     29.070    slow_vdd1v0   worst 
AND2X4             29     79.344    slow_vdd1v0   worst 
AND2X6             38    142.956    slow_vdd1v0   worst 
AND2X8              1      4.446    slow_vdd1v0   worst 
AND3X6              4     17.784    slow_vdd1v0   worst 
AND3XL              4      8.208    slow_vdd1v0   worst 
AO21X1             27     64.638    slow_vdd1v0   worst 
AO21X4              2      6.840    slow_vdd1v0   worst 
AO22X1             17     46.512    slow_vdd1v0   worst 
AOI211X4            3     19.494    slow_vdd1v0   worst 
AOI21X1            87    148.770    slow_vdd1v0   worst 
AOI21X2            24     65.664    slow_vdd1v0   worst 
AOI21X4            73    374.490    slow_vdd1v0   worst 
AOI221X2           10     44.460    slow_vdd1v0   worst 
AOI221X4            5     39.330    slow_vdd1v0   worst 
AOI22X1           626   1284.552    slow_vdd1v0   worst 
AOI22X2            14     52.668    slow_vdd1v0   worst 
AOI22X4             9     55.404    slow_vdd1v0   worst 
AOI2BB1X1           5     10.260    slow_vdd1v0   worst 
AOI2BB1X2          22     67.716    slow_vdd1v0   worst 
AOI2BB1X4          66    270.864    slow_vdd1v0   worst 
AOI2BB2X1           1      3.420    slow_vdd1v0   worst 
AOI2BB2X2           2     10.260    slow_vdd1v0   worst 
BUFX12              4     20.520    slow_vdd1v0   worst 
BUFX16              2     13.680    slow_vdd1v0   worst 
BUFX2               3      5.130    slow_vdd1v0   worst 
BUFX3               3      6.156    slow_vdd1v0   worst 
BUFX4               1      2.394    slow_vdd1v0   worst 
BUFX6               3      9.234    slow_vdd1v0   worst 
CLKAND2X12          8     60.192    slow_vdd1v0   worst 
CLKAND2X2          46     94.392    slow_vdd1v0   worst 
CLKAND2X3          19     58.482    slow_vdd1v0   worst 
CLKAND2X6          58    277.704    slow_vdd1v0   worst 
CLKAND2X8           1      5.814    slow_vdd1v0   worst 
CLKBUFX12           1      5.130    slow_vdd1v0   worst 
CLKBUFX2           18     30.780    slow_vdd1v0   worst 
CLKBUFX20           1      8.208    slow_vdd1v0   worst 
CLKINVX12           5     20.520    slow_vdd1v0   worst 
CLKINVX16           4     21.888    slow_vdd1v0   worst 
CLKINVX20           6     38.988    slow_vdd1v0   worst 
CLKINVX4           21     35.910    slow_vdd1v0   worst 
CLKINVX6           39     93.366    slow_vdd1v0   worst 
CLKINVX8            9     27.702    slow_vdd1v0   worst 
CLKMX2X6           15     66.690    slow_vdd1v0   worst 
CLKXOR2X1         107    292.752    slow_vdd1v0   worst 
CLKXOR2X2           2      6.840    slow_vdd1v0   worst 
DFFHQX1           926   5067.072    slow_vdd1v0   worst 
DFFHQX2             8     54.720    slow_vdd1v0   worst 
DFFQX1              2     11.628    slow_vdd1v0   worst 
DFFQX2             14     90.972    slow_vdd1v0   worst 
DFFRHQX1            1      6.156    slow_vdd1v0   worst 
DFFTRX2            42    344.736    slow_vdd1v0   worst 
DFFTRXL             1      7.866    slow_vdd1v0   worst 
INVX1             205    140.220    slow_vdd1v0   worst 
INVX16              1      5.472    slow_vdd1v0   worst 
INVX2              75     76.950    slow_vdd1v0   worst 
INVX3              95    129.960    slow_vdd1v0   worst 
INVX6               3      7.182    slow_vdd1v0   worst 
INVX8               1      3.078    slow_vdd1v0   worst 
INVXL               1      0.684    slow_vdd1v0   worst 
MX2X1              44    105.336    slow_vdd1v0   worst 
MXI2X1             85    232.560    slow_vdd1v0   worst 
NAND2BX1           40     54.720    slow_vdd1v0   worst 
NAND2BX2           37     88.578    slow_vdd1v0   worst 
NAND2BX4            9     33.858    slow_vdd1v0   worst 
NAND2X1           188    192.888    slow_vdd1v0   worst 
NAND2X2            86    147.060    slow_vdd1v0   worst 
NAND2X4            95    324.900    slow_vdd1v0   worst 
NAND2X6            58    277.704    slow_vdd1v0   worst 
NAND2X8            14     76.608    slow_vdd1v0   worst 
NAND3BX4            1      5.130    slow_vdd1v0   worst 
NOR2BX1           101    138.168    slow_vdd1v0   worst 
NOR2BX2            11     30.096    slow_vdd1v0   worst 
NOR2BX4            11     41.382    slow_vdd1v0   worst 
NOR2X1            262    268.812    slow_vdd1v0   worst 
NOR2X2            127    217.170    slow_vdd1v0   worst 
NOR2X4            225    692.550    slow_vdd1v0   worst 
NOR2X6             99    406.296    slow_vdd1v0   worst 
NOR2X8              7     38.304    slow_vdd1v0   worst 
NOR2XL              1      1.026    slow_vdd1v0   worst 
NOR3BX1             1      2.052    slow_vdd1v0   worst 
NOR3X1              3      5.130    slow_vdd1v0   worst 
NOR3X2              1      2.736    slow_vdd1v0   worst 
NOR3X4              6     30.780    slow_vdd1v0   worst 
NOR3X6              3     21.546    slow_vdd1v0   worst 
NOR3X8              2     17.784    slow_vdd1v0   worst 
NOR4X4              1      6.498    slow_vdd1v0   worst 
OA21X1            828   1699.056    slow_vdd1v0   worst 
OA21X2              1      3.078    slow_vdd1v0   worst 
OA21X4              7     26.334    slow_vdd1v0   worst 
OA22X1             75    179.550    slow_vdd1v0   worst 
OAI211X4            1      6.498    slow_vdd1v0   worst 
OAI21X1            11     18.810    slow_vdd1v0   worst 
OAI21X2            60    184.680    slow_vdd1v0   worst 
OAI21X4           104    497.952    slow_vdd1v0   worst 
OAI2BB1X1         660   1128.600    slow_vdd1v0   worst 
OAI2BB1X2          16     49.248    slow_vdd1v0   worst 
OAI2BB1X4          11     48.906    slow_vdd1v0   worst 
OAI2BB2X2          13     71.136    slow_vdd1v0   worst 
OAI2BB2X4          13    111.150    slow_vdd1v0   worst 
OAI31X2             6     22.572    slow_vdd1v0   worst 
OAI31X4             4     27.360    slow_vdd1v0   worst 
OR2X1              88    120.384    slow_vdd1v0   worst 
OR2X2               9     15.390    slow_vdd1v0   worst 
OR2X4              44    120.384    slow_vdd1v0   worst 
OR2X6              43    161.766    slow_vdd1v0   worst 
OR3X1              25     51.300    slow_vdd1v0   worst 
OR3X4               2      6.156    slow_vdd1v0   worst 
OR3X6               1      4.788    slow_vdd1v0   worst 
OR4X1               6     12.312    slow_vdd1v0   worst 
OR4X6               1      5.472    slow_vdd1v0   worst 
XNOR2X1           149    356.706    slow_vdd1v0   worst 
XNOR2X2             7     21.546    slow_vdd1v0   worst 
XNOR2X4            23     86.526    slow_vdd1v0   worst 
XOR2X1              1      2.736    slow_vdd1v0   worst 
XOR2X4              7     28.728    slow_vdd1v0   worst 
--------------------------------------------------------
total            7205  21837.726                


                                          
     Type      Instances    Area   Area % 
------------------------------------------
sequential           994  5583.150   25.6 
inverter             465   601.920    2.8 
buffer                36   101.232    0.5 
logic               5710 15551.424   71.2 
physical_cells         0     0.000    0.0 
------------------------------------------
total               7205 21837.726  100.0 

