============================================================
  Generated by:           Genus(TM) Synthesis Solution 21.19-s055_1
  Generated on:           Oct 29 2025  11:54:33 am
  Module:                 biriscv_multiplier
  Operating conditions:   PVT_0P9V_125C 
  Operating conditions:   PVT_1P32V_0C 
  Interconnect mode:      global
  Area mode:              physical library
============================================================


Path 1: MET (9 ps) Setup Check with Pin pp_scaled_s_p1_r_reg[13][53]/CK->D
          Group: clk_i
     Startpoint: (F) opcode_ra_operand_i[17]
          Clock: (R) clk_i
       Endpoint: (F) pp_scaled_s_p1_r_reg[13][53]/D
          Clock: (R) clk_i

                     Capture       Launch     
        Clock Edge:+    3120            0     
        Drv Adjust:+       0            0     
       Src Latency:+       0            0     
       Net Latency:+     100 (I)      100 (I) 
           Arrival:=    3220          100     
                                              
             Setup:-     146                  
       Uncertainty:-      50                  
     Required Time:=    3024                  
      Launch Clock:-     100                  
       Input Delay:-     300                  
         Data Path:-    2615                  
             Slack:=       9                  

Exceptions/Constraints:
  input_delay             300             biriscv_multiplier.s_line_30_48_1 

#--------------------------------------------------------------------------------------------------------
#         Timing Point           Flags    Arc   Edge   Cell     Fanout Load Trans Delay Arrival Instance 
#                                                                      (fF)  (ps)  (ps)   (ps)  Location 
#--------------------------------------------------------------------------------------------------------
  opcode_ra_operand_i[17]        -       -      F     (arrival)     18 34.9   252     0     400    (-,-) 
  g78365/Y                       -       A->Y   F     CLKBUFX2       6 12.0   168   260     660    (-,-) 
  minus_114_27_g1200/Y           -       B->Y   F     OR4X6          2  4.8    87   365    1025    (-,-) 
  minus_114_27_g1195/Y           -       D->Y   F     OR4X1          1  3.1   112   272    1297    (-,-) 
  minus_114_27_g1174/Y           -       A->Y   F     OR2X2          4  8.9   139   243    1540    (-,-) 
  minus_114_27_g1164/Y           -       B->Y   R     NOR2X1         2  5.2   264   227    1766    (-,-) 
  minus_114_27_g1146/Y           -       AN->Y  R     NOR2BX1        2  5.2   267   327    2093    (-,-) 
  minus_114_27_g1134/Y           -       AN->Y  R     NOR2BX1        1  3.5   191   285    2378    (-,-) 
  minus_114_27_g1130/Y           -       B->Y   F     XNOR2X4       16 27.6   229   376    2755    (-,-) 
  g75442__4319/Y                 -       A1N->Y F     OAI2BB1X1      1  3.2   208   260    3015    (-,-) 
  pp_scaled_s_p1_r_reg[13][53]/D <<<     -      F     DFFHQX1        1    -     -     0    3015    (-,-) 
#--------------------------------------------------------------------------------------------------------

