============================================================
  Generated by:           Genus(TM) Synthesis Solution 21.19-s055_1
  Generated on:           Oct 30 2025  09:58:55 am
  Module:                 biriscv_multiplier
  Operating conditions:   PVT_0P9V_125C 
  Operating conditions:   PVT_1P32V_0C 
  Interconnect mode:      global
  Area mode:              physical library
============================================================


Path 1: MET (0 ps) Setup Check with Pin pp_scaled_s_p1_r_reg[3][8]/CK->D
          Group: clk_i
     Startpoint: (R) opcode_ra_operand_i[1]
          Clock: (R) clk_i
       Endpoint: (F) pp_scaled_s_p1_r_reg[3][8]/D
          Clock: (R) clk_i

                     Capture       Launch     
        Clock Edge:+     820            0     
        Drv Adjust:+       0            0     
       Src Latency:+       0            0     
       Net Latency:+     100 (I)      100 (I) 
           Arrival:=     920          100     
                                              
             Setup:-      14                  
       Uncertainty:-      50                  
     Required Time:=     856                  
      Launch Clock:-     100                  
       Input Delay:-     300                  
         Data Path:-     456                  
             Slack:=       0                  

Exceptions/Constraints:
  input_delay             300             biriscv_multiplier.s_line_30_64_1 

#-----------------------------------------------------------------------------------------------------
#        Timing Point          Flags   Arc   Edge   Cell     Fanout Load Trans Delay Arrival Instance 
#                                                                   (fF)  (ps)  (ps)   (ps)  Location 
#-----------------------------------------------------------------------------------------------------
  opcode_ra_operand_i[1]       -       -     R     (arrival)      1  7.0   264     0     400    (-,-) 
  g37855/Y                     -       A->Y  F     CLKINVX8       1  5.7    40    33     433    (-,-) 
  g37854/Y                     -       A->Y  R     CLKINVX6       1  4.9    12    10     443    (-,-) 
  g69383/Y                     -       A->Y  F     CLKINVX4       2  6.3    12    11     453    (-,-) 
  g69382/Y                     -       A->Y  F     BUFX3         15 31.7    64    49     502    (-,-) 
  g69377/Y                     -       A->Y  R     CLKINVX4      18 36.0    61    39     542    (-,-) 
  g69046/Y                     -       A0->Y R     AO21X2        30 59.3   169   126     667    (-,-) 
  g68666/Y                     -       A->Y  F     INVX1          3  7.3    70    61     728    (-,-) 
  g68127/Y                     -       C0->Y R     AOI222X1       1  3.4    82    63     792    (-,-) 
  g67727/Y                     -       C0->Y F     OAI221X1       1  3.3    73    64     856    (-,-) 
  pp_scaled_s_p1_r_reg[3][8]/D <<<     -     F     DFFHQX1        1    -     -     0     856    (-,-) 
#-----------------------------------------------------------------------------------------------------

