============================================================
  Generated by:           Genus(TM) Synthesis Solution 21.19-s055_1
  Generated on:           Oct 30 2025  09:58:55 am
  Module:                 biriscv_multiplier
  Operating conditions:   PVT_0P9V_125C 
  Operating conditions:   PVT_1P32V_0C 
  Interconnect mode:      global
  Area mode:              physical library
============================================================

                                                Library 
   Gate     Instances    Area        Library     Domain 
--------------------------------------------------------
ADDFHX1            42    316.008    fast_vdd1v2    best 
ADDFHX2             7     57.456    fast_vdd1v2    best 
ADDFHX4             2     19.152    fast_vdd1v2    best 
ADDFX1            415   2128.950    fast_vdd1v2    best 
ADDHX1              9     33.858    fast_vdd1v2    best 
AND2X1            111    151.848    fast_vdd1v2    best 
AND2X2             23     39.330    fast_vdd1v2    best 
AND2X4             14     38.304    fast_vdd1v2    best 
AND2X6              6     22.572    fast_vdd1v2    best 
AND2X8              3     13.338    fast_vdd1v2    best 
AND3X4              1      3.078    fast_vdd1v2    best 
AND3XL              2      4.104    fast_vdd1v2    best 
AND4X1              1      2.394    fast_vdd1v2    best 
AO21X1             18     43.092    fast_vdd1v2    best 
AO21X2              4     10.944    fast_vdd1v2    best 
AO21X4              1      3.420    fast_vdd1v2    best 
AO22X1              1      2.736    fast_vdd1v2    best 
AO22X2              1      3.078    fast_vdd1v2    best 
AO22X4             26     97.812    fast_vdd1v2    best 
AOI211X2            1      3.420    fast_vdd1v2    best 
AOI21X1            99    169.290    fast_vdd1v2    best 
AOI21X2            45    123.120    fast_vdd1v2    best 
AOI21X4            22    112.860    fast_vdd1v2    best 
AOI221X1            4      9.576    fast_vdd1v2    best 
AOI221X2            1      4.446    fast_vdd1v2    best 
AOI221X4           14    110.124    fast_vdd1v2    best 
AOI222X1          432   1329.696    fast_vdd1v2    best 
AOI22X1            58    119.016    fast_vdd1v2    best 
AOI22X2             4     15.048    fast_vdd1v2    best 
AOI2BB1X1          18     36.936    fast_vdd1v2    best 
AOI2BB1X2          15     46.170    fast_vdd1v2    best 
AOI2BB1X4           6     24.624    fast_vdd1v2    best 
AOI31X4             1      6.498    fast_vdd1v2    best 
AOI32X1            13     31.122    fast_vdd1v2    best 
AOI32X2             2      8.892    fast_vdd1v2    best 
BUFX12              2     10.260    fast_vdd1v2    best 
BUFX16              1      6.840    fast_vdd1v2    best 
BUFX2              89    152.190    fast_vdd1v2    best 
BUFX20              1      8.208    fast_vdd1v2    best 
BUFX3               8     16.416    fast_vdd1v2    best 
BUFX6               6     18.468    fast_vdd1v2    best 
CLKAND2X12          4     30.096    fast_vdd1v2    best 
CLKAND2X2           9     18.468    fast_vdd1v2    best 
CLKAND2X3          10     30.780    fast_vdd1v2    best 
CLKAND2X6          17     81.396    fast_vdd1v2    best 
CLKBUFX16           1      6.840    fast_vdd1v2    best 
CLKBUFX3            2      4.104    fast_vdd1v2    best 
CLKINVX12           6     24.624    fast_vdd1v2    best 
CLKINVX16           1      5.472    fast_vdd1v2    best 
CLKINVX2            1      1.368    fast_vdd1v2    best 
CLKINVX20           2     12.996    fast_vdd1v2    best 
CLKINVX4           47     80.370    fast_vdd1v2    best 
CLKINVX6           29     69.426    fast_vdd1v2    best 
CLKINVX8           11     33.858    fast_vdd1v2    best 
CLKMX2X2            1      3.078    fast_vdd1v2    best 
CLKXOR2X1          26     71.136    fast_vdd1v2    best 
CLKXOR2X4           2      8.892    fast_vdd1v2    best 
DFFHQX1           732   4005.504    fast_vdd1v2    best 
DFFHQX4             1      8.208    fast_vdd1v2    best 
DFFQX1              5     29.070    fast_vdd1v2    best 
DFFQX2            118    766.764    fast_vdd1v2    best 
DFFQX4              2     14.364    fast_vdd1v2    best 
DFFQXL            127    694.944    fast_vdd1v2    best 
DFFRHQX1            8     49.248    fast_vdd1v2    best 
DFFRX2              1      7.524    fast_vdd1v2    best 
INVX1             188    128.592    fast_vdd1v2    best 
INVX2              62     63.612    fast_vdd1v2    best 
INVX3              19     25.992    fast_vdd1v2    best 
MXI2X6              2     10.260    fast_vdd1v2    best 
MXI2X8              2     12.312    fast_vdd1v2    best 
MXI2XL            210    502.740    fast_vdd1v2    best 
NAND2BX1          109    149.112    fast_vdd1v2    best 
NAND2BX2            4      9.576    fast_vdd1v2    best 
NAND2BX4            9     33.858    fast_vdd1v2    best 
NAND2X1           204    209.304    fast_vdd1v2    best 
NAND2X2            40     68.400    fast_vdd1v2    best 
NAND2X4            26     88.920    fast_vdd1v2    best 
NAND2X6            10     47.880    fast_vdd1v2    best 
NAND2X8             7     38.304    fast_vdd1v2    best 
NAND3BX1            3      6.156    fast_vdd1v2    best 
NAND3BXL            2      3.420    fast_vdd1v2    best 
NAND3X1             6     10.260    fast_vdd1v2    best 
NAND3X2             1      2.736    fast_vdd1v2    best 
NAND4BX1            1      2.394    fast_vdd1v2    best 
NAND4XL             1      1.710    fast_vdd1v2    best 
NOR2BX1           114    155.952    fast_vdd1v2    best 
NOR2BX4            13     48.906    fast_vdd1v2    best 
NOR2X1            423    433.998    fast_vdd1v2    best 
NOR2X2             48     82.080    fast_vdd1v2    best 
NOR2X4             36    110.808    fast_vdd1v2    best 
NOR2X6             11     45.144    fast_vdd1v2    best 
NOR2X8              7     38.304    fast_vdd1v2    best 
NOR3BX1             4      8.208    fast_vdd1v2    best 
NOR3X1              4      6.840    fast_vdd1v2    best 
NOR3X4              1      5.130    fast_vdd1v2    best 
NOR3X6              1      7.182    fast_vdd1v2    best 
NOR3X8              2     17.784    fast_vdd1v2    best 
NOR4X1              1      1.710    fast_vdd1v2    best 
NOR4X2              1      3.420    fast_vdd1v2    best 
OA21X1            128    262.656    fast_vdd1v2    best 
OA21X4              5     18.810    fast_vdd1v2    best 
OA22X1              2      4.788    fast_vdd1v2    best 
OAI211X1           26     44.460    fast_vdd1v2    best 
OAI211X2            1      4.104    fast_vdd1v2    best 
OAI21X1            98    167.580    fast_vdd1v2    best 
OAI21X2            77    237.006    fast_vdd1v2    best 
OAI21X4            27    129.276    fast_vdd1v2    best 
OAI221X1          378    904.932    fast_vdd1v2    best 
OAI2BB1X1         409    699.390    fast_vdd1v2    best 
OAI2BB1X2           3      9.234    fast_vdd1v2    best 
OAI2BB1X4           4     17.784    fast_vdd1v2    best 
OAI31X1             4      8.208    fast_vdd1v2    best 
OR2X1              92    125.856    fast_vdd1v2    best 
OR2X2              17     29.070    fast_vdd1v2    best 
OR2X4               9     24.624    fast_vdd1v2    best 
OR2X6               9     33.858    fast_vdd1v2    best 
OR3X1              12     24.624    fast_vdd1v2    best 
OR3X2               2      4.788    fast_vdd1v2    best 
OR3X4               2      6.156    fast_vdd1v2    best 
OR4X1               3      6.156    fast_vdd1v2    best 
OR4X2               1      3.420    fast_vdd1v2    best 
XNOR2X1           236    564.984    fast_vdd1v2    best 
XNOR2X2             5     15.390    fast_vdd1v2    best 
XNOR2X4             1      3.762    fast_vdd1v2    best 
--------------------------------------------------------
total            5815  17145.144                


                                          
     Type      Instances    Area   Area % 
------------------------------------------
sequential           994  5575.626   32.5 
inverter             366   446.310    2.6 
buffer               110   223.326    1.3 
logic               4345 10899.882   63.6 
physical_cells         0     0.000    0.0 
------------------------------------------
total               5815 17145.144  100.0 

