============================================================
  Generated by:           Genus(TM) Synthesis Solution 21.19-s055_1
  Generated on:           Oct 30 2025  09:58:55 am
  Module:                 biriscv_multiplier
  Operating conditions:   PVT_0P9V_125C 
  Operating conditions:   PVT_1P32V_0C 
  Interconnect mode:      global
  Area mode:              physical library
============================================================

Timing
--------

Clock Period 
-------------
clk_i  820.0 


  Cost    Critical         Violating 
 Group   Path Slack  TNS     Paths   
-------------------------------------
clk_i           0.2   0.0          0 
default    No paths   0.0            
-------------------------------------
Total                 0.0          0 

Instance Count
--------------
Leaf Instance Count             5815 
Physical Instance count            0 
Sequential Instance Count        994 
Combinational Instance Count    4821 
Hierarchical Instance Count        0 

Area
----
Cell Area                          17145.144
Physical Cell Area                 0.000
Total Cell Area (Cell+Physical)    17145.144
Net Area                           7799.708
Total Area (Cell+Physical+Net)     24944.852

Max Fanout                         994 (clk_i)
Min Fanout                         0 (n_124)
Average Fanout                     2.5
Terms to net ratio                 3.5242
Terms to instance ratio            3.8502
Runtime                            161.52863100000002 seconds
Elapsed Runtime                    163 seconds
Genus peak memory usage            1985.25 
Innovus peak memory usage          no_value 
Hostname                           localhost
