============================================================
  Generated by:           Genus(TM) Synthesis Solution 21.19-s055_1
  Generated on:           Oct 30 2025  09:32:29 am
  Module:                 biriscv_multiplier
  Operating conditions:   PVT_0P9V_125C 
  Operating conditions:   PVT_1P32V_0C 
  Interconnect mode:      global
  Area mode:              physical library
============================================================

                                                Library 
   Gate     Instances    Area        Library     Domain 
--------------------------------------------------------
ADDFHX1            33    248.292    fast_vdd1v2    best 
ADDFHX2             5     41.040    fast_vdd1v2    best 
ADDFX1            427   2190.510    fast_vdd1v2    best 
ADDHX1             14     52.668    fast_vdd1v2    best 
ADDHX2              1      5.130    fast_vdd1v2    best 
ADDHX4              1      7.182    fast_vdd1v2    best 
AND2X1            166    227.088    fast_vdd1v2    best 
AND2X2             19     32.490    fast_vdd1v2    best 
AND2X4              6     16.416    fast_vdd1v2    best 
AND2X6              1      3.762    fast_vdd1v2    best 
AND2X8              1      4.446    fast_vdd1v2    best 
AND3X4              1      3.078    fast_vdd1v2    best 
AND3X8              1      5.130    fast_vdd1v2    best 
AND3XL              6     12.312    fast_vdd1v2    best 
AND4X1              3      7.182    fast_vdd1v2    best 
AO21X1             23     55.062    fast_vdd1v2    best 
AO21X2              6     16.416    fast_vdd1v2    best 
AO21X4              2      6.840    fast_vdd1v2    best 
AO22X2              1      3.078    fast_vdd1v2    best 
AO22X4             30    112.860    fast_vdd1v2    best 
AOI211X2            4     13.680    fast_vdd1v2    best 
AOI211X4            2     12.996    fast_vdd1v2    best 
AOI21X1           113    193.230    fast_vdd1v2    best 
AOI21X2            42    114.912    fast_vdd1v2    best 
AOI21X4            14     71.820    fast_vdd1v2    best 
AOI221X1            8     19.152    fast_vdd1v2    best 
AOI221X4            2     15.732    fast_vdd1v2    best 
AOI222X1          467   1437.426    fast_vdd1v2    best 
AOI22X1            39     80.028    fast_vdd1v2    best 
AOI2BB1X1          13     26.676    fast_vdd1v2    best 
AOI2BB1X2          12     36.936    fast_vdd1v2    best 
AOI2BB1X4           8     32.832    fast_vdd1v2    best 
AOI2BB2X1           1      3.420    fast_vdd1v2    best 
AOI31X1             2      4.104    fast_vdd1v2    best 
AOI31X4             2     12.996    fast_vdd1v2    best 
AOI32X1            11     26.334    fast_vdd1v2    best 
BUFX12              1      5.130    fast_vdd1v2    best 
BUFX2              98    167.580    fast_vdd1v2    best 
BUFX20              1      8.208    fast_vdd1v2    best 
BUFX3               1      2.052    fast_vdd1v2    best 
CLKAND2X12          3     22.572    fast_vdd1v2    best 
CLKAND2X2           7     14.364    fast_vdd1v2    best 
CLKAND2X3           7     21.546    fast_vdd1v2    best 
CLKAND2X6          12     57.456    fast_vdd1v2    best 
CLKAND2X8           1      5.814    fast_vdd1v2    best 
CLKBUFX3            1      2.052    fast_vdd1v2    best 
CLKINVX12          11     45.144    fast_vdd1v2    best 
CLKINVX16           2     10.944    fast_vdd1v2    best 
CLKINVX20           2     12.996    fast_vdd1v2    best 
CLKINVX4           37     63.270    fast_vdd1v2    best 
CLKINVX6           23     55.062    fast_vdd1v2    best 
CLKINVX8           19     58.482    fast_vdd1v2    best 
CLKMX2X2            1      3.078    fast_vdd1v2    best 
CLKXOR2X1          19     51.984    fast_vdd1v2    best 
DFFHQX1           825   4514.400    fast_vdd1v2    best 
DFFHQX4             1      8.208    fast_vdd1v2    best 
DFFQX1             49    284.886    fast_vdd1v2    best 
DFFQX2             85    552.330    fast_vdd1v2    best 
DFFQXL             32    175.104    fast_vdd1v2    best 
DFFRHQX1            2     12.312    fast_vdd1v2    best 
INVX1             194    132.696    fast_vdd1v2    best 
INVX2              41     42.066    fast_vdd1v2    best 
INVX3              31     42.408    fast_vdd1v2    best 
MXI2X6              2     10.260    fast_vdd1v2    best 
MXI2X8              3     18.468    fast_vdd1v2    best 
MXI2XL            210    502.740    fast_vdd1v2    best 
NAND2BX1           90    123.120    fast_vdd1v2    best 
NAND2BX2            2      4.788    fast_vdd1v2    best 
NAND2BX4           14     52.668    fast_vdd1v2    best 
NAND2X1           202    207.252    fast_vdd1v2    best 
NAND2X2            39     66.690    fast_vdd1v2    best 
NAND2X4            39    133.380    fast_vdd1v2    best 
NAND2X6            11     52.668    fast_vdd1v2    best 
NAND2X8             3     16.416    fast_vdd1v2    best 
NAND3BX1            6     12.312    fast_vdd1v2    best 
NAND3BXL            5      8.550    fast_vdd1v2    best 
NAND3X1             8     13.680    fast_vdd1v2    best 
NAND3X2             1      2.736    fast_vdd1v2    best 
NAND3X4             1      4.788    fast_vdd1v2    best 
NAND3X8             1      8.208    fast_vdd1v2    best 
NAND4BX1            2      4.788    fast_vdd1v2    best 
NAND4X1             2      4.104    fast_vdd1v2    best 
NAND4X2             1      3.762    fast_vdd1v2    best 
NOR2BX1           117    160.056    fast_vdd1v2    best 
NOR2BX2             4     10.944    fast_vdd1v2    best 
NOR2BX4            15     56.430    fast_vdd1v2    best 
NOR2X1            365    374.490    fast_vdd1v2    best 
NOR2X2             29     49.590    fast_vdd1v2    best 
NOR2X4             50    153.900    fast_vdd1v2    best 
NOR2X6              9     36.936    fast_vdd1v2    best 
NOR2X8              5     27.360    fast_vdd1v2    best 
NOR3BX1             5     10.260    fast_vdd1v2    best 
NOR3X1              6     10.260    fast_vdd1v2    best 
NOR3X2              1      2.736    fast_vdd1v2    best 
NOR3X4              8     41.040    fast_vdd1v2    best 
NOR3X8              1      8.892    fast_vdd1v2    best 
OA21X1             26     53.352    fast_vdd1v2    best 
OA21X4              3     11.286    fast_vdd1v2    best 
OA22X1              7     16.758    fast_vdd1v2    best 
OAI211X1           58     99.180    fast_vdd1v2    best 
OAI21X1            96    164.160    fast_vdd1v2    best 
OAI21X2            46    141.588    fast_vdd1v2    best 
OAI21X4            15     71.820    fast_vdd1v2    best 
OAI221X1          434   1038.996    fast_vdd1v2    best 
OAI22X2             1      3.420    fast_vdd1v2    best 
OAI2BB1X1         334    571.140    fast_vdd1v2    best 
OAI2BB1X2           2      6.156    fast_vdd1v2    best 
OAI2BB1X4           4     17.784    fast_vdd1v2    best 
OAI2BB2X4           1      8.550    fast_vdd1v2    best 
OAI31X1             2      4.104    fast_vdd1v2    best 
OAI31X2             2      7.524    fast_vdd1v2    best 
OAI31X4             2     13.680    fast_vdd1v2    best 
OAI32X2             1      4.446    fast_vdd1v2    best 
OR2X1             134    183.312    fast_vdd1v2    best 
OR2X2              13     22.230    fast_vdd1v2    best 
OR2X4              13     35.568    fast_vdd1v2    best 
OR2X6               3     11.286    fast_vdd1v2    best 
OR3X1               2      4.104    fast_vdd1v2    best 
OR3X2               4      9.576    fast_vdd1v2    best 
OR3X4               1      3.078    fast_vdd1v2    best 
XNOR2X1           241    576.954    fast_vdd1v2    best 
XNOR2X2             1      3.078    fast_vdd1v2    best 
XNOR2X4             4     15.048    fast_vdd1v2    best 
--------------------------------------------------------
total            5700  16817.850                


                                          
     Type      Instances    Area   Area % 
------------------------------------------
sequential           994  5547.240   33.0 
inverter             360   463.068    2.8 
buffer               102   185.022    1.1 
logic               4244 10622.520   63.2 
physical_cells         0     0.000    0.0 
------------------------------------------
total               5700 16817.850  100.0 

