============================================================
  Generated by:           Genus(TM) Synthesis Solution 21.19-s055_1
  Generated on:           Oct 30 2025  09:32:29 am
  Module:                 biriscv_multiplier
  Operating conditions:   PVT_0P9V_125C 
  Operating conditions:   PVT_1P32V_0C 
  Interconnect mode:      global
  Area mode:              physical library
============================================================

Timing
--------

Clock Period 
-------------
clk_i  830.0 


  Cost    Critical         Violating 
 Group   Path Slack  TNS     Paths   
-------------------------------------
clk_i           0.2   0.0          0 
default    No paths   0.0            
-------------------------------------
Total                 0.0          0 

Instance Count
--------------
Leaf Instance Count             5700 
Physical Instance count            0 
Sequential Instance Count        994 
Combinational Instance Count    4706 
Hierarchical Instance Count        0 

Area
----
Cell Area                          16817.850
Physical Cell Area                 0.000
Total Cell Area (Cell+Physical)    16817.850
Net Area                           7724.691
Total Area (Cell+Physical+Net)     24542.541

Max Fanout                         994 (clk_i)
Min Fanout                         0 (n_133)
Average Fanout                     2.6
Terms to net ratio                 3.5526
Terms to instance ratio            3.8911
Runtime                            164.09484599999996 seconds
Elapsed Runtime                    166 seconds
Genus peak memory usage            1980.46 
Innovus peak memory usage          no_value 
Hostname                           localhost
