============================================================
  Generated by:           Genus(TM) Synthesis Solution 21.19-s055_1
  Generated on:           Oct 30 2025  09:32:29 am
  Module:                 biriscv_multiplier
  Operating conditions:   PVT_0P9V_125C 
  Operating conditions:   PVT_1P32V_0C 
  Interconnect mode:      global
  Area mode:              physical library
============================================================


Path 1: MET (0 ps) Setup Check with Pin pp_scaled_s_p1_r_reg[0][62]/CK->D
          Group: clk_i
     Startpoint: (R) opcode_ra_operand_i[1]
          Clock: (R) clk_i
       Endpoint: (R) pp_scaled_s_p1_r_reg[0][62]/D
          Clock: (R) clk_i

                     Capture       Launch     
        Clock Edge:+     830            0     
        Drv Adjust:+       0            0     
       Src Latency:+       0            0     
       Net Latency:+     100 (I)      100 (I) 
           Arrival:=     930          100     
                                              
             Setup:-      18                  
       Uncertainty:-      50                  
     Required Time:=     862                  
      Launch Clock:-     100                  
       Input Delay:-     300                  
         Data Path:-     462                  
             Slack:=       0                  

Exceptions/Constraints:
  input_delay             300             biriscv_multiplier.s_line_30_64_1 

#------------------------------------------------------------------------------------------------------
#         Timing Point          Flags   Arc   Edge   Cell     Fanout Load Trans Delay Arrival Instance 
#                                                                    (fF)  (ps)  (ps)   (ps)  Location 
#------------------------------------------------------------------------------------------------------
  opcode_ra_operand_i[1]        -       -     R     (arrival)      1  7.0   264     0     400    (-,-) 
  g37855/Y                      -       A->Y  F     CLKINVX8       1  5.7    40    33     433    (-,-) 
  g37854/Y                      -       A->Y  R     CLKINVX6       1  5.5    12    10     443    (-,-) 
  g69119/Y                      -       A->Y  R     BUFX20        23 48.7    21    29     472    (-,-) 
  g69034/Y                      -       B->Y  F     NOR2X6         3  7.1    13    11     483    (-,-) 
  g68369/Y                      -       B->Y  F     CLKAND2X3      3  8.3    20    27     509    (-,-) 
  g67952/Y                      -       B->Y  F     CLKAND2X6      2  6.3    12    22     531    (-,-) 
  g67487__2883/Y                -       B->Y  F     CLKAND2X6      3 10.5    16    23     554    (-,-) 
  g67424__6161/Y                -       B->Y  R     NAND2X8        2  8.8    16    10     565    (-,-) 
  g67381__9315/Y                -       B->Y  F     NOR2X8         3  8.0    14    10     574    (-,-) 
  g67331__6260/Y                -       B->Y  F     CLKAND2X6      4 12.2    17    24     599    (-,-) 
  g67284__2398/Y                -       C->Y  R     NAND3X8        2  9.5    22    11     610    (-,-) 
  g67246__1617/Y                -       B->Y  F     NOR2X8         4 12.4    21    12     623    (-,-) 
  g67238__2398/Y                -       B->Y  F     CLKAND2X8      3  8.8    12    25     647    (-,-) 
  g67157__1705/Y                -       B->Y  R     NAND2BX4       1  6.9    16    11     659    (-,-) 
  g67154__2802/Y                -       B->Y  F     NAND2X8       14 34.4    56    35     694    (-,-) 
  g67091__9945/Y                -       B->Y  R     NOR2X6         8 17.8    42    29     723    (-,-) 
  g67067/Y                      -       A->Y  F     CLKINVX4       5 11.1    24    18     741    (-,-) 
  g66989__8246/Y                -       A1->Y F     OA21X4        31 61.3    98    85     826    (-,-) 
  g66858__5122/Y                -       B0->Y R     OAI2BB1X1      1  3.3    40    36     862    (-,-) 
  pp_scaled_s_p1_r_reg[0][62]/D <<<     -     R     DFFHQX1        1    -     -     0     862    (-,-) 
#------------------------------------------------------------------------------------------------------

