============================================================
  Generated by:           Genus(TM) Synthesis Solution 21.19-s055_1
  Generated on:           Nov 30 2025  12:24:47 pm
  Module:                 biriscv_divider
  Operating conditions:   PVT_0P9V_125C 
  Operating conditions:   PVT_1P32V_0C 
  Interconnect mode:      global
  Area mode:              physical library
============================================================

                                              Library 
   Gate    Instances    Area       Library     Domain 
------------------------------------------------------
ADDFX1            30   153.900    fast_vdd1v2    best 
ADDHX1             4    15.048    fast_vdd1v2    best 
AND2X1            35    47.880    fast_vdd1v2    best 
AND2X2             4     6.840    fast_vdd1v2    best 
AND2X6             1     3.762    fast_vdd1v2    best 
AND3X2             1     2.736    fast_vdd1v2    best 
AND4X1             1     2.394    fast_vdd1v2    best 
AO21X1             1     2.394    fast_vdd1v2    best 
AO21X2             1     2.736    fast_vdd1v2    best 
AO22X1            95   259.920    fast_vdd1v2    best 
AOI211XL           2     4.104    fast_vdd1v2    best 
AOI21X1           29    49.590    fast_vdd1v2    best 
AOI221X1           5    11.970    fast_vdd1v2    best 
AOI22X1          173   354.996    fast_vdd1v2    best 
BUFX2            218   372.780    fast_vdd1v2    best 
BUFX20             1     8.208    fast_vdd1v2    best 
BUFX6              2     6.156    fast_vdd1v2    best 
CLKBUFX2           1     1.710    fast_vdd1v2    best 
CLKINVX4           2     3.420    fast_vdd1v2    best 
CLKINVX8           1     3.078    fast_vdd1v2    best 
CLKXOR2X1          4    10.944    fast_vdd1v2    best 
DFFRHQX1         216  1329.696    fast_vdd1v2    best 
DFFRX1            14    95.760    fast_vdd1v2    best 
DFFRX2            33   248.292    fast_vdd1v2    best 
INVX1             76    51.984    fast_vdd1v2    best 
INVX2             24    24.624    fast_vdd1v2    best 
INVXL              2     1.368    fast_vdd1v2    best 
MX2X1            135   323.190    fast_vdd1v2    best 
NAND2BX1          48    65.664    fast_vdd1v2    best 
NAND2X1           70    71.820    fast_vdd1v2    best 
NAND3BXL           1     1.710    fast_vdd1v2    best 
NAND4BBXL          1     3.078    fast_vdd1v2    best 
NAND4BX1           2     4.788    fast_vdd1v2    best 
NAND4XL            7    11.970    fast_vdd1v2    best 
NOR2BX1           27    36.936    fast_vdd1v2    best 
NOR2BX4            2     7.524    fast_vdd1v2    best 
NOR2X1            38    38.988    fast_vdd1v2    best 
NOR2X4             1     3.078    fast_vdd1v2    best 
NOR3BX1            1     2.052    fast_vdd1v2    best 
NOR4BBX1           1     2.736    fast_vdd1v2    best 
NOR4BX1            3     7.182    fast_vdd1v2    best 
NOR4X1            14    23.940    fast_vdd1v2    best 
OA21X1             1     2.052    fast_vdd1v2    best 
OAI211X1           9    15.390    fast_vdd1v2    best 
OAI221X1           7    16.758    fast_vdd1v2    best 
OAI222X1           3     8.208    fast_vdd1v2    best 
OAI22X1           16    32.832    fast_vdd1v2    best 
OAI2BB1X1         37    63.270    fast_vdd1v2    best 
OR2X1              1     1.368    fast_vdd1v2    best 
OR4X1             20    41.040    fast_vdd1v2    best 
OR4X2              1     3.420    fast_vdd1v2    best 
XNOR2X1           59   141.246    fast_vdd1v2    best 
------------------------------------------------------
total           1481  4006.530                


                                         
     Type      Instances   Area   Area % 
-----------------------------------------
sequential           263 1673.748   41.8 
inverter             105   84.474    2.1 
buffer               222  388.854    9.7 
logic                891 1859.454   46.4 
physical_cells         0    0.000    0.0 
-----------------------------------------
total               1481 4006.530  100.0 

