============================================================
  Generated by:           Genus(TM) Synthesis Solution 21.19-s055_1
  Generated on:           Nov 30 2025  12:24:47 pm
  Module:                 biriscv_divider
  Operating conditions:   PVT_0P9V_125C 
  Operating conditions:   PVT_1P32V_0C 
  Interconnect mode:      global
  Area mode:              physical library
============================================================


Path 1: MET (695 ps) Setup Check with Pin dividend_q_reg[14]/CK->D
          Group: clk_i
     Startpoint: (R) dividend_q_reg[0]/CK
          Clock: (R) clk_i
       Endpoint: (R) dividend_q_reg[14]/D
          Clock: (R) clk_i

                     Capture       Launch     
        Clock Edge:+    2860            0     
       Src Latency:+       0            0     
       Net Latency:+     100 (I)      100 (I) 
           Arrival:=    2960          100     
                                              
             Setup:-      18                  
       Uncertainty:-      50                  
     Required Time:=    2892                  
      Launch Clock:-     100                  
         Data Path:-    2097                  
             Slack:=     695                  

#--------------------------------------------------------------------------------------------------
#      Timing Point        Flags    Arc   Edge   Cell     Fanout Load Trans Delay Arrival Instance 
#                                                                (fF)  (ps)  (ps)   (ps)  Location 
#--------------------------------------------------------------------------------------------------
  dividend_q_reg[0]/CK     -       -      R     (arrival)    263    -     0     0     100    (-,-) 
  dividend_q_reg[0]/Q      -       CK->Q  R     DFFRHQX1       5 10.7    61    72     172    (-,-) 
  lte_157_19_g1196__6783/Y -       B->Y   F     NOR2BX1        2  5.0    39    32     204    (-,-) 
  lte_157_19_g1174__8246/Y -       A1N->Y F     OAI2BB1X1      1  3.2    41    34     238    (-,-) 
  lte_157_19_g1173__5122/Y -       B0->Y  F     OA21X1         1  3.4    21    28     266    (-,-) 
  lte_157_19_g1172__1705/Y -       A1->Y  R     OAI22X1        1  3.4    54    35     301    (-,-) 
  lte_157_19_g1171__2802/Y -       A1->Y  F     AOI22X1        1  3.4    55    44     344    (-,-) 
  lte_157_19_g1170__1617/Y -       A1->Y  R     OAI22X1        1  3.4    60    43     388    (-,-) 
  lte_157_19_g1169__3680/Y -       A1->Y  F     AOI22X1        1  3.4    56    45     433    (-,-) 
  lte_157_19_g1168__6783/Y -       A1->Y  R     OAI22X1        1  3.4    60    43     476    (-,-) 
  lte_157_19_g1167__5526/Y -       A1->Y  F     AOI22X1        1  3.4    56    45     521    (-,-) 
  lte_157_19_g1166__8428/Y -       A1->Y  R     OAI22X1        1  3.4    60    43     564    (-,-) 
  lte_157_19_g1165__4319/Y -       A1->Y  F     AOI22X1        1  3.4    56    45     609    (-,-) 
  lte_157_19_g1164__6260/Y -       A1->Y  R     OAI22X1        1  3.4    60    43     653    (-,-) 
  lte_157_19_g1163__5107/Y -       A1->Y  F     AOI22X1        1  3.4    56    45     698    (-,-) 
  lte_157_19_g1162__2398/Y -       A1->Y  R     OAI22X1        1  3.4    60    43     741    (-,-) 
  lte_157_19_g1161__5477/Y -       A1->Y  F     AOI22X1        1  3.4    56    45     786    (-,-) 
  lte_157_19_g1160__6417/Y -       A1->Y  R     OAI22X1        1  3.4    60    43     830    (-,-) 
  lte_157_19_g1159__7410/Y -       A1->Y  F     AOI22X1        1  3.4    56    45     875    (-,-) 
  lte_157_19_g1158__1666/Y -       A1->Y  R     OAI22X1        1  3.4    60    43     918    (-,-) 
  lte_157_19_g1157__2346/Y -       A1->Y  F     AOI22X1        1  3.4    56    45     963    (-,-) 
  lte_157_19_g1156__2883/Y -       A1->Y  R     OAI22X1        1  3.4    60    43    1006    (-,-) 
  lte_157_19_g1155__9945/Y -       A1->Y  F     AOI22X1        1  3.4    56    45    1051    (-,-) 
  lte_157_19_g1154__9315/Y -       A1->Y  R     OAI22X1        1  3.4    60    43    1095    (-,-) 
  lte_157_19_g1153__6161/Y -       A1->Y  F     AOI22X1        1  3.4    56    45    1140    (-,-) 
  lte_157_19_g1152__4733/Y -       A1->Y  R     OAI22X1        1  3.4    60    43    1183    (-,-) 
  lte_157_19_g1151__7482/Y -       A1->Y  F     AOI22X1        1  3.4    56    45    1228    (-,-) 
  lte_157_19_g1150__5115/Y -       A1->Y  R     OAI22X1        1  3.4    60    43    1272    (-,-) 
  lte_157_19_g1149__1881/Y -       A1->Y  F     AOI22X1        1  3.4    56    45    1317    (-,-) 
  lte_157_19_g1148__6131/Y -       A1->Y  R     OAI22X1        1  3.4    60    43    1360    (-,-) 
  lte_157_19_g1147__7098/Y -       A1->Y  F     AOI22X1        1  3.4    56    45    1405    (-,-) 
  lte_157_19_g1146__8246/Y -       A1->Y  R     OAI22X1        1  3.4    60    43    1448    (-,-) 
  lte_157_19_g1145__5122/Y -       A1->Y  F     AOI22X1        1  3.4    56    45    1493    (-,-) 
  lte_157_19_g1144__1705/Y -       A1->Y  R     OAI22X1        1  3.4    60    43    1537    (-,-) 
  lte_157_19_g1143__2802/Y -       A1->Y  F     AOI22X1        1  3.1    53    44    1580    (-,-) 
  lte_157_19_g1142__1617/Y -       D->Y   F     OR4X1          1  3.1    24    52    1633    (-,-) 
  lte_157_19_g1141__3680/Y -       D->Y   F     OR4X1          1  3.3    26    48    1681    (-,-) 
  lte_157_19_g1140__6783/Y -       D->Y   R     NOR4X1         1  3.2    80    49    1730    (-,-) 
  lte_157_19_g1139__5526/Y -       D->Y   R     AND4X1         1  3.2    24    56    1786    (-,-) 
  g19064__1666/Y           -       B->Y   R     AND2X2        34 62.1   178   121    1907    (-,-) 
  g2__9315/Y               -       B->Y   F     NOR2BX4       33 65.1   124    85    1992    (-,-) 
  g18868/Y                 -       A->Y   R     INVX1          1  3.2    42    38    2030    (-,-) 
  g18635__1881/Y           -       A1->Y  R     AO21X2        32 56.8   163   120    2150    (-,-) 
  g18394__2346/Y           -       A1N->Y R     OAI2BB1X1      1  3.3    36    47    2197    (-,-) 
  dividend_q_reg[14]/D     <<<     -      R     DFFRHQX1       1    -     -     0    2197    (-,-) 
#--------------------------------------------------------------------------------------------------

