============================================================
  Generated by:           Genus(TM) Synthesis Solution 21.19-s055_1
  Generated on:           Nov 30 2025  12:24:47 pm
  Module:                 biriscv_divider
  Operating conditions:   PVT_0P9V_125C 
  Operating conditions:   PVT_1P32V_0C 
  Interconnect mode:      global
  Area mode:              physical library
============================================================

Timing
--------

Clock Period 
-------------
clk_i 2860.0 


  Cost    Critical         Violating 
 Group   Path Slack  TNS     Paths   
-------------------------------------
clk_i         695.4   0.0          0 
default    No paths   0.0            
-------------------------------------
Total                 0.0          0 

Instance Count
--------------
Leaf Instance Count             1481 
Physical Instance count            0 
Sequential Instance Count        263 
Combinational Instance Count    1218 
Hierarchical Instance Count        0 

Area
----
Cell Area                          4006.530
Physical Cell Area                 0.000
Total Cell Area (Cell+Physical)    4006.530
Net Area                           1831.083
Total Area (Cell+Physical+Net)     5837.613

Max Fanout                         263 (clk_i)
Min Fanout                         0 (n_36)
Average Fanout                     2.2
Terms to net ratio                 3.3385
Terms to instance ratio            3.6698
Runtime                            53.409324999999995 seconds
Elapsed Runtime                    53 seconds
Genus peak memory usage            1744.37 
Innovus peak memory usage          no_value 
Hostname                           localhost
