============================================================
  Generated by:           Genus(TM) Synthesis Solution 21.19-s055_1
  Generated on:           Oct 30 2025  09:12:45 am
  Module:                 biriscv_multiplier
  Operating conditions:   PVT_0P9V_125C 
  Operating conditions:   PVT_1P32V_0C 
  Interconnect mode:      global
  Area mode:              physical library
============================================================

                                               Library 
   Gate     Instances    Area       Library     Domain 
-------------------------------------------------------
ADDFHX1             4    30.096    fast_vdd1v2    best 
ADDFHX2             3    24.624    fast_vdd1v2    best 
ADDFHX4             1     9.576    fast_vdd1v2    best 
ADDFX1            474  2431.620    fast_vdd1v2    best 
ADDFX2              1     7.866    fast_vdd1v2    best 
ADDHX1             25    94.050    fast_vdd1v2    best 
AND2X1             25    34.200    fast_vdd1v2    best 
AND2X2              5     8.550    fast_vdd1v2    best 
AND2X4              3     8.208    fast_vdd1v2    best 
AND4X6              1     5.814    fast_vdd1v2    best 
AO21X1              1     2.394    fast_vdd1v2    best 
AO22X1             95   259.920    fast_vdd1v2    best 
AOI21X1            24    41.040    fast_vdd1v2    best 
AOI21X2             5    13.680    fast_vdd1v2    best 
AOI21X4             4    20.520    fast_vdd1v2    best 
AOI221X1            1     2.394    fast_vdd1v2    best 
AOI221X4            1     7.866    fast_vdd1v2    best 
AOI22X1            33    67.716    fast_vdd1v2    best 
AOI2BB1X2           3     9.234    fast_vdd1v2    best 
AOI2BB1X4           3    12.312    fast_vdd1v2    best 
AOI31X1             1     2.052    fast_vdd1v2    best 
AOI31X2             1     3.420    fast_vdd1v2    best 
AOI31X4             2    12.996    fast_vdd1v2    best 
AOI32X4             1     7.866    fast_vdd1v2    best 
BUFX2             174   297.540    fast_vdd1v2    best 
BUFX3               2     4.104    fast_vdd1v2    best 
BUFX6              10    30.780    fast_vdd1v2    best 
CLKAND2X12          3    22.572    fast_vdd1v2    best 
CLKAND2X2           1     2.052    fast_vdd1v2    best 
CLKAND2X3           1     3.078    fast_vdd1v2    best 
CLKAND2X6           1     4.788    fast_vdd1v2    best 
CLKBUFX2            1     1.710    fast_vdd1v2    best 
CLKBUFX3            1     2.052    fast_vdd1v2    best 
CLKINVX12          12    49.248    fast_vdd1v2    best 
CLKINVX16           6    32.832    fast_vdd1v2    best 
CLKINVX4           32    54.720    fast_vdd1v2    best 
CLKINVX6           15    35.910    fast_vdd1v2    best 
CLKINVX8            4    12.312    fast_vdd1v2    best 
CLKMX2X2            1     3.078    fast_vdd1v2    best 
CLKXOR2X1          17    46.512    fast_vdd1v2    best 
CLKXOR2X2           1     3.420    fast_vdd1v2    best 
DFFRHQX1            1     6.156    fast_vdd1v2    best 
DFFRHQX2            6    47.196    fast_vdd1v2    best 
DFFRHQX4           29   277.704    fast_vdd1v2    best 
DFFRX1              1     6.840    fast_vdd1v2    best 
DFFRX2             62   466.488    fast_vdd1v2    best 
INVX1             107    73.188    fast_vdd1v2    best 
INVX2              26    26.676    fast_vdd1v2    best 
INVX3               8    10.944    fast_vdd1v2    best 
INVXL               1     0.684    fast_vdd1v2    best 
MX2X1               2     4.788    fast_vdd1v2    best 
MXI2X1              1     2.736    fast_vdd1v2    best 
NAND2BX1           32    43.776    fast_vdd1v2    best 
NAND2BX2            1     2.394    fast_vdd1v2    best 
NAND2BX4            3    11.286    fast_vdd1v2    best 
NAND2X1            68    69.768    fast_vdd1v2    best 
NAND2X2            22    37.620    fast_vdd1v2    best 
NAND2X4             9    30.780    fast_vdd1v2    best 
NAND2X6             8    38.304    fast_vdd1v2    best 
NAND3BXL            1     1.710    fast_vdd1v2    best 
NAND4BX1            1     2.394    fast_vdd1v2    best 
NOR2BX1            37    50.616    fast_vdd1v2    best 
NOR2BX2             7    19.152    fast_vdd1v2    best 
NOR2BX4             1     3.762    fast_vdd1v2    best 
NOR2X1             90    92.340    fast_vdd1v2    best 
NOR2X2             48    82.080    fast_vdd1v2    best 
NOR2X4             11    33.858    fast_vdd1v2    best 
NOR2X6             13    53.352    fast_vdd1v2    best 
NOR2X8              5    27.360    fast_vdd1v2    best 
NOR3BX4             1     5.814    fast_vdd1v2    best 
NOR4BBX1            1     2.736    fast_vdd1v2    best 
NOR4BX1             2     4.788    fast_vdd1v2    best 
NOR4X1              1     1.710    fast_vdd1v2    best 
OA21X1             20    41.040    fast_vdd1v2    best 
OA21X2              1     3.078    fast_vdd1v2    best 
OA22X1              4     9.576    fast_vdd1v2    best 
OAI211X1            9    15.390    fast_vdd1v2    best 
OAI21X1            28    47.880    fast_vdd1v2    best 
OAI21X2             8    24.624    fast_vdd1v2    best 
OAI21X4            10    47.880    fast_vdd1v2    best 
OAI221X1            8    19.152    fast_vdd1v2    best 
OAI221X2            1     4.788    fast_vdd1v2    best 
OAI22X1           470   964.440    fast_vdd1v2    best 
OAI22X2             5    17.100    fast_vdd1v2    best 
OAI2BB1X1          45    76.950    fast_vdd1v2    best 
OAI2BB2X1           1     4.104    fast_vdd1v2    best 
OAI2BB2X2           1     5.472    fast_vdd1v2    best 
OAI31X1             3     6.156    fast_vdd1v2    best 
OAI31X2             1     3.762    fast_vdd1v2    best 
OAI32X1            12    28.728    fast_vdd1v2    best 
OR2X1              27    36.936    fast_vdd1v2    best 
OR2X2               2     3.420    fast_vdd1v2    best 
OR2X4               3     8.208    fast_vdd1v2    best 
OR2X6               1     3.762    fast_vdd1v2    best 
OR2X8               1     4.446    fast_vdd1v2    best 
OR3X1               2     4.104    fast_vdd1v2    best 
OR4X1               2     4.104    fast_vdd1v2    best 
XNOR2X1           586  1402.884    fast_vdd1v2    best 
XNOR2X2             1     3.078    fast_vdd1v2    best 
XOR2X4              2     8.208    fast_vdd1v2    best 
-------------------------------------------------------
total            2859  8062.992                


                                         
     Type      Instances   Area   Area % 
-----------------------------------------
sequential            99  804.384   10.0 
inverter             211  296.514    3.7 
buffer               188  336.186    4.2 
logic               2361 6625.908   82.2 
physical_cells         0    0.000    0.0 
-----------------------------------------
total               2859 8062.992  100.0 

