============================================================
  Generated by:           Genus(TM) Synthesis Solution 21.19-s055_1
  Generated on:           Oct 30 2025  09:12:45 am
  Module:                 biriscv_multiplier
  Operating conditions:   PVT_0P9V_125C 
  Operating conditions:   PVT_1P32V_0C 
  Interconnect mode:      global
  Area mode:              physical library
============================================================

Timing
--------

Clock Period 
-------------
clk_i 1000.0 


  Cost    Critical         Violating 
 Group   Path Slack  TNS     Paths   
-------------------------------------
clk_i          29.0   0.0          0 
default    No paths   0.0            
-------------------------------------
Total                 0.0          0 

Instance Count
--------------
Leaf Instance Count             2859 
Physical Instance count            0 
Sequential Instance Count         99 
Combinational Instance Count    2760 
Hierarchical Instance Count        0 

Area
----
Cell Area                          8062.992
Physical Cell Area                 0.000
Total Cell Area (Cell+Physical)    8062.992
Net Area                           3923.307
Total Area (Cell+Physical+Net)     11986.299

Max Fanout                         99 (clk_i)
Min Fanout                         0 (n_5)
Average Fanout                     2.1
Terms to net ratio                 3.1240
Terms to instance ratio            3.7884
Runtime                            84.627575 seconds
Elapsed Runtime                    85 seconds
Genus peak memory usage            1771.98 
Innovus peak memory usage          no_value 
Hostname                           localhost
