============================================================
  Generated by:           Genus(TM) Synthesis Solution 21.19-s055_1
  Generated on:           Oct 30 2025  09:12:45 am
  Module:                 biriscv_multiplier
  Operating conditions:   PVT_0P9V_125C 
  Operating conditions:   PVT_1P32V_0C 
  Interconnect mode:      global
  Area mode:              physical library
============================================================


Path 1: MET (29 ps) Setup Check with Pin result_e2_q_reg[14]/CK->D
          Group: clk_i
     Startpoint: (R) operand_b_e1_q_reg[1]/CK
          Clock: (R) clk_i
       Endpoint: (F) result_e2_q_reg[14]/D
          Clock: (R) clk_i

                     Capture       Launch     
        Clock Edge:+    1000            0     
       Src Latency:+       0            0     
       Net Latency:+     100 (I)      100 (I) 
           Arrival:=    1100          100     
                                              
             Setup:-      14                  
       Uncertainty:-      50                  
     Required Time:=    1036                  
      Launch Clock:-     100                  
         Data Path:-     908                  
             Slack:=      29                  

#-----------------------------------------------------------------------------------------------------
#       Timing Point         Flags    Arc   Edge    Cell     Fanout Load Trans Delay Arrival Instance 
#                                                                   (fF)  (ps)  (ps)   (ps)  Location 
#-----------------------------------------------------------------------------------------------------
  operand_b_e1_q_reg[1]/CK   -       -      R     (arrival)      99    -     0     0     100    (-,-) 
  operand_b_e1_q_reg[1]/Q    -       CK->Q  R     DFFRHQX2        5 15.4    47    68     168    (-,-) 
  mul_123_68_g16974/Y        -       A->Y   F     CLKINVX6       10 23.4    32    23     191    (-,-) 
  mul_123_68_g16968/Y        -       A->Y   R     CLKINVX8       30 53.7    44    29     220    (-,-) 
  mul_123_68_g16635/Y        -       A->Y   F     XNOR2X2         2  8.2    30    54     274    (-,-) 
  mul_123_68_g16135/Y        -       B->Y   R     NOR2X4          1  3.9    20    15     290    (-,-) 
  mul_123_68_g16009/Y        -       B0->Y  F     AOI21X2         2  5.4    38    16     305    (-,-) 
  mul_123_68_g15739/Y        -       B->Y   F     OR2X4           3  8.4    20    40     345    (-,-) 
  mul_123_68_g15459/Y        -       A1->Y  R     OAI21X4         1  4.0    23    17     362    (-,-) 
  mul_123_68_g15454/CO       -       CI->CO R     ADDFHX2         2  5.0    20    40     402    (-,-) 
  mul_123_68_g17169/Y        -       AN->Y  R     NOR2BX2         2  6.8    42    38     441    (-,-) 
  mul_123_68_g15443/Y        -       A0->Y  F     AOI21X4         2  5.6    28    26     466    (-,-) 
  mul_123_68_g15432/Y        -       A1->Y  R     OAI21X2         1  3.7    31    24     490    (-,-) 
  mul_123_68_g15413/CO       -       CI->CO R     ADDFX2          3  8.9    32    50     540    (-,-) 
  mul_123_68_g15400/Y        -       A2->Y  F     AOI31X4         2  6.8    45    35     574    (-,-) 
  mul_123_68_g15393/Y        -       A1->Y  R     OAI21X4         2  6.0    30    23     598    (-,-) 
  mul_123_68_g15392/Y        -       A->Y   F     INVX2           1  4.7    19    16     614    (-,-) 
  mul_123_68_g15370__8428/Y  -       A1->Y  R     OAI21X4         3  8.7    35    24     637    (-,-) 
  mul_123_68_g15345__1617/Y  -       B1->Y  F     AOI221X4        2  6.7    46    27     664    (-,-) 
  mul_123_68_g15340__8428/Y  -       A1->Y  R     OAI21X4         1  4.2    25    21     685    (-,-) 
  mul_123_68_g15253__2883/CO -       CI->CO R     ADDFHX4         5 11.3    26    46     731    (-,-) 
  mul_123_68_g15252/Y        -       A->Y   F     INVX2           1  4.6    18    15     746    (-,-) 
  mul_123_68_g15248__4733/Y  -       C->Y   R     NOR3BX4         1  6.0    35    22     768    (-,-) 
  mul_123_68_g15229__4319/Y  -       B->Y   F     NOR2X6          4 11.9    20    15     783    (-,-) 
  mul_123_68_g15222/Y        -       A->Y   R     CLKINVX8        3  7.9    10     9     793    (-,-) 
  mul_123_68_g15092__6260/Y  -       B->Y   F     NAND2X2         1  5.0    32    21     814    (-,-) 
  mul_123_68_g15057__5107/Y  -       B->Y   F     CLKAND2X12     29 59.3    37    39     854    (-,-) 
  mul_123_68_g15049/Y        -       A->Y   R     CLKINVX4        3  7.8    18    14     867    (-,-) 
  mul_123_68_g15035__1617/Y  -       B->Y   F     NAND2X2         3  7.3    44    29     896    (-,-) 
  mul_123_68_g14996__2398/Y  -       A1->Y  R     OAI221X1        1  3.5    62    44     940    (-,-) 
  mul_123_68_g14964__7410/Y  -       B->Y   F     XNOR2X1         1  3.2    20    35     975    (-,-) 
  g5897__6260/Y              -       A1N->Y F     OAI2BB1X1       1  3.2    42    32    1008    (-,-) 
  result_e2_q_reg[14]/D      <<<     -      F     DFFRX2          1    -     -     0    1008    (-,-) 
#-----------------------------------------------------------------------------------------------------

