============================================================
  Generated by:           Genus(TM) Synthesis Solution 21.19-s055_1
  Generated on:           Oct 30 2025  09:09:20 am
  Module:                 biriscv_multiplier
  Operating conditions:   PVT_0P9V_125C 
  Operating conditions:   PVT_1P32V_0C 
  Interconnect mode:      global
  Area mode:              physical library
============================================================


Path 1: MET (50 ps) Setup Check with Pin result_e2_q_reg[31]/CK->D
          Group: clk_i
     Startpoint: (R) operand_b_e1_q_reg[3]/CK
          Clock: (R) clk_i
       Endpoint: (F) result_e2_q_reg[31]/D
          Clock: (R) clk_i

                     Capture       Launch     
        Clock Edge:+    1670            0     
       Src Latency:+       0            0     
       Net Latency:+     100 (I)      100 (I) 
           Arrival:=    1770          100     
                                              
             Setup:-      13                  
       Uncertainty:-      50                  
     Required Time:=    1707                  
      Launch Clock:-     100                  
         Data Path:-    1557                  
             Slack:=      50                  

#----------------------------------------------------------------------------------------------------------
#          Timing Point            Flags    Arc   Edge   Cell     Fanout Load Trans Delay Arrival Instance 
#                                                                        (fF)  (ps)  (ps)   (ps)  Location 
#----------------------------------------------------------------------------------------------------------
  operand_b_e1_q_reg[3]/CK         -       -      R     (arrival)     99    -     0     0     100    (-,-) 
  operand_b_e1_q_reg[3]/QN         -       CK->QN F     DFFRX1         1  4.3    25    61     161    (-,-) 
  g5992/Y                          -       A->Y   R     INVX3         35 64.8   125    74     235    (-,-) 
  mul_123_68_g14213/Y              -       A->Y   F     CLKINVX4       6 12.9    39    31     266    (-,-) 
  mul_123_68_g14199/Y              -       B->Y   R     NAND2X1        1  4.9    42    27     292    (-,-) 
  mul_123_68_g14193/Y              -       B->Y   F     NAND2X4        2 10.9    39    29     321    (-,-) 
  mul_123_68_g2/Y                  -       A->Y   F     OR2X6         33 64.9    72    65     386    (-,-) 
  mul_123_68_g13047/Y              -       A1->Y  R     OAI22X1        1  3.7    65    49     435    (-,-) 
  mul_123_68_cdnfadd_007_0__3680/S -       CI->S  F     ADDFX1         1  3.7    25    63     498    (-,-) 
  mul_123_68_cdnfadd_007_1__1617/S -       CI->S  R     ADDFX1         2  5.2    33    63     561    (-,-) 
  mul_123_68_g12886__5115/Y        -       B->Y   R     OR2X1          2  5.5    33    30     592    (-,-) 
  mul_123_68_g12876__3680/Y        -       A0N->Y R     OAI2BB1X4      2  5.4    22    35     627    (-,-) 
  mul_123_68_g12864__1666/Y        -       B->Y   R     CLKAND2X2      2  6.7    22    28     655    (-,-) 
  mul_123_68_g12860__9945/Y        -       A1->Y  F     AOI21X4        2  5.5    26    22     676    (-,-) 
  mul_123_68_g14387/Y              -       A1->Y  R     OAI21X1        2  5.3    65    44     720    (-,-) 
  mul_123_68_g12847__7098/Y        -       A1N->Y R     OAI2BB1X2      2  7.0    33    44     764    (-,-) 
  mul_123_68_g12822__4733/Y        -       B->Y   F     NAND2X4        2  6.7    27    21     785    (-,-) 
  mul_123_68_g12815__8246/Y        -       B->Y   R     NOR2X4         2  5.8    23    17     802    (-,-) 
  mul_123_68_g12808__6783/Y        -       A1->Y  F     OAI21X2        1  3.8    35    22     825    (-,-) 
  mul_123_68_g12802__2398/Y        -       B->Y   R     NAND2X2        1  4.9    25    17     842    (-,-) 
  mul_123_68_g12780__7482/Y        -       A1->Y  F     AOI21X4        4 10.6    41    29     871    (-,-) 
  mul_123_68_g12726__5477/Y        -       A1->Y  R     OAI21X4        3  8.9    39    27     898    (-,-) 
  mul_123_68_g12707__6131/Y        -       B1->Y  F     AOI221X4       3  8.7    50    30     928    (-,-) 
  mul_123_68_g12659__6260/Y        -       B->Y   R     NOR2X4         2  5.2    25    20     948    (-,-) 
  mul_123_68_g12629__6783/Y        -       A1N->Y R     OAI2BB1X2      1  3.9    20    33     981    (-,-) 
  mul_123_68_g12604__8246/Y        -       A1->Y  F     AOI21X2        1  4.7    36    26    1007    (-,-) 
  mul_123_68_g12595__4319/Y        -       A1->Y  R     OAI21X4        2  5.7    28    22    1029    (-,-) 
  mul_123_68_g12592__2398/Y        -       B->Y   R     CLKAND2X3      2  6.9    16    24    1053    (-,-) 
  mul_123_68_g12589__7410/Y        -       B->Y   F     NAND2X4        2  5.9    26    17    1070    (-,-) 
  mul_123_68_g12584__9315/Y        -       A1->Y  R     AOI21X2        1  4.0    35    23    1093    (-,-) 
  mul_123_68_g12581__7482/Y        -       A1->Y  F     OAI21X2        1  4.7    33    26    1120    (-,-) 
  mul_123_68_g12579__1881/Y        -       B->Y   R     NAND2X4        5 12.1    31    18    1137    (-,-) 
  mul_123_68_g12577__7098/Y        -       A1->Y  F     AOI21X4        2  6.8    33    25    1162    (-,-) 
  mul_123_68_g12572__2802/Y        -       B->Y   R     NOR2X4         3  7.3    28    20    1183    (-,-) 
  mul_123_68_g12563__5107/Y        -       A1N->Y R     OAI2BB1X4      2  8.0    23    36    1219    (-,-) 
  mul_123_68_g12557__2346/Y        -       B->Y   F     NAND2X6        3  7.7    24    17    1236    (-,-) 
  mul_123_68_g12553__6161/Y        -       B->Y   R     NOR2X2         1  5.0    40    24    1260    (-,-) 
  mul_123_68_g12549__1881/Y        -       B->Y   F     NOR2X4         3  8.6    26    17    1277    (-,-) 
  mul_123_68_g12541__3680/Y        -       A1->Y  R     OAI211X4       2  7.0    41    25    1302    (-,-) 
  mul_123_68_g12537__4319/Y        -       B->Y   F     NAND2X4        3  8.6    33    25    1327    (-,-) 
  mul_123_68_g12533__5477/Y        -       B->Y   R     NOR2X4         1  5.0    30    17    1344    (-,-) 
  mul_123_68_g12530__1666/Y        -       B->Y   F     NOR2X4         2  5.8    22    13    1357    (-,-) 
  mul_123_68_g12522__7482/Y        -       A2->Y  R     OAI31X2        1  3.7    45    31    1388    (-,-) 
  mul_123_68_g12517__8246/CO       -       CI->CO R     ADDFX1         1  3.7    25    44    1432    (-,-) 
  mul_123_68_g12516__5122/CO       -       CI->CO R     ADDFX1         1  3.7    25    40    1472    (-,-) 
  mul_123_68_g12515__1705/CO       -       CI->CO R     ADDFX1         1  3.7    25    40    1512    (-,-) 
  mul_123_68_g12514__2802/CO       -       CI->CO R     ADDFX1         1  3.7    25    40    1553    (-,-) 
  mul_123_68_g12513__1617/CO       -       CI->CO R     ADDFX1         1  3.5    24    40    1593    (-,-) 
  mul_123_68_g12512__3680/Y        -       B->Y   F     XNOR2X1        1  3.2    20    32    1625    (-,-) 
  g5899__8428/Y                    -       A1N->Y F     OAI2BB1X1      1  3.2    41    32    1657    (-,-) 
  result_e2_q_reg[31]/D            <<<     -      F     DFFRX2         1    -     -     0    1657    (-,-) 
#----------------------------------------------------------------------------------------------------------

