============================================================
  Generated by:           Genus(TM) Synthesis Solution 21.19-s055_1
  Generated on:           Oct 30 2025  09:09:20 am
  Module:                 biriscv_multiplier
  Operating conditions:   PVT_0P9V_125C 
  Operating conditions:   PVT_1P32V_0C 
  Interconnect mode:      global
  Area mode:              physical library
============================================================

Timing
--------

Clock Period 
-------------
clk_i 1670.0 


  Cost    Critical         Violating 
 Group   Path Slack  TNS     Paths   
-------------------------------------
clk_i          49.5   0.0          0 
default    No paths   0.0            
-------------------------------------
Total                 0.0          0 

Instance Count
--------------
Leaf Instance Count             2578 
Physical Instance count            0 
Sequential Instance Count         99 
Combinational Instance Count    2479 
Hierarchical Instance Count        0 

Area
----
Cell Area                          7341.714
Physical Cell Area                 0.000
Total Cell Area (Cell+Physical)    7341.714
Net Area                           3629.742
Total Area (Cell+Physical+Net)     10971.456

Max Fanout                         99 (clk_i)
Min Fanout                         0 (n_4)
Average Fanout                     2.1
Terms to net ratio                 3.1533
Terms to instance ratio            3.8933
Runtime                            76.14436699999999 seconds
Elapsed Runtime                    78 seconds
Genus peak memory usage            1760.47 
Innovus peak memory usage          no_value 
Hostname                           localhost
