============================================================
  Generated by:           Genus(TM) Synthesis Solution 21.19-s055_1
  Generated on:           Oct 30 2025  09:09:20 am
  Module:                 biriscv_multiplier
  Operating conditions:   PVT_0P9V_125C 
  Operating conditions:   PVT_1P32V_0C 
  Interconnect mode:      global
  Area mode:              physical library
============================================================

                                              Library 
   Gate    Instances    Area       Library     Domain 
------------------------------------------------------
ADDFHX1            1     7.524    fast_vdd1v2    best 
ADDFHX2            1     8.208    fast_vdd1v2    best 
ADDFX1           487  2498.310    fast_vdd1v2    best 
ADDHX1            16    60.192    fast_vdd1v2    best 
AND2X1            21    28.728    fast_vdd1v2    best 
AND2X2             2     3.420    fast_vdd1v2    best 
AND2X4             1     2.736    fast_vdd1v2    best 
AND3XL             1     2.052    fast_vdd1v2    best 
AND4X1             1     2.394    fast_vdd1v2    best 
AND4X4             1     3.762    fast_vdd1v2    best 
AO21X1            11    26.334    fast_vdd1v2    best 
AO22X1            69   188.784    fast_vdd1v2    best 
AOI21X1           23    39.330    fast_vdd1v2    best 
AOI21X2            2     5.472    fast_vdd1v2    best 
AOI21X4            3    15.390    fast_vdd1v2    best 
AOI221X4           1     7.866    fast_vdd1v2    best 
AOI22X1           34    69.768    fast_vdd1v2    best 
AOI22X2            1     3.762    fast_vdd1v2    best 
AOI2BB1X1         14    28.728    fast_vdd1v2    best 
AOI2BB2X2          1     5.130    fast_vdd1v2    best 
BUFX2            167   285.570    fast_vdd1v2    best 
BUFX3              4     8.208    fast_vdd1v2    best 
BUFX6              2     6.156    fast_vdd1v2    best 
CLKAND2X2          1     2.052    fast_vdd1v2    best 
CLKAND2X3          1     3.078    fast_vdd1v2    best 
CLKAND2X6          1     4.788    fast_vdd1v2    best 
CLKBUFX3           1     2.052    fast_vdd1v2    best 
CLKINVX12          2     8.208    fast_vdd1v2    best 
CLKINVX16          1     5.472    fast_vdd1v2    best 
CLKINVX3           1     1.710    fast_vdd1v2    best 
CLKINVX4          16    27.360    fast_vdd1v2    best 
CLKINVX6           3     7.182    fast_vdd1v2    best 
CLKINVX8           3     9.234    fast_vdd1v2    best 
CLKMX2X2           1     3.078    fast_vdd1v2    best 
CLKXOR2X1          8    21.888    fast_vdd1v2    best 
DFFRHQX1          17   104.652    fast_vdd1v2    best 
DFFRHQX4          15   143.640    fast_vdd1v2    best 
DFFRX1             2    13.680    fast_vdd1v2    best 
DFFRX2            65   489.060    fast_vdd1v2    best 
INVX1             50    34.200    fast_vdd1v2    best 
INVX2             13    13.338    fast_vdd1v2    best 
INVX3              2     2.736    fast_vdd1v2    best 
INVXL              2     1.368    fast_vdd1v2    best 
MX2X1              4     9.576    fast_vdd1v2    best 
MXI2XL             2     4.788    fast_vdd1v2    best 
NAND2BX1          24    32.832    fast_vdd1v2    best 
NAND2X1           74    75.924    fast_vdd1v2    best 
NAND2X2            4     6.840    fast_vdd1v2    best 
NAND2X4            5    17.100    fast_vdd1v2    best 
NAND2X6            2     9.576    fast_vdd1v2    best 
NAND3BXL           4     6.840    fast_vdd1v2    best 
NAND3X1            2     3.420    fast_vdd1v2    best 
NAND4BX1           1     2.394    fast_vdd1v2    best 
NOR2BX1           14    19.152    fast_vdd1v2    best 
NOR2X1            85    87.210    fast_vdd1v2    best 
NOR2X2             8    13.680    fast_vdd1v2    best 
NOR2X4             6    18.468    fast_vdd1v2    best 
NOR2X6             1     4.104    fast_vdd1v2    best 
NOR4BBX1           1     2.736    fast_vdd1v2    best 
NOR4BX1            2     4.788    fast_vdd1v2    best 
NOR4X1             1     1.710    fast_vdd1v2    best 
OA21X1             7    14.364    fast_vdd1v2    best 
OA22X1             1     2.394    fast_vdd1v2    best 
OAI211X1           1     1.710    fast_vdd1v2    best 
OAI211X4           1     6.498    fast_vdd1v2    best 
OAI21X1           14    23.940    fast_vdd1v2    best 
OAI21X2            3     9.234    fast_vdd1v2    best 
OAI21X4            3    14.364    fast_vdd1v2    best 
OAI221X1           1     2.394    fast_vdd1v2    best 
OAI22X1          506  1038.312    fast_vdd1v2    best 
OAI22X2            3    10.260    fast_vdd1v2    best 
OAI2BB1X1         52    88.920    fast_vdd1v2    best 
OAI2BB1X2          2     6.156    fast_vdd1v2    best 
OAI2BB1X4          2     8.892    fast_vdd1v2    best 
OAI2BB2XL          1     3.762    fast_vdd1v2    best 
OAI31X1            1     2.052    fast_vdd1v2    best 
OAI31X2            1     3.762    fast_vdd1v2    best 
OR2X1             33    45.144    fast_vdd1v2    best 
OR2X2              4     6.840    fast_vdd1v2    best 
OR2X4              6    16.416    fast_vdd1v2    best 
OR2X6              5    18.810    fast_vdd1v2    best 
XNOR2X1          621  1486.674    fast_vdd1v2    best 
XNOR2X2            1     3.078    fast_vdd1v2    best 
------------------------------------------------------
total           2578  7341.714                


                                         
     Type      Instances   Area   Area % 
-----------------------------------------
sequential            99  751.032   10.2 
inverter              93  110.808    1.5 
buffer               174  301.986    4.1 
logic               2212 6177.888   84.1 
physical_cells         0    0.000    0.0 
-----------------------------------------
total               2578 7341.714  100.0 

