============================================================
  Generated by:           Genus(TM) Synthesis Solution 21.19-s055_1
  Generated on:           Oct 29 2025  03:43:20 pm
  Module:                 biriscv_multiplier
  Operating conditions:   PVT_0P9V_125C 
  Operating conditions:   PVT_1P32V_0C 
  Interconnect mode:      global
  Area mode:              physical library
============================================================


Path 1: MET (13 ps) Setup Check with Pin pp_scaled_s_p1_r_reg[10][46]/CK->D
          Group: clk_i
     Startpoint: (F) opcode_ra_operand_i[3]
          Clock: (R) clk_i
       Endpoint: (F) pp_scaled_s_p1_r_reg[10][46]/D
          Clock: (R) clk_i

                     Capture       Launch     
        Clock Edge:+    2940            0     
        Drv Adjust:+       0            0     
       Src Latency:+       0            0     
       Net Latency:+     100 (I)      100 (I) 
           Arrival:=    3040          100     
                                              
             Setup:-     146                  
       Uncertainty:-      50                  
     Required Time:=    2844                  
      Launch Clock:-     100                  
       Input Delay:-     300                  
         Data Path:-    2431                  
             Slack:=      13                  

Exceptions/Constraints:
  input_delay             300             biriscv_multiplier.s_line_30_62_1 

#-------------------------------------------------------------------------------------------------------
#         Timing Point           Flags   Arc   Edge   Cell     Fanout Load Trans Delay Arrival Instance 
#                                                                     (fF)  (ps)  (ps)   (ps)  Location 
#-------------------------------------------------------------------------------------------------------
  opcode_ra_operand_i[3]         -       -     F     (arrival)     17 34.3   252     0     400    (-,-) 
  g69999/Y                       -       A->Y  R     NOR2X4         1  3.4    89   165     565    (-,-) 
  g69646/Y                       -       A->Y  R     CLKAND2X3      1  5.3    53   143     708    (-,-) 
  g68634/Y                       -       A->Y  F     NAND2X6        3  7.9   112   105     814    (-,-) 
  g68189/Y                       -       B->Y  R     NOR2X4         3  6.8   107   112     926    (-,-) 
  g67986/Y                       -       B->Y  R     AND2X4         2  5.7    68   210    1136    (-,-) 
  g67936/Y                       -       B->Y  R     CLKAND2X2      3  8.8   108   161    1297    (-,-) 
  g67888/Y                       -       B->Y  F     NAND2X6        3  8.3   124   122    1420    (-,-) 
  g67845/Y                       -       B->Y  R     NOR2X2         2  7.0   193   170    1590    (-,-) 
  g67410__1617/CO                -       B->CO R     ADDHX4         1  3.9    59   248    1838    (-,-) 
  g66652__5526/S                 -       B->S  F     ADDHX4        17 30.1   247   308    2146    (-,-) 
  g66651/Y                       -       A->Y  R     INVX3         16 27.6   227   233    2379    (-,-) 
  g66178__1705/Y                 -       A1->Y R     OA21X1         1  3.3    86   269    2648    (-,-) 
  g66007__2346/Y                 -       B0->Y F     OAI2BB1X1      1  3.2   208   183    2831    (-,-) 
  pp_scaled_s_p1_r_reg[10][46]/D <<<     -     F     DFFHQX1        1    -     -     0    2831    (-,-) 
#-------------------------------------------------------------------------------------------------------

