============================================================
  Generated by:           Genus(TM) Synthesis Solution 21.19-s055_1
  Generated on:           Oct 29 2025  03:43:20 pm
  Module:                 biriscv_multiplier
  Operating conditions:   PVT_0P9V_125C 
  Operating conditions:   PVT_1P32V_0C 
  Interconnect mode:      global
  Area mode:              physical library
============================================================

                                                Library 
   Gate     Instances    Area        Library     Domain 
--------------------------------------------------------
ADDFHX1           121    910.404    slow_vdd1v0   worst 
ADDFHX2           173   1419.984    slow_vdd1v0   worst 
ADDFHX4             1      9.576    slow_vdd1v0   worst 
ADDFX1            160    820.800    slow_vdd1v0   worst 
ADDHX1              1      3.762    slow_vdd1v0   worst 
ADDHX2              2     10.260    slow_vdd1v0   worst 
ADDHX4              8     57.456    slow_vdd1v0   worst 
AND2X1            117    160.056    slow_vdd1v0   worst 
AND2X2              7     11.970    slow_vdd1v0   worst 
AND2X4             35     95.760    slow_vdd1v0   worst 
AND2X6             20     75.240    slow_vdd1v0   worst 
AND3X6              1      4.446    slow_vdd1v0   worst 
AND3XL              2      4.104    slow_vdd1v0   worst 
AND4X1              1      2.394    slow_vdd1v0   worst 
AO21X1             17     40.698    slow_vdd1v0   worst 
AO21X4              2      6.840    slow_vdd1v0   worst 
AO22X1              9     24.624    slow_vdd1v0   worst 
AO22X2              2      6.156    slow_vdd1v0   worst 
AOI211X2            1      3.420    slow_vdd1v0   worst 
AOI211X4           14     90.972    slow_vdd1v0   worst 
AOI21X1            32     54.720    slow_vdd1v0   worst 
AOI21X2            63    172.368    slow_vdd1v0   worst 
AOI21X4           116    595.080    slow_vdd1v0   worst 
AOI221X2            4     17.784    slow_vdd1v0   worst 
AOI221X4            3     23.598    slow_vdd1v0   worst 
AOI22X1           551   1130.652    slow_vdd1v0   worst 
AOI22X2             7     26.334    slow_vdd1v0   worst 
AOI22X4            31    190.836    slow_vdd1v0   worst 
AOI2BB1X1           4      8.208    slow_vdd1v0   worst 
AOI2BB1X2          14     43.092    slow_vdd1v0   worst 
AOI2BB1X4          46    188.784    slow_vdd1v0   worst 
AOI2BB2X1           6     20.520    slow_vdd1v0   worst 
AOI2BB2X2          44    225.720    slow_vdd1v0   worst 
BUFX12              7     35.910    slow_vdd1v0   worst 
BUFX16              1      6.840    slow_vdd1v0   worst 
BUFX2               3      5.130    slow_vdd1v0   worst 
BUFX20              4     32.832    slow_vdd1v0   worst 
BUFX3               3      6.156    slow_vdd1v0   worst 
BUFX6               8     24.624    slow_vdd1v0   worst 
CLKAND2X12          8     60.192    slow_vdd1v0   worst 
CLKAND2X2          52    106.704    slow_vdd1v0   worst 
CLKAND2X3          24     73.872    slow_vdd1v0   worst 
CLKAND2X4           1      3.420    slow_vdd1v0   worst 
CLKAND2X6          54    258.552    slow_vdd1v0   worst 
CLKAND2X8           9     52.326    slow_vdd1v0   worst 
CLKINVX12           5     20.520    slow_vdd1v0   worst 
CLKINVX16           4     21.888    slow_vdd1v0   worst 
CLKINVX20           6     38.988    slow_vdd1v0   worst 
CLKINVX4           20     34.200    slow_vdd1v0   worst 
CLKINVX6           41     98.154    slow_vdd1v0   worst 
CLKINVX8            9     27.702    slow_vdd1v0   worst 
CLKMX2X3            3     12.312    slow_vdd1v0   worst 
CLKMX2X4            1      4.104    slow_vdd1v0   worst 
CLKMX2X6            1      4.446    slow_vdd1v0   worst 
CLKXOR2X1         123    336.528    slow_vdd1v0   worst 
CLKXOR2X8           2     11.628    slow_vdd1v0   worst 
DFFHQX1           846   4629.312    slow_vdd1v0   worst 
DFFHQX2            10     68.400    slow_vdd1v0   worst 
DFFQX1             22    127.908    slow_vdd1v0   worst 
DFFQX2             27    175.446    slow_vdd1v0   worst 
DFFTRX2            40    328.320    slow_vdd1v0   worst 
DFFX1              44    316.008    slow_vdd1v0   worst 
DFFX2               5     41.040    slow_vdd1v0   worst 
INVX1             210    143.640    slow_vdd1v0   worst 
INVX2              85     87.210    slow_vdd1v0   worst 
INVX20              2     12.996    slow_vdd1v0   worst 
INVX3              92    125.856    slow_vdd1v0   worst 
INVX6               4      9.576    slow_vdd1v0   worst 
MX2X1              37     88.578    slow_vdd1v0   worst 
MXI2X1             56    153.216    slow_vdd1v0   worst 
MXI2X6             12     61.560    slow_vdd1v0   worst 
NAND2BX1           75    102.600    slow_vdd1v0   worst 
NAND2BX2           11     26.334    slow_vdd1v0   worst 
NAND2BX4            9     33.858    slow_vdd1v0   worst 
NAND2X1           102    104.652    slow_vdd1v0   worst 
NAND2X2           101    172.710    slow_vdd1v0   worst 
NAND2X4           104    355.680    slow_vdd1v0   worst 
NAND2X6            54    258.552    slow_vdd1v0   worst 
NAND2X8            18     98.496    slow_vdd1v0   worst 
NOR2BX1            83    113.544    slow_vdd1v0   worst 
NOR2BX2            15     41.040    slow_vdd1v0   worst 
NOR2BX4             9     33.858    slow_vdd1v0   worst 
NOR2X1            223    228.798    slow_vdd1v0   worst 
NOR2X2            164    280.440    slow_vdd1v0   worst 
NOR2X4            234    720.252    slow_vdd1v0   worst 
NOR2X6            122    500.688    slow_vdd1v0   worst 
NOR2X8             33    180.576    slow_vdd1v0   worst 
NOR3X1              2      3.420    slow_vdd1v0   worst 
NOR3X4              4     20.520    slow_vdd1v0   worst 
NOR3X6              4     28.728    slow_vdd1v0   worst 
NOR3X8              2     17.784    slow_vdd1v0   worst 
NOR4X2              3     10.260    slow_vdd1v0   worst 
NOR4X6              1      8.208    slow_vdd1v0   worst 
OA21X1            912   1871.424    slow_vdd1v0   worst 
OA21X2              1      3.078    slow_vdd1v0   worst 
OA21X4              5     18.810    slow_vdd1v0   worst 
OA22X1             49    117.306    slow_vdd1v0   worst 
OAI21X1            40     68.400    slow_vdd1v0   worst 
OAI21X2            37    113.886    slow_vdd1v0   worst 
OAI21X4           128    612.864    slow_vdd1v0   worst 
OAI2BB1X1         692   1183.320    slow_vdd1v0   worst 
OAI2BB1X2          39    120.042    slow_vdd1v0   worst 
OAI2BB1X4          10     44.460    slow_vdd1v0   worst 
OAI2BB2X2           4     21.888    slow_vdd1v0   worst 
OAI2BB2X4          16    136.800    slow_vdd1v0   worst 
OAI31X4             2     13.680    slow_vdd1v0   worst 
OR2X1              72     98.496    slow_vdd1v0   worst 
OR2X2               8     13.680    slow_vdd1v0   worst 
OR2X4              26     71.136    slow_vdd1v0   worst 
OR2X6              53    199.386    slow_vdd1v0   worst 
OR2X8               1      4.446    slow_vdd1v0   worst 
OR3X1               8     16.416    slow_vdd1v0   worst 
OR3X4               1      3.078    slow_vdd1v0   worst 
OR3X6               2      9.576    slow_vdd1v0   worst 
OR4X1               1      2.052    slow_vdd1v0   worst 
XNOR2X1           118    282.492    slow_vdd1v0   worst 
XNOR2X2             4     12.312    slow_vdd1v0   worst 
XNOR2X4             2      7.524    slow_vdd1v0   worst 
XOR2X2              1      3.420    slow_vdd1v0   worst 
--------------------------------------------------------
total            7101  22493.682                


                                          
     Type      Instances    Area   Area % 
------------------------------------------
sequential           994  5686.434   25.3 
inverter             478   620.730    2.8 
buffer                26   111.492    0.5 
logic               5603 16075.026   71.5 
physical_cells         0     0.000    0.0 
------------------------------------------
total               7101 22493.682  100.0 

