============================================================
  Generated by:           Genus(TM) Synthesis Solution 21.19-s055_1
  Generated on:           Oct 29 2025  03:43:20 pm
  Module:                 biriscv_multiplier
  Operating conditions:   PVT_0P9V_125C 
  Operating conditions:   PVT_1P32V_0C 
  Interconnect mode:      global
  Area mode:              physical library
============================================================

Timing
--------

Clock Period 
-------------
clk_i 2940.0 


  Cost    Critical         Violating 
 Group   Path Slack  TNS     Paths   
-------------------------------------
clk_i          12.9   0.0          0 
default    No paths   0.0            
-------------------------------------
Total                 0.0          0 

Instance Count
--------------
Leaf Instance Count             7101 
Physical Instance count            0 
Sequential Instance Count        994 
Combinational Instance Count    6107 
Hierarchical Instance Count        0 

Area
----
Cell Area                          22493.682
Physical Cell Area                 0.000
Total Cell Area (Cell+Physical)    22493.682
Net Area                           9005.383
Total Area (Cell+Physical+Net)     31499.065

Max Fanout                         994 (clk_i)
Min Fanout                         1 (Add_L2_s[0][2])
Average Fanout                     2.3
Terms to net ratio                 3.3409
Terms to instance ratio            3.6119
Runtime                            174.80074500000003 seconds
Elapsed Runtime                    182 seconds
Genus peak memory usage            1937.58 
Innovus peak memory usage          no_value 
Hostname                           localhost
