============================================================
  Generated by:           Genus(TM) Synthesis Solution 21.18-s082_1
  Generated on:           Nov 04 2025  03:57:30 pm
  Module:                 biriscv_multiplier
  Operating conditions:   PVT_0P9V_125C 
  Operating conditions:   PVT_1P32V_0C 
  Interconnect mode:      global
  Area mode:              physical library
============================================================


Path 1: VIOLATED (-76 ps) Late External Delay Assertion at pin writeback_value_o[19]
          Group: clk_i
     Startpoint: (R) pipe_stage2_s_reg[1][40]/CK
          Clock: (R) clk_i
       Endpoint: (R) writeback_value_o[19]
          Clock: (R) clk_i

                     Capture       Launch     
        Clock Edge:+    3570            0     
       Src Latency:+       0            0     
       Net Latency:+     100 (I)      100 (I) 
           Arrival:=    3670          100     
                                              
      Output Delay:-     300                  
       Uncertainty:-      50                  
     Required Time:=    3320                  
      Launch Clock:-     100                  
         Data Path:-    3296                  
             Slack:=     -76                  

Exceptions/Constraints:
  output_delay             300             biriscv_multiplier.s_line_35_109_1 

#----------------------------------------------------------------------------------------------------------------------
#                Timing Point                  Flags    Arc   Edge   Cell     Fanout Load Trans Delay Arrival Instance 
#                                                                                    (fF)  (ps)  (ps)   (ps)  Location 
#----------------------------------------------------------------------------------------------------------------------
  pipe_stage2_s_reg[1][40]/CK                  -       -      R     (arrival)    879    -     0     0     100    (-,-) 
  pipe_stage2_s_reg[1][40]/Q                   -       CK->Q  R     DFFRHQX4       1  7.8    68   281     381    (-,-) 
  fopt7/Y                                      -       A->Y   F     CLKINVX12      2 14.4    55    60     440    (-,-) 
  fopt57509/Y                                  -       A->Y   R     CLKINVX12      6 16.5    47    50     491    (-,-) 
  WALLACE_CSA_DUMMY_OP_groupi_cdnfadd_045_0/S  -       B->S   F     ADDFHX1        1  3.7   115   315     805    (-,-) 
  WALLACE_CSA_DUMMY_OP_groupi_cdnfadd_045_2/S  -       CI->S  R     ADDFHX1        1  3.7   100   328    1134    (-,-) 
  WALLACE_CSA_DUMMY_OP_groupi_cdnfadd_045_3/CO -       CI->CO R     ADDFHX1        1  3.7    98   234    1367    (-,-) 
  WALLACE_CSA_DUMMY_OP_groupi_cdnfadd_046_4/S  -       CI->S  F     ADDFHX1        1  4.0   123   317    1684    (-,-) 
  WALLACE_CSA_DUMMY_OP_groupi_cdnfadd_046_5/S  -       B->S   R     ADDFHX2        2  8.4   128   400    2084    (-,-) 
  WALLACE_CSA_DUMMY_OP_groupi_g4235/Y          -       B->Y   F     NOR2X6         2  5.4    59    86    2170    (-,-) 
  WALLACE_CSA_DUMMY_OP_groupi_g2/Y             -       B->Y   F     OR2X6          3 11.2    79   159    2330    (-,-) 
  WALLACE_CSA_DUMMY_OP_groupi_g4116/Y          -       B->Y   R     NOR2X8         1  3.9    54    66    2395    (-,-) 
  WALLACE_CSA_DUMMY_OP_groupi_g4107/Y          -       B->Y   R     CLKAND2X6      2  8.6    49   113    2508    (-,-) 
  WALLACE_CSA_DUMMY_OP_groupi_g4079/Y          -       B->Y   R     CLKAND2X6      4 19.5    84   131    2639    (-,-) 
  fopt57497/Y                                  -       A->Y   F     CLKINVX16     10 27.0    73    74    2713    (-,-) 
  WALLACE_CSA_DUMMY_OP_groupi_g4040/Y          -       B->Y   R     NOR2X2         1  4.5   134   113    2827    (-,-) 
  WALLACE_CSA_DUMMY_OP_groupi_g3982/Y          -       B->Y   F     NOR3X4         1  3.4    68   101    2928    (-,-) 
  WALLACE_CSA_DUMMY_OP_groupi_g3965/Y          -       S0->Y  R     CLKMX2X3       1  4.5    63   216    3144    (-,-) 
  g31531__6783/Y                               -       B1->Y  F     AOI22X4        1  7.2   179   119    3263    (-,-) 
  g31514/Y                                     -       A->Y   R     CLKINVX12      1 47.9   121   133    3396    (-,-) 
  writeback_value_o[19]                        <<<     -      R     (port)         -    -     -     0    3396    (-,-) 
#----------------------------------------------------------------------------------------------------------------------

