============================================================
  Generated by:           Genus(TM) Synthesis Solution 21.18-s082_1
  Generated on:           Nov 04 2025  03:57:30 pm
  Module:                 biriscv_multiplier
  Operating conditions:   PVT_0P9V_125C 
  Operating conditions:   PVT_1P32V_0C 
  Interconnect mode:      global
  Area mode:              physical library
============================================================

                                                Library 
   Gate     Instances    Area        Library     Domain 
--------------------------------------------------------
ADDFHX1            52    391.248    slow_vdd1v0   worst 
ADDFHX2            59    484.272    slow_vdd1v0   worst 
ADDFHX4             2     19.152    slow_vdd1v0   worst 
ADDFHXL             1      7.524    slow_vdd1v0   worst 
ADDFX1            472   2421.360    slow_vdd1v0   worst 
ADDFX2              1      7.866    slow_vdd1v0   worst 
ADDHX1            298   1121.076    slow_vdd1v0   worst 
ADDHX2              1      5.130    slow_vdd1v0   worst 
AND2X1            862   1179.216    slow_vdd1v0   worst 
AND2X2              6     10.260    slow_vdd1v0   worst 
AND2X4             21     57.456    slow_vdd1v0   worst 
AND2X6              5     18.810    slow_vdd1v0   worst 
AND2X8              1      4.446    slow_vdd1v0   worst 
AND3XL              1      2.052    slow_vdd1v0   worst 
AO21X1             61    146.034    slow_vdd1v0   worst 
AO21X2              2      5.472    slow_vdd1v0   worst 
AO21X4              1      3.420    slow_vdd1v0   worst 
AOI211X2            2      6.840    slow_vdd1v0   worst 
AOI211X4            2     12.996    slow_vdd1v0   worst 
AOI21X1            96    164.160    slow_vdd1v0   worst 
AOI21X2           116    317.376    slow_vdd1v0   worst 
AOI21X4            29    148.770    slow_vdd1v0   worst 
AOI221X4            1      7.866    slow_vdd1v0   worst 
AOI22X1            63    129.276    slow_vdd1v0   worst 
AOI22X2             1      3.762    slow_vdd1v0   worst 
AOI22X4            27    166.212    slow_vdd1v0   worst 
AOI2BB1X1          15     30.780    slow_vdd1v0   worst 
AOI2BB1X2          16     49.248    slow_vdd1v0   worst 
AOI2BB1X4           9     36.936    slow_vdd1v0   worst 
BUFX16             12     82.080    slow_vdd1v0   worst 
BUFX2               2      3.420    slow_vdd1v0   worst 
BUFX3               5     10.260    slow_vdd1v0   worst 
BUFX6              16     49.248    slow_vdd1v0   worst 
BUFX8               1      3.762    slow_vdd1v0   worst 
CLKAND2X12          2     15.048    slow_vdd1v0   worst 
CLKAND2X2          16     32.832    slow_vdd1v0   worst 
CLKAND2X3          13     40.014    slow_vdd1v0   worst 
CLKAND2X6          13     62.244    slow_vdd1v0   worst 
CLKBUFX12           1      5.130    slow_vdd1v0   worst 
CLKBUFX16           2     13.680    slow_vdd1v0   worst 
CLKBUFX3            2      4.104    slow_vdd1v0   worst 
CLKBUFX4            4      9.576    slow_vdd1v0   worst 
CLKINVX12          22     90.288    slow_vdd1v0   worst 
CLKINVX16           7     38.304    slow_vdd1v0   worst 
CLKINVX2            1      1.368    slow_vdd1v0   worst 
CLKINVX3            1      1.710    slow_vdd1v0   worst 
CLKINVX4           28     47.880    slow_vdd1v0   worst 
CLKINVX6           14     33.516    slow_vdd1v0   worst 
CLKINVX8            3      9.234    slow_vdd1v0   worst 
CLKMX2X2            4     12.312    slow_vdd1v0   worst 
CLKMX2X3           10     41.040    slow_vdd1v0   worst 
CLKMX2X4            1      4.104    slow_vdd1v0   worst 
CLKMX2X6            4     17.784    slow_vdd1v0   worst 
CLKXOR2X1         120    328.320    slow_vdd1v0   worst 
CLKXOR2X2           3     10.260    slow_vdd1v0   worst 
DFFRHQX1          702   4321.512    slow_vdd1v0   worst 
DFFRHQX4            6     57.456    slow_vdd1v0   worst 
DFFRHQX8           12    135.432    slow_vdd1v0   worst 
DFFRX2            158   1188.792    slow_vdd1v0   worst 
DFFRX4              1      9.576    slow_vdd1v0   worst 
INVX1             219    149.796    slow_vdd1v0   worst 
INVX12              1      4.104    slow_vdd1v0   worst 
INVX16              1      5.472    slow_vdd1v0   worst 
INVX2              46     47.196    slow_vdd1v0   worst 
INVX3              24     32.832    slow_vdd1v0   worst 
INVXL               4      2.736    slow_vdd1v0   worst 
MX2X1             810   1939.140    slow_vdd1v0   worst 
MXI2X2              1      4.446    slow_vdd1v0   worst 
NAND2BX1          162    221.616    slow_vdd1v0   worst 
NAND2BX2           77    184.338    slow_vdd1v0   worst 
NAND2BX4            8     30.096    slow_vdd1v0   worst 
NAND2X1           196    201.096    slow_vdd1v0   worst 
NAND2X2           223    381.330    slow_vdd1v0   worst 
NAND2X4            47    160.740    slow_vdd1v0   worst 
NAND2X6            22    105.336    slow_vdd1v0   worst 
NAND2X8             9     49.248    slow_vdd1v0   worst 
NAND3BX2            3      9.234    slow_vdd1v0   worst 
NAND3BX4            4     20.520    slow_vdd1v0   worst 
NAND3X2             1      2.736    slow_vdd1v0   worst 
NAND3X4             3     14.364    slow_vdd1v0   worst 
NAND3X6             1      7.182    slow_vdd1v0   worst 
NOR2BX1           196    268.128    slow_vdd1v0   worst 
NOR2BX2            43    117.648    slow_vdd1v0   worst 
NOR2BX4             4     15.048    slow_vdd1v0   worst 
NOR2X1            369    378.594    slow_vdd1v0   worst 
NOR2X2            232    396.720    slow_vdd1v0   worst 
NOR2X4            130    400.140    slow_vdd1v0   worst 
NOR2X6             52    213.408    slow_vdd1v0   worst 
NOR2X8             20    109.440    slow_vdd1v0   worst 
NOR3BX1             2      4.104    slow_vdd1v0   worst 
NOR3BX4             2     11.628    slow_vdd1v0   worst 
NOR3X2              2      5.472    slow_vdd1v0   worst 
NOR3X4             16     82.080    slow_vdd1v0   worst 
NOR3X6              2     14.364    slow_vdd1v0   worst 
NOR3X8              2     17.784    slow_vdd1v0   worst 
NOR4BBX2            1      5.130    slow_vdd1v0   worst 
OA21X1             42     86.184    slow_vdd1v0   worst 
OA21X2              7     21.546    slow_vdd1v0   worst 
OA21X4              1      3.762    slow_vdd1v0   worst 
OAI21X1            76    129.960    slow_vdd1v0   worst 
OAI21X2            51    156.978    slow_vdd1v0   worst 
OAI21X4            58    277.704    slow_vdd1v0   worst 
OAI22X1             8     16.416    slow_vdd1v0   worst 
OAI2BB1X1          65    111.150    slow_vdd1v0   worst 
OAI2BB1X2          68    209.304    slow_vdd1v0   worst 
OAI2BB1X4           2      8.892    slow_vdd1v0   worst 
OAI2BB2X2           9     49.248    slow_vdd1v0   worst 
OAI31X2             1      3.762    slow_vdd1v0   worst 
OAI31X4             1      6.840    slow_vdd1v0   worst 
OR2X1             335    458.280    slow_vdd1v0   worst 
OR2X2              29     49.590    slow_vdd1v0   worst 
OR2X4               9     24.624    slow_vdd1v0   worst 
OR2X6               2      7.524    slow_vdd1v0   worst 
OR2X8               1      4.446    slow_vdd1v0   worst 
OR3X1               8     16.416    slow_vdd1v0   worst 
OR3X6               1      4.788    slow_vdd1v0   worst 
XNOR2X1           550   1316.700    slow_vdd1v0   worst 
XNOR2X2             3      9.234    slow_vdd1v0   worst 
--------------------------------------------------------
total            7671  22225.896                


                                          
     Type      Instances    Area   Area % 
------------------------------------------
sequential           879  5712.768   25.7 
inverter             371   464.436    2.1 
buffer                45   181.260    0.8 
logic               6376 15867.432   71.4 
physical_cells         0     0.000    0.0 
------------------------------------------
total               7671 22225.896  100.0 

