============================================================
  Generated by:           Genus(TM) Synthesis Solution 21.18-s082_1
  Generated on:           Nov 04 2025  03:57:30 pm
  Module:                 biriscv_multiplier
  Operating conditions:   PVT_0P9V_125C 
  Operating conditions:   PVT_1P32V_0C 
  Interconnect mode:      global
  Area mode:              physical library
============================================================

Timing
--------

Clock Period 
-------------
clk_i 3570.0 


  Cost    Critical             Violating 
 Group   Path Slack    TNS       Paths   
-----------------------------------------
clk_i         -76.1   -1110.8         16 
default    No paths       0.0            
-----------------------------------------
Total                 -1110.8         16 

Instance Count
--------------
Leaf Instance Count             7671 
Physical Instance count            0 
Sequential Instance Count        879 
Combinational Instance Count    6792 
Hierarchical Instance Count        0 

Area
----
Cell Area                          22225.896
Physical Cell Area                 0.000
Total Cell Area (Cell+Physical)    22225.896
Net Area                           9228.855
Total Area (Cell+Physical+Net)     31454.751

Max Fanout                         879 (clk_i)
Min Fanout                         0 (n_14)
Average Fanout                     2.0
Terms to net ratio                 3.1505
Terms to instance ratio            3.5111
Runtime                            293.11038600000006 seconds
Elapsed Runtime                    293 seconds
Genus peak memory usage            2238.26 
Innovus peak memory usage          no_value 
Hostname                           gmicro02
