============================================================
  Generated by:           Genus(TM) Synthesis Solution 21.18-s082_1
  Generated on:           Oct 29 2025  05:32:52 pm
  Module:                 biriscv_multiplier
  Operating conditions:   PVT_0P9V_125C 
  Operating conditions:   PVT_1P32V_0C 
  Interconnect mode:      global
  Area mode:              physical library
============================================================


Path 1: VIOLATED (-2 ps) Late External Delay Assertion at pin writeback_value_o[17]
          Group: clk_i
     Startpoint: (R) opcode_rb_operand_i[16]
          Clock: (R) clk_i
       Endpoint: (F) writeback_value_o[17]
          Clock: (R) clk_i

                     Capture       Launch     
        Clock Edge:+    1430            0     
        Drv Adjust:+       0            0     
       Src Latency:+       0            0     
       Net Latency:+     100 (I)      100 (I) 
           Arrival:=    1530          100     
                                              
      Output Delay:-     300                  
       Uncertainty:-      50                  
     Required Time:=    1180                  
      Launch Clock:-     100                  
       Input Delay:-     300                  
         Data Path:-     782                  
             Slack:=      -2                  

Exceptions/Constraints:
  input_delay              300             biriscv_multiplier.s_line_30_129_1 
  output_delay             300             biriscv_multiplier.s_line_35_159_1 

#------------------------------------------------------------------------------------------------------------
#           Timing Point             Flags    Arc   Edge   Cell     Fanout Load Trans Delay Arrival Instance 
#                                                                          (fF)  (ps)  (ps)   (ps)  Location 
#------------------------------------------------------------------------------------------------------------
  opcode_rb_operand_i[16]            -       -      R     (arrival)      1  9.0   264     0     400    (-,-) 
  g613/Y                             -       A->Y   F     CLKINVX12      1  5.7    37    29     429    (-,-) 
  g612/Y                             -       A->Y   R     CLKINVX6       1  6.0    12    10     439    (-,-) 
  mul_125_62_g23318/Y                -       A->Y   F     CLKINVX6       2  8.0    11    10     449    (-,-) 
  mul_125_62_g23317/Y                -       A->Y   R     CLKINVX4       4 10.7    18    14     463    (-,-) 
  mul_125_62_g23224/Y                -       S0->Y  R     MXI2X6         6 19.7    23    54     516    (-,-) 
  mul_125_62_g22437/Y                -       A->Y   F     CLKINVX12     30 64.8    38    26     543    (-,-) 
  mul_125_62_g22093/Y                -       S0->Y  R     MX2X1          1  4.1    26    39     582    (-,-) 
  mul_125_62_cdnfadd_032_1__6131/S   -       A->S   F     ADDFX1         1  3.7    25    60     642    (-,-) 
  mul_125_62_cdnfadd_032_7__9315/S   -       CI->S  R     ADDFX1         1  3.7    25    59     700    (-,-) 
  mul_125_62_cdnfadd_032_10__2346/S  -       CI->S  F     ADDFX1         1  3.7    25    57     758    (-,-) 
  mul_125_62_cdnfadd_032_12__7410/CO -       CI->CO F     ADDFX1         1  4.0    27    44     802    (-,-) 
  mul_125_62_cdnfadd_033_14__7098/S  -       CI->S  R     ADDFHX1        1  4.5    29    57     859    (-,-) 
  mul_125_62_cdnfadd_033_15__6131/S  -       B->S   F     ADDFHX2        2  8.8    33    70     929    (-,-) 
  mul_125_62_g21406__6783/Y          -       B->Y   R     NOR2X6         4 12.7    32    22     951    (-,-) 
  mul_125_62_g21344__7098/Y          -       A1->Y  F     OAI21X4        2  8.2    33    25     976    (-,-) 
  mul_125_62_g21315__7482/Y          -       A1->Y  R     AOI21X4        2  6.9    27    22     998    (-,-) 
  mul_125_62_g21304__1705/Y          -       B->Y   F     NAND2X4        1  5.7    24    19    1016    (-,-) 
  mul_125_62_g21296__5526/Y          -       C->Y   R     NAND3X6        1  6.9    16    11    1028    (-,-) 
  mul_125_62_g21273__7098/Y          -       B->Y   F     NAND2X8       16 29.8    48    31    1059    (-,-) 
  mul_125_62_g21249__7482/Y          -       A1->Y  F     AO21X1         1  3.4    21    36    1095    (-,-) 
  mul_125_62_g21220__5115/Y          -       B->Y   F     XNOR2X2        1  4.7    20    38    1133    (-,-) 
  g1186__5526/Y                      -       B1->Y  R     AOI22X4        1  9.0    49    24    1157    (-,-) 
  fopt24012/Y                        -       A->Y   F     CLKINVX12      1 47.9    33    24    1181    (-,-) 
  writeback_value_o[17]              <<<     -      F     (port)         -    -     -     0    1182    (-,-) 
#------------------------------------------------------------------------------------------------------------

