============================================================
  Generated by:           Genus(TM) Synthesis Solution 21.18-s082_1
  Generated on:           Oct 29 2025  05:32:52 pm
  Module:                 biriscv_multiplier
  Operating conditions:   PVT_0P9V_125C 
  Operating conditions:   PVT_1P32V_0C 
  Interconnect mode:      global
  Area mode:              physical library
============================================================

                                               Library 
   Gate     Instances    Area       Library     Domain 
-------------------------------------------------------
ADDFHX1            75   564.300    fast_vdd1v2    best 
ADDFHX2            35   287.280    fast_vdd1v2    best 
ADDFHX4             2    19.152    fast_vdd1v2    best 
ADDFX1            367  1882.710    fast_vdd1v2    best 
ADDFX2              5    39.330    fast_vdd1v2    best 
ADDHX1             20    75.240    fast_vdd1v2    best 
ADDHX2              1     5.130    fast_vdd1v2    best 
ADDHX4              3    21.546    fast_vdd1v2    best 
AND2X1             24    32.832    fast_vdd1v2    best 
AND2X2              2     3.420    fast_vdd1v2    best 
AND2X4              4    10.944    fast_vdd1v2    best 
AND2X6              6    22.572    fast_vdd1v2    best 
AND3X4              1     3.078    fast_vdd1v2    best 
AND3X6              3    13.338    fast_vdd1v2    best 
AO21X1             25    59.850    fast_vdd1v2    best 
AO22X1             29    79.344    fast_vdd1v2    best 
AO22X2              1     3.078    fast_vdd1v2    best 
AO22X4             12    45.144    fast_vdd1v2    best 
AOI21X1             2     3.420    fast_vdd1v2    best 
AOI21X2             6    16.416    fast_vdd1v2    best 
AOI21X4             6    30.780    fast_vdd1v2    best 
AOI221X4            6    47.196    fast_vdd1v2    best 
AOI22X1             3     6.156    fast_vdd1v2    best 
AOI22X2             1     3.762    fast_vdd1v2    best 
AOI22X4            16    98.496    fast_vdd1v2    best 
AOI2BB1X1           4     8.208    fast_vdd1v2    best 
AOI2BB1X2           3     9.234    fast_vdd1v2    best 
AOI2BB1X4           6    24.624    fast_vdd1v2    best 
AOI31X4             3    19.494    fast_vdd1v2    best 
BUFX12             14    71.820    fast_vdd1v2    best 
BUFX2               3     5.130    fast_vdd1v2    best 
BUFX20              1     8.208    fast_vdd1v2    best 
BUFX3               7    14.364    fast_vdd1v2    best 
BUFX4               1     2.394    fast_vdd1v2    best 
BUFX6              34   104.652    fast_vdd1v2    best 
CLKAND2X12         10    75.240    fast_vdd1v2    best 
CLKAND2X2           6    12.312    fast_vdd1v2    best 
CLKAND2X3           6    18.468    fast_vdd1v2    best 
CLKAND2X4           1     3.420    fast_vdd1v2    best 
CLKAND2X6           4    19.152    fast_vdd1v2    best 
CLKAND2X8           1     5.814    fast_vdd1v2    best 
CLKBUFX12           3    15.390    fast_vdd1v2    best 
CLKBUFX16           3    20.520    fast_vdd1v2    best 
CLKBUFX2            1     1.710    fast_vdd1v2    best 
CLKBUFX3           81   166.212    fast_vdd1v2    best 
CLKINVX1            2     2.052    fast_vdd1v2    best 
CLKINVX12          84   344.736    fast_vdd1v2    best 
CLKINVX16          18    98.496    fast_vdd1v2    best 
CLKINVX2           14    19.152    fast_vdd1v2    best 
CLKINVX20           3    19.494    fast_vdd1v2    best 
CLKINVX3           13    22.230    fast_vdd1v2    best 
CLKINVX4           67   114.570    fast_vdd1v2    best 
CLKINVX6           92   220.248    fast_vdd1v2    best 
CLKINVX8           72   221.616    fast_vdd1v2    best 
CLKMX2X2            9    27.702    fast_vdd1v2    best 
CLKMX2X3            6    24.624    fast_vdd1v2    best 
CLKMX2X4            4    16.416    fast_vdd1v2    best 
CLKXOR2X1          39   106.704    fast_vdd1v2    best 
INVX1             102    69.768    fast_vdd1v2    best 
INVX12              1     4.104    fast_vdd1v2    best 
INVX2              52    53.352    fast_vdd1v2    best 
INVX3              20    27.360    fast_vdd1v2    best 
INVX4               1     1.710    fast_vdd1v2    best 
INVX6               1     2.394    fast_vdd1v2    best 
MX2X1               6    14.364    fast_vdd1v2    best 
MXI2X1              2     5.472    fast_vdd1v2    best 
MXI2X2             10    44.460    fast_vdd1v2    best 
MXI2X4              5    25.650    fast_vdd1v2    best 
MXI2X6              3    15.390    fast_vdd1v2    best 
NAND2BX1           22    30.096    fast_vdd1v2    best 
NAND2BX2           10    23.940    fast_vdd1v2    best 
NAND2BX4           10    37.620    fast_vdd1v2    best 
NAND2X1            31    31.806    fast_vdd1v2    best 
NAND2X2            31    53.010    fast_vdd1v2    best 
NAND2X4            43   147.060    fast_vdd1v2    best 
NAND2X6            23   110.124    fast_vdd1v2    best 
NAND2X8            21   114.912    fast_vdd1v2    best 
NAND3BX4            3    15.390    fast_vdd1v2    best 
NAND3X4            14    67.032    fast_vdd1v2    best 
NAND3X6             4    28.728    fast_vdd1v2    best 
NAND3X8             1     8.208    fast_vdd1v2    best 
NAND4X4             1     6.840    fast_vdd1v2    best 
NAND4X8             2    20.520    fast_vdd1v2    best 
NOR2BX1            15    20.520    fast_vdd1v2    best 
NOR2BX2             4    10.944    fast_vdd1v2    best 
NOR2BX4             2     7.524    fast_vdd1v2    best 
NOR2X1             34    34.884    fast_vdd1v2    best 
NOR2X2             33    56.430    fast_vdd1v2    best 
NOR2X4             36   110.808    fast_vdd1v2    best 
NOR2X6             32   131.328    fast_vdd1v2    best 
NOR2X8              9    49.248    fast_vdd1v2    best 
NOR2XL              1     1.026    fast_vdd1v2    best 
NOR3X4              3    15.390    fast_vdd1v2    best 
NOR3X6              1     7.182    fast_vdd1v2    best 
NOR3X8              2    17.784    fast_vdd1v2    best 
NOR4BBX4            1     7.866    fast_vdd1v2    best 
OA21X1              7    14.364    fast_vdd1v2    best 
OA22X1              4     9.576    fast_vdd1v2    best 
OAI211X1            1     1.710    fast_vdd1v2    best 
OAI21X1             7    11.970    fast_vdd1v2    best 
OAI21X2            24    73.872    fast_vdd1v2    best 
OAI21X4            28   134.064    fast_vdd1v2    best 
OAI21XL             1     1.710    fast_vdd1v2    best 
OAI22X1           273   560.196    fast_vdd1v2    best 
OAI22X2           142   485.640    fast_vdd1v2    best 
OAI22X4            26   168.948    fast_vdd1v2    best 
OAI22XL             2     4.104    fast_vdd1v2    best 
OAI2BB1X1          19    32.490    fast_vdd1v2    best 
OAI2BB1X2           8    24.624    fast_vdd1v2    best 
OAI2BB1X4           5    22.230    fast_vdd1v2    best 
OAI2BB2X1           2     8.208    fast_vdd1v2    best 
OAI2BB2X2           5    27.360    fast_vdd1v2    best 
OAI2BB2X4           1     8.550    fast_vdd1v2    best 
OAI31X1             4     8.208    fast_vdd1v2    best 
OAI31X2             2     7.524    fast_vdd1v2    best 
OAI31X4             3    20.520    fast_vdd1v2    best 
OAI32X1             5    11.970    fast_vdd1v2    best 
OAI32X2             1     4.446    fast_vdd1v2    best 
OAI32X4             4    32.832    fast_vdd1v2    best 
OR2X1              24    32.832    fast_vdd1v2    best 
OR2X2               3     5.130    fast_vdd1v2    best 
OR2X4               5    13.680    fast_vdd1v2    best 
OR2X6               7    26.334    fast_vdd1v2    best 
OR3X1               1     2.052    fast_vdd1v2    best 
XNOR2X1           514  1230.516    fast_vdd1v2    best 
XNOR2X2            26    80.028    fast_vdd1v2    best 
XNOR2X4             7    26.334    fast_vdd1v2    best 
XOR2X4              1     4.104    fast_vdd1v2    best 
-------------------------------------------------------
total            3024  9745.290                


                                         
     Type      Instances   Area   Area % 
-----------------------------------------
inverter             542 1221.282   12.5 
buffer               148  410.400    4.2 
logic               2334 8113.608   83.3 
physical_cells         0    0.000    0.0 
-----------------------------------------
total               3024 9745.290  100.0 

