============================================================
  Generated by:           Genus(TM) Synthesis Solution 21.18-s082_1
  Generated on:           Oct 29 2025  05:32:52 pm
  Module:                 biriscv_multiplier
  Operating conditions:   PVT_0P9V_125C 
  Operating conditions:   PVT_1P32V_0C 
  Interconnect mode:      global
  Area mode:              physical library
============================================================

Timing
--------

Clock Period 
-------------
clk_i 1430.0 


  Cost    Critical           Violating 
 Group   Path Slack   TNS      Paths   
---------------------------------------
clk_i          -1.8   -32.6         21 
default    No paths     0.0            
---------------------------------------
Total                 -32.6         21 

Instance Count
--------------
Leaf Instance Count             3024 
Physical Instance count            0 
Sequential Instance Count          0 
Combinational Instance Count    3024 
Hierarchical Instance Count        0 

Area
----
Cell Area                          9745.290
Physical Cell Area                 0.000
Total Cell Area (Cell+Physical)    9745.290
Net Area                           3977.987
Total Area (Cell+Physical+Net)     13723.277

Max Fanout                         33 (n_4)
Min Fanout                         0 (opcode_opcode_i[24])
Average Fanout                     2.0
Terms to net ratio                 2.9578
Terms to instance ratio            3.5446
Runtime                            95.14696400000022 seconds
Elapsed Runtime                    96 seconds
Genus peak memory usage            1790.32 
Innovus peak memory usage          no_value 
Hostname                           gmicro02
