============================================================
  Generated by:           Genus(TM) Synthesis Solution 21.19-s055_1
  Generated on:           Oct 29 2025  11:02:58 pm
  Module:                 biriscv_multiplier
  Operating conditions:   PVT_0P9V_125C 
  Operating conditions:   PVT_1P32V_0C 
  Interconnect mode:      global
  Area mode:              physical library
============================================================

Timing
--------

Clock Period 
-------------
clk_i 4000.0 


  Cost    Critical             Violating 
 Group   Path Slack    TNS       Paths   
-----------------------------------------
clk_i        -301.4   -8854.3         32 
default    No paths       0.0            
-----------------------------------------
Total                 -8854.3         32 

Instance Count
--------------
Leaf Instance Count             4115 
Physical Instance count            0 
Sequential Instance Count         99 
Combinational Instance Count    4016 
Hierarchical Instance Count        0 

Area
----
Cell Area                          15742.602
Physical Cell Area                 0.000
Total Cell Area (Cell+Physical)    15742.602
Net Area                           5168.800
Total Area (Cell+Physical+Net)     20911.402

Max Fanout                         99 (clk_i)
Min Fanout                         0 (n_3)
Average Fanout                     2.0
Terms to net ratio                 3.0094
Terms to instance ratio            3.4394
Runtime                            106.36714299999994 seconds
Elapsed Runtime                    147 seconds
Genus peak memory usage            1759.82 
Innovus peak memory usage          no_value 
Hostname                           localhost
