============================================================
  Generated by:           Genus(TM) Synthesis Solution 21.19-s055_1
  Generated on:           Oct 29 2025  11:02:58 pm
  Module:                 biriscv_multiplier
  Operating conditions:   PVT_0P9V_125C 
  Operating conditions:   PVT_1P32V_0C 
  Interconnect mode:      global
  Area mode:              physical library
============================================================


Path 1: VIOLATED (-301 ps) Setup Check with Pin result_e2_q_reg[29]/CK->D
          Group: clk_i
     Startpoint: (R) operand_b_e1_q_reg[25]/CK
          Clock: (R) clk_i
       Endpoint: (R) result_e2_q_reg[29]/D
          Clock: (R) clk_i

                     Capture       Launch     
        Clock Edge:+    4000            0     
       Src Latency:+       0            0     
       Net Latency:+     100 (I)      100 (I) 
           Arrival:=    4100          100     
                                              
             Setup:-     151                  
       Uncertainty:-      50                  
     Required Time:=    3899                  
      Launch Clock:-     100                  
         Data Path:-    4100                  
             Slack:=    -301                  

#------------------------------------------------------------------------------------------------------------
#           Timing Point            Flags    Arc   Edge    Cell     Fanout Load Trans Delay Arrival Instance 
#                                                                          (fF)  (ps)  (ps)   (ps)  Location 
#------------------------------------------------------------------------------------------------------------
  operand_b_e1_q_reg[25]/CK         -       -      R     (arrival)      99    -     0     0     100    (-,-) 
  operand_b_e1_q_reg[25]/Q          -       CK->Q  R     DFFRHQX4        5 17.4   116   308     408    (-,-) 
  fopt28/Y                          -       A->Y   R     CLKBUFX16       2 20.4    53   142     550    (-,-) 
  fopt9/Y                           -       A->Y   F     CLKINVX20      12 38.3    74    66     616    (-,-) 
  fopt6/Y                           -       A->Y   R     CLKINVX8        1  3.1    29    45     661    (-,-) 
  mul_123_68_g17639/Y               -       A->Y   F     MXI2X4          2  7.3    67   238     900    (-,-) 
  mul_123_68_g16373/Y               -       B1->Y  R     OAI22X4         1  4.1    99    81     981    (-,-) 
  mul_123_68_cdnfadd_039_2__7098/CO -       A->CO  R     ADDFHX2         1  3.7    76   254    1234    (-,-) 
  mul_123_68_cdnfadd_040_4__2398/S  -       CI->S  F     ADDFHX1         1  3.7   115   302    1536    (-,-) 
  mul_123_68_cdnfadd_040_7__4319/S  -       CI->S  R     ADDFHX1         1  3.7   100   328    1864    (-,-) 
  mul_123_68_cdnfadd_040_9__5526/CO -       CI->CO R     ADDFHX2         1  3.7    76   238    2102    (-,-) 
  mul_123_68_cdnfadd_041_10__4733/S -       CI->S  R     ADDFHX1         1  3.7   100   283    2385    (-,-) 
  mul_123_68_cdnfadd_041_11__6161/S -       CI->S  F     ADDFHX2         2  5.4   108   356    2741    (-,-) 
  mul_123_68_g15819__2398/Y         -       B->Y   F     OR2X6           2  7.2    62   172    2912    (-,-) 
  mul_123_68_g15721__7410/Y         -       A0->Y  R     AOI21X4         2  7.6   115   117    3029    (-,-) 
  mul_123_68_g15666__9945/Y         -       A1->Y  F     OAI21X4         2  6.2   138   146    3175    (-,-) 
  mul_123_68_g15630__9945/Y         -       A1->Y  R     AOI21X4         2  6.8   106   140    3315    (-,-) 
  mul_123_68_g15605__8428/Y         -       A1->Y  F     OAI21X4         1  5.8   135   139    3454    (-,-) 
  mul_123_68_g15568__2398/Y         -       A->Y   R     NOR2X8          2  6.3    65   110    3564    (-,-) 
  mul_123_68_g15557__6161/Y         -       B->Y   R     CLKAND2X12     14 43.1    98   156    3720    (-,-) 
  mul_123_68_g15544__3680/Y         -       A1->Y  F     OAI21X4         1  3.3   108   116    3835    (-,-) 
  mul_123_68_g19593/Y               -       B->Y   R     CLKXOR2X1       1  4.5   111   210    4045    (-,-) 
  g6121/Y                           -       A->Y   F     CLKINVX4        1  4.4    54    80    4125    (-,-) 
  g6059__6161/Y                     -       A1->Y  R     OAI21X4         1  3.2    86    75    4200    (-,-) 
  result_e2_q_reg[29]/D             <<<     -      R     DFFRHQX1        1    -     -     0    4200    (-,-) 
#------------------------------------------------------------------------------------------------------------

