============================================================
  Generated by:           Genus(TM) Synthesis Solution 21.19-s055_1
  Generated on:           Oct 29 2025  11:02:58 pm
  Module:                 biriscv_multiplier
  Operating conditions:   PVT_0P9V_125C 
  Operating conditions:   PVT_1P32V_0C 
  Interconnect mode:      global
  Area mode:              physical library
============================================================

                                                Library 
   Gate     Instances    Area        Library     Domain 
--------------------------------------------------------
ADDFHX1           173   1301.652    slow_vdd1v0   worst 
ADDFHX2           141   1157.328    slow_vdd1v0   worst 
ADDFHX4             1      9.576    slow_vdd1v0   worst 
ADDFX1            161    825.930    slow_vdd1v0   worst 
ADDFX2              4     31.464    slow_vdd1v0   worst 
ADDHX1              8     30.096    slow_vdd1v0   worst 
AND2X1             25     34.200    slow_vdd1v0   worst 
AND2X2              2      3.420    slow_vdd1v0   worst 
AND2X4             18     49.248    slow_vdd1v0   worst 
AND2X6              6     22.572    slow_vdd1v0   worst 
AND2X8              1      4.446    slow_vdd1v0   worst 
AND4X1              1      2.394    slow_vdd1v0   worst 
AO21X1              3      7.182    slow_vdd1v0   worst 
AO21X2              1      2.736    slow_vdd1v0   worst 
AO22X1             71    194.256    slow_vdd1v0   worst 
AOI21X1             5      8.550    slow_vdd1v0   worst 
AOI21X2             5     13.680    slow_vdd1v0   worst 
AOI21X4            17     87.210    slow_vdd1v0   worst 
AOI22X1             4      8.208    slow_vdd1v0   worst 
AOI22X2           116    436.392    slow_vdd1v0   worst 
AOI22X4            81    498.636    slow_vdd1v0   worst 
AOI2BB1X1           6     12.312    slow_vdd1v0   worst 
AOI2BB1X2          49    150.822    slow_vdd1v0   worst 
AOI2BB1X4          20     82.080    slow_vdd1v0   worst 
AOI2BB2X2           3     15.390    slow_vdd1v0   worst 
AOI2BB2X4           2     15.048    slow_vdd1v0   worst 
BUFX12             14     71.820    slow_vdd1v0   worst 
BUFX16              3     20.520    slow_vdd1v0   worst 
BUFX2              12     20.520    slow_vdd1v0   worst 
BUFX3              12     24.624    slow_vdd1v0   worst 
BUFX6             123    378.594    slow_vdd1v0   worst 
BUFX8              33    124.146    slow_vdd1v0   worst 
CLKAND2X12          6     45.144    slow_vdd1v0   worst 
CLKAND2X2           6     12.312    slow_vdd1v0   worst 
CLKAND2X3          11     33.858    slow_vdd1v0   worst 
CLKAND2X4           1      3.420    slow_vdd1v0   worst 
CLKAND2X6          32    153.216    slow_vdd1v0   worst 
CLKBUFX12           9     46.170    slow_vdd1v0   worst 
CLKBUFX16          24    164.160    slow_vdd1v0   worst 
CLKBUFX20           9     73.872    slow_vdd1v0   worst 
CLKBUFX4            1      2.394    slow_vdd1v0   worst 
CLKBUFX6            2      6.156    slow_vdd1v0   worst 
CLKINVX12         111    455.544    slow_vdd1v0   worst 
CLKINVX16          44    240.768    slow_vdd1v0   worst 
CLKINVX2           17     23.256    slow_vdd1v0   worst 
CLKINVX20          17    110.466    slow_vdd1v0   worst 
CLKINVX3           16     27.360    slow_vdd1v0   worst 
CLKINVX4          233    398.430    slow_vdd1v0   worst 
CLKINVX6          151    361.494    slow_vdd1v0   worst 
CLKINVX8          165    507.870    slow_vdd1v0   worst 
CLKMX2X2            8     24.624    slow_vdd1v0   worst 
CLKMX2X3           12     49.248    slow_vdd1v0   worst 
CLKXOR2X1          29     79.344    slow_vdd1v0   worst 
DFFRHQX1           32    196.992    slow_vdd1v0   worst 
DFFRHQX2            3     23.598    slow_vdd1v0   worst 
DFFRHQX4           53    507.528    slow_vdd1v0   worst 
DFFRHQX8           10    112.860    slow_vdd1v0   worst 
DFFRX1              1      6.840    slow_vdd1v0   worst 
INVX1             109     74.556    slow_vdd1v0   worst 
INVX12              1      4.104    slow_vdd1v0   worst 
INVX16              4     21.888    slow_vdd1v0   worst 
INVX2              40     41.040    slow_vdd1v0   worst 
INVX20              3     19.494    slow_vdd1v0   worst 
INVX3              30     41.040    slow_vdd1v0   worst 
INVX4               2      3.420    slow_vdd1v0   worst 
INVX6               5     11.970    slow_vdd1v0   worst 
INVX8               1      3.078    slow_vdd1v0   worst 
INVXL               1      0.684    slow_vdd1v0   worst 
MX2X1              40     95.760    slow_vdd1v0   worst 
MXI2X2             77    342.342    slow_vdd1v0   worst 
MXI2X4             16     82.080    slow_vdd1v0   worst 
NAND2BX1           10     13.680    slow_vdd1v0   worst 
NAND2BX2            3      7.182    slow_vdd1v0   worst 
NAND2BX4            8     30.096    slow_vdd1v0   worst 
NAND2X1            13     13.338    slow_vdd1v0   worst 
NAND2X2            42     71.820    slow_vdd1v0   worst 
NAND2X4            76    259.920    slow_vdd1v0   worst 
NAND2X6            30    143.640    slow_vdd1v0   worst 
NAND2X8            26    142.272    slow_vdd1v0   worst 
NAND3X2             1      2.736    slow_vdd1v0   worst 
NOR2BX1            17     23.256    slow_vdd1v0   worst 
NOR2BX2             8     21.888    slow_vdd1v0   worst 
NOR2BX4             5     18.810    slow_vdd1v0   worst 
NOR2X1            103    105.678    slow_vdd1v0   worst 
NOR2X2            199    340.290    slow_vdd1v0   worst 
NOR2X4            217    667.926    slow_vdd1v0   worst 
NOR2X6            117    480.168    slow_vdd1v0   worst 
NOR2X8             46    251.712    slow_vdd1v0   worst 
NOR3BX1             1      2.052    slow_vdd1v0   worst 
NOR3X1              2      3.420    slow_vdd1v0   worst 
NOR3X2              2      5.472    slow_vdd1v0   worst 
NOR3X6              1      7.182    slow_vdd1v0   worst 
NOR3X8              1      8.892    slow_vdd1v0   worst 
NOR4X2              1      3.420    slow_vdd1v0   worst 
OA22X1              4      9.576    slow_vdd1v0   worst 
OAI21X1             9     15.390    slow_vdd1v0   worst 
OAI21X2            18     55.404    slow_vdd1v0   worst 
OAI21X4           102    488.376    slow_vdd1v0   worst 
OAI22X1            59    121.068    slow_vdd1v0   worst 
OAI22X2           210    718.200    slow_vdd1v0   worst 
OAI22X4           190   1234.620    slow_vdd1v0   worst 
OAI2BB1X1           7     11.970    slow_vdd1v0   worst 
OAI2BB1X2           9     27.702    slow_vdd1v0   worst 
OAI2BB1X4           7     31.122    slow_vdd1v0   worst 
OAI2BB2X2           1      5.472    slow_vdd1v0   worst 
OAI2BB2X4           5     42.750    slow_vdd1v0   worst 
OAI31X4             2     13.680    slow_vdd1v0   worst 
OAI32X2             1      4.446    slow_vdd1v0   worst 
OAI32X4             3     24.624    slow_vdd1v0   worst 
OR2X1              14     19.152    slow_vdd1v0   worst 
OR2X2               5      8.550    slow_vdd1v0   worst 
OR2X4               6     16.416    slow_vdd1v0   worst 
OR2X6              12     45.144    slow_vdd1v0   worst 
OR2X8               1      4.446    slow_vdd1v0   worst 
OR3X1               1      2.052    slow_vdd1v0   worst 
XNOR2X1            63    150.822    slow_vdd1v0   worst 
XNOR2X2             3      9.234    slow_vdd1v0   worst 
XOR2X4              1      4.104    slow_vdd1v0   worst 
--------------------------------------------------------
total            4115  15742.602                


                                          
     Type      Instances    Area   Area % 
------------------------------------------
sequential            99   847.818    5.4 
inverter             950  2346.462   14.9 
buffer               242   932.976    5.9 
logic               2824 11615.346   73.8 
physical_cells         0     0.000    0.0 
------------------------------------------
total               4115 15742.602  100.0 

