============================================================
  Generated by:           Genus(TM) Synthesis Solution 21.19-s055_1
  Generated on:           Nov 30 2025  05:34:27 pm
  Module:                 biriscv_divider
  Operating conditions:   PVT_0P9V_125C 
  Operating conditions:   PVT_1P32V_0C 
  Interconnect mode:      global
  Area mode:              physical library
============================================================

Timing
--------

Clock Period 
-------------
clk_i 3120.0 


  Cost    Critical         Violating 
 Group   Path Slack  TNS     Paths   
-------------------------------------
clk_i          10.3   0.0          0 
default    No paths   0.0            
-------------------------------------
Total                 0.0          0 

Instance Count
--------------
Leaf Instance Count             2672 
Physical Instance count            0 
Sequential Instance Count        367 
Combinational Instance Count    2305 
Hierarchical Instance Count        0 

Area
----
Cell Area                          7337.268
Physical Cell Area                 0.000
Total Cell Area (Cell+Physical)    7337.268
Net Area                           3377.629
Total Area (Cell+Physical+Net)     10714.897

Max Fanout                         367 (clk_i)
Min Fanout                         0 (n_75)
Average Fanout                     2.4
Terms to net ratio                 3.5100
Terms to instance ratio            3.7294
Runtime                            72.89270400000001 seconds
Elapsed Runtime                    74 seconds
Genus peak memory usage            1738.64 
Innovus peak memory usage          no_value 
Hostname                           localhost
