============================================================
  Generated by:           Genus(TM) Synthesis Solution 21.19-s055_1
  Generated on:           Nov 30 2025  05:34:26 pm
  Module:                 biriscv_divider
  Operating conditions:   PVT_0P9V_125C 
  Operating conditions:   PVT_1P32V_0C 
  Interconnect mode:      global
  Area mode:              physical library
============================================================


Path 1: MET (10 ps) Setup Check with Pin op_a_abs_r_reg[10]/CK->D
          Group: clk_i
     Startpoint: (F) opcode_rb_operand_i[26]
          Clock: (R) clk_i
       Endpoint: (F) op_a_abs_r_reg[10]/D
          Clock: (R) clk_i

                     Capture       Launch     
        Clock Edge:+    3120            0     
        Drv Adjust:+       0            0     
       Src Latency:+       0            0     
       Net Latency:+     100 (I)      100 (I) 
           Arrival:=    3220          100     
                                              
             Setup:-     161                  
       Uncertainty:-      50                  
     Required Time:=    3009                  
      Launch Clock:-     100                  
       Input Delay:-     300                  
         Data Path:-    2599                  
             Slack:=      10                  

Exceptions/Constraints:
  input_delay             300             biriscv_divider.sdc_line_30_119_1 

#------------------------------------------------------------------------------------------------
#      Timing Point       Flags   Arc   Edge   Cell     Fanout Load Trans Delay Arrival Instance 
#                                                              (fF)  (ps)  (ps)   (ps)  Location 
#------------------------------------------------------------------------------------------------
  opcode_rb_operand_i[26] -       -     F     (arrival)      7 13.5   252     0     400    (-,-) 
  g39274/Y                -       A->Y  R     INVX2          2  5.6   102   170     570    (-,-) 
  g39221/Y                -       A->Y  F     NOR2X1         1  3.6   130   129     699    (-,-) 
  g39002/Y                -       B0->Y R     AOI21X2        1  3.3   117   135     834    (-,-) 
  g38871/Y                -       A->Y  F     NAND2X1        1  3.1   206   195    1029    (-,-) 
  g38663__2398/Y          -       B->Y  F     OR2X1          1  3.1    94   215    1244    (-,-) 
  g38501__8428/Y          -       A->Y  F     OR2X1          1  3.2    96   181    1425    (-,-) 
  g38354__1666/Y          -       B->Y  R     NOR2X1         1  3.1   169   150    1575    (-,-) 
  g38226__5477/Y          -       B->Y  R     AND3XL         1  3.7   149   322    1898    (-,-) 
  g38043__8428/Y          -       B->Y  F     NAND2X2        1  3.6   146   159    2057    (-,-) 
  g37994__5122/Y          -       B->Y  F     AND2X6         7 27.5   140   194    2251    (-,-) 
  g37932__8246/Y          -       B->Y  F     AND2X8        31 58.8   219   243    2494    (-,-) 
  g37697__6417/Y          -       A1->Y R     AOI22X1        1  3.3   212   254    2749    (-,-) 
  g37527__6417/Y          -       B0->Y F     OAI2BB1X1      1  3.1   211   250    2999    (-,-) 
  op_a_abs_r_reg[10]/D    <<<     -     F     DFFRX2         1    -     -     0    2999    (-,-) 
#------------------------------------------------------------------------------------------------

