============================================================
  Generated by:           Genus(TM) Synthesis Solution 21.19-s055_1
  Generated on:           Nov 30 2025  05:34:27 pm
  Module:                 biriscv_divider
  Operating conditions:   PVT_0P9V_125C 
  Operating conditions:   PVT_1P32V_0C 
  Interconnect mode:      global
  Area mode:              physical library
============================================================

                                               Library 
   Gate     Instances    Area       Library     Domain 
-------------------------------------------------------
ADDHX1             20    75.240    slow_vdd1v0   worst 
AND2X1             97   132.696    slow_vdd1v0   worst 
AND2X2              6    10.260    slow_vdd1v0   worst 
AND2X4              8    21.888    slow_vdd1v0   worst 
AND2X6             11    41.382    slow_vdd1v0   worst 
AND2X8              2     8.892    slow_vdd1v0   worst 
AND3X1              2     4.788    slow_vdd1v0   worst 
AND3X2              3     8.208    slow_vdd1v0   worst 
AND3X6              2     8.892    slow_vdd1v0   worst 
AND3XL              2     4.104    slow_vdd1v0   worst 
AO21X1             31    74.214    slow_vdd1v0   worst 
AO21X2              1     2.736    slow_vdd1v0   worst 
AO21X4              1     3.420    slow_vdd1v0   worst 
AO22X1             65   177.840    slow_vdd1v0   worst 
AOI211X2            1     3.420    slow_vdd1v0   worst 
AOI21X1            45    76.950    slow_vdd1v0   worst 
AOI21X2            23    62.928    slow_vdd1v0   worst 
AOI21X4             7    35.910    slow_vdd1v0   worst 
AOI221X2           19    84.474    slow_vdd1v0   worst 
AOI222X2           30   164.160    slow_vdd1v0   worst 
AOI22X1           213   437.076    slow_vdd1v0   worst 
AOI22X2             4    15.048    slow_vdd1v0   worst 
AOI2BB1X1          10    20.520    slow_vdd1v0   worst 
AOI2BB1X2          14    43.092    slow_vdd1v0   worst 
AOI2BB1X4           5    20.520    slow_vdd1v0   worst 
AOI31X2             1     3.420    slow_vdd1v0   worst 
AOI32X2             1     4.446    slow_vdd1v0   worst 
BUFX12              1     5.130    slow_vdd1v0   worst 
BUFX16              1     6.840    slow_vdd1v0   worst 
BUFX6               1     3.078    slow_vdd1v0   worst 
BUFX8              33   124.146    slow_vdd1v0   worst 
CLKAND2X12          2    15.048    slow_vdd1v0   worst 
CLKAND2X2           5    10.260    slow_vdd1v0   worst 
CLKAND2X3           5    15.390    slow_vdd1v0   worst 
CLKAND2X6           3    14.364    slow_vdd1v0   worst 
CLKAND2X8           1     5.814    slow_vdd1v0   worst 
CLKBUFX2            2     3.420    slow_vdd1v0   worst 
CLKINVX12           1     4.104    slow_vdd1v0   worst 
CLKINVX16           2    10.944    slow_vdd1v0   worst 
CLKINVX20           1     6.498    slow_vdd1v0   worst 
CLKINVX4           11    18.810    slow_vdd1v0   worst 
CLKINVX6            3     7.182    slow_vdd1v0   worst 
CLKINVX8            1     3.078    slow_vdd1v0   worst 
CLKMX2X2            6    18.468    slow_vdd1v0   worst 
CLKXOR2X1          24    65.664    slow_vdd1v0   worst 
DFFRHQX1          181  1114.236    slow_vdd1v0   worst 
DFFRHQX4            1     9.576    slow_vdd1v0   worst 
DFFRX1              4    27.360    slow_vdd1v0   worst 
DFFRX2            180  1354.320    slow_vdd1v0   worst 
DFFRX4              1     9.576    slow_vdd1v0   worst 
INVX1             145    99.180    slow_vdd1v0   worst 
INVX2              52    53.352    slow_vdd1v0   worst 
INVX3              10    13.680    slow_vdd1v0   worst 
INVX6               2     4.788    slow_vdd1v0   worst 
INVXL               1     0.684    slow_vdd1v0   worst 
MX2X1             136   325.584    slow_vdd1v0   worst 
MXI2X2              3    13.338    slow_vdd1v0   worst 
NAND2BX1           33    45.144    slow_vdd1v0   worst 
NAND2BX2           27    64.638    slow_vdd1v0   worst 
NAND2BX4            2     7.524    slow_vdd1v0   worst 
NAND2X1            55    56.430    slow_vdd1v0   worst 
NAND2X2            34    58.140    slow_vdd1v0   worst 
NAND2X4            17    58.140    slow_vdd1v0   worst 
NAND2X6             6    28.728    slow_vdd1v0   worst 
NAND2X8             1     5.472    slow_vdd1v0   worst 
NAND3X2             3     8.208    slow_vdd1v0   worst 
NAND3X4             2     9.576    slow_vdd1v0   worst 
NOR2BX1           122   166.896    slow_vdd1v0   worst 
NOR2BX2            38   103.968    slow_vdd1v0   worst 
NOR2BX4             5    18.810    slow_vdd1v0   worst 
NOR2X1             81    83.106    slow_vdd1v0   worst 
NOR2X2             71   121.410    slow_vdd1v0   worst 
NOR2X4             34   104.652    slow_vdd1v0   worst 
NOR2X6              6    24.624    slow_vdd1v0   worst 
NOR2X8              1     5.472    slow_vdd1v0   worst 
NOR3BX1             1     2.052    slow_vdd1v0   worst 
NOR3X1              8    13.680    slow_vdd1v0   worst 
NOR3X2              3     8.208    slow_vdd1v0   worst 
NOR3X4              4    20.520    slow_vdd1v0   worst 
NOR3X8              1     8.892    slow_vdd1v0   worst 
NOR4X4              1     6.498    slow_vdd1v0   worst 
OA21X1             63   129.276    slow_vdd1v0   worst 
OA21X2              1     3.078    slow_vdd1v0   worst 
OA21X4              2     7.524    slow_vdd1v0   worst 
OA22X1             29    69.426    slow_vdd1v0   worst 
OAI211X4            2    12.996    slow_vdd1v0   worst 
OAI21X1            41    70.110    slow_vdd1v0   worst 
OAI21X2            10    30.780    slow_vdd1v0   worst 
OAI21X4             8    38.304    slow_vdd1v0   worst 
OAI221X2            1     4.788    slow_vdd1v0   worst 
OAI22X1            40    82.080    slow_vdd1v0   worst 
OAI2BB1X1         191   326.610    slow_vdd1v0   worst 
OAI2BB1X2           4    12.312    slow_vdd1v0   worst 
OAI2BB1X4           1     4.446    slow_vdd1v0   worst 
OAI31X2             6    22.572    slow_vdd1v0   worst 
OAI31X4             5    34.200    slow_vdd1v0   worst 
OR2X1              86   117.648    slow_vdd1v0   worst 
OR2X2               4     6.840    slow_vdd1v0   worst 
OR2X4               5    13.680    slow_vdd1v0   worst 
OR2X6               4    15.048    slow_vdd1v0   worst 
OR2X8               1     4.446    slow_vdd1v0   worst 
OR3X1              13    26.676    slow_vdd1v0   worst 
OR4X1              38    77.976    slow_vdd1v0   worst 
OR4X4               2     7.524    slow_vdd1v0   worst 
XNOR2X1           116   277.704    slow_vdd1v0   worst 
-------------------------------------------------------
total            2672  7337.268                


                                         
     Type      Instances   Area   Area % 
-----------------------------------------
sequential           367 2515.068   34.3 
inverter             229  222.300    3.0 
buffer                38  142.614    1.9 
logic               2038 4457.286   60.7 
physical_cells         0    0.000    0.0 
-----------------------------------------
total               2672 7337.268  100.0 

