============================================================
  Generated by:           Genus(TM) Synthesis Solution 21.19-s055_1
  Generated on:           Oct 29 2025  09:34:00 am
  Module:                 biriscv_multiplier
  Operating conditions:   PVT_0P9V_125C 
  Operating conditions:   PVT_1P32V_0C 
  Interconnect mode:      global
  Area mode:              physical library
============================================================

Timing
--------

Clock Period 
-------------
clk_i 5000.0 


  Cost    Critical         Violating 
 Group   Path Slack  TNS     Paths   
-------------------------------------
clk_i        1060.8   0.0          0 
default    No paths   0.0            
-------------------------------------
Total                 0.0          0 

Instance Count
--------------
Leaf Instance Count             2385 
Physical Instance count            0 
Sequential Instance Count          0 
Combinational Instance Count    2385 
Hierarchical Instance Count        0 

Area
----
Cell Area                          6952.860
Physical Cell Area                 0.000
Total Cell Area (Cell+Physical)    6952.860
Net Area                           4010.259
Total Area (Cell+Physical+Net)     10963.119

Max Fanout                         34 (n_293)
Min Fanout                         0 (WALLACE_CSA_DUMMY_OP_groupi_n_31)
Average Fanout                     2.4
Terms to net ratio                 3.3723
Terms to instance ratio            4.5501
Runtime                            110.76085800000001 seconds
Elapsed Runtime                    112 seconds
Genus peak memory usage            2039.70 
Innovus peak memory usage          no_value 
Hostname                           localhost
