============================================================
  Generated by:           Genus(TM) Synthesis Solution 21.19-s055_1
  Generated on:           Oct 29 2025  09:34:00 am
  Module:                 biriscv_multiplier
  Operating conditions:   PVT_0P9V_125C 
  Operating conditions:   PVT_1P32V_0C 
  Interconnect mode:      global
  Area mode:              physical library
============================================================


Path 1: MET (1061 ps) Late External Delay Assertion at pin writeback_value_o[31]
          Group: clk_i
     Startpoint: (F) opcode_rb_operand_i[5]
          Clock: (R) clk_i
       Endpoint: (R) writeback_value_o[31]
          Clock: (R) clk_i

                     Capture       Launch     
        Clock Edge:+    5000            0     
        Drv Adjust:+       0            0     
       Src Latency:+       0            0     
       Net Latency:+     100 (I)      100 (I) 
           Arrival:=    5100          100     
                                              
      Output Delay:-     300                  
       Uncertainty:-      50                  
     Required Time:=    4750                  
      Launch Clock:-     100                  
       Input Delay:-     300                  
         Data Path:-    3289                  
             Slack:=    1061                  

Exceptions/Constraints:
  input_delay              300             biriscv_multiplier.s_line_30_92_1 
  output_delay             300             biriscv_multiplier.s_line_35      

#---------------------------------------------------------------------------------------------------------------------
#                Timing Point                 Flags    Arc   Edge   Cell     Fanout Load Trans Delay Arrival Instance 
#                                                                                   (fF)  (ps)  (ps)   (ps)  Location 
#---------------------------------------------------------------------------------------------------------------------
  opcode_rb_operand_i[5]                      -       -      F     (arrival)      1  3.2   252     0     400    (-,-) 
  g14422/Y                                    -       A->Y   F     BUFX2          1  3.2    15    48     448    (-,-) 
  g41211/Y                                    -       A->Y   F     BUFX2          7 13.9    42    38     486    (-,-) 
  g41209/Y                                    -       A->Y   R     INVX1          2  5.0    36    27     513    (-,-) 
  g41119/Y                                    -       A->Y   R     OR3X1         24 47.8   265   163     676    (-,-) 
  g41104/Y                                    -       A->Y   F     INVX1          9 18.4   145   116     792    (-,-) 
  g40428__1881/Y                              -       B1->Y  R     AOI222X1       1  3.4    98    80     872    (-,-) 
  g39926__6417/Y                              -       B0->Y  F     OAI2BB1X1      1  3.6    48    45     918    (-,-) 
  WALLACE_CSA_DUMMY_OP_groupi_g294/S          -       B->S   F     ADDHX1         1  3.7    23    34     952    (-,-) 
  WALLACE_CSA_DUMMY_OP_groupi_cdnfadd_008_0/S -       CI->S  R     ADDFX1         1  3.7    25    58    1011    (-,-) 
  WALLACE_CSA_DUMMY_OP_groupi_cdnfadd_008_1/S -       CI->S  F     ADDFX1         1  4.0    27    58    1069    (-,-) 
  WALLACE_CSA_DUMMY_OP_groupi_cdnfadd8/CO     -       B->CO  F     ADDFX1         1  3.7    25    45    1113    (-,-) 
  WALLACE_CSA_DUMMY_OP_groupi_cdnfadd9/CO     -       CI->CO F     ADDFX1         1  3.7    25    44    1157    (-,-) 
  WALLACE_CSA_DUMMY_OP_groupi_cdnfadd10/CO    -       CI->CO F     ADDFX1         1  3.7    25    44    1200    (-,-) 
  WALLACE_CSA_DUMMY_OP_groupi_cdnfadd11/CO    -       CI->CO F     ADDFX1         1  3.7    25    44    1244    (-,-) 
  WALLACE_CSA_DUMMY_OP_groupi_cdnfadd12/CO    -       CI->CO F     ADDFX1         1  3.7    25    44    1287    (-,-) 
  WALLACE_CSA_DUMMY_OP_groupi_cdnfadd13/CO    -       CI->CO F     ADDFX1         1  3.7    25    44    1331    (-,-) 
  WALLACE_CSA_DUMMY_OP_groupi_cdnfadd14/CO    -       CI->CO F     ADDFX1         1  3.7    25    44    1374    (-,-) 
  WALLACE_CSA_DUMMY_OP_groupi_cdnfadd15/CO    -       CI->CO F     ADDFX1         1  3.7    25    44    1418    (-,-) 
  WALLACE_CSA_DUMMY_OP_groupi_cdnfadd16/CO    -       CI->CO F     ADDFX1         1  3.7    25    44    1461    (-,-) 
  WALLACE_CSA_DUMMY_OP_groupi_cdnfadd17/CO    -       CI->CO F     ADDFX1         1  3.7    25    44    1505    (-,-) 
  WALLACE_CSA_DUMMY_OP_groupi_cdnfadd18/CO    -       CI->CO F     ADDFX1         1  3.7    25    44    1548    (-,-) 
  WALLACE_CSA_DUMMY_OP_groupi_cdnfadd19/CO    -       CI->CO F     ADDFX1         1  3.7    25    44    1592    (-,-) 
  WALLACE_CSA_DUMMY_OP_groupi_cdnfadd20/CO    -       CI->CO F     ADDFX1         1  3.7    25    44    1635    (-,-) 
  WALLACE_CSA_DUMMY_OP_groupi_cdnfadd21/CO    -       CI->CO F     ADDFX1         1  3.7    25    44    1679    (-,-) 
  WALLACE_CSA_DUMMY_OP_groupi_cdnfadd22/CO    -       CI->CO F     ADDFX1         1  3.7    25    44    1722    (-,-) 
  WALLACE_CSA_DUMMY_OP_groupi_cdnfadd23/CO    -       CI->CO F     ADDFX1         1  3.7    25    44    1766    (-,-) 
  WALLACE_CSA_DUMMY_OP_groupi_cdnfadd24/CO    -       CI->CO F     ADDFX1         1  3.7    25    44    1809    (-,-) 
  WALLACE_CSA_DUMMY_OP_groupi_cdnfadd25/CO    -       CI->CO F     ADDFX1         1  3.7    25    44    1853    (-,-) 
  WALLACE_CSA_DUMMY_OP_groupi_cdnfadd26/CO    -       CI->CO F     ADDFX1         1  3.7    25    44    1896    (-,-) 
  WALLACE_CSA_DUMMY_OP_groupi_cdnfadd27/CO    -       CI->CO F     ADDFX1         1  3.7    25    44    1940    (-,-) 
  WALLACE_CSA_DUMMY_OP_groupi_cdnfadd28/CO    -       CI->CO F     ADDFX1         1  3.7    25    44    1983    (-,-) 
  WALLACE_CSA_DUMMY_OP_groupi_cdnfadd29/CO    -       CI->CO F     ADDFX1         1  3.7    25    44    2027    (-,-) 
  WALLACE_CSA_DUMMY_OP_groupi_cdnfadd30/CO    -       CI->CO F     ADDFX1         1  3.7    25    44    2070    (-,-) 
  WALLACE_CSA_DUMMY_OP_groupi_cdnfadd31/CO    -       CI->CO F     ADDFX1         1  3.7    25    44    2114    (-,-) 
  WALLACE_CSA_DUMMY_OP_groupi_cdnfadd32/CO    -       CI->CO F     ADDFX1         1  3.7    25    44    2157    (-,-) 
  WALLACE_CSA_DUMMY_OP_groupi_cdnfadd33/CO    -       CI->CO F     ADDFX1         1  3.7    25    44    2201    (-,-) 
  WALLACE_CSA_DUMMY_OP_groupi_cdnfadd34/CO    -       CI->CO F     ADDFX1         1  3.7    25    44    2244    (-,-) 
  WALLACE_CSA_DUMMY_OP_groupi_cdnfadd35/CO    -       CI->CO F     ADDFX1         1  3.7    25    44    2288    (-,-) 
  WALLACE_CSA_DUMMY_OP_groupi_cdnfadd36/CO    -       CI->CO F     ADDFX1         1  3.7    25    44    2331    (-,-) 
  WALLACE_CSA_DUMMY_OP_groupi_cdnfadd37/CO    -       CI->CO F     ADDFX1         1  3.7    25    44    2375    (-,-) 
  WALLACE_CSA_DUMMY_OP_groupi_cdnfadd38/CO    -       CI->CO F     ADDFX1         1  3.7    25    44    2418    (-,-) 
  WALLACE_CSA_DUMMY_OP_groupi_cdnfadd39/CO    -       CI->CO F     ADDFX1         1  3.7    25    44    2462    (-,-) 
  WALLACE_CSA_DUMMY_OP_groupi_cdnfadd40/CO    -       CI->CO F     ADDFX1         1  3.7    25    44    2505    (-,-) 
  WALLACE_CSA_DUMMY_OP_groupi_cdnfadd41/CO    -       CI->CO F     ADDFX1         1  3.7    25    44    2549    (-,-) 
  WALLACE_CSA_DUMMY_OP_groupi_cdnfadd42/CO    -       CI->CO F     ADDFX1         1  3.7    25    44    2592    (-,-) 
  WALLACE_CSA_DUMMY_OP_groupi_cdnfadd43/CO    -       CI->CO F     ADDFX1         1  3.7    25    44    2636    (-,-) 
  WALLACE_CSA_DUMMY_OP_groupi_cdnfadd44/CO    -       CI->CO F     ADDFX1         1  3.7    25    44    2679    (-,-) 
  WALLACE_CSA_DUMMY_OP_groupi_cdnfadd45/CO    -       CI->CO F     ADDFX1         1  3.7    25    44    2723    (-,-) 
  WALLACE_CSA_DUMMY_OP_groupi_cdnfadd46/CO    -       CI->CO F     ADDFX1         1  3.7    25    44    2766    (-,-) 
  WALLACE_CSA_DUMMY_OP_groupi_cdnfadd47/CO    -       CI->CO F     ADDFX1         1  3.7    25    44    2810    (-,-) 
  WALLACE_CSA_DUMMY_OP_groupi_cdnfadd48/CO    -       CI->CO F     ADDFX1         1  3.7    25    44    2853    (-,-) 
  WALLACE_CSA_DUMMY_OP_groupi_cdnfadd49/CO    -       CI->CO F     ADDFX1         1  3.7    25    44    2897    (-,-) 
  WALLACE_CSA_DUMMY_OP_groupi_cdnfadd50/CO    -       CI->CO F     ADDFX1         1  3.7    25    44    2940    (-,-) 
  WALLACE_CSA_DUMMY_OP_groupi_cdnfadd51/CO    -       CI->CO F     ADDFX1         1  3.7    25    44    2984    (-,-) 
  WALLACE_CSA_DUMMY_OP_groupi_cdnfadd52/CO    -       CI->CO F     ADDFX1         1  3.7    25    44    3027    (-,-) 
  WALLACE_CSA_DUMMY_OP_groupi_cdnfadd53/CO    -       CI->CO F     ADDFX1         1  3.7    25    44    3071    (-,-) 
  WALLACE_CSA_DUMMY_OP_groupi_cdnfadd54/CO    -       CI->CO F     ADDFX1         1  3.7    25    44    3114    (-,-) 
  WALLACE_CSA_DUMMY_OP_groupi_cdnfadd55/CO    -       CI->CO F     ADDFX1         1  3.7    25    44    3158    (-,-) 
  WALLACE_CSA_DUMMY_OP_groupi_cdnfadd56/CO    -       CI->CO F     ADDFX1         1  3.7    25    44    3201    (-,-) 
  WALLACE_CSA_DUMMY_OP_groupi_cdnfadd57/CO    -       CI->CO F     ADDFX1         1  3.7    25    44    3245    (-,-) 
  WALLACE_CSA_DUMMY_OP_groupi_cdnfadd58/CO    -       CI->CO F     ADDFX1         1  3.7    25    44    3288    (-,-) 
  WALLACE_CSA_DUMMY_OP_groupi_cdnfadd59/CO    -       CI->CO F     ADDFX1         1  3.7    25    44    3332    (-,-) 
  WALLACE_CSA_DUMMY_OP_groupi_cdnfadd60/CO    -       CI->CO F     ADDFX1         1  3.7    25    44    3375    (-,-) 
  WALLACE_CSA_DUMMY_OP_groupi_cdnfadd61/CO    -       CI->CO F     ADDFX1         1  3.7    25    44    3419    (-,-) 
  WALLACE_CSA_DUMMY_OP_groupi_cdnfadd62/CO    -       CI->CO F     ADDFX1         1  3.7    25    44    3462    (-,-) 
  WALLACE_CSA_DUMMY_OP_groupi_cdnfadd63/S     -       CI->S  R     ADDFX1         1  3.2    22    57    3520    (-,-) 
  g15068/Y                                    -       B->Y   R     MX2X1          1 47.9   267   169    3689    (-,-) 
  writeback_value_o[31]                       <<<     -      R     (port)         -    -     -     0    3689    (-,-) 
#---------------------------------------------------------------------------------------------------------------------

