============================================================
  Generated by:           Genus(TM) Synthesis Solution 21.19-s055_1
  Generated on:           Oct 29 2025  09:34:00 am
  Module:                 biriscv_multiplier
  Operating conditions:   PVT_0P9V_125C 
  Operating conditions:   PVT_1P32V_0C 
  Interconnect mode:      global
  Area mode:              physical library
============================================================

                                              Library 
   Gate    Instances    Area       Library     Domain 
------------------------------------------------------
ADDFX1           705  3616.650    fast_vdd1v2    best 
ADDHX1            75   282.150    fast_vdd1v2    best 
AND2X1            28    38.304    fast_vdd1v2    best 
AND2X2            11    18.810    fast_vdd1v2    best 
AND2X4             1     2.736    fast_vdd1v2    best 
AND3X1             1     2.394    fast_vdd1v2    best 
AND3X2             1     2.736    fast_vdd1v2    best 
AO21X1            13    31.122    fast_vdd1v2    best 
AO21X2             6    16.416    fast_vdd1v2    best 
AOI21X1            2     3.420    fast_vdd1v2    best 
AOI222X1          39   120.042    fast_vdd1v2    best 
AOI22X1          412   845.424    fast_vdd1v2    best 
AOI2BB1X4          1     4.104    fast_vdd1v2    best 
BUFX2            104   177.840    fast_vdd1v2    best 
CLKINVX4          22    37.620    fast_vdd1v2    best 
CLKXOR2X1          3     8.208    fast_vdd1v2    best 
INVX1            220   150.480    fast_vdd1v2    best 
INVX2             53    54.378    fast_vdd1v2    best 
MX2X1             32    76.608    fast_vdd1v2    best 
NAND2BX1           1     1.368    fast_vdd1v2    best 
NAND2BX2           1     2.394    fast_vdd1v2    best 
NAND2BX4           1     3.762    fast_vdd1v2    best 
NAND2X1            2     2.052    fast_vdd1v2    best 
NAND3BXL          15    25.650    fast_vdd1v2    best 
NOR2BX1           13    17.784    fast_vdd1v2    best 
NOR2BX2            3     8.208    fast_vdd1v2    best 
NOR2X1            28    28.728    fast_vdd1v2    best 
NOR2X2             1     1.710    fast_vdd1v2    best 
OA21X1             5    10.260    fast_vdd1v2    best 
OA22X1            14    33.516    fast_vdd1v2    best 
OAI211X1          15    25.650    fast_vdd1v2    best 
OAI21X1            5     8.550    fast_vdd1v2    best 
OAI221X1         413   988.722    fast_vdd1v2    best 
OAI222X1          46   125.856    fast_vdd1v2    best 
OAI2BB1X1         55    94.050    fast_vdd1v2    best 
OR2X1              5     6.840    fast_vdd1v2    best 
OR2X2              1     1.710    fast_vdd1v2    best 
OR2X4              2     5.472    fast_vdd1v2    best 
OR3X1              2     4.104    fast_vdd1v2    best 
OR3X2             12    28.728    fast_vdd1v2    best 
XNOR2X1           16    38.304    fast_vdd1v2    best 
------------------------------------------------------
total           2385  6952.860                


                                         
     Type      Instances   Area   Area % 
-----------------------------------------
inverter             295  242.478    3.5 
buffer               104  177.840    2.6 
logic               1986 6532.542   94.0 
physical_cells         0    0.000    0.0 
-----------------------------------------
total               2385 6952.860  100.0 

