============================================================
  Generated by:           Genus(TM) Synthesis Solution 21.19-s055_1
  Generated on:           Oct 30 2025  09:10:54 am
  Module:                 biriscv_multiplier
  Operating conditions:   PVT_0P9V_125C 
  Operating conditions:   PVT_1P32V_0C 
  Interconnect mode:      global
  Area mode:              physical library
============================================================

Timing
--------

Clock Period 
-------------
clk_i 1250.0 


  Cost    Critical         Violating 
 Group   Path Slack  TNS     Paths   
-------------------------------------
clk_i          56.6   0.0          0 
default    No paths   0.0            
-------------------------------------
Total                 0.0          0 

Instance Count
--------------
Leaf Instance Count             2634 
Physical Instance count            0 
Sequential Instance Count         99 
Combinational Instance Count    2535 
Hierarchical Instance Count        0 

Area
----
Cell Area                          7447.050
Physical Cell Area                 0.000
Total Cell Area (Cell+Physical)    7447.050
Net Area                           3687.786
Total Area (Cell+Physical+Net)     11134.836

Max Fanout                         99 (clk_i)
Min Fanout                         0 (n_5)
Average Fanout                     2.1
Terms to net ratio                 3.1481
Terms to instance ratio            3.8664
Runtime                            75.31363399999998 seconds
Elapsed Runtime                    77 seconds
Genus peak memory usage            1759.82 
Innovus peak memory usage          no_value 
Hostname                           localhost
