============================================================
  Generated by:           Genus(TM) Synthesis Solution 21.19-s055_1
  Generated on:           Oct 30 2025  09:10:54 am
  Module:                 biriscv_multiplier
  Operating conditions:   PVT_0P9V_125C 
  Operating conditions:   PVT_1P32V_0C 
  Interconnect mode:      global
  Area mode:              physical library
============================================================

                                              Library 
   Gate    Instances    Area       Library     Domain 
------------------------------------------------------
ADDFHX2            1     8.208    fast_vdd1v2    best 
ADDFHX4            2    19.152    fast_vdd1v2    best 
ADDFX1           483  2477.790    fast_vdd1v2    best 
ADDHX1            15    56.430    fast_vdd1v2    best 
AND2X1            24    32.832    fast_vdd1v2    best 
AND2X2             2     3.420    fast_vdd1v2    best 
AND2X4             1     2.736    fast_vdd1v2    best 
AND2X6             1     3.762    fast_vdd1v2    best 
AND3XL             4     8.208    fast_vdd1v2    best 
AND4X4             1     3.762    fast_vdd1v2    best 
AO21X1            11    26.334    fast_vdd1v2    best 
AO21X2             2     5.472    fast_vdd1v2    best 
AO21X4             1     3.420    fast_vdd1v2    best 
AO22X1            72   196.992    fast_vdd1v2    best 
AOI21X1           35    59.850    fast_vdd1v2    best 
AOI21X2            5    13.680    fast_vdd1v2    best 
AOI21X4            1     5.130    fast_vdd1v2    best 
AOI22X1           34    69.768    fast_vdd1v2    best 
AOI22X2            1     3.762    fast_vdd1v2    best 
AOI2BB1X1         16    32.832    fast_vdd1v2    best 
AOI2BB1X2          3     9.234    fast_vdd1v2    best 
AOI2BB2X2          1     5.130    fast_vdd1v2    best 
AOI31X4            2    12.996    fast_vdd1v2    best 
BUFX12             1     5.130    fast_vdd1v2    best 
BUFX2            165   282.150    fast_vdd1v2    best 
BUFX3              6    12.312    fast_vdd1v2    best 
BUFX4              1     2.394    fast_vdd1v2    best 
BUFX6              6    18.468    fast_vdd1v2    best 
BUFX8              1     3.762    fast_vdd1v2    best 
CLKAND2X2          1     2.052    fast_vdd1v2    best 
CLKAND2X8          2    11.628    fast_vdd1v2    best 
CLKBUFX12          1     5.130    fast_vdd1v2    best 
CLKBUFX2           1     1.710    fast_vdd1v2    best 
CLKBUFX3           1     2.052    fast_vdd1v2    best 
CLKINVX12          2     8.208    fast_vdd1v2    best 
CLKINVX16          1     5.472    fast_vdd1v2    best 
CLKINVX4          18    30.780    fast_vdd1v2    best 
CLKINVX6           6    14.364    fast_vdd1v2    best 
CLKINVX8           3     9.234    fast_vdd1v2    best 
CLKXOR2X1         19    51.984    fast_vdd1v2    best 
CLKXOR2X2          1     3.420    fast_vdd1v2    best 
DFFRHQX1          30   184.680    fast_vdd1v2    best 
DFFRHQX4          13   124.488    fast_vdd1v2    best 
DFFRX1             1     6.840    fast_vdd1v2    best 
DFFRX2            55   413.820    fast_vdd1v2    best 
INVX1             71    48.564    fast_vdd1v2    best 
INVX2             13    13.338    fast_vdd1v2    best 
INVX3              5     6.840    fast_vdd1v2    best 
INVXL              1     0.684    fast_vdd1v2    best 
MX2X1              4     9.576    fast_vdd1v2    best 
MXI2X1             4    10.944    fast_vdd1v2    best 
MXI2X4             1     5.130    fast_vdd1v2    best 
MXI2XL             3     7.182    fast_vdd1v2    best 
NAND2BX1          26    35.568    fast_vdd1v2    best 
NAND2X1           48    49.248    fast_vdd1v2    best 
NAND2X2           13    22.230    fast_vdd1v2    best 
NAND2X4            3    10.260    fast_vdd1v2    best 
NAND2X8            3    16.416    fast_vdd1v2    best 
NAND3BXL           2     3.420    fast_vdd1v2    best 
NAND3X1            3     5.130    fast_vdd1v2    best 
NAND4BX1           1     2.394    fast_vdd1v2    best 
NOR2BX1           24    32.832    fast_vdd1v2    best 
NOR2BX2            1     2.736    fast_vdd1v2    best 
NOR2X1            91    93.366    fast_vdd1v2    best 
NOR2X2            11    18.810    fast_vdd1v2    best 
NOR2X4             5    15.390    fast_vdd1v2    best 
NOR2X6             1     4.104    fast_vdd1v2    best 
NOR3BX1            1     2.052    fast_vdd1v2    best 
NOR3X1             1     1.710    fast_vdd1v2    best 
NOR4BBX1           1     2.736    fast_vdd1v2    best 
NOR4BX1            2     4.788    fast_vdd1v2    best 
NOR4X1             1     1.710    fast_vdd1v2    best 
OA21X1            10    20.520    fast_vdd1v2    best 
OA22X1             3     7.182    fast_vdd1v2    best 
OAI211X1           2     3.420    fast_vdd1v2    best 
OAI21X1           15    25.650    fast_vdd1v2    best 
OAI21X2            4    12.312    fast_vdd1v2    best 
OAI21X4            7    33.516    fast_vdd1v2    best 
OAI221X1           1     2.394    fast_vdd1v2    best 
OAI22X1          498  1021.896    fast_vdd1v2    best 
OAI22X2            4    13.680    fast_vdd1v2    best 
OAI2BB1X1         55    94.050    fast_vdd1v2    best 
OAI2BB1X2          2     6.156    fast_vdd1v2    best 
OAI2BB2X1          1     4.104    fast_vdd1v2    best 
OR2X1             21    28.728    fast_vdd1v2    best 
OR2X2              1     1.710    fast_vdd1v2    best 
OR2X4              5    13.680    fast_vdd1v2    best 
OR2X6              4    15.048    fast_vdd1v2    best 
OR3X1              2     4.104    fast_vdd1v2    best 
XNOR2X1          606  1450.764    fast_vdd1v2    best 
------------------------------------------------------
total           2634  7447.050                


                                         
     Type      Instances   Area   Area % 
-----------------------------------------
sequential            99  729.828    9.8 
inverter             120  137.484    1.8 
buffer               183  333.108    4.5 
logic               2232 6246.630   83.9 
physical_cells         0    0.000    0.0 
-----------------------------------------
total               2634 7447.050  100.0 

