============================================================
  Generated by:           Genus(TM) Synthesis Solution 21.19-s055_1
  Generated on:           Oct 30 2025  09:10:54 am
  Module:                 biriscv_multiplier
  Operating conditions:   PVT_0P9V_125C 
  Operating conditions:   PVT_1P32V_0C 
  Interconnect mode:      global
  Area mode:              physical library
============================================================


Path 1: MET (57 ps) Setup Check with Pin result_e2_q_reg[30]/CK->D
          Group: clk_i
     Startpoint: (R) operand_b_e1_q_reg[6]/CK
          Clock: (R) clk_i
       Endpoint: (F) result_e2_q_reg[30]/D
          Clock: (R) clk_i

                     Capture       Launch     
        Clock Edge:+    1250            0     
       Src Latency:+       0            0     
       Net Latency:+     100 (I)      100 (I) 
           Arrival:=    1350          100     
                                              
             Setup:-      13                  
       Uncertainty:-      50                  
     Required Time:=    1287                  
      Launch Clock:-     100                  
         Data Path:-    1130                  
             Slack:=      57                  

#-----------------------------------------------------------------------------------------------------------
#           Timing Point            Flags    Arc   Edge   Cell     Fanout Load Trans Delay Arrival Instance 
#                                                                         (fF)  (ps)  (ps)   (ps)  Location 
#-----------------------------------------------------------------------------------------------------------
  operand_b_e1_q_reg[6]/CK          -       -      R     (arrival)     99    -     0     0     100    (-,-) 
  operand_b_e1_q_reg[6]/Q           -       CK->Q  R     DFFRHQX1       6 13.5    77    81     181    (-,-) 
  mul_123_68_g15225/Y               -       A->Y   F     INVX2          2  5.6    30    25     206    (-,-) 
  mul_123_68_g15644/Y               -       B->Y   R     MXI2XL         1  3.9    82    53     259    (-,-) 
  mul_123_68_g15599/Y               -       A->Y   R     OR2X6         33 64.9    67    61     320    (-,-) 
  mul_123_68_g13965/Y               -       A1->Y  F     OAI22X1        1  3.7    62    45     364    (-,-) 
  mul_123_68_cdnfadd_008_0__2802/CO -       CI->CO F     ADDFX1         1  3.7    26    49     413    (-,-) 
  mul_123_68_cdnfadd_009_1__7098/S  -       CI->S  R     ADDFX1         1  3.7    25    59     472    (-,-) 
  mul_123_68_cdnfadd_009_2__6131/S  -       CI->S  F     ADDFX1         2  7.1    43    67     539    (-,-) 
  mul_123_68_g13870__9315/Y         -       B->Y   R     NOR2X4         3  8.4    32    23     562    (-,-) 
  mul_123_68_g13847__6417/Y         -       A1->Y  F     OAI21X2        1  4.7    35    26     588    (-,-) 
  mul_123_68_g13846__7410/Y         -       B0->Y  R     AOI31X4        2  7.1    32    24     613    (-,-) 
  mul_123_68_g13840__6161/Y         -       A1->Y  F     OAI21X4        2  6.8    33    23     635    (-,-) 
  mul_123_68_g13831/Y               -       A->Y   R     CLKINVX4       1  5.0    13    11     647    (-,-) 
  mul_123_68_g13811__2398/Y         -       A1->Y  F     OAI21X4        3  8.7    40    23     670    (-,-) 
  mul_123_68_g13787__6783/Y         -       A1->Y  R     AOI21X4        2  7.1    33    23     692    (-,-) 
  mul_123_68_g13781__5107/Y         -       A1->Y  F     OAI21X4        1  4.2    28    19     711    (-,-) 
  mul_123_68_g13698__2346/CO        -       CI->CO F     ADDFHX4        4 11.2    28    50     761    (-,-) 
  mul_123_68_g13695/Y               -       A->Y   R     CLKINVX6       1  5.0    10     9     770    (-,-) 
  mul_123_68_g13683__5122/Y         -       A1->Y  F     OAI21X4        4  9.3    42    23     794    (-,-) 
  mul_123_68_g13680/Y               -       A->Y   R     INVX2          1  5.0    22    18     811    (-,-) 
  mul_123_68_g13674__6783/Y         -       A1->Y  F     OAI21X4        4  8.9    37    24     835    (-,-) 
  mul_123_68_g13603__6260/Y         -       A1->Y  F     AO21X4         3  8.7    21    42     877    (-,-) 
  mul_123_68_g13570__5477/Y         -       A2->Y  R     AOI31X4        2  7.1    35    22     899    (-,-) 
  mul_123_68_g13560__4733/Y         -       A1->Y  F     OAI21X4        2  5.9    29    22     921    (-,-) 
  mul_123_68_g13557/Y               -       A->Y   R     INVX2          1  5.0    20    16     936    (-,-) 
  mul_123_68_g13555__1881/Y         -       A1->Y  F     OAI21X4        6 13.3    50    30     967    (-,-) 
  mul_123_68_g13538__5107/Y         -       A1->Y  F     AO21X2         5 10.6    36    50    1017    (-,-) 
  mul_123_68_g13533__7410/Y         -       A1->Y  F     AO21X2         5 10.8    37    49    1066    (-,-) 
  mul_123_68_g13509__5107/Y         -       A1N->Y F     OAI2BB1X1      3  7.4    80    55    1122    (-,-) 
  mul_123_68_g13494__1881/Y         -       A1->Y  R     AOI21X1        1  3.5    51    42    1164    (-,-) 
  mul_123_68_g13485__3680/Y         -       B->Y   F     XNOR2X1        1  3.2    20    34    1198    (-,-) 
  g5913__4733/Y                     -       A1N->Y F     OAI2BB1X1      1  3.2    41    32    1230    (-,-) 
  result_e2_q_reg[30]/D             <<<     -      F     DFFRX2         1    -     -     0    1230    (-,-) 
#-----------------------------------------------------------------------------------------------------------

