============================================================
  Generated by:           Genus(TM) Synthesis Solution 21.19-s055_1
  Generated on:           Nov 30 2025  12:36:58 pm
  Module:                 biriscv_divider
  Operating conditions:   PVT_0P9V_125C 
  Operating conditions:   PVT_1P32V_0C 
  Interconnect mode:      global
  Area mode:              physical library
============================================================

Timing
--------

Clock Period 
-------------
clk_i 2500.0 


  Cost    Critical         Violating 
 Group   Path Slack  TNS     Paths   
-------------------------------------
clk_i           0.4   0.0          0 
default    No paths   0.0            
-------------------------------------
Total                 0.0          0 

Instance Count
--------------
Leaf Instance Count             1571 
Physical Instance count            0 
Sequential Instance Count        263 
Combinational Instance Count    1308 
Hierarchical Instance Count        0 

Area
----
Cell Area                          5418.306
Physical Cell Area                 0.000
Total Cell Area (Cell+Physical)    5418.306
Net Area                           1958.232
Total Area (Cell+Physical+Net)     7376.538

Max Fanout                         263 (clk_i)
Min Fanout                         0 (n_63)
Average Fanout                     2.2
Terms to net ratio                 3.3119
Terms to instance ratio            3.6766
Runtime                            57.828220999999985 seconds
Elapsed Runtime                    58 seconds
Genus peak memory usage            1734.43 
Innovus peak memory usage          no_value 
Hostname                           localhost
