============================================================
  Generated by:           Genus(TM) Synthesis Solution 21.19-s055_1
  Generated on:           Nov 30 2025  12:36:58 pm
  Module:                 biriscv_divider
  Operating conditions:   PVT_0P9V_125C 
  Operating conditions:   PVT_1P32V_0C 
  Interconnect mode:      global
  Area mode:              physical library
============================================================


Path 1: MET (0 ps) Setup Check with Pin divisor_q_reg[62]/CK->D
          Group: clk_i
     Startpoint: (F) opcode_rb_operand_i[4]
          Clock: (R) clk_i
       Endpoint: (R) divisor_q_reg[62]/D
          Clock: (R) clk_i

                     Capture       Launch     
        Clock Edge:+    2500            0     
        Drv Adjust:+       0            0     
       Src Latency:+       0            0     
       Net Latency:+     100 (I)      100 (I) 
           Arrival:=    2600          100     
                                              
             Setup:-     138                  
       Uncertainty:-      50                  
     Required Time:=    2412                  
      Launch Clock:-     100                  
       Input Delay:-     300                  
         Data Path:-    2012                  
             Slack:=       0                  

Exceptions/Constraints:
  input_delay             300             biriscv_divider.sdc_line_30_141_1 

#-----------------------------------------------------------------------------------------------
#     Timing Point       Flags   Arc   Edge   Cell     Fanout Load Trans Delay Arrival Instance 
#                                                             (fF)  (ps)  (ps)   (ps)  Location 
#-----------------------------------------------------------------------------------------------
  opcode_rb_operand_i[4] -       -     F     (arrival)      6 12.6   252     0     400    (-,-) 
  minus_140_27_g814/Y    -       A->Y  R     NOR2X2         2  5.5   175   223     623    (-,-) 
  minus_140_27_g800/Y    -       B->Y  R     CLKAND2X2      1  3.4    53   179     802    (-,-) 
  minus_140_27_g795/Y    -       A->Y  R     CLKAND2X3      2  7.4    67   134     936    (-,-) 
  minus_140_27_g792/Y    -       B->Y  F     NAND2X6        2  6.5   104    94    1030    (-,-) 
  minus_140_27_g790/Y    -       B->Y  R     NOR2X4         2  5.4    92   100    1130    (-,-) 
  minus_140_27_g783/Y    -       B->Y  R     AND2X4         3  6.9    74   206    1336    (-,-) 
  minus_140_27_g780/Y    -       B->Y  R     CLKAND2X2      3  7.2    91   155    1491    (-,-) 
  minus_140_27_g21885/CO -       A->CO R     ADDHX4         2  5.2    64   211    1701    (-,-) 
  minus_140_27_g772/Y    -       A->Y  R     AND2X1         1  3.5    88   173    1875    (-,-) 
  minus_140_27_g759/CO   -       B->CO R     ADDHX1         1  3.1    80   180    2055    (-,-) 
  g21866/Y               -       A->Y  R     CLKBUFX2       1  4.5    63   134    2188    (-,-) 
  g20942__2398/Y         -       A1->Y F     AOI22X4        1  4.4   144   132    2320    (-,-) 
  g20703__8246/Y         -       B0->Y R     OAI2BB1X4      1  3.2    60    91    2412    (-,-) 
  divisor_q_reg[62]/D    <<<     -     R     DFFRHQX1       1    -     -     0    2412    (-,-) 
#-----------------------------------------------------------------------------------------------

