============================================================
  Generated by:           Genus(TM) Synthesis Solution 21.19-s055_1
  Generated on:           Nov 30 2025  12:36:58 pm
  Module:                 biriscv_divider
  Operating conditions:   PVT_0P9V_125C 
  Operating conditions:   PVT_1P32V_0C 
  Interconnect mode:      global
  Area mode:              physical library
============================================================

                                               Library 
   Gate     Instances    Area       Library     Domain 
-------------------------------------------------------
ADDHX1             31   116.622    slow_vdd1v0   worst 
ADDHX2              6    30.780    slow_vdd1v0   worst 
ADDHX4              8    57.456    slow_vdd1v0   worst 
AND2X1             33    45.144    slow_vdd1v0   worst 
AND2X4              4    10.944    slow_vdd1v0   worst 
AND2X6              2     7.524    slow_vdd1v0   worst 
AND2X8              1     4.446    slow_vdd1v0   worst 
AND3X6              1     4.446    slow_vdd1v0   worst 
AND3XL              3     6.156    slow_vdd1v0   worst 
AND4X6              3    17.442    slow_vdd1v0   worst 
AO21X2              1     2.736    slow_vdd1v0   worst 
AO22X1             62   169.632    slow_vdd1v0   worst 
AO22X2              1     3.078    slow_vdd1v0   worst 
AOI211X4            5    32.490    slow_vdd1v0   worst 
AOI21X1             3     5.130    slow_vdd1v0   worst 
AOI21X2             9    24.624    slow_vdd1v0   worst 
AOI21X4             7    35.910    slow_vdd1v0   worst 
AOI221X2            1     4.446    slow_vdd1v0   worst 
AOI222X2           23   125.856    slow_vdd1v0   worst 
AOI22X1            47    96.444    slow_vdd1v0   worst 
AOI22X2            56   210.672    slow_vdd1v0   worst 
AOI22X4            10    61.560    slow_vdd1v0   worst 
AOI2BB1X1           3     6.156    slow_vdd1v0   worst 
AOI2BB1X2           6    18.468    slow_vdd1v0   worst 
AOI2BB1X4           1     4.104    slow_vdd1v0   worst 
AOI2BB2X4           1     7.524    slow_vdd1v0   worst 
BUFX20              1     8.208    slow_vdd1v0   worst 
BUFX3               5    10.260    slow_vdd1v0   worst 
BUFX6              14    43.092    slow_vdd1v0   worst 
BUFX8              33   124.146    slow_vdd1v0   worst 
CLKAND2X12          3    22.572    slow_vdd1v0   worst 
CLKAND2X2           9    18.468    slow_vdd1v0   worst 
CLKAND2X3           2     6.156    slow_vdd1v0   worst 
CLKAND2X4           2     6.840    slow_vdd1v0   worst 
CLKAND2X6           3    14.364    slow_vdd1v0   worst 
CLKAND2X8           6    34.884    slow_vdd1v0   worst 
CLKBUFX16           2    13.680    slow_vdd1v0   worst 
CLKBUFX2            1     1.710    slow_vdd1v0   worst 
CLKINVX12           2     8.208    slow_vdd1v0   worst 
CLKINVX16           6    32.832    slow_vdd1v0   worst 
CLKINVX2            3     4.104    slow_vdd1v0   worst 
CLKINVX20           2    12.996    slow_vdd1v0   worst 
CLKINVX3            3     5.130    slow_vdd1v0   worst 
CLKINVX4           13    22.230    slow_vdd1v0   worst 
CLKINVX6            2     4.788    slow_vdd1v0   worst 
CLKINVX8            1     3.078    slow_vdd1v0   worst 
CLKMX2X2           14    43.092    slow_vdd1v0   worst 
CLKMX2X3            3    12.312    slow_vdd1v0   worst 
CLKXOR2X1          26    71.136    slow_vdd1v0   worst 
DFFRHQX1          169  1040.364    slow_vdd1v0   worst 
DFFRHQX4            2    19.152    slow_vdd1v0   worst 
DFFRHQX8           34   383.724    slow_vdd1v0   worst 
DFFRX1             19   129.960    slow_vdd1v0   worst 
DFFRX2             37   278.388    slow_vdd1v0   worst 
DFFRX4              2    19.152    slow_vdd1v0   worst 
INVX1              55    37.620    slow_vdd1v0   worst 
INVX2               2     2.052    slow_vdd1v0   worst 
INVX20              1     6.498    slow_vdd1v0   worst 
MX2X1              85   203.490    slow_vdd1v0   worst 
NAND2BX1           13    17.784    slow_vdd1v0   worst 
NAND2BX2           15    35.910    slow_vdd1v0   worst 
NAND2BX4            4    15.048    slow_vdd1v0   worst 
NAND2X1            15    15.390    slow_vdd1v0   worst 
NAND2X2            18    30.780    slow_vdd1v0   worst 
NAND2X4            57   194.940    slow_vdd1v0   worst 
NAND2X6             7    33.516    slow_vdd1v0   worst 
NAND2X8             2    10.944    slow_vdd1v0   worst 
NAND3BX2            3     9.234    slow_vdd1v0   worst 
NAND3X2             6    16.416    slow_vdd1v0   worst 
NAND3X8             1     8.208    slow_vdd1v0   worst 
NOR2BX1            25    34.200    slow_vdd1v0   worst 
NOR2BX2             7    19.152    slow_vdd1v0   worst 
NOR2BX4             4    15.048    slow_vdd1v0   worst 
NOR2X1             37    37.962    slow_vdd1v0   worst 
NOR2X2             68   116.280    slow_vdd1v0   worst 
NOR2X4             43   132.354    slow_vdd1v0   worst 
NOR2X6              6    24.624    slow_vdd1v0   worst 
NOR2X8              5    27.360    slow_vdd1v0   worst 
NOR3X1              1     1.710    slow_vdd1v0   worst 
NOR3X4              3    15.390    slow_vdd1v0   worst 
NOR3X8              1     8.892    slow_vdd1v0   worst 
NOR4X2              4    13.680    slow_vdd1v0   worst 
OA21X1             27    55.404    slow_vdd1v0   worst 
OA21X2              1     3.078    slow_vdd1v0   worst 
OA21X4              4    15.048    slow_vdd1v0   worst 
OA22X1              3     7.182    slow_vdd1v0   worst 
OAI21X1            33    56.430    slow_vdd1v0   worst 
OAI21X2             7    21.546    slow_vdd1v0   worst 
OAI21X4             4    19.152    slow_vdd1v0   worst 
OAI22X4             1     6.498    slow_vdd1v0   worst 
OAI2BB1X1          29    49.590    slow_vdd1v0   worst 
OAI2BB1X2          41   126.198    slow_vdd1v0   worst 
OAI2BB1X4          24   106.704    slow_vdd1v0   worst 
OR2X1              26    35.568    slow_vdd1v0   worst 
OR2X2               3     5.130    slow_vdd1v0   worst 
OR2X4               2     5.472    slow_vdd1v0   worst 
OR2X6               1     3.762    slow_vdd1v0   worst 
OR3X1               2     4.104    slow_vdd1v0   worst 
OR3X2               1     2.394    slow_vdd1v0   worst 
OR3X4               2     6.156    slow_vdd1v0   worst 
OR3X6               2     9.576    slow_vdd1v0   worst 
OR4X1              17    34.884    slow_vdd1v0   worst 
XNOR2X1           104   248.976    slow_vdd1v0   worst 
XNOR2X2             2     6.156    slow_vdd1v0   worst 
-------------------------------------------------------
total            1571  5418.306                


                                         
     Type      Instances   Area   Area % 
-----------------------------------------
sequential           263 1870.740   34.5 
inverter              90  139.536    2.6 
buffer                56  201.096    3.7 
logic               1162 3206.934   59.2 
physical_cells         0    0.000    0.0 
-----------------------------------------
total               1571 5418.306  100.0 

