============================================================
  Generated by:           Genus(TM) Synthesis Solution 21.18-s082_1
  Generated on:           Oct 29 2025  05:18:14 pm
  Module:                 biriscv_multiplier
  Operating conditions:   PVT_0P9V_125C 
  Operating conditions:   PVT_1P32V_0C 
  Interconnect mode:      global
  Area mode:              physical library
============================================================

                                                Library 
   Gate     Instances    Area        Library     Domain 
--------------------------------------------------------
ADDFHX1            29    218.196    fast_vdd1v2    best 
ADDFHX2            14    114.912    fast_vdd1v2    best 
ADDFX1           1178   6043.140    fast_vdd1v2    best 
ADDHX1             29    109.098    fast_vdd1v2    best 
AND2X1            150    205.200    fast_vdd1v2    best 
AND2X2              3      5.130    fast_vdd1v2    best 
AND2X4              4     10.944    fast_vdd1v2    best 
AND2X8              1      4.446    fast_vdd1v2    best 
AND3X4              1      3.078    fast_vdd1v2    best 
AND3X6              1      4.446    fast_vdd1v2    best 
AND3XL              4      8.208    fast_vdd1v2    best 
AND4X1              1      2.394    fast_vdd1v2    best 
AO21X1             17     40.698    fast_vdd1v2    best 
AO21X2              3      8.208    fast_vdd1v2    best 
AO21X4              1      3.420    fast_vdd1v2    best 
AO22X1           1025   2804.400    fast_vdd1v2    best 
AO22X2             24     73.872    fast_vdd1v2    best 
AO22X4             19     71.478    fast_vdd1v2    best 
AOI211X2            2      6.840    fast_vdd1v2    best 
AOI211X4           13     84.474    fast_vdd1v2    best 
AOI21X1            91    155.610    fast_vdd1v2    best 
AOI21X2            16     43.776    fast_vdd1v2    best 
AOI21X4            19     97.470    fast_vdd1v2    best 
AOI221X1            5     11.970    fast_vdd1v2    best 
AOI221X4            2     15.732    fast_vdd1v2    best 
AOI22X1             1      2.052    fast_vdd1v2    best 
AOI22X2             3     11.286    fast_vdd1v2    best 
AOI22X4            18    110.808    fast_vdd1v2    best 
AOI2BB1X1          18     36.936    fast_vdd1v2    best 
AOI2BB1X2          11     33.858    fast_vdd1v2    best 
AOI2BB1X4          10     41.040    fast_vdd1v2    best 
AOI2BB2X4           1      7.524    fast_vdd1v2    best 
AOI31X1             5     10.260    fast_vdd1v2    best 
AOI31X2             2      6.840    fast_vdd1v2    best 
AOI31X4             1      6.498    fast_vdd1v2    best 
AOI32X4             1      7.866    fast_vdd1v2    best 
BUFX12              2     10.260    fast_vdd1v2    best 
BUFX2              79    135.090    fast_vdd1v2    best 
BUFX3               6     12.312    fast_vdd1v2    best 
BUFX4               2      4.788    fast_vdd1v2    best 
BUFX6              11     33.858    fast_vdd1v2    best 
CLKAND2X12          1      7.524    fast_vdd1v2    best 
CLKAND2X2          12     24.624    fast_vdd1v2    best 
CLKAND2X3           7     21.546    fast_vdd1v2    best 
CLKAND2X4           1      3.420    fast_vdd1v2    best 
CLKAND2X6          15     71.820    fast_vdd1v2    best 
CLKBUFX12           1      5.130    fast_vdd1v2    best 
CLKBUFX16          11     75.240    fast_vdd1v2    best 
CLKBUFX2            1      1.710    fast_vdd1v2    best 
CLKBUFX20           2     16.416    fast_vdd1v2    best 
CLKBUFX3           20     41.040    fast_vdd1v2    best 
CLKINVX12          14     57.456    fast_vdd1v2    best 
CLKINVX16           1      5.472    fast_vdd1v2    best 
CLKINVX2            2      2.736    fast_vdd1v2    best 
CLKINVX20           1      6.498    fast_vdd1v2    best 
CLKINVX3            2      3.420    fast_vdd1v2    best 
CLKINVX4          125    213.750    fast_vdd1v2    best 
CLKINVX6           70    167.580    fast_vdd1v2    best 
CLKINVX8           62    190.836    fast_vdd1v2    best 
CLKMX2X2           16     49.248    fast_vdd1v2    best 
CLKMX2X4           15     61.560    fast_vdd1v2    best 
CLKXOR2X1          26     71.136    fast_vdd1v2    best 
DFFRHQX1         1602   9861.912    fast_vdd1v2    best 
DFFRHQX2           15    117.990    fast_vdd1v2    best 
DFFRHQX4           94    900.144    fast_vdd1v2    best 
DFFRX1             20    136.800    fast_vdd1v2    best 
DFFRX2             65    489.060    fast_vdd1v2    best 
DLY3X4              1      8.892    fast_vdd1v2    best 
INVX1             146     99.864    fast_vdd1v2    best 
INVX12             12     49.248    fast_vdd1v2    best 
INVX2              45     46.170    fast_vdd1v2    best 
INVX3              27     36.936    fast_vdd1v2    best 
INVX8               1      3.078    fast_vdd1v2    best 
INVXL               1      0.684    fast_vdd1v2    best 
MX2X1             208    497.952    fast_vdd1v2    best 
NAND2BX1           86    117.648    fast_vdd1v2    best 
NAND2BX2            7     16.758    fast_vdd1v2    best 
NAND2BX4            2      7.524    fast_vdd1v2    best 
NAND2X1           152    155.952    fast_vdd1v2    best 
NAND2X2            43     73.530    fast_vdd1v2    best 
NAND2X4            24     82.080    fast_vdd1v2    best 
NAND2X6            16     76.608    fast_vdd1v2    best 
NAND2X8            10     54.720    fast_vdd1v2    best 
NAND3BX1            2      4.104    fast_vdd1v2    best 
NAND3BX2            1      3.078    fast_vdd1v2    best 
NAND3BX4            1      5.130    fast_vdd1v2    best 
NAND3BXL            5      8.550    fast_vdd1v2    best 
NAND3X1            12     20.520    fast_vdd1v2    best 
NAND3X2             4     10.944    fast_vdd1v2    best 
NAND3X4             3     14.364    fast_vdd1v2    best 
NAND3X6             2     14.364    fast_vdd1v2    best 
NAND4BX2            1      4.446    fast_vdd1v2    best 
NAND4X1             3      6.156    fast_vdd1v2    best 
NAND4X4             2     13.680    fast_vdd1v2    best 
NOR2BX1           105    143.640    fast_vdd1v2    best 
NOR2BX2             7     19.152    fast_vdd1v2    best 
NOR2BX4             1      3.762    fast_vdd1v2    best 
NOR2X1            158    162.108    fast_vdd1v2    best 
NOR2X2             82    140.220    fast_vdd1v2    best 
NOR2X4             45    138.510    fast_vdd1v2    best 
NOR2X6             23     94.392    fast_vdd1v2    best 
NOR2X8             14     76.608    fast_vdd1v2    best 
NOR3BX1             8     16.416    fast_vdd1v2    best 
NOR3BX4             9     52.326    fast_vdd1v2    best 
NOR3X1              2      3.420    fast_vdd1v2    best 
NOR3X2              3      8.208    fast_vdd1v2    best 
NOR3X4              8     41.040    fast_vdd1v2    best 
NOR3X6              1      7.182    fast_vdd1v2    best 
NOR4BBX1            1      2.736    fast_vdd1v2    best 
NOR4BX1             3      7.182    fast_vdd1v2    best 
NOR4X2              1      3.420    fast_vdd1v2    best 
NOR4X8              1     10.602    fast_vdd1v2    best 
OA21X1             22     45.144    fast_vdd1v2    best 
OA21X2              1      3.078    fast_vdd1v2    best 
OAI211X1            2      3.420    fast_vdd1v2    best 
OAI211X2            1      4.104    fast_vdd1v2    best 
OAI21X1            61    104.310    fast_vdd1v2    best 
OAI21X2            55    169.290    fast_vdd1v2    best 
OAI21X4            21    100.548    fast_vdd1v2    best 
OAI221X1            1      2.394    fast_vdd1v2    best 
OAI22X1            27     55.404    fast_vdd1v2    best 
OAI22X2             1      3.420    fast_vdd1v2    best 
OAI2BB1X1         562    961.020    fast_vdd1v2    best 
OAI2BB1X2           2      6.156    fast_vdd1v2    best 
OAI2BB1X4           6     26.676    fast_vdd1v2    best 
OR2X1             122    166.896    fast_vdd1v2    best 
OR2X2              18     30.780    fast_vdd1v2    best 
OR2X4              23     62.928    fast_vdd1v2    best 
OR2X6               6     22.572    fast_vdd1v2    best 
OR2X8               3     13.338    fast_vdd1v2    best 
OR3X1               1      2.052    fast_vdd1v2    best 
OR3X6               2      9.576    fast_vdd1v2    best 
XNOR2X1           255    610.470    fast_vdd1v2    best 
XNOR2X2            16     49.248    fast_vdd1v2    best 
XNOR2X4             2      7.524    fast_vdd1v2    best 
--------------------------------------------------------
total            7523  28046.736                


                                          
     Type      Instances    Area   Area % 
------------------------------------------
sequential          1796 11505.906   41.0 
inverter             509   883.728    3.2 
buffer               136   344.736    1.2 
logic               5082 15312.366   54.6 
physical_cells         0     0.000    0.0 
------------------------------------------
total               7523 28046.736  100.0 

