============================================================
  Generated by:           Genus(TM) Synthesis Solution 21.18-s082_1
  Generated on:           Oct 29 2025  05:18:14 pm
  Module:                 biriscv_multiplier
  Operating conditions:   PVT_0P9V_125C 
  Operating conditions:   PVT_1P32V_0C 
  Interconnect mode:      global
  Area mode:              physical library
============================================================


Path 1: VIOLATED (-1 ps) Late External Delay Assertion at pin writeback_value_o[5]
          Group: clk_i
     Startpoint: (R) Stage2_s_reg[0][27]/CK
          Clock: (R) clk_i
       Endpoint: (F) writeback_value_o[5]
          Clock: (R) clk_i

                     Capture       Launch     
        Clock Edge:+     800            0     
       Src Latency:+       0            0     
       Net Latency:+     100 (I)      100 (I) 
           Arrival:=     900          100     
                                              
      Output Delay:-     300                  
       Uncertainty:-      50                  
     Required Time:=     550                  
      Launch Clock:-     100                  
         Data Path:-     451                  
             Slack:=      -1                  

Exceptions/Constraints:
  output_delay             300             biriscv_multiplier.s_line_35_123_1 

#--------------------------------------------------------------------------------------------------------------------
#                Timing Point                 Flags   Arc   Edge   Cell     Fanout Load Trans Delay Arrival Instance 
#                                                                                  (fF)  (ps)  (ps)   (ps)  Location 
#--------------------------------------------------------------------------------------------------------------------
  Stage2_s_reg[0][27]/CK                      -       -     R     (arrival)   1796    -     0     0     100    (-,-) 
  Stage2_s_reg[0][27]/Q                       -       CK->Q R     DFFRHQX4       2  6.4    15    52     152    (-,-) 
  WALLACE_CSA_DUMMY_OP_groupi_cdnfadd_027_0/S -       A->S  F     ADDFHX1        1  4.0    26    56     208    (-,-) 
  WALLACE_CSA_DUMMY_OP_groupi_cdnfadd_027_1/S -       CI->S R     ADDFHX2        2  7.8    29    67     275    (-,-) 
  WALLACE_CSA_DUMMY_OP_groupi_g4260/Y         -       B->Y  F     NOR2X6         3 10.3    19    14     289    (-,-) 
  fopt62993/Y                                 -       A->Y  R     CLKINVX8       1  6.9     9     9     298    (-,-) 
  WALLACE_CSA_DUMMY_OP_groupi_g4169/Y         -       B->Y  F     NAND2X8        3 12.0    23    17     315    (-,-) 
  WALLACE_CSA_DUMMY_OP_groupi_g4112/Y         -       A->Y  R     NOR4X8         2  9.3    40    38     352    (-,-) 
  WALLACE_CSA_DUMMY_OP_groupi_g4035/Y         -       C->Y  F     NAND3X6        1  5.7    31    24     376    (-,-) 
  WALLACE_CSA_DUMMY_OP_groupi_g4018/Y         -       B->Y  R     NAND3X6        1  9.0    18    14     391    (-,-) 
  fopt10/Y                                    -       A->Y  F     CLKINVX12      7 25.1    17    14     405    (-,-) 
  fopt63047/Y                                 -       A->Y  R     CLKINVX6       3 14.0    17    13     418    (-,-) 
  fopt62977/Y                                 -       A->Y  F     CLKINVX8       4 11.6    13    11     429    (-,-) 
  WALLACE_CSA_DUMMY_OP_groupi_g3982/Y         -       A1->Y R     OAI21X2        1  3.5    30    20     450    (-,-) 
  WALLACE_CSA_DUMMY_OP_groupi_g3933/Y         -       B->Y  F     XNOR2X1        1  3.4    21    33     483    (-,-) 
  g37224__8428/Y                              -       B1->Y F     AO22X4         1  4.8    17    39     521    (-,-) 
  fopt63025/Y                                 -       A->Y  F     CLKBUFX16      1 47.9    25    29     550    (-,-) 
  writeback_value_o[5]                        <<<     -     F     (port)         -    -     -     0     551    (-,-) 
#--------------------------------------------------------------------------------------------------------------------

