============================================================
  Generated by:           Genus(TM) Synthesis Solution 21.19-s055_1
  Generated on:           Oct 30 2025  09:39:09 am
  Module:                 biriscv_multiplier
  Operating conditions:   PVT_0P9V_125C 
  Operating conditions:   PVT_1P32V_0C 
  Interconnect mode:      global
  Area mode:              physical library
============================================================

Timing
--------

Clock Period 
-------------
clk_i  800.0 


  Cost    Critical          Violating 
 Group   Path Slack   TNS     Paths   
--------------------------------------
clk_i          -0.3   -0.3          1 
default    No paths    0.0            
--------------------------------------
Total                 -0.3          1 

Instance Count
--------------
Leaf Instance Count             5697 
Physical Instance count            0 
Sequential Instance Count        994 
Combinational Instance Count    4703 
Hierarchical Instance Count        0 

Area
----
Cell Area                          17308.962
Physical Cell Area                 0.000
Total Cell Area (Cell+Physical)    17308.962
Net Area                           7736.855
Total Area (Cell+Physical+Net)     25045.817

Max Fanout                         994 (clk_i)
Min Fanout                         1 (Add_L2_s[0][2])
Average Fanout                     2.6
Terms to net ratio                 3.5625
Terms to instance ratio            3.8996
Runtime                            162.36574 seconds
Elapsed Runtime                    164 seconds
Genus peak memory usage            1987.22 
Innovus peak memory usage          no_value 
Hostname                           localhost
