Cadence Genus(TM) Synthesis Solution.
Copyright 2024 Cadence Design Systems, Inc. All rights reserved worldwide.
Cadence and the Cadence logo are registered trademarks and Genus is a trademark
of Cadence Design Systems, Inc. in the United States and other countries.

[11:56:46.456121] Configured Lic search path (21.01-s002): 27001@200.132.35.25

Version: 21.19-s055_1, built Wed May 29 12:33:07 PDT 2024
Options: -abort_on_error -lic_startup Genus_Synthesis -lic_startup_options Genus_Physical_Opt -log genus -overwrite -files /scripts/.tcl 
Date:    Wed Nov 26 11:56:46 2025
Host:    ecomp (x86_64 w/Linux 4.18.0-553.74.1.el8_10.x86_64) (4cores*4cpus*1physical cpu*Intel(R) Core(TM) i5-7500 CPU @ 3.40GHz 6144KB) (32527232KB)
PID:     1007774
OS:      Rocky Linux release 8.10 (Green Obsidian)


[11:56:46.026291] Periodic Lic check successful
[11:56:46.026298] Feature usage summary:
[11:56:46.026299] Genus_Synthesis
Checking out license: Genus_Synthesis


***********************************************************************************************************
***********************************************************************************************************



Loading tool scripts...
Finished loading tool scripts (9 seconds elapsed).


[11:56:55.458305] Periodic Lic check successful
[11:56:55.458313] Feature usage summary:
[11:56:55.458313] Genus_Synthesis
[11:56:55.458314] Genus_Physical_Opt
Checking out license: Genus_Physical_Opt

#@ Processing -files option
@genus 1> source /scripts/.tcl
File '/scripts/.tcl' does not exist.
Encountered problems processing file: /scripts/.tcl

Lic Summary:
[11:56:56.007274] Cdslmd servers: gmicro0
[11:56:56.007291] Feature usage summary:
[11:56:56.007291] Genus_Synthesis
[11:56:56.007291] Genus_Physical_Opt

Abnormal exit.Abnormal exit.
