============================================================
  Generated by:           Genus(TM) Synthesis Solution 21.18-s082_1
  Generated on:           Nov 04 2025  10:50:15 am
  Module:                 biriscv_multiplier
  Operating conditions:   PVT_0P9V_125C 
  Operating conditions:   PVT_1P32V_0C 
  Interconnect mode:      global
  Area mode:              physical library
============================================================


Path 1: VIOLATED (-246 ps) Late External Delay Assertion at pin writeback_value_o[25]
          Group: clk_i
     Startpoint: (R) pipe_stage_s_reg[0][37]/CK
          Clock: (R) clk_i
       Endpoint: (R) writeback_value_o[25]
          Clock: (R) clk_i

                     Capture       Launch     
        Clock Edge:+    3230            0     
       Src Latency:+       0            0     
       Net Latency:+     100 (I)      100 (I) 
           Arrival:=    3330          100     
                                              
      Output Delay:-     300                  
       Uncertainty:-      50                  
     Required Time:=    2980                  
      Launch Clock:-     100                  
         Data Path:-    3126                  
             Slack:=    -246                  

Exceptions/Constraints:
  output_delay             300             biriscv_multiplier.s_line_35_103_1 

#----------------------------------------------------------------------------------------------------------------------------
#                   Timing Point                     Flags    Arc   Edge   Cell     Fanout Load Trans Delay Arrival Instance 
#                                                                                          (fF)  (ps)  (ps)   (ps)  Location 
#----------------------------------------------------------------------------------------------------------------------------
  pipe_stage_s_reg[0][37]/CK                         -       -      R     (arrival)    343    -     0     0     100    (-,-) 
  pipe_stage_s_reg[0][37]/Q                          -       CK->Q  R     DFFRHQX8      25 54.8   170   368     468    (-,-) 
  WALLACE_CSA_DUMMY_OP_groupi_cdnfadd_054_0__5526/S  -       CI->S  F     ADDFHX1        1  3.7   116   347     815    (-,-) 
  WALLACE_CSA_DUMMY_OP_groupi_cdnfadd_054_2__3680/S  -       CI->S  R     ADDFHX1        1  3.7   100   328    1143    (-,-) 
  WALLACE_CSA_DUMMY_OP_groupi_cdnfadd_054_3__1617/CO -       CI->CO R     ADDFHX2        1  3.7    76   238    1381    (-,-) 
  WALLACE_CSA_DUMMY_OP_groupi_cdnfadd_055_4__1881/S  -       CI->S  F     ADDFHX1        1  3.7   115   302    1683    (-,-) 
  WALLACE_CSA_DUMMY_OP_groupi_cdnfadd_055_5__5115/S  -       CI->S  R     ADDFHX2        2  8.4   128   390    2073    (-,-) 
  WALLACE_CSA_DUMMY_OP_groupi_g4477__2346/Y          -       B->Y   F     NAND2X2        2  6.0   206   185    2258    (-,-) 
  WALLACE_CSA_DUMMY_OP_groupi_g4414__5122/Y          -       B0->Y  R     OAI21X4        1  6.1   106   125    2383    (-,-) 
  WALLACE_CSA_DUMMY_OP_groupi_g4395__5107/Y          -       B->Y   F     NOR2X8         1  8.6    60    78    2460    (-,-) 
  fopt13899/Y                                        -       A->Y   R     CLKINVX16      6 26.1    55    59    2519    (-,-) 
  fopt13895/Y                                        -       A->Y   F     CLKINVX8       2  7.4    44    50    2569    (-,-) 
  WALLACE_CSA_DUMMY_OP_groupi_g4343__2802/Y          -       A1->Y  R     OAI21X4        1  4.5    88    78    2647    (-,-) 
  WALLACE_CSA_DUMMY_OP_groupi_g4335__5107/Y          -       B0->Y  F     AOI21X4        1  3.3    97    68    2715    (-,-) 
  WALLACE_CSA_DUMMY_OP_groupi_g4311__5115/Y          -       B->Y   R     XNOR2X2        1  4.5    80   250    2965    (-,-) 
  g1135__2802/Y                                      -       B1->Y  F     AOI22X4        1  7.2   179   128    3093    (-,-) 
  g1119/Y                                            -       A->Y   R     CLKINVX12      1 47.9   121   133    3225    (-,-) 
  writeback_value_o[25]                              <<<     -      R     (port)         -    -     -     0    3226    (-,-) 
#----------------------------------------------------------------------------------------------------------------------------

