============================================================
  Generated by:           Genus(TM) Synthesis Solution 21.18-s082_1
  Generated on:           Nov 04 2025  10:50:15 am
  Module:                 biriscv_multiplier
  Operating conditions:   PVT_0P9V_125C 
  Operating conditions:   PVT_1P32V_0C 
  Interconnect mode:      global
  Area mode:              physical library
============================================================

Timing
--------

Clock Period 
-------------
clk_i 3230.0 


  Cost    Critical              Violating 
 Group   Path Slack     TNS       Paths   
------------------------------------------
clk_i        -245.9   -25925.8        168 
default    No paths        0.0            
------------------------------------------
Total                 -25925.8        168 

Instance Count
--------------
Leaf Instance Count             6487 
Physical Instance count            0 
Sequential Instance Count        343 
Combinational Instance Count    6144 
Hierarchical Instance Count        0 

Area
----
Cell Area                          21905.784
Physical Cell Area                 0.000
Total Cell Area (Cell+Physical)    21905.784
Net Area                           7984.084
Total Area (Cell+Physical+Net)     29889.868

Max Fanout                         343 (clk_i)
Min Fanout                         0 (n_1)
Average Fanout                     2.0
Terms to net ratio                 3.0259
Terms to instance ratio            3.4592
Runtime                            422.7352709999999 seconds
Elapsed Runtime                    460 seconds
Genus peak memory usage            2597.77 
Innovus peak memory usage          no_value 
Hostname                           gmicro02
