============================================================
  Generated by:           Genus(TM) Synthesis Solution 21.18-s082_1
  Generated on:           Nov 04 2025  10:50:15 am
  Module:                 biriscv_multiplier
  Operating conditions:   PVT_0P9V_125C 
  Operating conditions:   PVT_1P32V_0C 
  Interconnect mode:      global
  Area mode:              physical library
============================================================

                                                Library 
   Gate     Instances    Area        Library     Domain 
--------------------------------------------------------
ADDFHX1            96    722.304    slow_vdd1v0   worst 
ADDFHX2           244   2002.752    slow_vdd1v0   worst 
ADDFHX4             1      9.576    slow_vdd1v0   worst 
ADDFX1            274   1405.620    slow_vdd1v0   worst 
ADDFX2              3     23.598    slow_vdd1v0   worst 
ADDHX1            253    951.786    slow_vdd1v0   worst 
ADDHX2              7     35.910    slow_vdd1v0   worst 
ADDHX4              3     21.546    slow_vdd1v0   worst 
AND2X1            120    164.160    slow_vdd1v0   worst 
AND2X2             40     68.400    slow_vdd1v0   worst 
AND2X4             24     65.664    slow_vdd1v0   worst 
AND2X6              4     15.048    slow_vdd1v0   worst 
AND2X8              2      8.892    slow_vdd1v0   worst 
AND3X4              1      3.078    slow_vdd1v0   worst 
AO21X1             14     33.516    slow_vdd1v0   worst 
AO21X2              4     10.944    slow_vdd1v0   worst 
AO21X4             12     41.040    slow_vdd1v0   worst 
AO22X1             34     93.024    slow_vdd1v0   worst 
AO22X4              1      3.762    slow_vdd1v0   worst 
AOI211X4            1      6.498    slow_vdd1v0   worst 
AOI21X1            27     46.170    slow_vdd1v0   worst 
AOI21X2            45    123.120    slow_vdd1v0   worst 
AOI21X4           143    733.590    slow_vdd1v0   worst 
AOI21XL             2      3.420    slow_vdd1v0   worst 
AOI221X4            5     39.330    slow_vdd1v0   worst 
AOI22X2            28    105.336    slow_vdd1v0   worst 
AOI22X4            39    240.084    slow_vdd1v0   worst 
AOI2BB1X1           6     12.312    slow_vdd1v0   worst 
AOI2BB1X2          58    178.524    slow_vdd1v0   worst 
AOI2BB1X4          71    291.384    slow_vdd1v0   worst 
AOI31X2             4     13.680    slow_vdd1v0   worst 
AOI31X4             2     12.996    slow_vdd1v0   worst 
AOI32X2             4     17.784    slow_vdd1v0   worst 
AOI32X4             1      7.866    slow_vdd1v0   worst 
BUFX12              5     25.650    slow_vdd1v0   worst 
BUFX16              3     20.520    slow_vdd1v0   worst 
BUFX3               8     16.416    slow_vdd1v0   worst 
BUFX6              97    298.566    slow_vdd1v0   worst 
BUFX8               1      3.762    slow_vdd1v0   worst 
CLKAND2X12         14    105.336    slow_vdd1v0   worst 
CLKAND2X2          64    131.328    slow_vdd1v0   worst 
CLKAND2X3          35    107.730    slow_vdd1v0   worst 
CLKAND2X4           3     10.260    slow_vdd1v0   worst 
CLKAND2X6          57    272.916    slow_vdd1v0   worst 
CLKAND2X8           3     17.442    slow_vdd1v0   worst 
CLKBUFX12           5     25.650    slow_vdd1v0   worst 
CLKBUFX16           6     41.040    slow_vdd1v0   worst 
CLKBUFX2           25     42.750    slow_vdd1v0   worst 
CLKBUFX20           2     16.416    slow_vdd1v0   worst 
CLKBUFX4            1      2.394    slow_vdd1v0   worst 
CLKBUFX6            8     24.624    slow_vdd1v0   worst 
CLKINVX1            1      1.026    slow_vdd1v0   worst 
CLKINVX12          75    307.800    slow_vdd1v0   worst 
CLKINVX16          27    147.744    slow_vdd1v0   worst 
CLKINVX2           14     19.152    slow_vdd1v0   worst 
CLKINVX20           8     51.984    slow_vdd1v0   worst 
CLKINVX3           16     27.360    slow_vdd1v0   worst 
CLKINVX4           99    169.290    slow_vdd1v0   worst 
CLKINVX6           86    205.884    slow_vdd1v0   worst 
CLKINVX8           68    209.304    slow_vdd1v0   worst 
CLKMX2X2            2      6.156    slow_vdd1v0   worst 
CLKMX2X3            4     16.416    slow_vdd1v0   worst 
CLKXOR2X1          80    218.880    slow_vdd1v0   worst 
CLKXOR2X2           6     20.520    slow_vdd1v0   worst 
DFFRHQX1          129    794.124    slow_vdd1v0   worst 
DFFRHQX2           46    361.836    slow_vdd1v0   worst 
DFFRHQX4           74    708.624    slow_vdd1v0   worst 
DFFRHQX8            1     11.286    slow_vdd1v0   worst 
DFFRX1             10     68.400    slow_vdd1v0   worst 
DFFRX2             81    609.444    slow_vdd1v0   worst 
DFFRX4              2     19.152    slow_vdd1v0   worst 
INVX1             264    180.576    slow_vdd1v0   worst 
INVX12              5     20.520    slow_vdd1v0   worst 
INVX2              80     82.080    slow_vdd1v0   worst 
INVX20              1      6.498    slow_vdd1v0   worst 
INVX3              51     69.768    slow_vdd1v0   worst 
INVX4               6     10.260    slow_vdd1v0   worst 
INVX6               9     21.546    slow_vdd1v0   worst 
INVXL              47     32.148    slow_vdd1v0   worst 
MX2X1              97    232.218    slow_vdd1v0   worst 
MXI2X4              2     10.260    slow_vdd1v0   worst 
MXI2X6              1      5.130    slow_vdd1v0   worst 
NAND2BX1           42     57.456    slow_vdd1v0   worst 
NAND2BX2            9     21.546    slow_vdd1v0   worst 
NAND2BX4            8     30.096    slow_vdd1v0   worst 
NAND2BXL            1      1.368    slow_vdd1v0   worst 
NAND2X1            46     47.196    slow_vdd1v0   worst 
NAND2X2           108    184.680    slow_vdd1v0   worst 
NAND2X4            98    335.160    slow_vdd1v0   worst 
NAND2X6            36    172.368    slow_vdd1v0   worst 
NAND2X8            16     87.552    slow_vdd1v0   worst 
NAND3BX4            2     10.260    slow_vdd1v0   worst 
NAND3X4             3     14.364    slow_vdd1v0   worst 
NOR2BX1           172    235.296    slow_vdd1v0   worst 
NOR2BX2             8     21.888    slow_vdd1v0   worst 
NOR2BX4            15     56.430    slow_vdd1v0   worst 
NOR2X1            139    142.614    slow_vdd1v0   worst 
NOR2X2            201    343.710    slow_vdd1v0   worst 
NOR2X4            322    991.116    slow_vdd1v0   worst 
NOR2X6            144    590.976    slow_vdd1v0   worst 
NOR2X8             48    262.656    slow_vdd1v0   worst 
NOR2XL              2      2.052    slow_vdd1v0   worst 
NOR3BX4             2     11.628    slow_vdd1v0   worst 
NOR3X2              3      8.208    slow_vdd1v0   worst 
NOR3X4              1      5.130    slow_vdd1v0   worst 
NOR3X6              1      7.182    slow_vdd1v0   worst 
NOR3X8              8     71.136    slow_vdd1v0   worst 
NOR4BBX2            1      5.130    slow_vdd1v0   worst 
NOR4BBX4            1      7.866    slow_vdd1v0   worst 
OA21X1             40     82.080    slow_vdd1v0   worst 
OA21X2              1      3.078    slow_vdd1v0   worst 
OA21X4              8     30.096    slow_vdd1v0   worst 
OA22X1              5     11.970    slow_vdd1v0   worst 
OAI21X1            18     30.780    slow_vdd1v0   worst 
OAI21X2            34    104.652    slow_vdd1v0   worst 
OAI21X4           133    636.804    slow_vdd1v0   worst 
OAI21XL             1      1.710    slow_vdd1v0   worst 
OAI22X1           211    432.972    slow_vdd1v0   worst 
OAI22X2           250    855.000    slow_vdd1v0   worst 
OAI22X4            23    149.454    slow_vdd1v0   worst 
OAI22XL             2      4.104    slow_vdd1v0   worst 
OAI2BB1X1           7     11.970    slow_vdd1v0   worst 
OAI2BB1X2          16     49.248    slow_vdd1v0   worst 
OAI2BB1X4          10     44.460    slow_vdd1v0   worst 
OAI2BB2X2           2     10.944    slow_vdd1v0   worst 
OAI31X1             2      4.104    slow_vdd1v0   worst 
OAI31X2             7     26.334    slow_vdd1v0   worst 
OAI31X4             7     47.880    slow_vdd1v0   worst 
OAI32X2             1      4.446    slow_vdd1v0   worst 
OR2X1              89    121.752    slow_vdd1v0   worst 
OR2X2              33     56.430    slow_vdd1v0   worst 
OR2X4              49    134.064    slow_vdd1v0   worst 
OR2X6              46    173.052    slow_vdd1v0   worst 
OR3X1               3      6.156    slow_vdd1v0   worst 
OR3X2               1      2.394    slow_vdd1v0   worst 
OR3X4               1      3.078    slow_vdd1v0   worst 
OR3X6               2      9.576    slow_vdd1v0   worst 
OR4X1               1      2.052    slow_vdd1v0   worst 
OR4X8               1      6.156    slow_vdd1v0   worst 
XNOR2X1           723   1730.862    slow_vdd1v0   worst 
XNOR2X2            17     52.326    slow_vdd1v0   worst 
XOR2X4              3     12.312    slow_vdd1v0   worst 
XOR3X1              1      7.524    slow_vdd1v0   worst 
--------------------------------------------------------
total            6487  21905.784                


                                          
     Type      Instances    Area   Area % 
------------------------------------------
sequential           343  2572.866   11.7 
inverter             857  1562.940    7.1 
buffer               161   517.788    2.4 
logic               5126 17252.190   78.8 
physical_cells         0     0.000    0.0 
------------------------------------------
total               6487 21905.784  100.0 

