============================================================
  Generated by:           Genus(TM) Synthesis Solution 21.19-s055_1
  Generated on:           Oct 27 2025  10:08:47 pm
  Module:                 biriscv_multiplier
  Operating conditions:   PVT_0P9V_125C 
  Operating conditions:   PVT_1P32V_0C 
  Interconnect mode:      global
  Area mode:              physical library
============================================================

Timing
--------

Clock Period 
-------------
clk_i 6060.0 


  Cost    Critical         Violating 
 Group   Path Slack  TNS     Paths   
-------------------------------------
clk_i        2093.5   0.0          0 
default    No paths   0.0            
-------------------------------------
Total                 0.0          0 

Instance Count
--------------
Leaf Instance Count             2385 
Physical Instance count            0 
Sequential Instance Count          0 
Combinational Instance Count    2385 
Hierarchical Instance Count        0 

Area
----
Cell Area                          6955.254
Physical Cell Area                 0.000
Total Cell Area (Cell+Physical)    6955.254
Net Area                           4010.278
Total Area (Cell+Physical+Net)     10965.532

Max Fanout                         34 (n_307)
Min Fanout                         1 (opcode_ra_operand_i[0])
Average Fanout                     2.4
Terms to net ratio                 3.3720
Terms to instance ratio            4.5497
Runtime                            109.30064800000001 seconds
Elapsed Runtime                    109 seconds
Genus peak memory usage            2039.77 
Innovus peak memory usage          no_value 
Hostname                           localhost
