============================================================
  Generated by:           Genus(TM) Synthesis Solution 21.19-s055_1
  Generated on:           Oct 27 2025  10:08:47 pm
  Module:                 biriscv_multiplier
  Operating conditions:   PVT_0P9V_125C 
  Operating conditions:   PVT_1P32V_0C 
  Interconnect mode:      global
  Area mode:              physical library
============================================================

                                              Library 
   Gate    Instances    Area       Library     Domain 
------------------------------------------------------
ADDFX1           704  3611.520    fast_vdd1v2    best 
ADDHX1            76   285.912    fast_vdd1v2    best 
AND2X1            20    27.360    fast_vdd1v2    best 
AND2X2            11    18.810    fast_vdd1v2    best 
AO21X1            13    31.122    fast_vdd1v2    best 
AO21X2             6    16.416    fast_vdd1v2    best 
AOI21X1            2     3.420    fast_vdd1v2    best 
AOI22X1          465   954.180    fast_vdd1v2    best 
AOI2BB1X4          1     4.104    fast_vdd1v2    best 
BUFX2            112   191.520    fast_vdd1v2    best 
BUFX3              6    12.312    fast_vdd1v2    best 
CLKINVX4          26    44.460    fast_vdd1v2    best 
CLKINVX8           1     3.078    fast_vdd1v2    best 
CLKXOR2X1          4    10.944    fast_vdd1v2    best 
INVX1            205   140.220    fast_vdd1v2    best 
INVX2             47    48.222    fast_vdd1v2    best 
MX2X1             32    76.608    fast_vdd1v2    best 
NAND2BX1           1     1.368    fast_vdd1v2    best 
NAND2BX4           1     3.762    fast_vdd1v2    best 
NAND2X1            6     6.156    fast_vdd1v2    best 
NAND3BX4           1     5.130    fast_vdd1v2    best 
NAND3BXL          15    25.650    fast_vdd1v2    best 
NOR2BX1            5     6.840    fast_vdd1v2    best 
NOR2BX2            4    10.944    fast_vdd1v2    best 
NOR2X1            35    35.910    fast_vdd1v2    best 
NOR2X2             7    11.970    fast_vdd1v2    best 
NOR2X4             1     3.078    fast_vdd1v2    best 
OA21X1             5    10.260    fast_vdd1v2    best 
OAI211X1          15    25.650    fast_vdd1v2    best 
OAI21X1           11    18.810    fast_vdd1v2    best 
OAI221X1         452  1082.088    fast_vdd1v2    best 
OAI222X1          46   125.856    fast_vdd1v2    best 
OAI2BB1X1         10    17.100    fast_vdd1v2    best 
OR2X1              6     8.208    fast_vdd1v2    best 
OR2X2              4     6.840    fast_vdd1v2    best 
OR3X2             13    31.122    fast_vdd1v2    best 
XNOR2X1           16    38.304    fast_vdd1v2    best 
------------------------------------------------------
total           2385  6955.254                


                                         
     Type      Instances   Area   Area % 
-----------------------------------------
inverter             279  235.980    3.4 
buffer               118  203.832    2.9 
logic               1988 6515.442   93.7 
physical_cells         0    0.000    0.0 
-----------------------------------------
total               2385 6955.254  100.0 

