============================================================
  Generated by:           Genus(TM) Synthesis Solution 21.19-s055_1
  Generated on:           Nov 30 2025  04:37:31 pm
  Module:                 biriscv_divider
  Operating conditions:   PVT_0P9V_125C 
  Operating conditions:   PVT_1P32V_0C 
  Interconnect mode:      global
  Area mode:              physical library
============================================================

Timing
--------

Clock Period 
-------------
clk_i 3330.0 


  Cost    Critical         Violating 
 Group   Path Slack  TNS     Paths   
-------------------------------------
clk_i           1.9   0.0          0 
default    No paths   0.0            
-------------------------------------
Total                 0.0          0 

Instance Count
--------------
Leaf Instance Count             2488 
Physical Instance count            0 
Sequential Instance Count        302 
Combinational Instance Count    2186 
Hierarchical Instance Count        0 

Area
----
Cell Area                          6987.402
Physical Cell Area                 0.000
Total Cell Area (Cell+Physical)    6987.402
Net Area                           3116.432
Total Area (Cell+Physical+Net)     10103.834

Max Fanout                         302 (clk_i)
Min Fanout                         0 (n_52)
Average Fanout                     2.4
Terms to net ratio                 3.4929
Terms to instance ratio            3.6572
Runtime                            63.409811 seconds
Elapsed Runtime                    65 seconds
Genus peak memory usage            1732.88 
Innovus peak memory usage          no_value 
Hostname                           localhost
