============================================================
  Generated by:           Genus(TM) Synthesis Solution 21.19-s055_1
  Generated on:           Nov 30 2025  04:37:30 pm
  Module:                 biriscv_divider
  Operating conditions:   PVT_0P9V_125C 
  Operating conditions:   PVT_1P32V_0C 
  Interconnect mode:      global
  Area mode:              physical library
============================================================


Path 1: MET (2 ps) Setup Check with Pin saved_shift_amt_q_reg[2]/CK->D
          Group: clk_i
     Startpoint: (F) opcode_rb_operand_i[4]
          Clock: (R) clk_i
       Endpoint: (F) saved_shift_amt_q_reg[2]/D
          Clock: (R) clk_i

                     Capture       Launch     
        Clock Edge:+    3330            0     
        Drv Adjust:+       0            0     
       Src Latency:+       0            0     
       Net Latency:+     100 (I)      100 (I) 
           Arrival:=    3430          100     
                                              
             Setup:-     164                  
       Uncertainty:-      50                  
     Required Time:=    3216                  
      Launch Clock:-     100                  
       Input Delay:-     300                  
         Data Path:-    2814                  
             Slack:=       2                  

Exceptions/Constraints:
  input_delay             300             biriscv_divider.sdc_line_30_141_1 

#---------------------------------------------------------------------------------------------------
#       Timing Point         Flags   Arc   Edge   Cell     Fanout Load Trans Delay Arrival Instance 
#                                                                 (fF)  (ps)  (ps)   (ps)  Location 
#---------------------------------------------------------------------------------------------------
  opcode_rb_operand_i[4]     -       -     F     (arrival)      7 15.7   252     0     400    (-,-) 
  minus_85_26_g960/Y         -       A->Y  R     NOR2X8         3  7.2    96   164     564    (-,-) 
  minus_85_26_g987/Y         -       AN->Y R     NOR2BX1        1  3.7   212   208     771    (-,-) 
  minus_85_26_g909/Y         -       A->Y  F     NAND2X2        1  3.3   138   199     970    (-,-) 
  minus_85_26_g887/Y         -       B->Y  F     CLKXOR2X1      1  3.2    97   196    1166    (-,-) 
  g36710__1666/Y             -       A->Y  F     CLKMX2X3       3  8.6   104   226    1392    (-,-) 
  g36489__1881/Y             -       A->Y  R     NOR2X6         2  7.6    93   107    1499    (-,-) 
  g36392__3680/Y             -       B->Y  F     NAND2X6        4  9.7   135   123    1622    (-,-) 
  g36331__8428/Y             -       A->Y  R     NOR2X1         1  3.1   173   178    1801    (-,-) 
  g36253__9315/Y             -       B->Y  R     AND2X1         1  3.9    96   243    2044    (-,-) 
  g36234__8428/Y             -       A->Y  R     CLKAND2X6      5 19.8    85   163    2206    (-,-) 
  g36048__6260/Y             -       A->Y  F     NOR2X6         2  6.9    60    77    2284    (-,-) 
  g37494/Y                   -       B->Y  F     OR2X4          4 10.4   102   192    2475    (-,-) 
  g35678__3680/Y             -       A0->Y R     OAI21X4        1  4.5    88   116    2591    (-,-) 
  g35629__7482/Y             -       B0->Y F     AOI2BB1X4      1  4.4    67    79    2670    (-,-) 
  g35627__1881/Y             -       A1->Y R     OAI21X4        1  3.3    80    82    2752    (-,-) 
  g35621__2802/Y             -       A1->Y R     AO21X4         6 13.7   107   239    2991    (-,-) 
  g35619__3680/Y             -       A1->Y F     OAI22X1        1  3.2   254   223    3214    (-,-) 
  saved_shift_amt_q_reg[2]/D <<<     -     F     DFFRHQX1       1    -     -     0    3214    (-,-) 
#---------------------------------------------------------------------------------------------------

