============================================================
  Generated by:           Genus(TM) Synthesis Solution 21.19-s055_1
  Generated on:           Oct 29 2025  10:57:12 pm
  Module:                 biriscv_multiplier
  Operating conditions:   PVT_0P9V_125C 
  Operating conditions:   PVT_1P32V_0C 
  Interconnect mode:      global
  Area mode:              physical library
============================================================


Path 1: VIOLATED (-1424 ps) Setup Check with Pin result_e2_q_reg[5]/CK->D
          Group: clk_i
     Startpoint: (R) operand_b_e1_q_reg[5]/CK
          Clock: (R) clk_i
       Endpoint: (R) result_e2_q_reg[5]/D
          Clock: (R) clk_i

                     Capture       Launch     
        Clock Edge:+    2860            0     
       Src Latency:+       0            0     
       Net Latency:+     100 (I)      100 (I) 
           Arrival:=    2960          100     
                                              
             Setup:-     150                  
       Uncertainty:-      50                  
     Required Time:=    2760                  
      Launch Clock:-     100                  
         Data Path:-    4084                  
             Slack:=   -1424                  

#----------------------------------------------------------------------------------------------------------
#           Timing Point            Flags   Arc   Edge   Cell     Fanout Load Trans Delay Arrival Instance 
#                                                                        (fF)  (ps)  (ps)   (ps)  Location 
#----------------------------------------------------------------------------------------------------------
  operand_b_e1_q_reg[5]/CK          -       -     R     (arrival)     99    -     0     0     100    (-,-) 
  operand_b_e1_q_reg[5]/Q           -       CK->Q R     DFFRHQX4       2  7.8    68   281     381    (-,-) 
  mul_123_68_g21229/Y               -       A->Y  F     CLKINVX8       1  8.6    50    58     439    (-,-) 
  mul_123_68_g21213/Y               -       A->Y  R     CLKINVX16      7 36.5    66    63     501    (-,-) 
  mul_123_68_g21212/Y               -       A->Y  F     CLKINVX20     14 36.2    74    70     571    (-,-) 
  mul_123_68_g21208/Y               -       A->Y  R     CLKINVX12     11 26.2    66    67     638    (-,-) 
  mul_123_68_g20427/Y               -       B->Y  F     NOR2X4         1  4.3    58    60     699    (-,-) 
  mul_123_68_g19594/Y               -       B0->Y R     AOI2BB1X4      2  5.6    90    94     792    (-,-) 
  mul_123_68_g19179/Y               -       AN->Y R     NAND2BX4       1  4.5    58   131     924    (-,-) 
  mul_123_68_g18352/Y               -       B0->Y F     OAI21X4        1  3.7   110   102    1026    (-,-) 
  mul_123_68_cdnfadd_027_3__6131/S  -       CI->S R     ADDFHX1        1  4.1   108   330    1356    (-,-) 
  mul_123_68_cdnfadd_027_6__7482/CO -       A->CO R     ADDFHX2        1  4.0    78   260    1616    (-,-) 
  mul_123_68_cdnfadd_028_9__8428/CO -       B->CO R     ADDFHX2        1  3.7    76   240    1857    (-,-) 
  mul_123_68_cdnfadd_029_10__4733/S -       CI->S F     ADDFHX1        1  3.7   115   302    2158    (-,-) 
  mul_123_68_cdnfadd_029_11__6161/S -       CI->S R     ADDFHX1        1  3.7   100   328    2487    (-,-) 
  mul_123_68_cdnfadd_029_12__9315/S -       CI->S F     ADDFHX2        2  8.0   140   373    2860    (-,-) 
  mul_123_68_g17986__9315/Y         -       B->Y  R     NOR2X8         2  7.6    82   102    2962    (-,-) 
  mul_123_68_g17910__6417/Y         -       A->Y  F     NOR2X6         1  5.8    55    73    3035    (-,-) 
  mul_123_68_g17868__3680/Y         -       B->Y  R     NOR2X8         2  7.6    70    67    3103    (-,-) 
  mul_123_68_g17817__5477/Y         -       B->Y  F     NOR2X4         1  5.1    57    65    3168    (-,-) 
  mul_123_68_g17803__5115/Y         -       B->Y  R     NOR2X6         1  6.1    73    69    3237    (-,-) 
  mul_123_68_g17788__4319/Y         -       A->Y  F     NAND2X8        1  5.8    84    97    3334    (-,-) 
  mul_123_68_g17777__9945/Y         -       B->Y  R     NOR2X8         2  9.2    83    84    3418    (-,-) 
  fopt22752/Y                       -       A->Y  F     INVX8          2  8.2    52    64    3482    (-,-) 
  fopt22751/Y                       -       A->Y  R     CLKINVX6       3  9.8    48    50    3532    (-,-) 
  mul_123_68_g2/Y                   -       B->Y  F     NOR2BX4        1  5.8    68    57    3588    (-,-) 
  mul_123_68_g17763__6131/Y         -       B->Y  R     NOR2X8         6 17.7   126   104    3692    (-,-) 
  mul_123_68_g17730__5122/Y         -       A1->Y F     OAI21X4        1  3.3    98   130    3822    (-,-) 
  mul_123_68_g21944/Y               -       B->Y  R     XOR2X1         1  4.1   103   201    4023    (-,-) 
  g5938/Y                           -       A->Y  F     INVX3          1  4.4    61    83    4106    (-,-) 
  g5856__2346/Y                     -       A1->Y R     OAI21X4        1  3.2    84    79    4184    (-,-) 
  result_e2_q_reg[5]/D              <<<     -     R     DFFRHQX1       1    -     -     0    4184    (-,-) 
#----------------------------------------------------------------------------------------------------------

