============================================================
  Generated by:           Genus(TM) Synthesis Solution 21.18-s082_1
  Generated on:           Nov 04 2025  03:09:39 pm
  Module:                 biriscv_multiplier
  Operating conditions:   PVT_0P9V_125C 
  Operating conditions:   PVT_1P32V_0C 
  Interconnect mode:      global
  Area mode:              physical library
============================================================

Timing
--------

Clock Period 
-------------
clk_i 2860.0 


  Cost    Critical              Violating 
 Group   Path Slack     TNS       Paths   
------------------------------------------
clk_i        -702.2   -62570.7        120 
default    No paths        0.0            
------------------------------------------
Total                 -62570.7        120 

Instance Count
--------------
Leaf Instance Count             5478 
Physical Instance count            0 
Sequential Instance Count        327 
Combinational Instance Count    5151 
Hierarchical Instance Count        0 

Area
----
Cell Area                          23256.684
Physical Cell Area                 0.000
Total Cell Area (Cell+Physical)    23256.684
Net Area                           6815.032
Total Area (Cell+Physical+Net)     30071.716

Max Fanout                         327 (clk_i)
Min Fanout                         0 (n_0)
Average Fanout                     2.0
Terms to net ratio                 3.0180
Terms to instance ratio            3.4929
Runtime                            177.23293800000022 seconds
Elapsed Runtime                    179 seconds
Genus peak memory usage            2065.02 
Innovus peak memory usage          no_value 
Hostname                           gmicro02
