============================================================
  Generated by:           Genus(TM) Synthesis Solution 21.19-s055_1
  Generated on:           Oct 29 2025  10:57:12 pm
  Module:                 biriscv_multiplier
  Operating conditions:   PVT_0P9V_125C 
  Operating conditions:   PVT_1P32V_0C 
  Interconnect mode:      global
  Area mode:              physical library
============================================================

                                                Library 
   Gate     Instances    Area        Library     Domain 
--------------------------------------------------------
ADDFHX1           166   1248.984    slow_vdd1v0   worst 
ADDFHX2           165   1354.320    slow_vdd1v0   worst 
ADDFHX4             2     19.152    slow_vdd1v0   worst 
ADDFHXL             1      7.524    slow_vdd1v0   worst 
ADDFX1            146    748.980    slow_vdd1v0   worst 
ADDFX2              1      7.866    slow_vdd1v0   worst 
ADDHX1              8     30.096    slow_vdd1v0   worst 
ADDHX2              3     15.390    slow_vdd1v0   worst 
AND2X1             26     35.568    slow_vdd1v0   worst 
AND2X2              1      1.710    slow_vdd1v0   worst 
AND2X4             20     54.720    slow_vdd1v0   worst 
AND2X6              5     18.810    slow_vdd1v0   worst 
AND2X8              1      4.446    slow_vdd1v0   worst 
AND4X1              2      4.788    slow_vdd1v0   worst 
AO21X1              3      7.182    slow_vdd1v0   worst 
AO21X4              1      3.420    slow_vdd1v0   worst 
AO22X1             77    210.672    slow_vdd1v0   worst 
AOI21X1             4      6.840    slow_vdd1v0   worst 
AOI21X2             5     13.680    slow_vdd1v0   worst 
AOI21X4            30    153.900    slow_vdd1v0   worst 
AOI22X1             1      2.052    slow_vdd1v0   worst 
AOI22X2           124    466.488    slow_vdd1v0   worst 
AOI22X4            63    387.828    slow_vdd1v0   worst 
AOI2BB1X1           1      2.052    slow_vdd1v0   worst 
AOI2BB1X2          21     64.638    slow_vdd1v0   worst 
AOI2BB1X4          21     86.184    slow_vdd1v0   worst 
AOI2BB2X2           2     10.260    slow_vdd1v0   worst 
AOI2BB2X4           4     30.096    slow_vdd1v0   worst 
BUFX12              9     46.170    slow_vdd1v0   worst 
BUFX16              4     27.360    slow_vdd1v0   worst 
BUFX2               2      3.420    slow_vdd1v0   worst 
BUFX3               8     16.416    slow_vdd1v0   worst 
BUFX6             111    341.658    slow_vdd1v0   worst 
BUFX8              34    127.908    slow_vdd1v0   worst 
CLKAND2X12          8     60.192    slow_vdd1v0   worst 
CLKAND2X2           6     12.312    slow_vdd1v0   worst 
CLKAND2X3          15     46.170    slow_vdd1v0   worst 
CLKAND2X6          16     76.608    slow_vdd1v0   worst 
CLKAND2X8           2     11.628    slow_vdd1v0   worst 
CLKBUFX12          14     71.820    slow_vdd1v0   worst 
CLKBUFX16          19    129.960    slow_vdd1v0   worst 
CLKBUFX2            1      1.710    slow_vdd1v0   worst 
CLKBUFX20           1      8.208    slow_vdd1v0   worst 
CLKBUFX4            2      4.788    slow_vdd1v0   worst 
CLKBUFX6            3      9.234    slow_vdd1v0   worst 
CLKINVX12         103    422.712    slow_vdd1v0   worst 
CLKINVX16          61    333.792    slow_vdd1v0   worst 
CLKINVX2           29     39.672    slow_vdd1v0   worst 
CLKINVX20          20    129.960    slow_vdd1v0   worst 
CLKINVX3           34     58.140    slow_vdd1v0   worst 
CLKINVX4          199    340.290    slow_vdd1v0   worst 
CLKINVX6          165    395.010    slow_vdd1v0   worst 
CLKINVX8          174    535.572    slow_vdd1v0   worst 
CLKMX2X2           44    135.432    slow_vdd1v0   worst 
CLKMX2X3           15     61.560    slow_vdd1v0   worst 
CLKXOR2X1          15     41.040    slow_vdd1v0   worst 
CLKXOR2X2           3     10.260    slow_vdd1v0   worst 
DFFRHQX1           34    209.304    slow_vdd1v0   worst 
DFFRHQX2            1      7.866    slow_vdd1v0   worst 
DFFRHQX4           40    383.040    slow_vdd1v0   worst 
DFFRHQX8            1     11.286    slow_vdd1v0   worst 
DFFRX1              1      6.840    slow_vdd1v0   worst 
DFFRX2              9     67.716    slow_vdd1v0   worst 
DFFRX4             13    124.488    slow_vdd1v0   worst 
INVX1             134     91.656    slow_vdd1v0   worst 
INVX16              4     21.888    slow_vdd1v0   worst 
INVX2              72     73.872    slow_vdd1v0   worst 
INVX20             10     64.980    slow_vdd1v0   worst 
INVX3              47     64.296    slow_vdd1v0   worst 
INVX4               1      1.710    slow_vdd1v0   worst 
INVX6               6     14.364    slow_vdd1v0   worst 
INVX8               2      6.156    slow_vdd1v0   worst 
MX2X1              98    234.612    slow_vdd1v0   worst 
MXI2X2             12     53.352    slow_vdd1v0   worst 
NAND2BX1            7      9.576    slow_vdd1v0   worst 
NAND2BX2           35     83.790    slow_vdd1v0   worst 
NAND2BX4           32    120.384    slow_vdd1v0   worst 
NAND2X1            18     18.468    slow_vdd1v0   worst 
NAND2X2            68    116.280    slow_vdd1v0   worst 
NAND2X4           110    376.200    slow_vdd1v0   worst 
NAND2X6            56    268.128    slow_vdd1v0   worst 
NAND2X8            33    180.576    slow_vdd1v0   worst 
NAND3X8             2     16.416    slow_vdd1v0   worst 
NOR2BX1            11     15.048    slow_vdd1v0   worst 
NOR2BX2            12     32.832    slow_vdd1v0   worst 
NOR2BX4             4     15.048    slow_vdd1v0   worst 
NOR2X1             67     68.742    slow_vdd1v0   worst 
NOR2X2            164    280.440    slow_vdd1v0   worst 
NOR2X4            209    643.302    slow_vdd1v0   worst 
NOR2X6             78    320.112    slow_vdd1v0   worst 
NOR2X8             57    311.904    slow_vdd1v0   worst 
NOR2XL              1      1.026    slow_vdd1v0   worst 
NOR3BX1             1      2.052    slow_vdd1v0   worst 
NOR3X1              1      1.710    slow_vdd1v0   worst 
NOR3X4              1      5.130    slow_vdd1v0   worst 
NOR3X6              3     21.546    slow_vdd1v0   worst 
NOR3X8              4     35.568    slow_vdd1v0   worst 
NOR4X2              1      3.420    slow_vdd1v0   worst 
OA21X1              2      4.104    slow_vdd1v0   worst 
OA22X1              7     16.758    slow_vdd1v0   worst 
OAI21X1             6     10.260    slow_vdd1v0   worst 
OAI21X2            51    156.978    slow_vdd1v0   worst 
OAI21X4           133    636.804    slow_vdd1v0   worst 
OAI22X1            52    106.704    slow_vdd1v0   worst 
OAI22X2           151    516.420    slow_vdd1v0   worst 
OAI22X4           163   1059.174    slow_vdd1v0   worst 
OAI2BB1X1           3      5.130    slow_vdd1v0   worst 
OAI2BB1X2          20     61.560    slow_vdd1v0   worst 
OAI2BB1X4           8     35.568    slow_vdd1v0   worst 
OAI2BB2X1           1      4.104    slow_vdd1v0   worst 
OAI2BB2X2          13     71.136    slow_vdd1v0   worst 
OAI2BB2X4          24    205.200    slow_vdd1v0   worst 
OAI31X4             2     13.680    slow_vdd1v0   worst 
OAI32X2             6     26.676    slow_vdd1v0   worst 
OAI32X4             4     32.832    slow_vdd1v0   worst 
OR2X1              18     24.624    slow_vdd1v0   worst 
OR2X2               6     10.260    slow_vdd1v0   worst 
OR2X4               7     19.152    slow_vdd1v0   worst 
OR2X6              12     45.144    slow_vdd1v0   worst 
OR2X8               1      4.446    slow_vdd1v0   worst 
OR3X1               1      2.052    slow_vdd1v0   worst 
XNOR2X1            65    155.610    slow_vdd1v0   worst 
XNOR2X2             3      9.234    slow_vdd1v0   worst 
XOR2X1              2      5.472    slow_vdd1v0   worst 
--------------------------------------------------------
total            4242  16120.854                


                                          
     Type      Instances    Area   Area % 
------------------------------------------
sequential            99   810.540    5.0 
inverter            1061  2594.070   16.1 
buffer               208   788.652    4.9 
logic               2874 11927.592   74.0 
physical_cells         0     0.000    0.0 
------------------------------------------
total               4242 16120.854  100.0 

