============================================================
  Generated by:           Genus(TM) Synthesis Solution 21.19-s055_1
  Generated on:           Nov 30 2025  12:26:57 pm
  Module:                 biriscv_divider
  Operating conditions:   PVT_0P9V_125C 
  Operating conditions:   PVT_1P32V_0C 
  Interconnect mode:      global
  Area mode:              physical library
============================================================


Path 1: MET (81 ps) Setup Check with Pin divisor_q_reg[62]/CK->D
          Group: clk_i
     Startpoint: (F) opcode_rb_operand_i[1]
          Clock: (R) clk_i
       Endpoint: (R) divisor_q_reg[62]/D
          Clock: (R) clk_i

                     Capture       Launch     
        Clock Edge:+    2220            0     
        Drv Adjust:+       0            0     
       Src Latency:+       0            0     
       Net Latency:+     100 (I)      100 (I) 
           Arrival:=    2320          100     
                                              
             Setup:-      18                  
       Uncertainty:-      50                  
     Required Time:=    2252                  
      Launch Clock:-     100                  
       Input Delay:-     300                  
         Data Path:-    1771                  
             Slack:=      81                  

Exceptions/Constraints:
  input_delay             300             biriscv_divider.sdc_line_30_144_1 

#---------------------------------------------------------------------------------------------------
#       Timing Point         Flags   Arc   Edge   Cell     Fanout Load Trans Delay Arrival Instance 
#                                                                 (fF)  (ps)  (ps)   (ps)  Location 
#---------------------------------------------------------------------------------------------------
  opcode_rb_operand_i[1]     -       -     F     (arrival)      1  3.2   252     0     400    (-,-) 
  g7744/Y                    -       A->Y  F     BUFX2          2  5.0    20    51     451    (-,-) 
  minus_140_27_g581/Y        -       A->Y  F     BUFX2          2  5.4    18    26     477    (-,-) 
  minus_140_27_g557__9945/Y  -       A->Y  R     NOR2X1         3  7.4    80    51     528    (-,-) 
  minus_140_27_g555__6161/Y  -       B->Y  F     NAND2BX1       2  5.3    66    52     581    (-,-) 
  minus_140_27_g553__7482/Y  -       B->Y  R     NOR2X1         2  5.8    72    53     634    (-,-) 
  minus_140_27_g551__1881/CO -       B->CO R     ADDHX1         1  3.8    24    37     670    (-,-) 
  minus_140_27_g550__6131/CO -       B->CO R     ADDHX1         2  5.5    33    36     707    (-,-) 
  minus_140_27_g549__7098/Y  -       B->Y  F     NAND2BX1       2  5.3    58    41     747    (-,-) 
  minus_140_27_g547__5122/Y  -       B->Y  R     NOR2X1         3  7.4    87    60     808    (-,-) 
  minus_140_27_g545__2802/Y  -       B->Y  F     NAND2BX1       2  5.3    67    54     861    (-,-) 
  minus_140_27_g543__3680/Y  -       B->Y  R     NOR2X1         3  7.4    88    62     924    (-,-) 
  minus_140_27_g541__5526/Y  -       B->Y  F     NAND2BX1       2  5.8    71    57     980    (-,-) 
  minus_140_27_g539__4319/Y  -       B->Y  R     NOR2X2         3  7.4    53    40    1020    (-,-) 
  minus_140_27_g537__5107/Y  -       B->Y  F     NAND2BX1       2  5.3    61    46    1066    (-,-) 
  minus_140_27_g535__5477/Y  -       B->Y  R     NOR2X1         3  7.4    87    61    1127    (-,-) 
  minus_140_27_g533__7410/Y  -       B->Y  F     NAND2BX1       2  5.3    67    54    1181    (-,-) 
  minus_140_27_g531__2346/Y  -       B->Y  R     NOR2X1         3  7.4    88    62    1243    (-,-) 
  minus_140_27_g529__9945/Y  -       B->Y  F     NAND2BX1       2  5.3    67    54    1297    (-,-) 
  minus_140_27_g527__6161/Y  -       B->Y  R     NOR2X1         3  7.4    88    62    1359    (-,-) 
  minus_140_27_g525__7482/Y  -       B->Y  F     NAND2BX1       2  5.3    67    54    1414    (-,-) 
  minus_140_27_g523__1881/Y  -       B->Y  R     NOR2X1         3  7.4    88    62    1476    (-,-) 
  minus_140_27_g521__7098/Y  -       B->Y  F     NAND2BX1       2  5.3    67    54    1530    (-,-) 
  minus_140_27_g519__5122/Y  -       B->Y  R     NOR2X1         3  7.4    88    62    1592    (-,-) 
  minus_140_27_g517__2802/Y  -       B->Y  F     NAND2BX1       2  5.3    67    54    1647    (-,-) 
  minus_140_27_g515__3680/Y  -       B->Y  R     NOR2X1         3  7.4    88    62    1709    (-,-) 
  minus_140_27_g513__5526/Y  -       B->Y  F     NAND2BX1       2  5.3    67    54    1763    (-,-) 
  minus_140_27_g511__4319/Y  -       B->Y  R     NOR2X1         3  7.4    88    62    1825    (-,-) 
  minus_140_27_g509__5107/Y  -       B->Y  F     NAND2BX1       2  5.3    67    54    1880    (-,-) 
  minus_140_27_g507__5477/Y  -       B->Y  R     NOR2X1         3  7.4    88    62    1942    (-,-) 
  minus_140_27_g505__7410/Y  -       B->Y  F     NAND2BX1       2  5.3    67    54    1996    (-,-) 
  minus_140_27_g503__2346/Y  -       B->Y  R     NOR2X1         2  5.8    72    53    2050    (-,-) 
  minus_140_27_g501__9945/CO -       B->CO R     ADDHX1         1  3.2    21    35    2085    (-,-) 
  g16989/Y                   -       A->Y  R     CLKBUFX2       1  3.4    12    21    2106    (-,-) 
  g16147__9315/Y             -       A0->Y F     AOI22X1        1  3.4    76    34    2140    (-,-) 
  g15964__1705/Y             -       B0->Y R     OAI2BB1X1      1  3.3    36    31    2171    (-,-) 
  divisor_q_reg[62]/D        <<<     -     R     DFFRHQX1       1    -     -     0    2171    (-,-) 
#---------------------------------------------------------------------------------------------------

