============================================================
  Generated by:           Genus(TM) Synthesis Solution 21.19-s055_1
  Generated on:           Nov 30 2025  12:26:57 pm
  Module:                 biriscv_divider
  Operating conditions:   PVT_0P9V_125C 
  Operating conditions:   PVT_1P32V_0C 
  Interconnect mode:      global
  Area mode:              physical library
============================================================

                                              Library 
   Gate    Instances    Area       Library     Domain 
------------------------------------------------------
ADDFX1            30   153.900    fast_vdd1v2    best 
ADDHX1             6    22.572    fast_vdd1v2    best 
AND2X1            35    47.880    fast_vdd1v2    best 
AND2X2             4     6.840    fast_vdd1v2    best 
AND2X6             2     7.524    fast_vdd1v2    best 
AND3X2             1     2.736    fast_vdd1v2    best 
AND4X1             1     2.394    fast_vdd1v2    best 
AO21X1             1     2.394    fast_vdd1v2    best 
AO21X2             1     2.736    fast_vdd1v2    best 
AO22X1            94   257.184    fast_vdd1v2    best 
AOI21X1           28    47.880    fast_vdd1v2    best 
AOI221X1           1     2.394    fast_vdd1v2    best 
AOI22X1          167   342.684    fast_vdd1v2    best 
BUFX2            211   360.810    fast_vdd1v2    best 
BUFX20             1     8.208    fast_vdd1v2    best 
BUFX6              1     3.078    fast_vdd1v2    best 
CLKBUFX2           1     1.710    fast_vdd1v2    best 
CLKBUFX3           2     4.104    fast_vdd1v2    best 
CLKINVX4           1     1.710    fast_vdd1v2    best 
CLKXOR2X1          5    13.680    fast_vdd1v2    best 
DFFRHQX1         209  1286.604    fast_vdd1v2    best 
DFFRX1            21   143.640    fast_vdd1v2    best 
DFFRX2            33   248.292    fast_vdd1v2    best 
INVX1             84    57.456    fast_vdd1v2    best 
INVX2             10    10.260    fast_vdd1v2    best 
INVXL              2     1.368    fast_vdd1v2    best 
MX2X1            134   320.796    fast_vdd1v2    best 
NAND2BX1          82   112.176    fast_vdd1v2    best 
NAND2X1           70    71.820    fast_vdd1v2    best 
NAND3BXL           1     1.710    fast_vdd1v2    best 
NAND3X1            1     1.710    fast_vdd1v2    best 
NAND4BX1           2     4.788    fast_vdd1v2    best 
NAND4XL            5     8.550    fast_vdd1v2    best 
NOR2BX1           14    19.152    fast_vdd1v2    best 
NOR2BX4            1     3.762    fast_vdd1v2    best 
NOR2X1            33    33.858    fast_vdd1v2    best 
NOR2X2             1     1.710    fast_vdd1v2    best 
NOR2X4             2     6.156    fast_vdd1v2    best 
NOR4BX1            1     2.394    fast_vdd1v2    best 
NOR4X1            22    37.620    fast_vdd1v2    best 
OAI211X1           5     8.550    fast_vdd1v2    best 
OAI21X1            1     1.710    fast_vdd1v2    best 
OAI221X1          20    47.880    fast_vdd1v2    best 
OAI22X1            4     8.208    fast_vdd1v2    best 
OAI2BB1X1         58    99.180    fast_vdd1v2    best 
OAI32X1            1     2.394    fast_vdd1v2    best 
OR2X1              2     2.736    fast_vdd1v2    best 
OR4X1             17    34.884    fast_vdd1v2    best 
OR4X2              1     3.420    fast_vdd1v2    best 
XNOR2X1           55   131.670    fast_vdd1v2    best 
------------------------------------------------------
total           1485  4006.872                


                                         
     Type      Instances   Area   Area % 
-----------------------------------------
sequential           263 1678.536   41.9 
inverter              97   70.794    1.8 
buffer               216  377.910    9.4 
logic                909 1879.632   46.9 
physical_cells         0    0.000    0.0 
-----------------------------------------
total               1485 4006.872  100.0 

