============================================================
  Generated by:           Genus(TM) Synthesis Solution 21.19-s055_1
  Generated on:           Nov 30 2025  12:26:57 pm
  Module:                 biriscv_divider
  Operating conditions:   PVT_0P9V_125C 
  Operating conditions:   PVT_1P32V_0C 
  Interconnect mode:      global
  Area mode:              physical library
============================================================

Timing
--------

Clock Period 
-------------
clk_i 2220.0 


  Cost    Critical         Violating 
 Group   Path Slack  TNS     Paths   
-------------------------------------
clk_i          81.2   0.0          0 
default    No paths   0.0            
-------------------------------------
Total                 0.0          0 

Instance Count
--------------
Leaf Instance Count             1485 
Physical Instance count            0 
Sequential Instance Count        263 
Combinational Instance Count    1222 
Hierarchical Instance Count        0 

Area
----
Cell Area                          4006.872
Physical Cell Area                 0.000
Total Cell Area (Cell+Physical)    4006.872
Net Area                           1838.552
Total Area (Cell+Physical+Net)     5845.424

Max Fanout                         263 (clk_i)
Min Fanout                         0 (n_91)
Average Fanout                     2.2
Terms to net ratio                 3.3242
Terms to instance ratio            3.6734
Runtime                            51.649466999999994 seconds
Elapsed Runtime                    52 seconds
Genus peak memory usage            1749.24 
Innovus peak memory usage          no_value 
Hostname                           localhost
