============================================================
  Generated by:           Genus(TM) Synthesis Solution 21.19-s055_1
  Generated on:           Nov 30 2025  05:38:48 pm
  Module:                 biriscv_divider
  Operating conditions:   PVT_0P9V_125C 
  Operating conditions:   PVT_1P32V_0C 
  Interconnect mode:      global
  Area mode:              physical library
============================================================

Timing
--------

Clock Period 
-------------
clk_i 2220.0 


  Cost    Critical              Violating 
 Group   Path Slack     TNS       Paths   
------------------------------------------
clk_i        -156.6   -20559.3        166 
default    No paths        0.0            
------------------------------------------
Total                 -20559.3        166 

Instance Count
--------------
Leaf Instance Count             2791 
Physical Instance count            0 
Sequential Instance Count        367 
Combinational Instance Count    2424 
Hierarchical Instance Count        0 

Area
----
Cell Area                          9760.680
Physical Cell Area                 0.000
Total Cell Area (Cell+Physical)    9760.680
Net Area                           3475.301
Total Area (Cell+Physical+Net)     13235.981

Max Fanout                         367 (clk_i)
Min Fanout                         0 (n_82)
Average Fanout                     2.3
Terms to net ratio                 3.4059
Terms to instance ratio            3.6378
Runtime                            81.45004200000001 seconds
Elapsed Runtime                    82 seconds
Genus peak memory usage            1743.34 
Innovus peak memory usage          no_value 
Hostname                           localhost
