============================================================
  Generated by:           Genus(TM) Synthesis Solution 21.19-s055_1
  Generated on:           Nov 30 2025  05:38:48 pm
  Module:                 biriscv_divider
  Operating conditions:   PVT_0P9V_125C 
  Operating conditions:   PVT_1P32V_0C 
  Interconnect mode:      global
  Area mode:              physical library
============================================================


Path 1: VIOLATED (-157 ps) Setup Check with Pin op_b_abs_r_reg[6]/CK->D
          Group: clk_i
     Startpoint: (F) opcode_ra_operand_i[14]
          Clock: (R) clk_i
       Endpoint: (R) op_b_abs_r_reg[6]/D
          Clock: (R) clk_i

                     Capture       Launch     
        Clock Edge:+    2220            0     
        Drv Adjust:+       0            0     
       Src Latency:+       0            0     
       Net Latency:+     100 (I)      100 (I) 
           Arrival:=    2320          100     
                                              
             Setup:-     151                  
       Uncertainty:-      50                  
     Required Time:=    2119                  
      Launch Clock:-     100                  
       Input Delay:-     300                  
         Data Path:-    1876                  
             Slack:=    -157                  

Exceptions/Constraints:
  input_delay             300             biriscv_divider.sdc_line_30_99_1 

#------------------------------------------------------------------------------------------------
#      Timing Point       Flags   Arc   Edge   Cell     Fanout Load Trans Delay Arrival Instance 
#                                                              (fF)  (ps)  (ps)   (ps)  Location 
#------------------------------------------------------------------------------------------------
  opcode_ra_operand_i[14] -       -     F     (arrival)      2  5.3   252     0     400    (-,-) 
  g44274/Y                -       AN->Y F     NOR2BX2        1  3.6    69   211     611    (-,-) 
  g44068/Y                -       C->Y  F     OR4X6          1  3.6    81   296     907    (-,-) 
  g43844__5115/Y          -       D->Y  F     OR4X6          1  3.6    81   262    1168    (-,-) 
  g43667__6260/Y          -       B->Y  F     OR2X6          1  3.6    47   151    1319    (-,-) 
  g43513__5107/Y          -       B->Y  F     OR2X6          1  5.8    56   141    1460    (-,-) 
  g43254__7098/Y          -       A->Y  R     NOR4X8         1  6.1   150   180    1639    (-,-) 
  g43225__1881/Y          -       B->Y  F     NOR2X8         5 14.1    91   108    1747    (-,-) 
  fopt51/Y                -       A->Y  F     CLKBUFX16      2 13.0    46   117    1864    (-,-) 
  fopt50/Y                -       A->Y  R     CLKINVX16      3 19.8    44    49    1912    (-,-) 
  fopt44/Y                -       A->Y  F     CLKINVX16      3 18.8    51    50    1962    (-,-) 
  fopt43/Y                -       A->Y  R     CLKINVX20     16 37.2    60    62    2024    (-,-) 
  g42889__6417/Y          -       B1->Y F     AOI22X2        1  4.4   206   131    2155    (-,-) 
  g42702__1881/Y          -       B0->Y R     OAI2BB1X4      1  3.1    60   121    2276    (-,-) 
  op_b_abs_r_reg[6]/D     <<<     -     R     DFFRX4         1    -     -     0    2276    (-,-) 
#------------------------------------------------------------------------------------------------

