============================================================
  Generated by:           Genus(TM) Synthesis Solution 21.19-s055_1
  Generated on:           Nov 30 2025  05:38:48 pm
  Module:                 biriscv_divider
  Operating conditions:   PVT_0P9V_125C 
  Operating conditions:   PVT_1P32V_0C 
  Interconnect mode:      global
  Area mode:              physical library
============================================================

                                               Library 
   Gate     Instances    Area       Library     Domain 
-------------------------------------------------------
ADDHX1             30   112.860    slow_vdd1v0   worst 
ADDHX4              4    28.728    slow_vdd1v0   worst 
AND2X1             49    67.032    slow_vdd1v0   worst 
AND2X2              3     5.130    slow_vdd1v0   worst 
AND2X4             15    41.040    slow_vdd1v0   worst 
AND2X6             10    37.620    slow_vdd1v0   worst 
AND3XL              1     2.052    slow_vdd1v0   worst 
AO21X1             16    38.304    slow_vdd1v0   worst 
AO21X2              6    16.416    slow_vdd1v0   worst 
AO21X4              1     3.420    slow_vdd1v0   worst 
AO22X1             27    73.872    slow_vdd1v0   worst 
AO22X4             33   124.146    slow_vdd1v0   worst 
AOI211X2            2     6.840    slow_vdd1v0   worst 
AOI211X4            3    19.494    slow_vdd1v0   worst 
AOI21X1            10    17.100    slow_vdd1v0   worst 
AOI21X2            35    95.760    slow_vdd1v0   worst 
AOI21X4            30   153.900    slow_vdd1v0   worst 
AOI221X2            1     4.446    slow_vdd1v0   worst 
AOI221X4            6    47.196    slow_vdd1v0   worst 
AOI222X1            1     3.078    slow_vdd1v0   worst 
AOI222X2           27   147.744    slow_vdd1v0   worst 
AOI222X4            1     9.576    slow_vdd1v0   worst 
AOI22X1            37    75.924    slow_vdd1v0   worst 
AOI22X2           180   677.160    slow_vdd1v0   worst 
AOI22X4            29   178.524    slow_vdd1v0   worst 
AOI2BB1X1           4     8.208    slow_vdd1v0   worst 
AOI2BB1X2          18    55.404    slow_vdd1v0   worst 
AOI2BB1X4          20    82.080    slow_vdd1v0   worst 
AOI2BB2X4           1     7.524    slow_vdd1v0   worst 
AOI31X2             2     6.840    slow_vdd1v0   worst 
BUFX12              1     5.130    slow_vdd1v0   worst 
BUFX3               1     2.052    slow_vdd1v0   worst 
BUFX6               8    24.624    slow_vdd1v0   worst 
BUFX8              33   124.146    slow_vdd1v0   worst 
CLKAND2X12          8    60.192    slow_vdd1v0   worst 
CLKAND2X2          26    53.352    slow_vdd1v0   worst 
CLKAND2X3          22    67.716    slow_vdd1v0   worst 
CLKAND2X4           4    13.680    slow_vdd1v0   worst 
CLKAND2X6          26   124.488    slow_vdd1v0   worst 
CLKAND2X8           7    40.698    slow_vdd1v0   worst 
CLKBUFX16           2    13.680    slow_vdd1v0   worst 
CLKINVX12          11    45.144    slow_vdd1v0   worst 
CLKINVX16          10    54.720    slow_vdd1v0   worst 
CLKINVX2            1     1.368    slow_vdd1v0   worst 
CLKINVX20           7    45.486    slow_vdd1v0   worst 
CLKINVX3            2     3.420    slow_vdd1v0   worst 
CLKINVX4           42    71.820    slow_vdd1v0   worst 
CLKINVX6           14    33.516    slow_vdd1v0   worst 
CLKINVX8            6    18.468    slow_vdd1v0   worst 
CLKMX2X2           19    58.482    slow_vdd1v0   worst 
CLKMX2X3           69   283.176    slow_vdd1v0   worst 
CLKXOR2X1          16    43.776    slow_vdd1v0   worst 
DFFRHQX1          155   954.180    slow_vdd1v0   worst 
DFFRHQX2           36   283.176    slow_vdd1v0   worst 
DFFRHQX4           55   526.680    slow_vdd1v0   worst 
DFFRHQX8            2    22.572    slow_vdd1v0   worst 
DFFRX1             16   109.440    slow_vdd1v0   worst 
DFFRX2             74   556.776    slow_vdd1v0   worst 
DFFRX4             29   277.704    slow_vdd1v0   worst 
INVX1              91    62.244    slow_vdd1v0   worst 
INVX12              1     4.104    slow_vdd1v0   worst 
INVX2              60    61.560    slow_vdd1v0   worst 
INVX3              40    54.720    slow_vdd1v0   worst 
INVX4               1     1.710    slow_vdd1v0   worst 
INVX8               1     3.078    slow_vdd1v0   worst 
INVXL               1     0.684    slow_vdd1v0   worst 
MX2X1              49   117.306    slow_vdd1v0   worst 
MXI2X8              1     6.156    slow_vdd1v0   worst 
NAND2BX1           13    17.784    slow_vdd1v0   worst 
NAND2BX2           23    55.062    slow_vdd1v0   worst 
NAND2BX4            9    33.858    slow_vdd1v0   worst 
NAND2X1            40    41.040    slow_vdd1v0   worst 
NAND2X2            61   104.310    slow_vdd1v0   worst 
NAND2X4            35   119.700    slow_vdd1v0   worst 
NAND2X6            13    62.244    slow_vdd1v0   worst 
NAND2X8             7    38.304    slow_vdd1v0   worst 
NAND3X2             1     2.736    slow_vdd1v0   worst 
NAND3X4             2     9.576    slow_vdd1v0   worst 
NAND3X6             1     7.182    slow_vdd1v0   worst 
NOR2BX1            60    82.080    slow_vdd1v0   worst 
NOR2BX2            25    68.400    slow_vdd1v0   worst 
NOR2BX4            17    63.954    slow_vdd1v0   worst 
NOR2BXL             2     3.420    slow_vdd1v0   worst 
NOR2X1             55    56.430    slow_vdd1v0   worst 
NOR2X2             77   131.670    slow_vdd1v0   worst 
NOR2X4            115   353.970    slow_vdd1v0   worst 
NOR2X6             53   217.512    slow_vdd1v0   worst 
NOR2X8              9    49.248    slow_vdd1v0   worst 
NOR2XL              2     2.052    slow_vdd1v0   worst 
NOR3X1              3     5.130    slow_vdd1v0   worst 
NOR3X2              2     5.472    slow_vdd1v0   worst 
NOR3X4              1     5.130    slow_vdd1v0   worst 
NOR3X6              1     7.182    slow_vdd1v0   worst 
NOR4BBX2            1     5.130    slow_vdd1v0   worst 
NOR4X2              2     6.840    slow_vdd1v0   worst 
NOR4X8              1    10.602    slow_vdd1v0   worst 
OA21X1             47    96.444    slow_vdd1v0   worst 
OA21X4             18    67.716    slow_vdd1v0   worst 
OA22X1              8    19.152    slow_vdd1v0   worst 
OAI211X2            1     4.104    slow_vdd1v0   worst 
OAI211X4            1     6.498    slow_vdd1v0   worst 
OAI21X1             4     6.840    slow_vdd1v0   worst 
OAI21X2            27    83.106    slow_vdd1v0   worst 
OAI21X4            37   177.156    slow_vdd1v0   worst 
OAI221X4            1     7.866    slow_vdd1v0   worst 
OAI22X1            24    49.248    slow_vdd1v0   worst 
OAI22X2            18    61.560    slow_vdd1v0   worst 
OAI22XL             1     2.052    slow_vdd1v0   worst 
OAI2BB1X1          63   107.730    slow_vdd1v0   worst 
OAI2BB1X2          60   184.680    slow_vdd1v0   worst 
OAI2BB1X4          80   355.680    slow_vdd1v0   worst 
OAI31X2             2     7.524    slow_vdd1v0   worst 
OAI31X4            18   123.120    slow_vdd1v0   worst 
OR2X1              41    56.088    slow_vdd1v0   worst 
OR2X2               7    11.970    slow_vdd1v0   worst 
OR2X4               4    10.944    slow_vdd1v0   worst 
OR2X6              11    41.382    slow_vdd1v0   worst 
OR3X1               7    14.364    slow_vdd1v0   worst 
OR3X6               2     9.576    slow_vdd1v0   worst 
OR4X1              15    30.780    slow_vdd1v0   worst 
OR4X4               1     3.762    slow_vdd1v0   worst 
OR4X6               2    10.944    slow_vdd1v0   worst 
XNOR2X1           111   265.734    slow_vdd1v0   worst 
-------------------------------------------------------
total            2791  9760.680                


                                         
     Type      Instances   Area   Area % 
-----------------------------------------
sequential           367 2730.528   28.0 
inverter             288  462.042    4.7 
buffer                45  169.632    1.7 
logic               2091 6398.478   65.6 
physical_cells         0    0.000    0.0 
-----------------------------------------
total               2791 9760.680  100.0 

