============================================================
  Generated by:           Genus(TM) Synthesis Solution 21.19-s055_1
  Generated on:           Oct 26 2025  11:44:46 am
  Module:                 biriscv_multiplier
  Operating conditions:   PVT_0P9V_125C 
  Operating conditions:   PVT_1P32V_0C 
  Interconnect mode:      global
  Area mode:              physical library
============================================================


Path 1: MET (0 ps) Late External Delay Assertion at pin writeback_value_o[31]
          Group: clk_i
     Startpoint: (F) opcode_ra_operand_i[9]
          Clock: (R) clk_i
       Endpoint: (R) writeback_value_o[31]
          Clock: (R) clk_i

                     Capture       Launch     
        Clock Edge:+    6060            0     
        Drv Adjust:+       0            0     
       Src Latency:+       0            0     
       Net Latency:+     100 (I)      100 (I) 
           Arrival:=    6160          100     
                                              
      Output Delay:-     300                  
       Uncertainty:-      50                  
     Required Time:=    5810                  
      Launch Clock:-     100                  
       Input Delay:-     300                  
         Data Path:-    5410                  
             Slack:=       0                  

Exceptions/Constraints:
  input_delay              300             biriscv_multiplier.s_line_30_56_1 
  output_delay             300             biriscv_multiplier.s_line_35      

#---------------------------------------------------------------------------------------------------------------------
#                Timing Point                 Flags   Arc   Edge    Cell     Fanout Load Trans Delay Arrival Instance 
#                                                                                   (fF)  (ps)  (ps)   (ps)  Location 
#---------------------------------------------------------------------------------------------------------------------
  opcode_ra_operand_i[9]                      -       -     F     (arrival)      12 26.9   252     0     400    (-,-) 
  minus_116_291_g914/Y                        -       A->Y  R     NOR2X4          1  3.9    94   168     568    (-,-) 
  minus_116_291_g902/Y                        -       A->Y  R     CLKAND2X6       5 10.1    54   144     712    (-,-) 
  minus_116_291_g965/Y                        -       AN->Y R     NOR2BX2         1  4.4   132   171     883    (-,-) 
  minus_116_291_g861/Y                        -       A->Y  R     CLKAND2X12     15 35.3    86   190    1073    (-,-) 
  minus_116_291_g836/Y                        -       B->Y  R     CLKAND2X2       1  3.3    51   138    1211    (-,-) 
  minus_116_291_g954/Y                        -       S0->Y F     MXI2X6         15 27.6   140   297    1508    (-,-) 
  g53984/Y                                    -       A->Y  R     INVX2           2  5.2    81   110    1618    (-,-) 
  g53719/Y                                    -       A1->Y R     OA22X4          1  4.5    66   240    1858    (-,-) 
  g52221__7482/Y                              -       B0->Y F     OAI21X4         1  3.7   106   106    1964    (-,-) 
  WALLACE_CSA_DUMMY_OP_groupi_cdnfadd_022_3/S -       A->S  R     ADDFX1          1  3.5   101   347    2311    (-,-) 
  WALLACE_CSA_DUMMY_OP_groupi_cdnfadd_022_5/S -       CI->S F     ADDFX1          1  4.0   126   347    2658    (-,-) 
  WALLACE_CSA_DUMMY_OP_groupi_cdnfadd_022_7/S -       B->S  R     ADDFHXL         1  3.7   116   340    2997    (-,-) 
  WALLACE_CSA_DUMMY_OP_groupi_cdnfadd_022_8/S -       CI->S F     ADDFHX1         2  4.9   145   337    3334    (-,-) 
  WALLACE_CSA_DUMMY_OP_groupi_g2894/Y         -       B->Y  F     OR2X4           4 12.2   114   237    3572    (-,-) 
  WALLACE_CSA_DUMMY_OP_groupi_g2883/Y         -       A0->Y R     AOI21X4         1  5.3    97   127    3698    (-,-) 
  WALLACE_CSA_DUMMY_OP_groupi_g2881/Y         -       B->Y  F     NOR2X6          1  5.8    57    72    3771    (-,-) 
  WALLACE_CSA_DUMMY_OP_groupi_g2812/Y         -       B->Y  R     NOR3X8          4 10.6   139   132    3902    (-,-) 
  WALLACE_CSA_DUMMY_OP_groupi_g2763/Y         -       C->Y  F     NOR3X6          1  3.6    63    89    3992    (-,-) 
  WALLACE_CSA_DUMMY_OP_groupi_g2741/Y         -       B->Y  F     OR3X6           2  7.7    80   232    4224    (-,-) 
  WALLACE_CSA_DUMMY_OP_groupi_g2704/Y         -       B->Y  R     NAND2X8         2  6.4    65    56    4280    (-,-) 
  WALLACE_CSA_DUMMY_OP_groupi_g2683/Y         -       A1->Y F     OAI21X4         2  7.7   161   133    4412    (-,-) 
  WALLACE_CSA_DUMMY_OP_groupi_g2636/Y         -       B->Y  R     NAND2X6         1  3.9    54    90    4502    (-,-) 
  WALLACE_CSA_DUMMY_OP_groupi_g2628/Y         -       A->Y  R     CLKAND2X6       5 13.4    65   131    4633    (-,-) 
  WALLACE_CSA_DUMMY_OP_groupi_g2626/Y         -       C->Y  F     NOR3X8          1  5.8    56    56    4689    (-,-) 
  WALLACE_CSA_DUMMY_OP_groupi_g2623/Y         -       B->Y  R     NOR2X8          4 13.2   101    85    4774    (-,-) 
  WALLACE_CSA_DUMMY_OP_groupi_g2618/Y         -       B->Y  F     NOR2X4          1  5.8    65    83    4856    (-,-) 
  WALLACE_CSA_DUMMY_OP_groupi_g2610/Y         -       B->Y  R     NOR2X8          3 10.2    86    79    4936    (-,-) 
  WALLACE_CSA_DUMMY_OP_groupi_g2596/Y         -       A1->Y F     OAI21X4         2  6.6   145   135    5070    (-,-) 
  WALLACE_CSA_DUMMY_OP_groupi_g2583/Y         -       A1->Y R     AOI21X4         2  6.4   109   141    5211    (-,-) 
  WALLACE_CSA_DUMMY_OP_groupi_g2574/Y         -       A1->Y F     OAI21X4         1  3.4   107   122    5333    (-,-) 
  WALLACE_CSA_DUMMY_OP_groupi_g54072/S        -       B->S  R     ADDHX2          1  4.5    80   219    5553    (-,-) 
  g25718/Y                                    -       B0->Y F     AOI2BB2X4       1  7.2   171   127    5680    (-,-) 
  g25712/Y                                    -       A->Y  R     CLKINVX12       1 47.9   120   130    5809    (-,-) 
  writeback_value_o[31]                       <<<     -     R     (port)          -    -     -     0    5810    (-,-) 
#---------------------------------------------------------------------------------------------------------------------

