============================================================
  Generated by:           Genus(TM) Synthesis Solution 21.19-s055_1
  Generated on:           Oct 29 2025  09:37:32 am
  Module:                 biriscv_multiplier
  Operating conditions:   PVT_0P9V_125C 
  Operating conditions:   PVT_1P32V_0C 
  Interconnect mode:      global
  Area mode:              physical library
============================================================

                                              Library 
   Gate    Instances    Area       Library     Domain 
------------------------------------------------------
ADDFX1           666  3416.580    fast_vdd1v2    best 
ADDHX1            15    56.430    fast_vdd1v2    best 
AND2X1             9    12.312    fast_vdd1v2    best 
AND2X2            11    18.810    fast_vdd1v2    best 
AND2X4            11    30.096    fast_vdd1v2    best 
AND3X2            22    60.192    fast_vdd1v2    best 
AND3X4             3     9.234    fast_vdd1v2    best 
AND3X6             3    13.338    fast_vdd1v2    best 
AND4X1             2     4.788    fast_vdd1v2    best 
AO21X1             2     4.788    fast_vdd1v2    best 
AO21X4             1     3.420    fast_vdd1v2    best 
AOI21X1           19    32.490    fast_vdd1v2    best 
AOI221X1          13    31.122    fast_vdd1v2    best 
AOI222X1         443  1363.554    fast_vdd1v2    best 
AOI22X1           20    41.040    fast_vdd1v2    best 
AOI2BB1X1          1     2.052    fast_vdd1v2    best 
AOI2BB1X4          1     4.104    fast_vdd1v2    best 
AOI2BB2X1          1     3.420    fast_vdd1v2    best 
AOI2BB2X2          1     5.130    fast_vdd1v2    best 
AOI31X1            2     4.104    fast_vdd1v2    best 
BUFX2            130   222.300    fast_vdd1v2    best 
BUFX3             11    22.572    fast_vdd1v2    best 
BUFX6              1     3.078    fast_vdd1v2    best 
CLKAND2X2         15    30.780    fast_vdd1v2    best 
CLKAND2X3          5    15.390    fast_vdd1v2    best 
CLKAND2X6          2     9.576    fast_vdd1v2    best 
CLKAND2X8          1     5.814    fast_vdd1v2    best 
CLKBUFX2           2     3.420    fast_vdd1v2    best 
CLKINVX12         10    41.040    fast_vdd1v2    best 
CLKINVX16          1     5.472    fast_vdd1v2    best 
CLKINVX4          24    41.040    fast_vdd1v2    best 
CLKINVX6          12    28.728    fast_vdd1v2    best 
CLKINVX8           7    21.546    fast_vdd1v2    best 
CLKMX2X2           2     6.156    fast_vdd1v2    best 
CLKMX2X3           1     4.104    fast_vdd1v2    best 
CLKXOR2X1         14    38.304    fast_vdd1v2    best 
INVX1            154   105.336    fast_vdd1v2    best 
INVX2             47    48.222    fast_vdd1v2    best 
INVX3              3     4.104    fast_vdd1v2    best 
MX2X1             31    74.214    fast_vdd1v2    best 
MXI2X4             1     5.130    fast_vdd1v2    best 
MXI2X8             2    12.312    fast_vdd1v2    best 
NAND2BX1          16    21.888    fast_vdd1v2    best 
NAND2BX2           2     4.788    fast_vdd1v2    best 
NAND2BX4          14    52.668    fast_vdd1v2    best 
NAND2X1           71    72.846    fast_vdd1v2    best 
NAND2X2            1     1.710    fast_vdd1v2    best 
NAND2X4            1     3.420    fast_vdd1v2    best 
NAND2X6            3    14.364    fast_vdd1v2    best 
NAND2X8            1     5.472    fast_vdd1v2    best 
NAND4BX1           2     4.788    fast_vdd1v2    best 
NOR2BX1           25    34.200    fast_vdd1v2    best 
NOR2BX2            3     8.208    fast_vdd1v2    best 
NOR2BX4            2     7.524    fast_vdd1v2    best 
NOR2X1            56    57.456    fast_vdd1v2    best 
NOR2X2             6    10.260    fast_vdd1v2    best 
NOR2X4            17    52.326    fast_vdd1v2    best 
NOR2X6             4    16.416    fast_vdd1v2    best 
NOR3X1            12    20.520    fast_vdd1v2    best 
OA21X1             3     6.156    fast_vdd1v2    best 
OAI211X1           5     8.550    fast_vdd1v2    best 
OAI21X1            9    15.390    fast_vdd1v2    best 
OAI221X1          17    40.698    fast_vdd1v2    best 
OAI222X1          35    95.760    fast_vdd1v2    best 
OAI2BB1X1        491   839.610    fast_vdd1v2    best 
OAI2BB1X2          5    15.390    fast_vdd1v2    best 
OAI2BB1X4          7    31.122    fast_vdd1v2    best 
OR2X1             19    25.992    fast_vdd1v2    best 
OR2X4              1     2.736    fast_vdd1v2    best 
OR2X6              1     3.762    fast_vdd1v2    best 
OR2X8              1     4.446    fast_vdd1v2    best 
OR3X1              3     6.156    fast_vdd1v2    best 
OR3X2              1     2.394    fast_vdd1v2    best 
OR4X1              2     4.104    fast_vdd1v2    best 
XNOR2X1           59   141.246    fast_vdd1v2    best 
XNOR2X2           10    30.780    fast_vdd1v2    best 
XNOR2X4            1     3.762    fast_vdd1v2    best 
XOR2X4            26   106.704    fast_vdd1v2    best 
------------------------------------------------------
total           2654  7639.254                


                                         
     Type      Instances   Area   Area % 
-----------------------------------------
inverter             258  295.488    3.9 
buffer               144  251.370    3.3 
logic               2252 7092.396   92.8 
physical_cells         0    0.000    0.0 
-----------------------------------------
total               2654 7639.254  100.0 

