============================================================
  Generated by:           Genus(TM) Synthesis Solution 21.19-s055_1
  Generated on:           Nov 30 2025  12:17:42 pm
  Module:                 biriscv_divider
  Operating conditions:   PVT_0P9V_125C 
  Operating conditions:   PVT_1P32V_0C 
  Interconnect mode:      global
  Area mode:              physical library
============================================================


Path 1: MET (859 ps) Setup Check with Pin dividend_q_reg[14]/CK->D
          Group: clk_i
     Startpoint: (R) dividend_q_reg[0]/CK
          Clock: (R) clk_i
       Endpoint: (R) dividend_q_reg[14]/D
          Clock: (R) clk_i

                     Capture       Launch     
        Clock Edge:+    3330            0     
       Src Latency:+       0            0     
       Net Latency:+     100 (I)      100 (I) 
           Arrival:=    3430          100     
                                              
             Setup:-      18                  
       Uncertainty:-      50                  
     Required Time:=    3362                  
      Launch Clock:-     100                  
         Data Path:-    2403                  
             Slack:=     859                  

#--------------------------------------------------------------------------------------------------
#      Timing Point        Flags    Arc   Edge   Cell     Fanout Load Trans Delay Arrival Instance 
#                                                                (fF)  (ps)  (ps)   (ps)  Location 
#--------------------------------------------------------------------------------------------------
  dividend_q_reg[0]/CK     -       -      R     (arrival)    263    -     0     0     100    (-,-) 
  dividend_q_reg[0]/Q      -       CK->Q  R     DFFRHQX1       5 10.5    60    72     172    (-,-) 
  lte_157_19_g1342__8428/Y -       B->Y   F     NOR2BX1        2  5.0    39    31     203    (-,-) 
  lte_157_19_g1325__1881/Y -       A1N->Y F     OAI2BB1X1      1  3.2    40    34     237    (-,-) 
  lte_157_19_g1324__6131/Y -       B0->Y  F     OA21X1         1  3.4    21    28     265    (-,-) 
  lte_157_19_g1323__7098/Y -       A1->Y  R     OAI22X1        1  3.4    54    35     300    (-,-) 
  lte_157_19_g1322__8246/Y -       A1->Y  F     AOI22X1        1  3.4    55    44     344    (-,-) 
  lte_157_19_g1321__5122/Y -       A1->Y  R     OAI22X1        1  3.4    60    43     387    (-,-) 
  lte_157_19_g1320__1705/Y -       A1->Y  F     AOI22X1        1  3.4    56    45     432    (-,-) 
  lte_157_19_g1319__2802/Y -       A1->Y  R     OAI22X1        1  3.4    60    43     475    (-,-) 
  lte_157_19_g1318__1617/Y -       A1->Y  F     AOI22X1        1  3.4    56    45     520    (-,-) 
  lte_157_19_g1317__3680/Y -       A1->Y  R     OAI22X1        1  3.4    60    43     563    (-,-) 
  lte_157_19_g1316__6783/Y -       A1->Y  F     AOI22X1        1  3.4    56    45     608    (-,-) 
  lte_157_19_g1315__5526/Y -       A1->Y  R     OAI22X1        1  3.4    60    43     652    (-,-) 
  lte_157_19_g1314__8428/Y -       A1->Y  F     AOI22X1        1  3.4    56    45     697    (-,-) 
  lte_157_19_g1313__4319/Y -       A1->Y  R     OAI22X1        1  3.4    60    43     740    (-,-) 
  lte_157_19_g1312__6260/Y -       A1->Y  F     AOI22X1        1  3.4    56    45     785    (-,-) 
  lte_157_19_g1311__5107/Y -       A1->Y  R     OAI22X1        1  3.4    60    43     829    (-,-) 
  lte_157_19_g1310__2398/Y -       A1->Y  F     AOI22X1        1  3.4    56    45     874    (-,-) 
  lte_157_19_g1309__5477/Y -       A1->Y  R     OAI22X1        1  3.4    60    43     917    (-,-) 
  lte_157_19_g1308__6417/Y -       A1->Y  F     AOI22X1        1  3.4    56    45     962    (-,-) 
  lte_157_19_g1307__7410/Y -       A1->Y  R     OAI22X1        1  3.4    60    43    1005    (-,-) 
  lte_157_19_g1306__1666/Y -       A1->Y  F     AOI22X1        1  3.4    56    45    1050    (-,-) 
  lte_157_19_g1305__2346/Y -       A1->Y  R     OAI22X1        1  3.4    60    43    1094    (-,-) 
  lte_157_19_g1304__2883/Y -       A1->Y  F     AOI22X1        1  3.4    56    45    1139    (-,-) 
  lte_157_19_g1303__9945/Y -       A1->Y  R     OAI22X1        1  3.4    60    43    1182    (-,-) 
  lte_157_19_g1302__9315/Y -       A1->Y  F     AOI22X1        1  3.4    56    45    1227    (-,-) 
  lte_157_19_g1301__6161/Y -       A1->Y  R     OAI22X1        1  3.4    60    43    1271    (-,-) 
  lte_157_19_g1300__4733/Y -       A1->Y  F     AOI22X1        1  3.4    56    45    1316    (-,-) 
  lte_157_19_g1299__7482/Y -       A1->Y  R     OAI22X1        1  3.4    60    43    1359    (-,-) 
  lte_157_19_g1298__5115/Y -       A1->Y  F     AOI22X1        1  3.4    56    45    1404    (-,-) 
  lte_157_19_g1297__1881/Y -       A1->Y  R     OAI22X1        1  3.4    60    43    1447    (-,-) 
  lte_157_19_g1296__6131/Y -       A1->Y  F     AOI22X1        1  3.4    56    45    1492    (-,-) 
  lte_157_19_g1295__7098/Y -       A1->Y  R     OAI22X1        1  3.4    60    43    1536    (-,-) 
  lte_157_19_g1294__8246/Y -       A1->Y  F     AOI22X1        1  3.1    53    44    1579    (-,-) 
  lte_157_19_g1293__5122/Y -       D->Y   F     OR4X1          1  3.1    24    52    1632    (-,-) 
  lte_157_19_g1292__1705/Y -       D->Y   F     OR4X1          1  3.1    24    48    1680    (-,-) 
  lte_157_19_g1291__2802/Y -       D->Y   F     OR4X1          1  3.1    24    48    1727    (-,-) 
  lte_157_19_g1290__1617/Y -       D->Y   F     OR4X1          1  3.1    24    48    1775    (-,-) 
  lte_157_19_g1289__3680/Y -       D->Y   F     OR4X1          1  3.1    24    48    1823    (-,-) 
  lte_157_19_g1288__6783/Y -       D->Y   F     OR4X1          1  3.3    26    48    1871    (-,-) 
  lte_157_19_g1287__5526/Y -       D->Y   R     NOR4X1         1  3.4    84    51    1923    (-,-) 
  lte_157_19_g1286__8428/Y -       B->Y   F     NAND2BX1       1  3.3    48    43    1966    (-,-) 
  lte_157_19_g1285__4319/Y -       D->Y   R     NOR4X1         1  3.2    82    55    2021    (-,-) 
  g19106__1666/Y           -       B->Y   R     AND2X2        34 62.1   178   129    2150    (-,-) 
  g2__4733/Y               -       B->Y   F     NOR2BX4       33 60.6   117    81    2231    (-,-) 
  g18918/Y                 -       A->Y   R     INVX1          1  3.2    40    37    2268    (-,-) 
  g18701__4319/Y           -       A1->Y  R     AO21X2        32 63.2   180   129    2397    (-,-) 
  g18475__6417/Y           -       A1->Y  F     AOI22X1        1  3.4    75    76    2473    (-,-) 
  g18398__1617/Y           -       B0->Y  R     OAI2BB1X1      1  3.3    35    31    2503    (-,-) 
  dividend_q_reg[14]/D     <<<     -      R     DFFRHQX1       1    -     -     0    2503    (-,-) 
#--------------------------------------------------------------------------------------------------

