============================================================
  Generated by:           Genus(TM) Synthesis Solution 21.19-s055_1
  Generated on:           Oct 29 2025  09:37:32 am
  Module:                 biriscv_multiplier
  Operating conditions:   PVT_0P9V_125C 
  Operating conditions:   PVT_1P32V_0C 
  Interconnect mode:      global
  Area mode:              physical library
============================================================


Path 1: MET (55 ps) Late External Delay Assertion at pin writeback_value_o[30]
          Group: clk_i
     Startpoint: (R) opcode_ra_operand_i[2]
          Clock: (R) clk_i
       Endpoint: (R) writeback_value_o[30]
          Clock: (R) clk_i

                     Capture       Launch     
        Clock Edge:+    3330            0     
        Drv Adjust:+       0            0     
       Src Latency:+       0            0     
       Net Latency:+     100 (I)      100 (I) 
           Arrival:=    3430          100     
                                              
      Output Delay:-     300                  
       Uncertainty:-      50                  
     Required Time:=    3080                  
      Launch Clock:-     100                  
       Input Delay:-     300                  
         Data Path:-    2625                  
             Slack:=      55                  

Exceptions/Constraints:
  input_delay              300             biriscv_multiplier.s_line_30_63_1 
  output_delay             300             biriscv_multiplier.s_line_35_98_1 

#---------------------------------------------------------------------------------------------------------------------
#                Timing Point                 Flags    Arc   Edge   Cell     Fanout Load Trans Delay Arrival Instance 
#                                                                                   (fF)  (ps)  (ps)   (ps)  Location 
#---------------------------------------------------------------------------------------------------------------------
  opcode_ra_operand_i[2]                      -       -      R     (arrival)      1  9.0   264     0     400    (-,-) 
  g15186/Y                                    -       A->Y   F     CLKINVX12      2  7.1    38    30     430    (-,-) 
  g15185/Y                                    -       A->Y   R     CLKINVX4       2  6.7    16    13     443    (-,-) 
  minus_115_27_g1499/Y                        -       A->Y   F     CLKINVX4       2  6.5    13    11     454    (-,-) 
  minus_115_27_g1497/Y                        -       A->Y   R     CLKINVX4       2  8.0    14    12     466    (-,-) 
  minus_115_27_g1461/Y                        -       B->Y   F     NOR2X6         1  4.7    11     9     474    (-,-) 
  minus_115_27_g1459/Y                        -       B->Y   R     NAND2X4        2  6.0    14    10     485    (-,-) 
  minus_115_27_g1457/Y                        -       B->Y   F     NOR2X2         2  5.8    24    16     500    (-,-) 
  minus_115_27_g1453/Y                        -       B->Y   F     CLKAND2X3      2  5.5    14    25     525    (-,-) 
  minus_115_27_g1451/Y                        -       B->Y   F     CLKAND2X2      2  5.8    20    28     553    (-,-) 
  minus_115_27_g1449/Y                        -       B->Y   F     CLKAND2X3      2  6.8    17    26     579    (-,-) 
  minus_115_27_g1446/Y                        -       B->Y   R     XNOR2X1       16 29.2   163   114     693    (-,-) 
  g41517/Y                                    -       A1N->Y R     OAI2BB1X1      1  4.1    37    49     742    (-,-) 
  WALLACE_CSA_DUMMY_OP_groupi_cdnfadd_007_1/S -       A->S   F     ADDFX1         1  3.7    25    61     803    (-,-) 
  WALLACE_CSA_DUMMY_OP_groupi_g2858/CO        -       CI->CO F     ADDFX1         1  3.7    25    44     847    (-,-) 
  WALLACE_CSA_DUMMY_OP_groupi_g2857/CO        -       CI->CO F     ADDFX1         1  3.7    25    44     890    (-,-) 
  WALLACE_CSA_DUMMY_OP_groupi_g2856/CO        -       CI->CO F     ADDFX1         1  3.7    25    44     934    (-,-) 
  WALLACE_CSA_DUMMY_OP_groupi_g2855/CO        -       CI->CO F     ADDFX1         1  3.7    25    44     977    (-,-) 
  WALLACE_CSA_DUMMY_OP_groupi_g2854/CO        -       CI->CO F     ADDFX1         1  3.7    25    44    1021    (-,-) 
  WALLACE_CSA_DUMMY_OP_groupi_g2847/CO        -       CI->CO F     ADDFX1         1  3.7    25    44    1064    (-,-) 
  WALLACE_CSA_DUMMY_OP_groupi_g2846/CO        -       CI->CO F     ADDFX1         1  3.7    25    44    1108    (-,-) 
  WALLACE_CSA_DUMMY_OP_groupi_g2838/CO        -       CI->CO F     ADDFX1         1  3.7    25    44    1151    (-,-) 
  WALLACE_CSA_DUMMY_OP_groupi_g2786/CO        -       CI->CO F     ADDFX1         2  5.5    34    49    1200    (-,-) 
  WALLACE_CSA_DUMMY_OP_groupi_g2775/Y         -       B->Y   R     NAND2X1        2  5.4    38    27    1227    (-,-) 
  WALLACE_CSA_DUMMY_OP_groupi_g2751/Y         -       A1->Y  F     OAI221X1       1  3.7    74    54    1281    (-,-) 
  WALLACE_CSA_DUMMY_OP_groupi_g2724/CO        -       CI->CO F     ADDFX1         1  3.7    26    51    1332    (-,-) 
  WALLACE_CSA_DUMMY_OP_groupi_g2683/CO        -       CI->CO F     ADDFX1         2  5.5    34    49    1381    (-,-) 
  WALLACE_CSA_DUMMY_OP_groupi_g2673/Y         -       B->Y   R     NAND2X1        2  5.4    38    27    1408    (-,-) 
  WALLACE_CSA_DUMMY_OP_groupi_g2664/Y         -       A1->Y  F     OAI221X1       1  3.7    74    54    1462    (-,-) 
  WALLACE_CSA_DUMMY_OP_groupi_g2658/CO        -       CI->CO F     ADDFX1         1  3.7    26    51    1513    (-,-) 
  WALLACE_CSA_DUMMY_OP_groupi_g2655/CO        -       CI->CO F     ADDFX1         2  5.5    34    49    1561    (-,-) 
  WALLACE_CSA_DUMMY_OP_groupi_g2654/Y         -       B->Y   R     NAND2X1        2  5.4    38    27    1589    (-,-) 
  WALLACE_CSA_DUMMY_OP_groupi_g2651/Y         -       A1->Y  F     OAI221X1       2  5.3    94    66    1654    (-,-) 
  WALLACE_CSA_DUMMY_OP_groupi_g2878/Y         -       A1N->Y F     OAI2BB1X1      2  5.3    57    49    1703    (-,-) 
  WALLACE_CSA_DUMMY_OP_groupi_g2645/Y         -       A1N->Y F     OAI2BB1X1      3  7.2    75    56    1759    (-,-) 
  WALLACE_CSA_DUMMY_OP_groupi_g2644/Y         -       A->Y   F     AND2X1         2  5.2    30    34    1793    (-,-) 
  WALLACE_CSA_DUMMY_OP_groupi_g2640/Y         -       A1->Y  R     AOI21X1        1  3.4    50    32    1825    (-,-) 
  WALLACE_CSA_DUMMY_OP_groupi_g2636/Y         -       A1->Y  F     OAI21X1        1  3.2    46    34    1859    (-,-) 
  WALLACE_CSA_DUMMY_OP_groupi_g2634/Y         -       A1N->Y F     OAI2BB1X1      4  8.9    90    64    1923    (-,-) 
  WALLACE_CSA_DUMMY_OP_groupi_g2633/Y         -       D->Y   F     AND4X1         2  5.1    30    37    1960    (-,-) 
  WALLACE_CSA_DUMMY_OP_groupi_g2628/Y         -       A1N->Y F     OAI2BB1X1      4  8.9    94    62    2022    (-,-) 
  WALLACE_CSA_DUMMY_OP_groupi_g2623/Y         -       D->Y   R     NAND4BX1       1  3.4    40    35    2057    (-,-) 
  WALLACE_CSA_DUMMY_OP_groupi_g2619/Y         -       C0->Y  F     OAI211X1       3  7.4   116    78    2135    (-,-) 
  WALLACE_CSA_DUMMY_OP_groupi_g2613/Y         -       B->Y   R     NAND2X1        2  5.2    52    44    2179    (-,-) 
  WALLACE_CSA_DUMMY_OP_groupi_g2608/Y         -       D->Y   R     OR4X1          1  3.4    22    27    2206    (-,-) 
  WALLACE_CSA_DUMMY_OP_groupi_g2603/Y         -       C0->Y  F     OAI211X1       2  5.3    89    58    2263    (-,-) 
  WALLACE_CSA_DUMMY_OP_groupi_g2597/Y         -       A->Y   F     AND2X1         3  7.0    39    40    2303    (-,-) 
  WALLACE_CSA_DUMMY_OP_groupi_g2595/Y         -       D->Y   R     NAND4BX1       1  3.4    42    24    2327    (-,-) 
  WALLACE_CSA_DUMMY_OP_groupi_g2592/Y         -       C0->Y  F     OAI211X1       2  5.5    92    65    2392    (-,-) 
  WALLACE_CSA_DUMMY_OP_groupi_g2589/Y         -       B->Y   R     NAND2X1        3  7.1    58    44    2436    (-,-) 
  WALLACE_CSA_DUMMY_OP_groupi_g2586/Y         -       D->Y   R     OR4X1          1  3.4    22    27    2463    (-,-) 
  WALLACE_CSA_DUMMY_OP_groupi_g2583/Y         -       C0->Y  F     OAI211X1       2  5.5    92    59    2522    (-,-) 
  WALLACE_CSA_DUMMY_OP_groupi_g2579/Y         -       B->Y   R     NAND2X1        2  5.4    48    39    2562    (-,-) 
  WALLACE_CSA_DUMMY_OP_groupi_g2574/Y         -       A1->Y  F     OAI221X1       1  3.7    75    55    2617    (-,-) 
  WALLACE_CSA_DUMMY_OP_groupi_g2571/CO        -       CI->CO F     ADDFX1         1  3.7    26    51    2668    (-,-) 
  WALLACE_CSA_DUMMY_OP_groupi_g2570/CO        -       CI->CO F     ADDFX1         1  3.7    25    44    2712    (-,-) 
  WALLACE_CSA_DUMMY_OP_groupi_g2569/CO        -       CI->CO F     ADDFX1         1  3.7    25    44    2755    (-,-) 
  WALLACE_CSA_DUMMY_OP_groupi_g2568/CO        -       CI->CO F     ADDFX1         1  3.7    25    44    2799    (-,-) 
  WALLACE_CSA_DUMMY_OP_groupi_g2567/S         -       CI->S  R     ADDFX1         1  3.2    22    57    2856    (-,-) 
  g15802/Y                                    -       B->Y   R     MX2X1          1 47.9   267   169    3025    (-,-) 
  writeback_value_o[30]                       <<<     -      R     (port)         -    -     -     0    3025    (-,-) 
#---------------------------------------------------------------------------------------------------------------------

