============================================================
  Generated by:           Genus(TM) Synthesis Solution 21.19-s055_1
  Generated on:           Nov 30 2025  12:17:42 pm
  Module:                 biriscv_divider
  Operating conditions:   PVT_0P9V_125C 
  Operating conditions:   PVT_1P32V_0C 
  Interconnect mode:      global
  Area mode:              physical library
============================================================

                                              Library 
   Gate    Instances    Area       Library     Domain 
------------------------------------------------------
ADDFX1            30   153.900    fast_vdd1v2    best 
ADDHX1             4    15.048    fast_vdd1v2    best 
AND2X1            35    47.880    fast_vdd1v2    best 
AND2X2             4     6.840    fast_vdd1v2    best 
AND2X6             1     3.762    fast_vdd1v2    best 
AND3X2             1     2.736    fast_vdd1v2    best 
AO21X2             1     2.736    fast_vdd1v2    best 
AO21X4             1     3.420    fast_vdd1v2    best 
AO22X1            95   259.920    fast_vdd1v2    best 
AOI211XL           2     4.104    fast_vdd1v2    best 
AOI21X1           29    49.590    fast_vdd1v2    best 
AOI221X1           4     9.576    fast_vdd1v2    best 
AOI222X1           2     6.156    fast_vdd1v2    best 
AOI22X1          173   354.996    fast_vdd1v2    best 
BUFX2            220   376.200    fast_vdd1v2    best 
BUFX20             1     8.208    fast_vdd1v2    best 
BUFX3              1     2.052    fast_vdd1v2    best 
CLKBUFX2           1     1.710    fast_vdd1v2    best 
CLKINVX4           2     3.420    fast_vdd1v2    best 
CLKXOR2X1          4    10.944    fast_vdd1v2    best 
DFFRHQX1         214  1317.384    fast_vdd1v2    best 
DFFRX1            16   109.440    fast_vdd1v2    best 
DFFRX2            33   248.292    fast_vdd1v2    best 
INVX1             76    51.984    fast_vdd1v2    best 
INVX2             23    23.598    fast_vdd1v2    best 
INVXL              2     1.368    fast_vdd1v2    best 
MX2X1            135   323.190    fast_vdd1v2    best 
NAND2BX1          50    68.400    fast_vdd1v2    best 
NAND2X1           69    70.794    fast_vdd1v2    best 
NAND3BXL           1     1.710    fast_vdd1v2    best 
NAND4BBXL          2     6.156    fast_vdd1v2    best 
NAND4BX1           1     2.394    fast_vdd1v2    best 
NAND4XL            7    11.970    fast_vdd1v2    best 
NOR2BX1           26    35.568    fast_vdd1v2    best 
NOR2BX4            3    11.286    fast_vdd1v2    best 
NOR2X1            36    36.936    fast_vdd1v2    best 
NOR2X4             1     3.078    fast_vdd1v2    best 
NOR3BX1            1     2.052    fast_vdd1v2    best 
NOR4BBX1           1     2.736    fast_vdd1v2    best 
NOR4BX1            2     4.788    fast_vdd1v2    best 
NOR4X1            13    22.230    fast_vdd1v2    best 
OA21X1             1     2.052    fast_vdd1v2    best 
OAI211X1           9    15.390    fast_vdd1v2    best 
OAI221X1           6    14.364    fast_vdd1v2    best 
OAI222X1           3     8.208    fast_vdd1v2    best 
OAI22X1           16    32.832    fast_vdd1v2    best 
OAI2BB1X1         37    63.270    fast_vdd1v2    best 
OR4X1             23    47.196    fast_vdd1v2    best 
OR4X2              1     3.420    fast_vdd1v2    best 
XNOR2X1           59   141.246    fast_vdd1v2    best 
------------------------------------------------------
total           1478  4006.530                


                                         
     Type      Instances   Area   Area % 
-----------------------------------------
sequential           263 1675.116   41.8 
inverter             103   80.370    2.0 
buffer               223  388.170    9.7 
logic                889 1862.874   46.5 
physical_cells         0    0.000    0.0 
-----------------------------------------
total               1478 4006.530  100.0 

