============================================================
  Generated by:           Genus(TM) Synthesis Solution 21.19-s055_1
  Generated on:           Oct 29 2025  09:37:32 am
  Module:                 biriscv_multiplier
  Operating conditions:   PVT_0P9V_125C 
  Operating conditions:   PVT_1P32V_0C 
  Interconnect mode:      global
  Area mode:              physical library
============================================================

Timing
--------

Clock Period 
-------------
clk_i 3330.0 


  Cost    Critical         Violating 
 Group   Path Slack  TNS     Paths   
-------------------------------------
clk_i          54.6   0.0          0 
default    No paths   0.0            
-------------------------------------
Total                 0.0          0 

Instance Count
--------------
Leaf Instance Count             2654 
Physical Instance count            0 
Sequential Instance Count          0 
Combinational Instance Count    2654 
Hierarchical Instance Count        0 

Area
----
Cell Area                          7639.254
Physical Cell Area                 0.000
Total Cell Area (Cell+Physical)    7639.254
Net Area                           4283.620
Total Area (Cell+Physical+Net)     11922.874

Max Fanout                         34 (n_199)
Min Fanout                         1 (opcode_ra_operand_i[0])
Average Fanout                     2.4
Terms to net ratio                 3.4236
Terms to instance ratio            4.3704
Runtime                            112.767288 seconds
Elapsed Runtime                    113 seconds
Genus peak memory usage            2037.20 
Innovus peak memory usage          no_value 
Hostname                           localhost
