============================================================
  Generated by:           Genus(TM) Synthesis Solution 21.19-s055_1
  Generated on:           Oct 30 2025  09:07:47 am
  Module:                 biriscv_multiplier
  Operating conditions:   PVT_0P9V_125C 
  Operating conditions:   PVT_1P32V_0C 
  Interconnect mode:      global
  Area mode:              physical library
============================================================

Timing
--------

Clock Period 
-------------
clk_i 2000.0 


  Cost    Critical         Violating 
 Group   Path Slack  TNS     Paths   
-------------------------------------
clk_i          97.1   0.0          0 
default    No paths   0.0            
-------------------------------------
Total                 0.0          0 

Instance Count
--------------
Leaf Instance Count             2555 
Physical Instance count            0 
Sequential Instance Count         99 
Combinational Instance Count    2456 
Hierarchical Instance Count        0 

Area
----
Cell Area                          7237.746
Physical Cell Area                 0.000
Total Cell Area (Cell+Physical)    7237.746
Net Area                           3605.928
Total Area (Cell+Physical+Net)     10843.674

Max Fanout                         99 (n_46)
Min Fanout                         0 (n_2)
Average Fanout                     2.1
Terms to net ratio                 3.1485
Terms to instance ratio            3.9002
Runtime                            73.840471 seconds
Elapsed Runtime                    76 seconds
Genus peak memory usage            1764.30 
Innovus peak memory usage          no_value 
Hostname                           localhost
