============================================================
  Generated by:           Genus(TM) Synthesis Solution 21.19-s055_1
  Generated on:           Oct 30 2025  09:07:47 am
  Module:                 biriscv_multiplier
  Operating conditions:   PVT_0P9V_125C 
  Operating conditions:   PVT_1P32V_0C 
  Interconnect mode:      global
  Area mode:              physical library
============================================================

                                              Library 
   Gate    Instances    Area       Library     Domain 
------------------------------------------------------
ADDFHX2            2    16.416    fast_vdd1v2    best 
ADDFX1           491  2518.830    fast_vdd1v2    best 
ADDHX1            17    63.954    fast_vdd1v2    best 
AND2X1            28    38.304    fast_vdd1v2    best 
AND2X2             2     3.420    fast_vdd1v2    best 
AND3XL             1     2.052    fast_vdd1v2    best 
AND4X4             1     3.762    fast_vdd1v2    best 
AO21X1            11    26.334    fast_vdd1v2    best 
AO22X1            66   180.576    fast_vdd1v2    best 
AOI21X1           33    56.430    fast_vdd1v2    best 
AOI21X2            2     5.472    fast_vdd1v2    best 
AOI221X1           1     2.394    fast_vdd1v2    best 
AOI22X1           33    67.716    fast_vdd1v2    best 
AOI2BB1X1         10    20.520    fast_vdd1v2    best 
AOI2BB1X2          1     3.078    fast_vdd1v2    best 
AOI2BB2X1          1     3.420    fast_vdd1v2    best 
BUFX2            165   282.150    fast_vdd1v2    best 
BUFX3              1     2.052    fast_vdd1v2    best 
BUFX6              1     3.078    fast_vdd1v2    best 
CLKAND2X6          3    14.364    fast_vdd1v2    best 
CLKBUFX2           1     1.710    fast_vdd1v2    best 
CLKINVX4          12    20.520    fast_vdd1v2    best 
CLKINVX6           1     2.394    fast_vdd1v2    best 
CLKINVX8           1     3.078    fast_vdd1v2    best 
CLKXOR2X1          7    19.152    fast_vdd1v2    best 
DFFRHQX1          23   141.588    fast_vdd1v2    best 
DFFRHQX4          16   153.216    fast_vdd1v2    best 
DFFRX1             2    13.680    fast_vdd1v2    best 
DFFRX2            58   436.392    fast_vdd1v2    best 
INVX1             65    44.460    fast_vdd1v2    best 
INVX2              4     4.104    fast_vdd1v2    best 
INVX3              1     1.368    fast_vdd1v2    best 
INVXL              1     0.684    fast_vdd1v2    best 
NAND2BX1          24    32.832    fast_vdd1v2    best 
NAND2BX4          10    37.620    fast_vdd1v2    best 
NAND2X1           51    52.326    fast_vdd1v2    best 
NAND2X2            2     3.420    fast_vdd1v2    best 
NAND2X4            1     3.420    fast_vdd1v2    best 
NAND3BXL           3     5.130    fast_vdd1v2    best 
NAND3X1            3     5.130    fast_vdd1v2    best 
NAND4BX1           1     2.394    fast_vdd1v2    best 
NOR2BX1           39    53.352    fast_vdd1v2    best 
NOR2X1            95    97.470    fast_vdd1v2    best 
NOR2X2             7    11.970    fast_vdd1v2    best 
NOR2X4             4    12.312    fast_vdd1v2    best 
NOR3BX1            3     6.156    fast_vdd1v2    best 
NOR3X2             1     2.736    fast_vdd1v2    best 
NOR4BBX1           1     2.736    fast_vdd1v2    best 
NOR4BX1            2     4.788    fast_vdd1v2    best 
NOR4X1             1     1.710    fast_vdd1v2    best 
OA21X1             5    10.260    fast_vdd1v2    best 
OA22X1             8    19.152    fast_vdd1v2    best 
OAI211X1           3     5.130    fast_vdd1v2    best 
OAI21X1           12    20.520    fast_vdd1v2    best 
OAI22X1          510  1046.520    fast_vdd1v2    best 
OAI22X2            1     3.420    fast_vdd1v2    best 
OAI2BB1X1         44    75.240    fast_vdd1v2    best 
OAI2BB1X2          1     3.078    fast_vdd1v2    best 
OAI2BB2XL          1     3.762    fast_vdd1v2    best 
OR2X1             27    36.936    fast_vdd1v2    best 
OR2X2              3     5.130    fast_vdd1v2    best 
OR2X4              2     5.472    fast_vdd1v2    best 
OR2X8              1     4.446    fast_vdd1v2    best 
XNOR2X1          619  1481.886    fast_vdd1v2    best 
XNOR2X2            8    24.624    fast_vdd1v2    best 
------------------------------------------------------
total           2555  7237.746                


                                         
     Type      Instances   Area   Area % 
-----------------------------------------
sequential            99  744.876   10.3 
inverter              85   76.608    1.1 
buffer               168  288.990    4.0 
logic               2203 6127.272   84.7 
physical_cells         0    0.000    0.0 
-----------------------------------------
total               2555 7237.746  100.0 

