============================================================
  Generated by:           Genus(TM) Synthesis Solution 21.19-s055_1
  Generated on:           Oct 30 2025  09:07:47 am
  Module:                 biriscv_multiplier
  Operating conditions:   PVT_0P9V_125C 
  Operating conditions:   PVT_1P32V_0C 
  Interconnect mode:      global
  Area mode:              physical library
============================================================


Path 1: MET (97 ps) Setup Check with Pin result_e2_q_reg[23]/CK->D
          Group: clk_i
     Startpoint: (R) operand_b_e1_q_reg[7]/CK
          Clock: (R) clk_i
       Endpoint: (R) result_e2_q_reg[23]/D
          Clock: (R) clk_i

                     Capture       Launch     
        Clock Edge:+    2000            0     
       Src Latency:+       0            0     
       Net Latency:+     100 (I)      100 (I) 
           Arrival:=    2100          100     
                                              
             Setup:-      18                  
       Uncertainty:-      50                  
     Required Time:=    2032                  
      Launch Clock:-     100                  
         Data Path:-    1835                  
             Slack:=      97                  

#----------------------------------------------------------------------------------------------------------
#          Timing Point            Flags    Arc   Edge   Cell     Fanout Load Trans Delay Arrival Instance 
#                                                                        (fF)  (ps)  (ps)   (ps)  Location 
#----------------------------------------------------------------------------------------------------------
  operand_b_e1_q_reg[7]/CK         -       -      R     (arrival)     99    -     0     0     100    (-,-) 
  operand_b_e1_q_reg[7]/Q          -       CK->Q  R     DFFRHQX4      37 68.4   102   101     201    (-,-) 
  mul_123_68_g15137/Y              -       A->Y   F     CLKINVX4       3  7.3    27    23     224    (-,-) 
  mul_123_68_g15084/Y              -       B->Y   F     XNOR2X1        2  6.5    38    43     266    (-,-) 
  mul_123_68_g14409/Y              -       A->Y   F     OR2X2         33 64.9   186   131     398    (-,-) 
  mul_123_68_g14315/Y              -       A1->Y  R     OAI22X1        1  4.1    87    80     477    (-,-) 
  mul_123_68_cdnfadd_009_0__8246/S -       B->S   F     ADDFX1         1  4.0    27    70     547    (-,-) 
  mul_123_68_cdnfadd_009_2__6131/S -       A->S   R     ADDFX1         2  5.7    36    66     613    (-,-) 
  mul_123_68_g13765__6161/Y        -       B->Y   F     NOR2X2         3  6.9    29    21     634    (-,-) 
  mul_123_68_g13760/Y              -       A->Y   R     INVX1          1  3.2    24    19     653    (-,-) 
  mul_123_68_g13748__3680/Y        -       A0N->Y R     OAI2BB1X2      1  3.7    17    33     686    (-,-) 
  mul_123_68_g13737__6260/CO       -       CI->CO R     ADDFX1         1  3.7    25    39     725    (-,-) 
  mul_123_68_g13704__2398/CO       -       CI->CO R     ADDFX1         2  5.3    34    45     770    (-,-) 
  mul_123_68_g13696__9315/Y        -       B->Y   R     AND2X1         2  5.7    34    38     809    (-,-) 
  mul_123_68_g13688__8246/Y        -       A1->Y  F     AOI21X2        2  5.9    42    32     841    (-,-) 
  mul_123_68_g13677__3680/Y        -       B->Y   R     NOR2X2         1  5.0    36    27     868    (-,-) 
  mul_123_68_g13675__5526/Y        -       B->Y   F     NOR2X4         2  6.8    20    15     883    (-,-) 
  mul_123_68_g13631__2346/Y        -       B->Y   R     NOR2X4         1  5.0    22    15     898    (-,-) 
  mul_123_68_g13629__2883/Y        -       B->Y   F     NOR2X4         2  5.8    18    12     910    (-,-) 
  mul_123_68_g13616__1705/Y        -       B->Y   R     NOR2X2         1  3.9    31    20     930    (-,-) 
  mul_123_68_g13604__6783/Y        -       C->Y   F     NOR3X2         2  5.9    28    19     949    (-,-) 
  mul_123_68_g13571__7098/Y        -       B->Y   R     NOR2X2         2  6.7    42    29     978    (-,-) 
  mul_123_68_g13551__7410/Y        -       B->Y   F     NAND2X4        1  3.8    21    18     997    (-,-) 
  mul_123_68_g13550__1666/Y        -       B->Y   R     NAND2X2        1  4.0    19    14    1010    (-,-) 
  mul_123_68_g13505__6131/CO       -       CI->CO R     ADDFHX2        1  4.0    18    38    1048    (-,-) 
  mul_123_68_g13496__5526/CO       -       CI->CO R     ADDFHX2        2  6.0    23    40    1088    (-,-) 
  mul_123_68_g13494__4319/Y        -       B->Y   F     NAND2X2        2  5.4    35    25    1114    (-,-) 
  mul_123_68_g13489__6417/Y        -       A1->Y  R     OAI21X1        1  3.7    50    37    1151    (-,-) 
  mul_123_68_g13487__1666/CO       -       CI->CO R     ADDFX1         1  3.7    25    44    1195    (-,-) 
  mul_123_68_g13486__2346/CO       -       CI->CO R     ADDFX1         3  7.2    44    51    1246    (-,-) 
  mul_123_68_g13484__9945/Y        -       A1N->Y R     OAI2BB1X1      1  3.7    32    34    1280    (-,-) 
  mul_123_68_g13481__4733/CO       -       CI->CO R     ADDFX1         1  3.7    25    42    1321    (-,-) 
  mul_123_68_g13480__7482/CO       -       CI->CO R     ADDFX1         3  8.3    50    54    1376    (-,-) 
  mul_123_68_g13479/Y              -       A->Y   F     INVX3          3  7.2    23    19    1394    (-,-) 
  mul_123_68_g13474__8246/Y        -       A1N->Y F     AOI2BB1X1      4  9.1    61    48    1442    (-,-) 
  mul_123_68_g13473__5122/Y        -       B->Y   F     OR2X1          1  3.4    21    35    1478    (-,-) 
  mul_123_68_g13468__6783/Y        -       B->Y   R     NAND2X1        3  7.4    52    31    1508    (-,-) 
  mul_123_68_g13462__2398/Y        -       C->Y   F     NAND3X1        2  5.2    84    60    1568    (-,-) 
  mul_123_68_g13451__7482/Y        -       AN->Y  F     NAND3BXL       1  3.4    86    64    1632    (-,-) 
  mul_123_68_g13450__5115/Y        -       B->Y   R     NAND2X1        6 12.8    88    61    1692    (-,-) 
  mul_123_68_g13439__5526/Y        -       A1->Y  F     AOI21X1        3  7.4    90    69    1761    (-,-) 
  mul_123_68_g13432__6417/Y        -       A1->Y  R     OAI21X1        2  5.5    77    61    1822    (-,-) 
  mul_123_68_g13419__7098/Y        -       A1->Y  F     AOI21X1        1  3.5    52    46    1868    (-,-) 
  mul_123_68_g13415__2802/Y        -       B->Y   R     XNOR2X1        1  3.2    21    38    1906    (-,-) 
  g5906__5122/Y                    -       A1N->Y R     OAI2BB1X1      1  3.2    36    29    1935    (-,-) 
  result_e2_q_reg[23]/D            <<<     -      R     DFFRX2         1    -     -     0    1935    (-,-) 
#----------------------------------------------------------------------------------------------------------

