xrun(64): 23.09-s013: (c) Copyright 1995-2024 Cadence Design Systems, Inc.
TOOL:	xrun(64)	23.09-s013: Started on Oct 25, 2025 at 20:17:08 -03
xrun
	-v2001
	/home/ufsm00051/claudenir.alves/cra_arq/Arquivo/biriscv_multiplier/src/core/new_multiplier.v
	/home/ufsm00051/claudenir.alves/cra_arq/Arquivo/biriscv_multiplier/tb/new_multiplier_tb.sv
	-access +rwc
	-gui
	+define+CLA4x4
Recompiling... reason: file '/home/ufsm00051/claudenir.alves/cra_arq/Arquivo/biriscv_multiplier/src/core/new_multiplier.v' is newer than expected.
	expected: Sat Oct 25 17:00:44 2025
	actual:   Sat Oct 25 20:17:05 2025
file: /home/ufsm00051/claudenir.alves/cra_arq/Arquivo/biriscv_multiplier/src/core/new_multiplier.v
	module worklib.biriscv_multiplier:v
		errors: 0, warnings: 0
		Caching library 'worklib' ....... Done
	Elaborating the design hierarchy:
	Top level design units:
		new_multiplier_tb
	Building instance overlay tables: .................... Done
	Generating native compiled code:
		worklib.biriscv_multiplier:v <0x2ecf9057>
			streams:  15, words:  8384
	Building instance specific data structures.
	Loading native compiled code:     .................... Done
	Design hierarchy summary:
		              Instances  Unique
		Modules:              2       2
		Registers:           27      12
		Scalar wires:        52       -
		Vectored wires:      43       -
		Always blocks:       18       3
		Initial blocks:       1       1
		Cont. assignments:   84      16
		Pseudo assignments:   8       -
	Writing initial simulation snapshot: worklib.new_multiplier_tb:sv
xmsim: *W,NOMTDGUI: Multi-Threaded Dumping is disabled for interactive debug mode.

-------------------------------------
Relinquished control to SimVision...
xcelium> 
xcelium> source /home/tools/cadence/installs/XCELIUM2309/tools/xcelium/files/xmsimrc
xcelium> database -open waves -into waves.shm -default
Created default SHM database waves
xcelium> probe -create -shm new_multiplier_tb.DUV.Add_L1_s new_multiplier_tb.DUV.Add_L2_s new_multiplier_tb.DUV.Add_L3_s new_multiplier_tb.DUV.clk_i new_multiplier_tb.DUV.ext_A_s new_multiplier_tb.DUV.ext_B_s new_multiplier_tb.DUV.final_result_s new_multiplier_tb.DUV.funct3_s new_multiplier_tb.DUV.hold_i new_multiplier_tb.DUV.op_a_neg1_s new_multiplier_tb.DUV.op_a_neg2_s new_multiplier_tb.DUV.op_a_plus1_s new_multiplier_tb.DUV.op_a_plus2_s new_multiplier_tb.DUV.opcode_opcode_i new_multiplier_tb.DUV.opcode_ra_operand_i new_multiplier_tb.DUV.opcode_rb_operand_i new_multiplier_tb.DUV.opcode_valid_i new_multiplier_tb.DUV.operand_a_33b_s new_multiplier_tb.DUV.operand_b_33b_s new_multiplier_tb.DUV.pp_scaled_s new_multiplier_tb.DUV.rst_i new_multiplier_tb.DUV.upper_s new_multiplier_tb.DUV.writeback_value_o
Created probe 1
xcelium> run {100 ns}

+-------------+------------+------------+
| Instruction |  Expected  |   Answer   |
+-------------+------------+------------+
| MUL         | 0x00010002 | 0x00010002 |
Simulation complete via $finish(1) at time 20 NS + 0
/home/ufsm00051/claudenir.alves/cra_arq/Arquivo/biriscv_multiplier/tb/new_multiplier_tb.sv:41         $finish;
xcelium> ^C
xcelium> exit
...Regained control from SimVision
-------------------------------------
TOOL:	xrun(64)	23.09-s013: Exiting on Oct 25, 2025 at 20:18:01 -03  (total: 00:00:53)
