xrun: 23.03-s005: (c) Copyright 1995-2023 Cadence Design Systems, Inc.
TOOL:	xrun	23.03-s005: Started on Nov 30, 2025 at 18:37:19 -03
xrun
	-v2001
	/home/schultz/Documents/ARQIII_RiscV_Work/src/core/new_multiplier.v
	/home/schultz/Documents/ARQIII_RiscV_Work/tb/new_multiplier_tb.sv
	-access +rwc
	+define+CLA4x4
Recompiling... reason: file '/home/schultz/Documents/ARQIII_RiscV_Work/src/core/new_multiplier.v' is newer than expected.
	expected: Sun Nov 30 18:24:17 2025
	actual:   Sun Nov 30 18:36:34 2025
		Caching library 'worklib' ....... Done
	Elaborating the design hierarchy:
	Top level design units:
		new_multiplier_tb
	Building instance overlay tables: .................... Done
	Building instance specific data structures.
	Loading native compiled code:     .................... Done
	Design hierarchy summary:
		              Instances  Unique
		Modules:              2       2
		Registers:           36      21
		Scalar wires:        52       -
		Vectored wires:      43       -
		Always blocks:       20       5
		Initial blocks:       1       1
		Cont. assignments:   84      16
		Pseudo assignments:   8       -
	Writing initial simulation snapshot: worklib.new_multiplier_tb:sv
Loading snapshot worklib.new_multiplier_tb:sv .................... Done
xcelium> source /home/tools/cadence/installs/XCELIUM2303/tools/xcelium/files/xmsimrc
xcelium> run

+-------------+------------+------------+
| Instruction |  Expected  |   Answer   |
+-------------+------------+------------+
| MUL         | 0x80010002 | 0x80010002 |
| MULH        | 0x3fff7ffe | 0x3fff7ffe |
| MULHSU      | 0xbfff7fff | 0x3fff7ffe |
| MULHU       | 0x40008001 | 0xc0008000 |
+-------------+------------+------------+

Simulation complete via $finish(1) at time 180 NS + 0
/home/schultz/Documents/ARQIII_RiscV_Work/tb/new_multiplier_tb.sv:89         $finish;
xcelium> exit
TOOL:	xrun	23.03-s005: Exiting on Nov 30, 2025 at 18:37:19 -03  (total: 00:00:00)
