============================================================
  Generated by:           Genus(TM) Synthesis Solution 21.19-s055_1
  Generated on:           Nov 30 2025  04:42:28 pm
  Module:                 biriscv_divider
  Operating conditions:   PVT_0P9V_125C 
  Operating conditions:   PVT_1P32V_0C 
  Interconnect mode:      global
  Area mode:              physical library
============================================================

Timing
--------

Clock Period 
-------------
clk_i 2860.0 


  Cost    Critical             Violating 
 Group   Path Slack    TNS       Paths   
-----------------------------------------
clk_i        -196.4   -1461.0         37 
default    No paths       0.0            
-----------------------------------------
Total                 -1461.0         37 

Instance Count
--------------
Leaf Instance Count             2508 
Physical Instance count            0 
Sequential Instance Count        302 
Combinational Instance Count    2206 
Hierarchical Instance Count        0 

Area
----
Cell Area                          7772.634
Physical Cell Area                 0.000
Total Cell Area (Cell+Physical)    7772.634
Net Area                           3128.823
Total Area (Cell+Physical+Net)     10901.457

Max Fanout                         302 (clk_i)
Min Fanout                         0 (n_37)
Average Fanout                     2.4
Terms to net ratio                 3.4521
Terms to instance ratio            3.6200
Runtime                            71.11916199999997 seconds
Elapsed Runtime                    71 seconds
Genus peak memory usage            1735.37 
Innovus peak memory usage          no_value 
Hostname                           localhost
