============================================================
  Generated by:           Genus(TM) Synthesis Solution 21.19-s055_1
  Generated on:           Nov 30 2025  04:42:28 pm
  Module:                 biriscv_divider
  Operating conditions:   PVT_0P9V_125C 
  Operating conditions:   PVT_1P32V_0C 
  Interconnect mode:      global
  Area mode:              physical library
============================================================

                                               Library 
   Gate     Instances    Area       Library     Domain 
-------------------------------------------------------
ADDHX1             11    41.382    slow_vdd1v0   worst 
ADDHX2              3    15.390    slow_vdd1v0   worst 
ADDHX4              1     7.182    slow_vdd1v0   worst 
AND2X1            109   149.112    slow_vdd1v0   worst 
AND2X2              7    11.970    slow_vdd1v0   worst 
AND2X4              1     2.736    slow_vdd1v0   worst 
AND2X6              3    11.286    slow_vdd1v0   worst 
AND3X1              2     4.788    slow_vdd1v0   worst 
AND3X6              1     4.446    slow_vdd1v0   worst 
AND3XL              2     4.104    slow_vdd1v0   worst 
AO21X1             14    33.516    slow_vdd1v0   worst 
AO21X4              1     3.420    slow_vdd1v0   worst 
AO22X1             40   109.440    slow_vdd1v0   worst 
AO22X4             32   120.384    slow_vdd1v0   worst 
AOI211X2            7    23.940    slow_vdd1v0   worst 
AOI21X1            47    80.370    slow_vdd1v0   worst 
AOI21X2            20    54.720    slow_vdd1v0   worst 
AOI21X4            29   148.770    slow_vdd1v0   worst 
AOI221X2            8    35.568    slow_vdd1v0   worst 
AOI221X4            1     7.866    slow_vdd1v0   worst 
AOI222X2           26   142.272    slow_vdd1v0   worst 
AOI222X4            2    19.152    slow_vdd1v0   worst 
AOI22X1           126   258.552    slow_vdd1v0   worst 
AOI22X2            32   120.384    slow_vdd1v0   worst 
AOI2BB1X1           8    16.416    slow_vdd1v0   worst 
AOI2BB1X2           3     9.234    slow_vdd1v0   worst 
AOI2BB1X4           5    20.520    slow_vdd1v0   worst 
AOI2BB2X2           1     5.130    slow_vdd1v0   worst 
AOI2BB2X4           8    60.192    slow_vdd1v0   worst 
AOI31X2             2     6.840    slow_vdd1v0   worst 
AOI32X2             5    22.230    slow_vdd1v0   worst 
AOI32X4             1     7.866    slow_vdd1v0   worst 
BUFX12              1     5.130    slow_vdd1v0   worst 
BUFX2               3     5.130    slow_vdd1v0   worst 
BUFX3               5    10.260    slow_vdd1v0   worst 
BUFX6              19    58.482    slow_vdd1v0   worst 
BUFX8              33   124.146    slow_vdd1v0   worst 
CLKAND2X12          6    45.144    slow_vdd1v0   worst 
CLKAND2X2          27    55.404    slow_vdd1v0   worst 
CLKAND2X3           9    27.702    slow_vdd1v0   worst 
CLKAND2X4           2     6.840    slow_vdd1v0   worst 
CLKAND2X6          36   172.368    slow_vdd1v0   worst 
CLKAND2X8           5    29.070    slow_vdd1v0   worst 
CLKBUFX16           4    27.360    slow_vdd1v0   worst 
CLKBUFX2            2     3.420    slow_vdd1v0   worst 
CLKBUFX20           2    16.416    slow_vdd1v0   worst 
CLKBUFX4            1     2.394    slow_vdd1v0   worst 
CLKBUFX6            1     3.078    slow_vdd1v0   worst 
CLKINVX12           8    32.832    slow_vdd1v0   worst 
CLKINVX16           9    49.248    slow_vdd1v0   worst 
CLKINVX2            8    10.944    slow_vdd1v0   worst 
CLKINVX20           2    12.996    slow_vdd1v0   worst 
CLKINVX3            2     3.420    slow_vdd1v0   worst 
CLKINVX4           37    63.270    slow_vdd1v0   worst 
CLKINVX6            8    19.152    slow_vdd1v0   worst 
CLKINVX8            2     6.156    slow_vdd1v0   worst 
CLKMX2X2           11    33.858    slow_vdd1v0   worst 
CLKMX2X3          120   492.480    slow_vdd1v0   worst 
CLKXOR2X1          27    73.872    slow_vdd1v0   worst 
CLKXOR2X2           2     6.840    slow_vdd1v0   worst 
DFFRHQX1          209  1286.604    slow_vdd1v0   worst 
DFFRHQX2           14   110.124    slow_vdd1v0   worst 
DFFRHQX4           12   114.912    slow_vdd1v0   worst 
DFFRX1              6    41.040    slow_vdd1v0   worst 
DFFRX2             58   436.392    slow_vdd1v0   worst 
DFFRX4              1     9.576    slow_vdd1v0   worst 
DFFRXL              2    17.100    slow_vdd1v0   worst 
INVX1              91    62.244    slow_vdd1v0   worst 
INVX16              1     5.472    slow_vdd1v0   worst 
INVX2              25    25.650    slow_vdd1v0   worst 
INVX20              1     6.498    slow_vdd1v0   worst 
INVX3              19    25.992    slow_vdd1v0   worst 
INVX6               2     4.788    slow_vdd1v0   worst 
INVXL               1     0.684    slow_vdd1v0   worst 
MX2X1              39    93.366    slow_vdd1v0   worst 
MX3X1               1     5.130    slow_vdd1v0   worst 
MXI2X2              2     8.892    slow_vdd1v0   worst 
MXI2X6              1     5.130    slow_vdd1v0   worst 
NAND2BX1           27    36.936    slow_vdd1v0   worst 
NAND2BX2           23    55.062    slow_vdd1v0   worst 
NAND2BX4           13    48.906    slow_vdd1v0   worst 
NAND2X1            60    61.560    slow_vdd1v0   worst 
NAND2X2            41    70.110    slow_vdd1v0   worst 
NAND2X4            27    92.340    slow_vdd1v0   worst 
NAND2X6             5    23.940    slow_vdd1v0   worst 
NAND2X8             6    32.832    slow_vdd1v0   worst 
NAND3X2             7    19.152    slow_vdd1v0   worst 
NAND3X4             2     9.576    slow_vdd1v0   worst 
NOR2BX1            42    57.456    slow_vdd1v0   worst 
NOR2BX2            33    90.288    slow_vdd1v0   worst 
NOR2BX4             8    30.096    slow_vdd1v0   worst 
NOR2X1             38    38.988    slow_vdd1v0   worst 
NOR2X2             62   106.020    slow_vdd1v0   worst 
NOR2X4             45   138.510    slow_vdd1v0   worst 
NOR2X6             32   131.328    slow_vdd1v0   worst 
NOR2X8             13    71.136    slow_vdd1v0   worst 
NOR3BX2             1     3.420    slow_vdd1v0   worst 
NOR3BX4             2    11.628    slow_vdd1v0   worst 
NOR3X1              3     5.130    slow_vdd1v0   worst 
NOR3X2              2     5.472    slow_vdd1v0   worst 
NOR3X4              2    10.260    slow_vdd1v0   worst 
NOR3X6              2    14.364    slow_vdd1v0   worst 
NOR4X4              6    38.988    slow_vdd1v0   worst 
NOR4X6              2    16.416    slow_vdd1v0   worst 
OA21X1             34    69.768    slow_vdd1v0   worst 
OA21X4              1     3.762    slow_vdd1v0   worst 
OA22X1             10    23.940    slow_vdd1v0   worst 
OAI211X4            2    12.996    slow_vdd1v0   worst 
OAI21X1            42    71.820    slow_vdd1v0   worst 
OAI21X2            10    30.780    slow_vdd1v0   worst 
OAI21X4            23   110.124    slow_vdd1v0   worst 
OAI21XL             2     3.420    slow_vdd1v0   worst 
OAI221X4            3    23.598    slow_vdd1v0   worst 
OAI22X1            44    90.288    slow_vdd1v0   worst 
OAI22X2             8    27.360    slow_vdd1v0   worst 
OAI22X4             1     6.498    slow_vdd1v0   worst 
OAI2BB1X1         101   172.710    slow_vdd1v0   worst 
OAI2BB1X2           9    27.702    slow_vdd1v0   worst 
OAI2BB1X4          30   133.380    slow_vdd1v0   worst 
OAI31X2             1     3.762    slow_vdd1v0   worst 
OAI32X4             1     8.208    slow_vdd1v0   worst 
OR2X1              80   109.440    slow_vdd1v0   worst 
OR2X2               4     6.840    slow_vdd1v0   worst 
OR2X4               3     8.208    slow_vdd1v0   worst 
OR2X6               6    22.572    slow_vdd1v0   worst 
OR3X1              16    32.832    slow_vdd1v0   worst 
OR3X2               1     2.394    slow_vdd1v0   worst 
OR3X4               3     9.234    slow_vdd1v0   worst 
OR4X1              21    43.092    slow_vdd1v0   worst 
OR4X6               1     5.472    slow_vdd1v0   worst 
XNOR2X1           100   239.400    slow_vdd1v0   worst 
XNOR2X2            12    36.936    slow_vdd1v0   worst 
-------------------------------------------------------
total            2508  7772.634                


                                         
     Type      Instances   Area   Area % 
-----------------------------------------
sequential           302 2015.748   25.9 
inverter             216  329.346    4.2 
buffer                71  255.816    3.3 
logic               1919 5171.724   66.5 
physical_cells         0    0.000    0.0 
-----------------------------------------
total               2508 7772.634  100.0 

