============================================================
  Generated by:           Genus(TM) Synthesis Solution 21.19-s055_1
  Generated on:           Nov 30 2025  04:42:27 pm
  Module:                 biriscv_divider
  Operating conditions:   PVT_0P9V_125C 
  Operating conditions:   PVT_1P32V_0C 
  Interconnect mode:      global
  Area mode:              physical library
============================================================


Path 1: VIOLATED (-196 ps) Setup Check with Pin saved_shift_amt_q_reg[0]/CK->D
          Group: clk_i
     Startpoint: (F) opcode_ra_operand_i[2]
          Clock: (R) clk_i
       Endpoint: (R) saved_shift_amt_q_reg[0]/D
          Clock: (R) clk_i

                     Capture       Launch     
        Clock Edge:+    2860            0     
        Drv Adjust:+       0            0     
       Src Latency:+       0            0     
       Net Latency:+     100 (I)      100 (I) 
           Arrival:=    2960          100     
                                              
             Setup:-     156                  
       Uncertainty:-      50                  
     Required Time:=    2754                  
      Launch Clock:-     100                  
       Input Delay:-     300                  
         Data Path:-    2550                  
             Slack:=    -196                  

Exceptions/Constraints:
  input_delay             300             biriscv_divider.sdc_line_30_111_1 

#-----------------------------------------------------------------------------------------------------
#       Timing Point         Flags    Arc   Edge    Cell     Fanout Load Trans Delay Arrival Instance 
#                                                                   (fF)  (ps)  (ps)   (ps)  Location 
#-----------------------------------------------------------------------------------------------------
  opcode_ra_operand_i[2]     -       -      F     (arrival)       6 13.9   252     0     400    (-,-) 
  minus_83_26_g1471/Y        -       A->Y   R     NOR2X4          1  3.9    94   168     568    (-,-) 
  minus_83_26_g1435/Y        -       A->Y   R     CLKAND2X6       4 11.1    57   146     714    (-,-) 
  minus_83_26_g1428/Y        -       B->Y   R     CLKAND2X6       1  4.4    34   106     820    (-,-) 
  minus_83_26_g1422/Y        -       B->Y   R     CLKAND2X12     11 23.0    65   123     943    (-,-) 
  minus_83_26_g1421/Y        -       A->Y   F     CLKINVX8        6 16.4    75    70    1014    (-,-) 
  minus_83_26_g1398/Y        -       B->Y   R     NOR2X2          1  3.3   114    99    1113    (-,-) 
  minus_83_26_g1369/Y        -       B->Y   F     XNOR2X2         1  4.4    86   220    1333    (-,-) 
  g41029/Y                   -       A1->Y  R     AOI21X4         2  5.8   103   110    1443    (-,-) 
  g41687/CO                  -       A->CO  R     ADDHX4          1  4.5    62   215    1658    (-,-) 
  g40572__1617/Y             -       A->Y   F     NAND2X4         1  4.3   101   101    1759    (-,-) 
  g40500__9945/Y             -       B->Y   R     NOR2X4          1  3.9    76    89    1848    (-,-) 
  g40366__2346/Y             -       A->Y   R     CLKAND2X6       2  9.5    51   134    1982    (-,-) 
  g40329/Y                   -       A->Y   F     CLKINVX12       6 17.9    60    57    2038    (-,-) 
  g40277__9315/Y             -       A1->Y  R     OAI21X4         2  7.0   114   101    2140    (-,-) 
  g40110__3680/Y             -       A->Y   R     CLKAND2X6       4 13.8    66   160    2300    (-,-) 
  g40065__7482/Y             -       B->Y   F     NOR2X8          2  5.8    47    54    2354    (-,-) 
  g39882__6783/Y             -       A1N->Y F     OAI2BB1X4       1  4.3   105   138    2492    (-,-) 
  g39630__1881/Y             -       C->Y   R     NOR3X4          1  3.3   109   109    2601    (-,-) 
  g39609__8246/Y             -       A1N->Y R     AOI2BB1X4       1  7.8   116   179    2780    (-,-) 
  g39607/Y                   -       A->Y   F     CLKINVX12       6 19.1    75    86    2866    (-,-) 
  g39599__4319/Y             -       A1->Y  R     OAI21X4         1  3.1    78    84    2950    (-,-) 
  saved_shift_amt_q_reg[0]/D <<<     -      R     DFFRX2          1    -     -     0    2950    (-,-) 
#-----------------------------------------------------------------------------------------------------

