============================================================
  Generated by:           Genus(TM) Synthesis Solution 21.19-s055_1
  Generated on:           Oct 29 2025  11:44:15 pm
  Module:                 biriscv_multiplier
  Operating conditions:   PVT_0P9V_125C 
  Operating conditions:   PVT_1P32V_0C 
  Interconnect mode:      global
  Area mode:              physical library
============================================================


Path 1: MET (327 ps) Late External Delay Assertion at pin writeback_value_o[31]
          Group: clk_i
     Startpoint: (R) Add_L2_s_p2_r_reg[1][9]/CK
          Clock: (R) clk_i
       Endpoint: (R) writeback_value_o[31]
          Clock: (R) clk_i

                     Capture       Launch     
        Clock Edge:+    5990            0     
       Src Latency:+       0            0     
       Net Latency:+     100 (I)      100 (I) 
           Arrival:=    6090          100     
                                              
      Output Delay:-     300                  
       Uncertainty:-      50                  
     Required Time:=    5740                  
      Launch Clock:-     100                  
         Data Path:-    5313                  
             Slack:=     327                  

Exceptions/Constraints:
  output_delay             300             biriscv_multiplier.s_line_35 

#--------------------------------------------------------------------------------------------------------------
#            Timing Point              Flags    Arc   Edge   Cell     Fanout Load Trans Delay Arrival Instance 
#                                                                            (fF)  (ps)  (ps)   (ps)  Location 
#--------------------------------------------------------------------------------------------------------------
  Add_L2_s_p2_r_reg[1][9]/CK           -       -      R     (arrival)    994    -     0     0     100    (-,-) 
  Add_L2_s_p2_r_reg[1][9]/Q            -       CK->Q  F     DFFHQX1        3  7.8   205   296     396    (-,-) 
  WALLACE_CSA_DUMMY_OP_groupi_g3518/Y  -       A->Y   F     CLKAND2X2      2  6.8   104   227     622    (-,-) 
  WALLACE_CSA_DUMMY_OP_groupi_g3501/Y  -       A->Y   R     NOR2X6         2  6.4    75   102     725    (-,-) 
  WALLACE_CSA_DUMMY_OP_groupi_g3498/Y  -       B->Y   F     NOR2X4         1  4.3    71    64     789    (-,-) 
  WALLACE_CSA_DUMMY_OP_groupi_g3491/Y  -       B->Y   R     NOR2X4         2  6.4   101    91     880    (-,-) 
  WALLACE_CSA_DUMMY_OP_groupi_g3464/Y  -       A1->Y  F     OAI21X4        2  5.0   129   130    1010    (-,-) 
  WALLACE_CSA_DUMMY_OP_groupi_g3546/Y  -       AN->Y  F     NOR2BX2        1  4.3    93   157    1168    (-,-) 
  WALLACE_CSA_DUMMY_OP_groupi_g3457/Y  -       B->Y   R     NOR2X4         2  6.4   101   101    1268    (-,-) 
  WALLACE_CSA_DUMMY_OP_groupi_g3302/Y  -       B->Y   F     NOR2X4         1  4.3    71    77    1346    (-,-) 
  WALLACE_CSA_DUMMY_OP_groupi_g3300/Y  -       B->Y   R     NOR2X4         2  5.0    86    82    1428    (-,-) 
  WALLACE_CSA_DUMMY_OP_groupi_g3539/Y  -       A1->Y  R     OA21X2         2  6.4   100   239    1667    (-,-) 
  WALLACE_CSA_DUMMY_OP_groupi_g3260/Y  -       A1->Y  F     OAI21X4        2  6.5   149   141    1808    (-,-) 
  WALLACE_CSA_DUMMY_OP_groupi_g3257/Y  -       A->Y   R     CLKINVX4       3  8.2    72   100    1908    (-,-) 
  WALLACE_CSA_DUMMY_OP_groupi_g3253/Y  -       A1->Y  F     OAI21X4        3  8.1   169   139    2048    (-,-) 
  WALLACE_CSA_DUMMY_OP_groupi_g3249/Y  -       A1->Y  R     AOI21X4        2  6.4   125   152    2200    (-,-) 
  WALLACE_CSA_DUMMY_OP_groupi_g3245/Y  -       A1->Y  F     OAI21X4        1  3.9   116   134    2334    (-,-) 
  WALLACE_CSA_DUMMY_OP_groupi_g3242/CO -       CI->CO F     ADDFHX4        3  8.1   106   261    2595    (-,-) 
  WALLACE_CSA_DUMMY_OP_groupi_g3240/Y  -       A1->Y  R     AOI21X4        2  5.0   111   114    2709    (-,-) 
  WALLACE_CSA_DUMMY_OP_groupi_g2/Y     -       A1->Y  R     OA21X2         2  6.4    98   252    2961    (-,-) 
  WALLACE_CSA_DUMMY_OP_groupi_g3233/Y  -       A1->Y  F     OAI21X4        3  8.1   172   153    3114    (-,-) 
  WALLACE_CSA_DUMMY_OP_groupi_g3231/Y  -       A1->Y  R     AOI21X4        2  6.4   125   153    3267    (-,-) 
  WALLACE_CSA_DUMMY_OP_groupi_g3228/Y  -       A1->Y  F     OAI21X4        2  6.3   148   152    3420    (-,-) 
  WALLACE_CSA_DUMMY_OP_groupi_g3225/Y  -       A1->Y  R     AOI21X4        4  9.2   143   159    3579    (-,-) 
  WALLACE_CSA_DUMMY_OP_groupi_g3219/Y  -       A1N->Y R     AOI2BB1X4      2  6.4    98   188    3767    (-,-) 
  WALLACE_CSA_DUMMY_OP_groupi_g3217/Y  -       B->Y   F     NOR2X4         1  5.1    65    79    3845    (-,-) 
  WALLACE_CSA_DUMMY_OP_groupi_g3212/Y  -       B->Y   R     NOR2X6         2  6.4    76    74    3919    (-,-) 
  WALLACE_CSA_DUMMY_OP_groupi_g3205/Y  -       B->Y   F     NOR2X4         1  5.1    65    68    3987    (-,-) 
  WALLACE_CSA_DUMMY_OP_groupi_g3198/Y  -       B->Y   R     NOR2X6         5 12.4   118    98    4086    (-,-) 
  WALLACE_CSA_DUMMY_OP_groupi_g3188/Y  -       A1->Y  F     OAI21X4        4  9.3   185   172    4258    (-,-) 
  WALLACE_CSA_DUMMY_OP_groupi_g3187/Y  -       A->Y   R     INVX3          1  4.5    64   115    4372    (-,-) 
  WALLACE_CSA_DUMMY_OP_groupi_g3182/Y  -       A1->Y  F     OAI21X4        3  8.1   173   136    4508    (-,-) 
  WALLACE_CSA_DUMMY_OP_groupi_g3165/Y  -       A2->Y  R     AOI31X4        2  5.6   121   155    4662    (-,-) 
  WALLACE_CSA_DUMMY_OP_groupi_g3160/Y  -       A1->Y  F     OAI21X2        1  3.3   148   154    4817    (-,-) 
  WALLACE_CSA_DUMMY_OP_groupi_g3156/Y  -       B->Y   R     CLKXOR2X1      1  3.2    85   211    5028    (-,-) 
  g42480__6131/Y                       -       B->Y   R     CLKMX2X6       1 47.9   226   384    5412    (-,-) 
  writeback_value_o[31]                <<<     -      R     (port)         -    -     -     0    5413    (-,-) 
#--------------------------------------------------------------------------------------------------------------

