============================================================
  Generated by:           Genus(TM) Synthesis Solution 21.19-s055_1
  Generated on:           Oct 29 2025  11:44:15 pm
  Module:                 biriscv_multiplier
  Operating conditions:   PVT_0P9V_125C 
  Operating conditions:   PVT_1P32V_0C 
  Interconnect mode:      global
  Area mode:              physical library
============================================================

Timing
--------

Clock Period 
-------------
clk_i 5990.0 


  Cost    Critical         Violating 
 Group   Path Slack  TNS     Paths   
-------------------------------------
clk_i         327.1   0.0          0 
default    No paths   0.0            
-------------------------------------
Total                 0.0          0 

Instance Count
--------------
Leaf Instance Count             6435 
Physical Instance count            0 
Sequential Instance Count        994 
Combinational Instance Count    5441 
Hierarchical Instance Count        0 

Area
----
Cell Area                          17611.974
Physical Cell Area                 0.000
Total Cell Area (Cell+Physical)    17611.974
Net Area                           8262.330
Total Area (Cell+Physical+Net)     25874.304

Max Fanout                         994 (clk_i)
Min Fanout                         1 (Add_L2_s[0][2])
Average Fanout                     2.4
Terms to net ratio                 3.3857
Terms to instance ratio            3.6724
Runtime                            178.430066 seconds
Elapsed Runtime                    183 seconds
Genus peak memory usage            1978.41 
Innovus peak memory usage          no_value 
Hostname                           localhost
