============================================================
  Generated by:           Genus(TM) Synthesis Solution 21.19-s055_1
  Generated on:           Oct 29 2025  11:44:15 pm
  Module:                 biriscv_multiplier
  Operating conditions:   PVT_0P9V_125C 
  Operating conditions:   PVT_1P32V_0C 
  Interconnect mode:      global
  Area mode:              physical library
============================================================

                                               Library 
   Gate    Instances    Area        Library     Domain 
-------------------------------------------------------
ADDFHX4            1      9.576    slow_vdd1v0   worst 
ADDFX1           465   2385.450    slow_vdd1v0   worst 
ADDHX1            18     67.716    slow_vdd1v0   worst 
AND2X1           267    365.256    slow_vdd1v0   worst 
AND2X2            17     29.070    slow_vdd1v0   worst 
AND2X4            13     35.568    slow_vdd1v0   worst 
AND2X6            19     71.478    slow_vdd1v0   worst 
AND2X8             1      4.446    slow_vdd1v0   worst 
AND3X1             5     11.970    slow_vdd1v0   worst 
AND3X4             1      3.078    slow_vdd1v0   worst 
AND3X6             4     17.784    slow_vdd1v0   worst 
AND3XL             8     16.416    slow_vdd1v0   worst 
AND4X1             1      2.394    slow_vdd1v0   worst 
AND4X4             1      3.762    slow_vdd1v0   worst 
AO21X1           115    275.310    slow_vdd1v0   worst 
AOI211X4           1      6.498    slow_vdd1v0   worst 
AOI21X1           95    162.450    slow_vdd1v0   worst 
AOI21X2           10     27.360    slow_vdd1v0   worst 
AOI21X4           11     56.430    slow_vdd1v0   worst 
AOI221X4           3     23.598    slow_vdd1v0   worst 
AOI22X1          557   1142.964    slow_vdd1v0   worst 
AOI2BB1X1          5     10.260    slow_vdd1v0   worst 
AOI2BB1X4          2      8.208    slow_vdd1v0   worst 
AOI31X2            3     10.260    slow_vdd1v0   worst 
AOI31X4            1      6.498    slow_vdd1v0   worst 
BUFX12             1      5.130    slow_vdd1v0   worst 
BUFX16             3     20.520    slow_vdd1v0   worst 
BUFX2              1      1.710    slow_vdd1v0   worst 
BUFX20             1      8.208    slow_vdd1v0   worst 
BUFX8              2      7.524    slow_vdd1v0   worst 
CLKAND2X2          3      6.156    slow_vdd1v0   worst 
CLKAND2X3          4     12.312    slow_vdd1v0   worst 
CLKAND2X6          1      4.788    slow_vdd1v0   worst 
CLKBUFX2          17     29.070    slow_vdd1v0   worst 
CLKBUFX20          1      8.208    slow_vdd1v0   worst 
CLKINVX12          4     16.416    slow_vdd1v0   worst 
CLKINVX16          5     27.360    slow_vdd1v0   worst 
CLKINVX4          15     25.650    slow_vdd1v0   worst 
CLKINVX8           1      3.078    slow_vdd1v0   worst 
CLKMX2X6          32    142.272    slow_vdd1v0   worst 
CLKXOR2X1         18     49.248    slow_vdd1v0   worst 
CLKXOR2X2          2      6.840    slow_vdd1v0   worst 
DFFHQX1          911   4984.992    slow_vdd1v0   worst 
DFFHQX2            4     27.360    slow_vdd1v0   worst 
DFFQX2             4     25.992    slow_vdd1v0   worst 
DFFTRX1            1      8.208    slow_vdd1v0   worst 
DFFTRX2           73    599.184    slow_vdd1v0   worst 
DFFTRXL            1      7.866    slow_vdd1v0   worst 
INVX1            172    117.648    slow_vdd1v0   worst 
INVX2             10     10.260    slow_vdd1v0   worst 
INVX3             89    121.752    slow_vdd1v0   worst 
INVX8              1      3.078    slow_vdd1v0   worst 
MX2X1             75    179.550    slow_vdd1v0   worst 
MXI2X1           132    361.152    slow_vdd1v0   worst 
NAND2BX1         104    142.272    slow_vdd1v0   worst 
NAND2BX2           7     16.758    slow_vdd1v0   worst 
NAND2X1          136    139.536    slow_vdd1v0   worst 
NAND2X2           85    145.350    slow_vdd1v0   worst 
NAND2X4            5     17.100    slow_vdd1v0   worst 
NAND2X6            3     14.364    slow_vdd1v0   worst 
NAND3X2            6     16.416    slow_vdd1v0   worst 
NAND3X4            1      4.788    slow_vdd1v0   worst 
NOR2BX1          181    247.608    slow_vdd1v0   worst 
NOR2BX2            5     13.680    slow_vdd1v0   worst 
NOR2X1           202    207.252    slow_vdd1v0   worst 
NOR2X2            87    148.770    slow_vdd1v0   worst 
NOR2X4            27     83.106    slow_vdd1v0   worst 
NOR2X6             7     28.728    slow_vdd1v0   worst 
NOR2X8             6     32.832    slow_vdd1v0   worst 
NOR3BX2            1      3.420    slow_vdd1v0   worst 
NOR3BX4            1      5.814    slow_vdd1v0   worst 
NOR3X1             1      1.710    slow_vdd1v0   worst 
NOR3X2             6     16.416    slow_vdd1v0   worst 
NOR3X4             2     10.260    slow_vdd1v0   worst 
NOR3X6             1      7.182    slow_vdd1v0   worst 
NOR4X2             4     13.680    slow_vdd1v0   worst 
NOR4X6             1      8.208    slow_vdd1v0   worst 
OA21X1           905   1857.060    slow_vdd1v0   worst 
OA21X2             4     12.312    slow_vdd1v0   worst 
OA21X4             5     18.810    slow_vdd1v0   worst 
OA22X1            74    177.156    slow_vdd1v0   worst 
OAI21X1           31     53.010    slow_vdd1v0   worst 
OAI21X2           24     73.872    slow_vdd1v0   worst 
OAI21X4           19     90.972    slow_vdd1v0   worst 
OAI221X4           1      7.866    slow_vdd1v0   worst 
OAI2BB1X1        708   1210.680    slow_vdd1v0   worst 
OAI2BB1X2          1      3.078    slow_vdd1v0   worst 
OAI2BB1X4          1      4.446    slow_vdd1v0   worst 
OAI2BB2X2          1      5.472    slow_vdd1v0   worst 
OAI31X2            1      3.762    slow_vdd1v0   worst 
OR2X1            230    314.640    slow_vdd1v0   worst 
OR2X2              1      1.710    slow_vdd1v0   worst 
OR2X4             10     27.360    slow_vdd1v0   worst 
OR2X6             18     67.716    slow_vdd1v0   worst 
OR3X1             25     51.300    slow_vdd1v0   worst 
OR3X4              1      3.078    slow_vdd1v0   worst 
OR4X1              5     10.260    slow_vdd1v0   worst 
XNOR2X1          255    610.470    slow_vdd1v0   worst 
XNOR2X4           25     94.050    slow_vdd1v0   worst 
XOR2X4             3     12.312    slow_vdd1v0   worst 
-------------------------------------------------------
total           6435  17611.974                


                                          
     Type      Instances    Area   Area % 
------------------------------------------
sequential           994  5653.602   32.1 
inverter             297   325.242    1.8 
buffer                26    80.370    0.5 
logic               5118 11552.760   65.6 
physical_cells         0     0.000    0.0 
------------------------------------------
total               6435 17611.974  100.0 

